Clock: clk
Sources: clk 
Generated: no
Virtual: yes
Propagated: no
Period: 50.000000

===========================================================================
report_clock_properties
============================================================================
Clock                   Period          Waveform
----------------------------------------------------
clk                  50.000000    0.000000 25.000000

===========================================================================
report_clock_latency
============================================================================
Clock clk
rise -> rise
    min     max
0.000000 0.000000 source latency
0.320925         network latency _166_/CLK
        0.322083 network latency _161_/CLK
---------------
0.320925 0.322083 latency
        0.001158 skew

rise -> fall
    min     max
0.000000 0.000000 source latency
0.346750         network latency _152_/CLK
        0.346750 network latency _152_/CLK
---------------
0.346750 0.346750 latency
        0.000000 skew

fall -> rise
    min     max
0.000000 0.000000 source latency
0.348388         network latency _152_/CLK
        0.348388 network latency _152_/CLK
---------------
0.348388 0.348388 latency
        0.000000 skew

fall -> fall
    min     max
0.000000 0.000000 source latency
0.311687         network latency _166_/CLK
        0.312173 network latency _161_/CLK
---------------
0.311687 0.312173 latency
        0.000487 skew



===========================================================================
report_clock_min_period
============================================================================
clk period_min = 1.87 fmax = 536.10
