
===========================================================================
 report_power
============================================================================
======================= max_ff_n40C_1v95 Corner ===================================

Group                    Internal    Switching      Leakage        Total
                            Power        Power        Power        Power (Watts)
------------------------------------------------------------------------
Sequential           1.951087e-05 1.042838e-06 2.949037e-10 2.055400e-05  43.4%
Combinational        2.314797e-06 3.676374e-06 7.834837e-10 5.991955e-06  12.7%
Clock                1.388895e-05 6.899852e-06 6.224992e-10 2.078942e-05  43.9%
Macro                0.000000e+00 0.000000e+00 0.000000e+00 0.000000e+00   0.0%
Pad                  0.000000e+00 0.000000e+00 0.000000e+00 0.000000e+00   0.0%
------------------------------------------------------------------------
Total                3.571462e-05 1.161906e-05 1.700886e-09 4.733538e-05 100.0%
                            75.5%        24.5%         0.0%

