
===========================================================================
report_checks -path_delay min (Hold)
============================================================================
======================= nom_tt_025C_1v80 Corner ===================================

Startpoint: _107_ (rising edge-triggered flip-flop clocked by clk)
Endpoint: _107_ (rising edge-triggered flip-flop clocked by clk)
Path Group: clk
Path Type: min

Fanout         Cap        Slew       Delay        Time   Description
---------------------------------------------------------------------------------------------
                      0.150000    0.000000    0.000000   clock clk (rise edge)
                                  0.000000    0.000000   clock network delay (ideal)
                      0.150000    0.000000    0.000000 ^ _107_/CLK (sky130_fd_sc_hd__dfxtp_2)
    12    0.026753    0.073363    0.391906    0.391906 v _107_/Q (sky130_fd_sc_hd__dfxtp_2)
                                                         count[3] (net)
                      0.073363    0.000000    0.391906 v _070_/A (sky130_fd_sc_hd__nand2_2)
     1    0.005052    0.043406    0.067392    0.459297 ^ _070_/Y (sky130_fd_sc_hd__nand2_2)
                                                         _035_ (net)
                      0.043406    0.000000    0.459297 ^ _071_/A2 (sky130_fd_sc_hd__a21oi_2)
     1    0.001681    0.025244    0.042772    0.502069 v _071_/Y (sky130_fd_sc_hd__a21oi_2)
                                                         _003_ (net)
                      0.025244    0.000000    0.502069 v _107_/D (sky130_fd_sc_hd__dfxtp_2)
                                              0.502069   data arrival time

                      0.150000    0.000000    0.000000   clock clk (rise edge)
                                  0.000000    0.000000   clock network delay (ideal)
                                  0.250000    0.250000   clock uncertainty
                                  0.000000    0.250000   clock reconvergence pessimism
                                              0.250000 ^ _107_/CLK (sky130_fd_sc_hd__dfxtp_2)
                                 -0.014549    0.235451   library hold time
                                              0.235451   data required time
---------------------------------------------------------------------------------------------
                                              0.235451   data required time
                                             -0.502069   data arrival time
---------------------------------------------------------------------------------------------
                                              0.266618   slack (MET)


Startpoint: _105_ (rising edge-triggered flip-flop clocked by clk)
Endpoint: _105_ (rising edge-triggered flip-flop clocked by clk)
Path Group: clk
Path Type: min

Fanout         Cap        Slew       Delay        Time   Description
---------------------------------------------------------------------------------------------
                      0.150000    0.000000    0.000000   clock clk (rise edge)
                                  0.000000    0.000000   clock network delay (ideal)
                      0.150000    0.000000    0.000000 ^ _105_/CLK (sky130_fd_sc_hd__dfxtp_2)
    12    0.031870    0.167869    0.445264    0.445264 ^ _105_/Q (sky130_fd_sc_hd__dfxtp_2)
                                                         count[1] (net)
                      0.167869    0.000000    0.445264 ^ _065_/A1 (sky130_fd_sc_hd__a21oi_2)
     1    0.001681    0.019691    0.063311    0.508575 v _065_/Y (sky130_fd_sc_hd__a21oi_2)
                                                         _001_ (net)
                      0.019691    0.000000    0.508575 v _105_/D (sky130_fd_sc_hd__dfxtp_2)
                                              0.508575   data arrival time

                      0.150000    0.000000    0.000000   clock clk (rise edge)
                                  0.000000    0.000000   clock network delay (ideal)
                                  0.250000    0.250000   clock uncertainty
                                  0.000000    0.250000   clock reconvergence pessimism
                                              0.250000 ^ _105_/CLK (sky130_fd_sc_hd__dfxtp_2)
                                 -0.012269    0.237731   library hold time
                                              0.237731   data required time
---------------------------------------------------------------------------------------------
                                              0.237731   data required time
                                             -0.508575   data arrival time
---------------------------------------------------------------------------------------------
                                              0.270844   slack (MET)


Startpoint: _104_ (rising edge-triggered flip-flop clocked by clk)
Endpoint: _104_ (rising edge-triggered flip-flop clocked by clk)
Path Group: clk
Path Type: min

Fanout         Cap        Slew       Delay        Time   Description
---------------------------------------------------------------------------------------------
                      0.150000    0.000000    0.000000   clock clk (rise edge)
                                  0.000000    0.000000   clock network delay (ideal)
                      0.150000    0.000000    0.000000 ^ _104_/CLK (sky130_fd_sc_hd__dfxtp_2)
    13    0.033281    0.086454    0.404267    0.404267 v _104_/Q (sky130_fd_sc_hd__dfxtp_2)
                                                         count[0] (net)
                      0.086454    0.000000    0.404267 v _063_/A (sky130_fd_sc_hd__nor2_2)
     1    0.001674    0.052223    0.099823    0.504090 ^ _063_/Y (sky130_fd_sc_hd__nor2_2)
                                                         _000_ (net)
                      0.052223    0.000000    0.504090 ^ _104_/D (sky130_fd_sc_hd__dfxtp_2)
                                              0.504090   data arrival time

                      0.150000    0.000000    0.000000   clock clk (rise edge)
                                  0.000000    0.000000   clock network delay (ideal)
                                  0.250000    0.250000   clock uncertainty
                                  0.000000    0.250000   clock reconvergence pessimism
                                              0.250000 ^ _104_/CLK (sky130_fd_sc_hd__dfxtp_2)
                                 -0.018841    0.231159   library hold time
                                              0.231159   data required time
---------------------------------------------------------------------------------------------
                                              0.231159   data required time
                                             -0.504090   data arrival time
---------------------------------------------------------------------------------------------
                                              0.272932   slack (MET)


Startpoint: _108_ (rising edge-triggered flip-flop clocked by clk)
Endpoint: _108_ (rising edge-triggered flip-flop clocked by clk)
Path Group: clk
Path Type: min

Fanout         Cap        Slew       Delay        Time   Description
---------------------------------------------------------------------------------------------
                      0.150000    0.000000    0.000000   clock clk (rise edge)
                                  0.000000    0.000000   clock network delay (ideal)
                      0.150000    0.000000    0.000000 ^ _108_/CLK (sky130_fd_sc_hd__dfxtp_2)
     3    0.039184    0.098586    0.414641    0.414641 v _108_/Q (sky130_fd_sc_hd__dfxtp_2)
                                                         dac_in[0] (net)
                      0.098586    0.000000    0.414641 v _072_/B1 (sky130_fd_sc_hd__o21ai_2)
     1    0.004606    0.057012    0.077561    0.492202 ^ _072_/Y (sky130_fd_sc_hd__o21ai_2)
                                                         _036_ (net)
                      0.057012    0.000000    0.492202 ^ _075_/A1 (sky130_fd_sc_hd__a21oi_2)
     1    0.001681    0.025292    0.042728    0.534930 v _075_/Y (sky130_fd_sc_hd__a21oi_2)
                                                         _004_ (net)
                      0.025292    0.000000    0.534930 v _108_/D (sky130_fd_sc_hd__dfxtp_2)
                                              0.534930   data arrival time

                      0.150000    0.000000    0.000000   clock clk (rise edge)
                                  0.000000    0.000000   clock network delay (ideal)
                                  0.250000    0.250000   clock uncertainty
                                  0.000000    0.250000   clock reconvergence pessimism
                                              0.250000 ^ _108_/CLK (sky130_fd_sc_hd__dfxtp_2)
                                 -0.014569    0.235431   library hold time
                                              0.235431   data required time
---------------------------------------------------------------------------------------------
                                              0.235431   data required time
                                             -0.534930   data arrival time
---------------------------------------------------------------------------------------------
                                              0.299499   slack (MET)


Startpoint: _107_ (rising edge-triggered flip-flop clocked by clk)
Endpoint: _123_ (rising edge-triggered flip-flop clocked by clk)
Path Group: clk
Path Type: min

Fanout         Cap        Slew       Delay        Time   Description
---------------------------------------------------------------------------------------------
                      0.150000    0.000000    0.000000   clock clk (rise edge)
                                  0.000000    0.000000   clock network delay (ideal)
                      0.150000    0.000000    0.000000 ^ _107_/CLK (sky130_fd_sc_hd__dfxtp_2)
    12    0.026753    0.073363    0.391906    0.391906 v _107_/Q (sky130_fd_sc_hd__dfxtp_2)
                                                         count[3] (net)
                      0.073363    0.000000    0.391906 v _052_/A (sky130_fd_sc_hd__inv_2)
     1    0.002361    0.027509    0.048180    0.440085 ^ _052_/Y (sky130_fd_sc_hd__inv_2)
                                                         _020_ (net)
                      0.027509    0.000000    0.440085 ^ _103_/A1 (sky130_fd_sc_hd__a311o_2)
     1    0.001674    0.025973    0.133546    0.573632 ^ _103_/X (sky130_fd_sc_hd__a311o_2)
                                                         _019_ (net)
                      0.025973    0.000000    0.573632 ^ _123_/D (sky130_fd_sc_hd__dfxtp_2)
                                              0.573632   data arrival time

                      0.150000    0.000000    0.000000   clock clk (rise edge)
                                  0.000000    0.000000   clock network delay (ideal)
                                  0.250000    0.250000   clock uncertainty
                                  0.000000    0.250000   clock reconvergence pessimism
                                              0.250000 ^ _123_/CLK (sky130_fd_sc_hd__dfxtp_2)
                                 -0.013475    0.236525   library hold time
                                              0.236525   data required time
---------------------------------------------------------------------------------------------
                                              0.236525   data required time
                                             -0.573632   data arrival time
---------------------------------------------------------------------------------------------
                                              0.337106   slack (MET)


Startpoint: _114_ (rising edge-triggered flip-flop clocked by clk)
Endpoint: _114_ (rising edge-triggered flip-flop clocked by clk)
Path Group: clk
Path Type: min

Fanout         Cap        Slew       Delay        Time   Description
---------------------------------------------------------------------------------------------
                      0.150000    0.000000    0.000000   clock clk (rise edge)
                                  0.000000    0.000000   clock network delay (ideal)
                      0.150000    0.000000    0.000000 ^ _114_/CLK (sky130_fd_sc_hd__dfxtp_2)
     2    0.035406    0.184880    0.457543    0.457543 ^ _114_/Q (sky130_fd_sc_hd__dfxtp_2)
                                                         adc_out[0] (net)
                      0.184880    0.000000    0.457543 ^ _092_/A1 (sky130_fd_sc_hd__mux2_1)
     1    0.001674    0.033886    0.149728    0.607271 ^ _092_/X (sky130_fd_sc_hd__mux2_1)
                                                         _010_ (net)
                      0.033886    0.000000    0.607271 ^ _114_/D (sky130_fd_sc_hd__dfxtp_2)
                                              0.607271   data arrival time

                      0.150000    0.000000    0.000000   clock clk (rise edge)
                                  0.000000    0.000000   clock network delay (ideal)
                                  0.250000    0.250000   clock uncertainty
                                  0.000000    0.250000   clock reconvergence pessimism
                                              0.250000 ^ _114_/CLK (sky130_fd_sc_hd__dfxtp_2)
                                 -0.015093    0.234907   library hold time
                                              0.234907   data required time
---------------------------------------------------------------------------------------------
                                              0.234907   data required time
                                             -0.607271   data arrival time
---------------------------------------------------------------------------------------------
                                              0.372364   slack (MET)


Startpoint: _115_ (rising edge-triggered flip-flop clocked by clk)
Endpoint: _115_ (rising edge-triggered flip-flop clocked by clk)
Path Group: clk
Path Type: min

Fanout         Cap        Slew       Delay        Time   Description
---------------------------------------------------------------------------------------------
                      0.150000    0.000000    0.000000   clock clk (rise edge)
                                  0.000000    0.000000   clock network delay (ideal)
                      0.150000    0.000000    0.000000 ^ _115_/CLK (sky130_fd_sc_hd__dfxtp_2)
     2    0.035406    0.184880    0.457543    0.457543 ^ _115_/Q (sky130_fd_sc_hd__dfxtp_2)
                                                         adc_out[1] (net)
                      0.184880    0.000000    0.457543 ^ _093_/A1 (sky130_fd_sc_hd__mux2_1)
     1    0.001674    0.033886    0.149728    0.607271 ^ _093_/X (sky130_fd_sc_hd__mux2_1)
                                                         _011_ (net)
                      0.033886    0.000000    0.607271 ^ _115_/D (sky130_fd_sc_hd__dfxtp_2)
                                              0.607271   data arrival time

                      0.150000    0.000000    0.000000   clock clk (rise edge)
                                  0.000000    0.000000   clock network delay (ideal)
                                  0.250000    0.250000   clock uncertainty
                                  0.000000    0.250000   clock reconvergence pessimism
                                              0.250000 ^ _115_/CLK (sky130_fd_sc_hd__dfxtp_2)
                                 -0.015093    0.234907   library hold time
                                              0.234907   data required time
---------------------------------------------------------------------------------------------
                                              0.234907   data required time
                                             -0.607271   data arrival time
---------------------------------------------------------------------------------------------
                                              0.372364   slack (MET)


Startpoint: _116_ (rising edge-triggered flip-flop clocked by clk)
Endpoint: _116_ (rising edge-triggered flip-flop clocked by clk)
Path Group: clk
Path Type: min

Fanout         Cap        Slew       Delay        Time   Description
---------------------------------------------------------------------------------------------
                      0.150000    0.000000    0.000000   clock clk (rise edge)
                                  0.000000    0.000000   clock network delay (ideal)
                      0.150000    0.000000    0.000000 ^ _116_/CLK (sky130_fd_sc_hd__dfxtp_2)
     2    0.035406    0.184880    0.457543    0.457543 ^ _116_/Q (sky130_fd_sc_hd__dfxtp_2)
                                                         adc_out[2] (net)
                      0.184880    0.000000    0.457543 ^ _094_/A1 (sky130_fd_sc_hd__mux2_1)
     1    0.001674    0.033886    0.149728    0.607271 ^ _094_/X (sky130_fd_sc_hd__mux2_1)
                                                         _012_ (net)
                      0.033886    0.000000    0.607271 ^ _116_/D (sky130_fd_sc_hd__dfxtp_2)
                                              0.607271   data arrival time

                      0.150000    0.000000    0.000000   clock clk (rise edge)
                                  0.000000    0.000000   clock network delay (ideal)
                                  0.250000    0.250000   clock uncertainty
                                  0.000000    0.250000   clock reconvergence pessimism
                                              0.250000 ^ _116_/CLK (sky130_fd_sc_hd__dfxtp_2)
                                 -0.015093    0.234907   library hold time
                                              0.234907   data required time
---------------------------------------------------------------------------------------------
                                              0.234907   data required time
                                             -0.607271   data arrival time
---------------------------------------------------------------------------------------------
                                              0.372364   slack (MET)


Startpoint: _117_ (rising edge-triggered flip-flop clocked by clk)
Endpoint: _117_ (rising edge-triggered flip-flop clocked by clk)
Path Group: clk
Path Type: min

Fanout         Cap        Slew       Delay        Time   Description
---------------------------------------------------------------------------------------------
                      0.150000    0.000000    0.000000   clock clk (rise edge)
                                  0.000000    0.000000   clock network delay (ideal)
                      0.150000    0.000000    0.000000 ^ _117_/CLK (sky130_fd_sc_hd__dfxtp_2)
     2    0.035406    0.184880    0.457543    0.457543 ^ _117_/Q (sky130_fd_sc_hd__dfxtp_2)
                                                         adc_out[3] (net)
                      0.184880    0.000000    0.457543 ^ _095_/A1 (sky130_fd_sc_hd__mux2_1)
     1    0.001674    0.033886    0.149728    0.607271 ^ _095_/X (sky130_fd_sc_hd__mux2_1)
                                                         _013_ (net)
                      0.033886    0.000000    0.607271 ^ _117_/D (sky130_fd_sc_hd__dfxtp_2)
                                              0.607271   data arrival time

                      0.150000    0.000000    0.000000   clock clk (rise edge)
                                  0.000000    0.000000   clock network delay (ideal)
                                  0.250000    0.250000   clock uncertainty
                                  0.000000    0.250000   clock reconvergence pessimism
                                              0.250000 ^ _117_/CLK (sky130_fd_sc_hd__dfxtp_2)
                                 -0.015093    0.234907   library hold time
                                              0.234907   data required time
---------------------------------------------------------------------------------------------
                                              0.234907   data required time
                                             -0.607271   data arrival time
---------------------------------------------------------------------------------------------
                                              0.372364   slack (MET)


Startpoint: _118_ (rising edge-triggered flip-flop clocked by clk)
Endpoint: _118_ (rising edge-triggered flip-flop clocked by clk)
Path Group: clk
Path Type: min

Fanout         Cap        Slew       Delay        Time   Description
---------------------------------------------------------------------------------------------
                      0.150000    0.000000    0.000000   clock clk (rise edge)
                                  0.000000    0.000000   clock network delay (ideal)
                      0.150000    0.000000    0.000000 ^ _118_/CLK (sky130_fd_sc_hd__dfxtp_2)
     2    0.035406    0.184880    0.457543    0.457543 ^ _118_/Q (sky130_fd_sc_hd__dfxtp_2)
                                                         adc_out[4] (net)
                      0.184880    0.000000    0.457543 ^ _096_/A1 (sky130_fd_sc_hd__mux2_1)
     1    0.001674    0.033886    0.149728    0.607271 ^ _096_/X (sky130_fd_sc_hd__mux2_1)
                                                         _014_ (net)
                      0.033886    0.000000    0.607271 ^ _118_/D (sky130_fd_sc_hd__dfxtp_2)
                                              0.607271   data arrival time

                      0.150000    0.000000    0.000000   clock clk (rise edge)
                                  0.000000    0.000000   clock network delay (ideal)
                                  0.250000    0.250000   clock uncertainty
                                  0.000000    0.250000   clock reconvergence pessimism
                                              0.250000 ^ _118_/CLK (sky130_fd_sc_hd__dfxtp_2)
                                 -0.015093    0.234907   library hold time
                                              0.234907   data required time
---------------------------------------------------------------------------------------------
                                              0.234907   data required time
                                             -0.607271   data arrival time
---------------------------------------------------------------------------------------------
                                              0.372364   slack (MET)


Startpoint: _119_ (rising edge-triggered flip-flop clocked by clk)
Endpoint: _119_ (rising edge-triggered flip-flop clocked by clk)
Path Group: clk
Path Type: min

Fanout         Cap        Slew       Delay        Time   Description
---------------------------------------------------------------------------------------------
                      0.150000    0.000000    0.000000   clock clk (rise edge)
                                  0.000000    0.000000   clock network delay (ideal)
                      0.150000    0.000000    0.000000 ^ _119_/CLK (sky130_fd_sc_hd__dfxtp_2)
     2    0.035406    0.184880    0.457543    0.457543 ^ _119_/Q (sky130_fd_sc_hd__dfxtp_2)
                                                         adc_out[5] (net)
                      0.184880    0.000000    0.457543 ^ _097_/A1 (sky130_fd_sc_hd__mux2_1)
     1    0.001674    0.033886    0.149728    0.607271 ^ _097_/X (sky130_fd_sc_hd__mux2_1)
                                                         _015_ (net)
                      0.033886    0.000000    0.607271 ^ _119_/D (sky130_fd_sc_hd__dfxtp_2)
                                              0.607271   data arrival time

                      0.150000    0.000000    0.000000   clock clk (rise edge)
                                  0.000000    0.000000   clock network delay (ideal)
                                  0.250000    0.250000   clock uncertainty
                                  0.000000    0.250000   clock reconvergence pessimism
                                              0.250000 ^ _119_/CLK (sky130_fd_sc_hd__dfxtp_2)
                                 -0.015093    0.234907   library hold time
                                              0.234907   data required time
---------------------------------------------------------------------------------------------
                                              0.234907   data required time
                                             -0.607271   data arrival time
---------------------------------------------------------------------------------------------
                                              0.372364   slack (MET)


Startpoint: _120_ (rising edge-triggered flip-flop clocked by clk)
Endpoint: _120_ (rising edge-triggered flip-flop clocked by clk)
Path Group: clk
Path Type: min

Fanout         Cap        Slew       Delay        Time   Description
---------------------------------------------------------------------------------------------
                      0.150000    0.000000    0.000000   clock clk (rise edge)
                                  0.000000    0.000000   clock network delay (ideal)
                      0.150000    0.000000    0.000000 ^ _120_/CLK (sky130_fd_sc_hd__dfxtp_2)
     2    0.035406    0.184880    0.457543    0.457543 ^ _120_/Q (sky130_fd_sc_hd__dfxtp_2)
                                                         adc_out[6] (net)
                      0.184880    0.000000    0.457543 ^ _098_/A1 (sky130_fd_sc_hd__mux2_1)
     1    0.001674    0.033886    0.149728    0.607271 ^ _098_/X (sky130_fd_sc_hd__mux2_1)
                                                         _016_ (net)
                      0.033886    0.000000    0.607271 ^ _120_/D (sky130_fd_sc_hd__dfxtp_2)
                                              0.607271   data arrival time

                      0.150000    0.000000    0.000000   clock clk (rise edge)
                                  0.000000    0.000000   clock network delay (ideal)
                                  0.250000    0.250000   clock uncertainty
                                  0.000000    0.250000   clock reconvergence pessimism
                                              0.250000 ^ _120_/CLK (sky130_fd_sc_hd__dfxtp_2)
                                 -0.015093    0.234907   library hold time
                                              0.234907   data required time
---------------------------------------------------------------------------------------------
                                              0.234907   data required time
                                             -0.607271   data arrival time
---------------------------------------------------------------------------------------------
                                              0.372364   slack (MET)


Startpoint: _121_ (rising edge-triggered flip-flop clocked by clk)
Endpoint: _121_ (rising edge-triggered flip-flop clocked by clk)
Path Group: clk
Path Type: min

Fanout         Cap        Slew       Delay        Time   Description
---------------------------------------------------------------------------------------------
                      0.150000    0.000000    0.000000   clock clk (rise edge)
                                  0.000000    0.000000   clock network delay (ideal)
                      0.150000    0.000000    0.000000 ^ _121_/CLK (sky130_fd_sc_hd__dfxtp_2)
     2    0.035406    0.184880    0.457543    0.457543 ^ _121_/Q (sky130_fd_sc_hd__dfxtp_2)
                                                         adc_out[7] (net)
                      0.184880    0.000000    0.457543 ^ _099_/A1 (sky130_fd_sc_hd__mux2_1)
     1    0.001674    0.033886    0.149728    0.607271 ^ _099_/X (sky130_fd_sc_hd__mux2_1)
                                                         _017_ (net)
                      0.033886    0.000000    0.607271 ^ _121_/D (sky130_fd_sc_hd__dfxtp_2)
                                              0.607271   data arrival time

                      0.150000    0.000000    0.000000   clock clk (rise edge)
                                  0.000000    0.000000   clock network delay (ideal)
                                  0.250000    0.250000   clock uncertainty
                                  0.000000    0.250000   clock reconvergence pessimism
                                              0.250000 ^ _121_/CLK (sky130_fd_sc_hd__dfxtp_2)
                                 -0.015093    0.234907   library hold time
                                              0.234907   data required time
---------------------------------------------------------------------------------------------
                                              0.234907   data required time
                                             -0.607271   data arrival time
---------------------------------------------------------------------------------------------
                                              0.372364   slack (MET)


Startpoint: _106_ (rising edge-triggered flip-flop clocked by clk)
Endpoint: _111_ (rising edge-triggered flip-flop clocked by clk)
Path Group: clk
Path Type: min

Fanout         Cap        Slew       Delay        Time   Description
---------------------------------------------------------------------------------------------
                      0.150000    0.000000    0.000000   clock clk (rise edge)
                                  0.000000    0.000000   clock network delay (ideal)
                      0.150000    0.000000    0.000000 ^ _106_/CLK (sky130_fd_sc_hd__dfxtp_2)
    10    0.022900    0.124715    0.414113    0.414113 ^ _106_/Q (sky130_fd_sc_hd__dfxtp_2)
                                                         count[2] (net)
                      0.124715    0.000000    0.414113 ^ _082_/A (sky130_fd_sc_hd__or4bb_2)
     2    0.008126    0.053804    0.155361    0.569474 ^ _082_/X (sky130_fd_sc_hd__or4bb_2)
                                                         _043_ (net)
                      0.053804    0.000000    0.569474 ^ _084_/A1 (sky130_fd_sc_hd__a21oi_2)
     1    0.001681    0.026496    0.041964    0.611439 v _084_/Y (sky130_fd_sc_hd__a21oi_2)
                                                         _007_ (net)
                      0.026496    0.000000    0.611439 v _111_/D (sky130_fd_sc_hd__dfxtp_2)
                                              0.611439   data arrival time

                      0.150000    0.000000    0.000000   clock clk (rise edge)
                                  0.000000    0.000000   clock network delay (ideal)
                                  0.250000    0.250000   clock uncertainty
                                  0.000000    0.250000   clock reconvergence pessimism
                                              0.250000 ^ _111_/CLK (sky130_fd_sc_hd__dfxtp_2)
                                 -0.015063    0.234937   library hold time
                                              0.234937   data required time
---------------------------------------------------------------------------------------------
                                              0.234937   data required time
                                             -0.611439   data arrival time
---------------------------------------------------------------------------------------------
                                              0.376501   slack (MET)


Startpoint: _106_ (rising edge-triggered flip-flop clocked by clk)
Endpoint: _112_ (rising edge-triggered flip-flop clocked by clk)
Path Group: clk
Path Type: min

Fanout         Cap        Slew       Delay        Time   Description
---------------------------------------------------------------------------------------------
                      0.150000    0.000000    0.000000   clock clk (rise edge)
                                  0.000000    0.000000   clock network delay (ideal)
                      0.150000    0.000000    0.000000 ^ _106_/CLK (sky130_fd_sc_hd__dfxtp_2)
    10    0.022900    0.124715    0.414113    0.414113 ^ _106_/Q (sky130_fd_sc_hd__dfxtp_2)
                                                         count[2] (net)
                      0.124715    0.000000    0.414113 ^ _085_/B (sky130_fd_sc_hd__or4b_2)
     2    0.008126    0.061014    0.158029    0.572142 ^ _085_/X (sky130_fd_sc_hd__or4b_2)
                                                         _045_ (net)
                      0.061014    0.000000    0.572142 ^ _087_/A1 (sky130_fd_sc_hd__a21oi_2)
     1    0.001681    0.026495    0.043680    0.615822 v _087_/Y (sky130_fd_sc_hd__a21oi_2)
                                                         _008_ (net)
                      0.026495    0.000000    0.615822 v _112_/D (sky130_fd_sc_hd__dfxtp_2)
                                              0.615822   data arrival time

                      0.150000    0.000000    0.000000   clock clk (rise edge)
                                  0.000000    0.000000   clock network delay (ideal)
                                  0.250000    0.250000   clock uncertainty
                                  0.000000    0.250000   clock reconvergence pessimism
                                              0.250000 ^ _112_/CLK (sky130_fd_sc_hd__dfxtp_2)
                                 -0.015063    0.234937   library hold time
                                              0.234937   data required time
---------------------------------------------------------------------------------------------
                                              0.234937   data required time
                                             -0.615822   data arrival time
---------------------------------------------------------------------------------------------
                                              0.380884   slack (MET)


Startpoint: _106_ (rising edge-triggered flip-flop clocked by clk)
Endpoint: _113_ (rising edge-triggered flip-flop clocked by clk)
Path Group: clk
Path Type: min

Fanout         Cap        Slew       Delay        Time   Description
---------------------------------------------------------------------------------------------
                      0.150000    0.000000    0.000000   clock clk (rise edge)
                                  0.000000    0.000000   clock network delay (ideal)
                      0.150000    0.000000    0.000000 ^ _106_/CLK (sky130_fd_sc_hd__dfxtp_2)
    10    0.022900    0.124715    0.414113    0.414113 ^ _106_/Q (sky130_fd_sc_hd__dfxtp_2)
                                                         count[2] (net)
                      0.124715    0.000000    0.414113 ^ _088_/B (sky130_fd_sc_hd__or4b_2)
     2    0.008126    0.061014    0.158029    0.572142 ^ _088_/X (sky130_fd_sc_hd__or4b_2)
                                                         _047_ (net)
                      0.061014    0.000000    0.572142 ^ _090_/A1 (sky130_fd_sc_hd__a21oi_2)
     1    0.001681    0.026496    0.043680    0.615822 v _090_/Y (sky130_fd_sc_hd__a21oi_2)
                                                         _009_ (net)
                      0.026496    0.000000    0.615822 v _113_/D (sky130_fd_sc_hd__dfxtp_2)
                                              0.615822   data arrival time

                      0.150000    0.000000    0.000000   clock clk (rise edge)
                                  0.000000    0.000000   clock network delay (ideal)
                                  0.250000    0.250000   clock uncertainty
                                  0.000000    0.250000   clock reconvergence pessimism
                                              0.250000 ^ _113_/CLK (sky130_fd_sc_hd__dfxtp_2)
                                 -0.015063    0.234937   library hold time
                                              0.234937   data required time
---------------------------------------------------------------------------------------------
                                              0.234937   data required time
                                             -0.615822   data arrival time
---------------------------------------------------------------------------------------------
                                              0.380885   slack (MET)


Startpoint: _106_ (rising edge-triggered flip-flop clocked by clk)
Endpoint: _109_ (rising edge-triggered flip-flop clocked by clk)
Path Group: clk
Path Type: min

Fanout         Cap        Slew       Delay        Time   Description
---------------------------------------------------------------------------------------------
                      0.150000    0.000000    0.000000   clock clk (rise edge)
                                  0.000000    0.000000   clock network delay (ideal)
                      0.150000    0.000000    0.000000 ^ _106_/CLK (sky130_fd_sc_hd__dfxtp_2)
    10    0.020450    0.060723    0.379970    0.379970 v _106_/Q (sky130_fd_sc_hd__dfxtp_2)
                                                         count[2] (net)
                      0.060723    0.000000    0.379970 v _076_/C_N (sky130_fd_sc_hd__or4bb_2)
     2    0.008126    0.053804    0.203935    0.583905 ^ _076_/X (sky130_fd_sc_hd__or4bb_2)
                                                         _039_ (net)
                      0.053804    0.000000    0.583905 ^ _078_/A1 (sky130_fd_sc_hd__a21oi_2)
     1    0.001681    0.026495    0.041964    0.625870 v _078_/Y (sky130_fd_sc_hd__a21oi_2)
                                                         _005_ (net)
                      0.026495    0.000000    0.625870 v _109_/D (sky130_fd_sc_hd__dfxtp_2)
                                              0.625870   data arrival time

                      0.150000    0.000000    0.000000   clock clk (rise edge)
                                  0.000000    0.000000   clock network delay (ideal)
                                  0.250000    0.250000   clock uncertainty
                                  0.000000    0.250000   clock reconvergence pessimism
                                              0.250000 ^ _109_/CLK (sky130_fd_sc_hd__dfxtp_2)
                                 -0.015062    0.234938   library hold time
                                              0.234938   data required time
---------------------------------------------------------------------------------------------
                                              0.234938   data required time
                                             -0.625870   data arrival time
---------------------------------------------------------------------------------------------
                                              0.390932   slack (MET)


Startpoint: _110_ (rising edge-triggered flip-flop clocked by clk)
Endpoint: _110_ (rising edge-triggered flip-flop clocked by clk)
Path Group: clk
Path Type: min

Fanout         Cap        Slew       Delay        Time   Description
---------------------------------------------------------------------------------------------
                      0.150000    0.000000    0.000000   clock clk (rise edge)
                                  0.000000    0.000000   clock network delay (ideal)
                      0.150000    0.000000    0.000000 ^ _110_/CLK (sky130_fd_sc_hd__dfxtp_2)
     3    0.039223    0.098668    0.414706    0.414706 v _110_/Q (sky130_fd_sc_hd__dfxtp_2)
                                                         dac_in[2] (net)
                      0.098668    0.000000    0.414706 v _056_/A (sky130_fd_sc_hd__inv_2)
     1    0.001964    0.031101    0.053792    0.468498 ^ _056_/Y (sky130_fd_sc_hd__inv_2)
                                                         _024_ (net)
                      0.031101    0.000000    0.468498 ^ _080_/A1 (sky130_fd_sc_hd__mux2_1)
     1    0.005052    0.060847    0.128275    0.596772 ^ _080_/X (sky130_fd_sc_hd__mux2_1)
                                                         _042_ (net)
                      0.060847    0.000000    0.596772 ^ _081_/A2 (sky130_fd_sc_hd__a21oi_2)
     1    0.001681    0.026495    0.047643    0.644415 v _081_/Y (sky130_fd_sc_hd__a21oi_2)
                                                         _006_ (net)
                      0.026495    0.000000    0.644415 v _110_/D (sky130_fd_sc_hd__dfxtp_2)
                                              0.644415   data arrival time

                      0.150000    0.000000    0.000000   clock clk (rise edge)
                                  0.000000    0.000000   clock network delay (ideal)
                                  0.250000    0.250000   clock uncertainty
                                  0.000000    0.250000   clock reconvergence pessimism
                                              0.250000 ^ _110_/CLK (sky130_fd_sc_hd__dfxtp_2)
                                 -0.015063    0.234937   library hold time
                                              0.234937   data required time
---------------------------------------------------------------------------------------------
                                              0.234937   data required time
                                             -0.644415   data arrival time
---------------------------------------------------------------------------------------------
                                              0.409477   slack (MET)


Startpoint: _106_ (rising edge-triggered flip-flop clocked by clk)
Endpoint: _122_ (rising edge-triggered flip-flop clocked by clk)
Path Group: clk
Path Type: min

Fanout         Cap        Slew       Delay        Time   Description
---------------------------------------------------------------------------------------------
                      0.150000    0.000000    0.000000   clock clk (rise edge)
                                  0.000000    0.000000   clock network delay (ideal)
                      0.150000    0.000000    0.000000 ^ _106_/CLK (sky130_fd_sc_hd__dfxtp_2)
    10    0.022900    0.124715    0.414113    0.414113 ^ _106_/Q (sky130_fd_sc_hd__dfxtp_2)
                                                         count[2] (net)
                      0.124715    0.000000    0.414113 ^ _060_/C (sky130_fd_sc_hd__nor3_2)
     3    0.005918    0.039586    0.058410    0.472523 v _060_/Y (sky130_fd_sc_hd__nor3_2)
                                                         _028_ (net)
                      0.039586    0.000000    0.472523 v _101_/A1 (sky130_fd_sc_hd__o21a_2)
     1    0.001681    0.020985    0.193839    0.666362 v _101_/X (sky130_fd_sc_hd__o21a_2)
                                                         _018_ (net)
                      0.020985    0.000000    0.666362 v _122_/D (sky130_fd_sc_hd__dfxtp_2)
                                              0.666362   data arrival time

                      0.150000    0.000000    0.000000   clock clk (rise edge)
                                  0.000000    0.000000   clock network delay (ideal)
                                  0.250000    0.250000   clock uncertainty
                                  0.000000    0.250000   clock reconvergence pessimism
                                              0.250000 ^ _122_/CLK (sky130_fd_sc_hd__dfxtp_2)
                                 -0.012800    0.237200   library hold time
                                              0.237200   data required time
---------------------------------------------------------------------------------------------
                                              0.237200   data required time
                                             -0.666362   data arrival time
---------------------------------------------------------------------------------------------
                                              0.429163   slack (MET)


Startpoint: _106_ (rising edge-triggered flip-flop clocked by clk)
Endpoint: _106_ (rising edge-triggered flip-flop clocked by clk)
Path Group: clk
Path Type: min

Fanout         Cap        Slew       Delay        Time   Description
---------------------------------------------------------------------------------------------
                      0.150000    0.000000    0.000000   clock clk (rise edge)
                                  0.000000    0.000000   clock network delay (ideal)
                      0.150000    0.000000    0.000000 ^ _106_/CLK (sky130_fd_sc_hd__dfxtp_2)
    10    0.020450    0.060723    0.379970    0.379970 v _106_/Q (sky130_fd_sc_hd__dfxtp_2)
                                                         count[2] (net)
                      0.060723    0.000000    0.379970 v _066_/C (sky130_fd_sc_hd__nand3_2)
     5    0.014890    0.091543    0.111039    0.491010 ^ _066_/Y (sky130_fd_sc_hd__nand3_2)
                                                         _032_ (net)
                      0.091543    0.000000    0.491010 ^ _068_/C (sky130_fd_sc_hd__and4_2)
     1    0.001674    0.044125    0.206280    0.697290 ^ _068_/X (sky130_fd_sc_hd__and4_2)
                                                         _002_ (net)
                      0.044125    0.000000    0.697290 ^ _106_/D (sky130_fd_sc_hd__dfxtp_2)
                                              0.697290   data arrival time

                      0.150000    0.000000    0.000000   clock clk (rise edge)
                                  0.000000    0.000000   clock network delay (ideal)
                                  0.250000    0.250000   clock uncertainty
                                  0.000000    0.250000   clock reconvergence pessimism
                                              0.250000 ^ _106_/CLK (sky130_fd_sc_hd__dfxtp_2)
                                 -0.017186    0.232814   library hold time
                                              0.232814   data required time
---------------------------------------------------------------------------------------------
                                              0.232814   data required time
                                             -0.697290   data arrival time
---------------------------------------------------------------------------------------------
                                              0.464476   slack (MET)


Startpoint: _114_ (rising edge-triggered flip-flop clocked by clk)
Endpoint: adc_out[0] (output port clocked by clk)
Path Group: clk
Path Type: min

Fanout         Cap        Slew       Delay        Time   Description
---------------------------------------------------------------------------------------------
                      0.150000    0.000000    0.000000   clock clk (rise edge)
                                  0.000000    0.000000   clock network delay (ideal)
                      0.150000    0.000000    0.000000 ^ _114_/CLK (sky130_fd_sc_hd__dfxtp_2)
     2    0.035247    0.090397    0.407990    0.407990 v _114_/Q (sky130_fd_sc_hd__dfxtp_2)
                                                         adc_out[0] (net)
                      0.090397    0.000000    0.407990 v adc_out[0] (out)
                                              0.407990   data arrival time

                      0.150000    0.000000    0.000000   clock clk (rise edge)
                                  0.000000    0.000000   clock network delay (ideal)
                                  0.250000    0.250000   clock uncertainty
                                  0.000000    0.250000   clock reconvergence pessimism
                                -10.000000   -9.750000   output external delay
                                             -9.750000   data required time
---------------------------------------------------------------------------------------------
                                             -9.750000   data required time
                                             -0.407990   data arrival time
---------------------------------------------------------------------------------------------
                                             10.157990   slack (MET)


Startpoint: _115_ (rising edge-triggered flip-flop clocked by clk)
Endpoint: adc_out[1] (output port clocked by clk)
Path Group: clk
Path Type: min

Fanout         Cap        Slew       Delay        Time   Description
---------------------------------------------------------------------------------------------
                      0.150000    0.000000    0.000000   clock clk (rise edge)
                                  0.000000    0.000000   clock network delay (ideal)
                      0.150000    0.000000    0.000000 ^ _115_/CLK (sky130_fd_sc_hd__dfxtp_2)
     2    0.035247    0.090397    0.407990    0.407990 v _115_/Q (sky130_fd_sc_hd__dfxtp_2)
                                                         adc_out[1] (net)
                      0.090397    0.000000    0.407990 v adc_out[1] (out)
                                              0.407990   data arrival time

                      0.150000    0.000000    0.000000   clock clk (rise edge)
                                  0.000000    0.000000   clock network delay (ideal)
                                  0.250000    0.250000   clock uncertainty
                                  0.000000    0.250000   clock reconvergence pessimism
                                -10.000000   -9.750000   output external delay
                                             -9.750000   data required time
---------------------------------------------------------------------------------------------
                                             -9.750000   data required time
                                             -0.407990   data arrival time
---------------------------------------------------------------------------------------------
                                             10.157990   slack (MET)


Startpoint: _116_ (rising edge-triggered flip-flop clocked by clk)
Endpoint: adc_out[2] (output port clocked by clk)
Path Group: clk
Path Type: min

Fanout         Cap        Slew       Delay        Time   Description
---------------------------------------------------------------------------------------------
                      0.150000    0.000000    0.000000   clock clk (rise edge)
                                  0.000000    0.000000   clock network delay (ideal)
                      0.150000    0.000000    0.000000 ^ _116_/CLK (sky130_fd_sc_hd__dfxtp_2)
     2    0.035247    0.090397    0.407990    0.407990 v _116_/Q (sky130_fd_sc_hd__dfxtp_2)
                                                         adc_out[2] (net)
                      0.090397    0.000000    0.407990 v adc_out[2] (out)
                                              0.407990   data arrival time

                      0.150000    0.000000    0.000000   clock clk (rise edge)
                                  0.000000    0.000000   clock network delay (ideal)
                                  0.250000    0.250000   clock uncertainty
                                  0.000000    0.250000   clock reconvergence pessimism
                                -10.000000   -9.750000   output external delay
                                             -9.750000   data required time
---------------------------------------------------------------------------------------------
                                             -9.750000   data required time
                                             -0.407990   data arrival time
---------------------------------------------------------------------------------------------
                                             10.157990   slack (MET)


Startpoint: _117_ (rising edge-triggered flip-flop clocked by clk)
Endpoint: adc_out[3] (output port clocked by clk)
Path Group: clk
Path Type: min

Fanout         Cap        Slew       Delay        Time   Description
---------------------------------------------------------------------------------------------
                      0.150000    0.000000    0.000000   clock clk (rise edge)
                                  0.000000    0.000000   clock network delay (ideal)
                      0.150000    0.000000    0.000000 ^ _117_/CLK (sky130_fd_sc_hd__dfxtp_2)
     2    0.035247    0.090397    0.407990    0.407990 v _117_/Q (sky130_fd_sc_hd__dfxtp_2)
                                                         adc_out[3] (net)
                      0.090397    0.000000    0.407990 v adc_out[3] (out)
                                              0.407990   data arrival time

                      0.150000    0.000000    0.000000   clock clk (rise edge)
                                  0.000000    0.000000   clock network delay (ideal)
                                  0.250000    0.250000   clock uncertainty
                                  0.000000    0.250000   clock reconvergence pessimism
                                -10.000000   -9.750000   output external delay
                                             -9.750000   data required time
---------------------------------------------------------------------------------------------
                                             -9.750000   data required time
                                             -0.407990   data arrival time
---------------------------------------------------------------------------------------------
                                             10.157990   slack (MET)


Startpoint: _118_ (rising edge-triggered flip-flop clocked by clk)
Endpoint: adc_out[4] (output port clocked by clk)
Path Group: clk
Path Type: min

Fanout         Cap        Slew       Delay        Time   Description
---------------------------------------------------------------------------------------------
                      0.150000    0.000000    0.000000   clock clk (rise edge)
                                  0.000000    0.000000   clock network delay (ideal)
                      0.150000    0.000000    0.000000 ^ _118_/CLK (sky130_fd_sc_hd__dfxtp_2)
     2    0.035247    0.090397    0.407990    0.407990 v _118_/Q (sky130_fd_sc_hd__dfxtp_2)
                                                         adc_out[4] (net)
                      0.090397    0.000000    0.407990 v adc_out[4] (out)
                                              0.407990   data arrival time

                      0.150000    0.000000    0.000000   clock clk (rise edge)
                                  0.000000    0.000000   clock network delay (ideal)
                                  0.250000    0.250000   clock uncertainty
                                  0.000000    0.250000   clock reconvergence pessimism
                                -10.000000   -9.750000   output external delay
                                             -9.750000   data required time
---------------------------------------------------------------------------------------------
                                             -9.750000   data required time
                                             -0.407990   data arrival time
---------------------------------------------------------------------------------------------
                                             10.157990   slack (MET)


Startpoint: _119_ (rising edge-triggered flip-flop clocked by clk)
Endpoint: adc_out[5] (output port clocked by clk)
Path Group: clk
Path Type: min

Fanout         Cap        Slew       Delay        Time   Description
---------------------------------------------------------------------------------------------
                      0.150000    0.000000    0.000000   clock clk (rise edge)
                                  0.000000    0.000000   clock network delay (ideal)
                      0.150000    0.000000    0.000000 ^ _119_/CLK (sky130_fd_sc_hd__dfxtp_2)
     2    0.035247    0.090397    0.407990    0.407990 v _119_/Q (sky130_fd_sc_hd__dfxtp_2)
                                                         adc_out[5] (net)
                      0.090397    0.000000    0.407990 v adc_out[5] (out)
                                              0.407990   data arrival time

                      0.150000    0.000000    0.000000   clock clk (rise edge)
                                  0.000000    0.000000   clock network delay (ideal)
                                  0.250000    0.250000   clock uncertainty
                                  0.000000    0.250000   clock reconvergence pessimism
                                -10.000000   -9.750000   output external delay
                                             -9.750000   data required time
---------------------------------------------------------------------------------------------
                                             -9.750000   data required time
                                             -0.407990   data arrival time
---------------------------------------------------------------------------------------------
                                             10.157990   slack (MET)


Startpoint: _120_ (rising edge-triggered flip-flop clocked by clk)
Endpoint: adc_out[6] (output port clocked by clk)
Path Group: clk
Path Type: min

Fanout         Cap        Slew       Delay        Time   Description
---------------------------------------------------------------------------------------------
                      0.150000    0.000000    0.000000   clock clk (rise edge)
                                  0.000000    0.000000   clock network delay (ideal)
                      0.150000    0.000000    0.000000 ^ _120_/CLK (sky130_fd_sc_hd__dfxtp_2)
     2    0.035247    0.090397    0.407990    0.407990 v _120_/Q (sky130_fd_sc_hd__dfxtp_2)
                                                         adc_out[6] (net)
                      0.090397    0.000000    0.407990 v adc_out[6] (out)
                                              0.407990   data arrival time

                      0.150000    0.000000    0.000000   clock clk (rise edge)
                                  0.000000    0.000000   clock network delay (ideal)
                                  0.250000    0.250000   clock uncertainty
                                  0.000000    0.250000   clock reconvergence pessimism
                                -10.000000   -9.750000   output external delay
                                             -9.750000   data required time
---------------------------------------------------------------------------------------------
                                             -9.750000   data required time
                                             -0.407990   data arrival time
---------------------------------------------------------------------------------------------
                                             10.157990   slack (MET)


Startpoint: _121_ (rising edge-triggered flip-flop clocked by clk)
Endpoint: adc_out[7] (output port clocked by clk)
Path Group: clk
Path Type: min

Fanout         Cap        Slew       Delay        Time   Description
---------------------------------------------------------------------------------------------
                      0.150000    0.000000    0.000000   clock clk (rise edge)
                                  0.000000    0.000000   clock network delay (ideal)
                      0.150000    0.000000    0.000000 ^ _121_/CLK (sky130_fd_sc_hd__dfxtp_2)
     2    0.035247    0.090397    0.407990    0.407990 v _121_/Q (sky130_fd_sc_hd__dfxtp_2)
                                                         adc_out[7] (net)
                      0.090397    0.000000    0.407990 v adc_out[7] (out)
                                              0.407990   data arrival time

                      0.150000    0.000000    0.000000   clock clk (rise edge)
                                  0.000000    0.000000   clock network delay (ideal)
                                  0.250000    0.250000   clock uncertainty
                                  0.000000    0.250000   clock reconvergence pessimism
                                -10.000000   -9.750000   output external delay
                                             -9.750000   data required time
---------------------------------------------------------------------------------------------
                                             -9.750000   data required time
                                             -0.407990   data arrival time
---------------------------------------------------------------------------------------------
                                             10.157990   slack (MET)


Startpoint: _123_ (rising edge-triggered flip-flop clocked by clk)
Endpoint: dac_in[7] (output port clocked by clk)
Path Group: clk
Path Type: min

Fanout         Cap        Slew       Delay        Time   Description
---------------------------------------------------------------------------------------------
                      0.150000    0.000000    0.000000   clock clk (rise edge)
                                  0.000000    0.000000   clock network delay (ideal)
                      0.150000    0.000000    0.000000 ^ _123_/CLK (sky130_fd_sc_hd__dfxtp_2)
     3    0.036488    0.092944    0.410178    0.410178 v _123_/Q (sky130_fd_sc_hd__dfxtp_2)
                                                         dac_in[7] (net)
                      0.092944    0.000000    0.410178 v dac_in[7] (out)
                                              0.410178   data arrival time

                      0.150000    0.000000    0.000000   clock clk (rise edge)
                                  0.000000    0.000000   clock network delay (ideal)
                                  0.250000    0.250000   clock uncertainty
                                  0.000000    0.250000   clock reconvergence pessimism
                                -10.000000   -9.750000   output external delay
                                             -9.750000   data required time
---------------------------------------------------------------------------------------------
                                             -9.750000   data required time
                                             -0.410178   data arrival time
---------------------------------------------------------------------------------------------
                                             10.160179   slack (MET)


Startpoint: _122_ (rising edge-triggered flip-flop clocked by clk)
Endpoint: dac_in[6] (output port clocked by clk)
Path Group: clk
Path Type: min

Fanout         Cap        Slew       Delay        Time   Description
---------------------------------------------------------------------------------------------
                      0.150000    0.000000    0.000000   clock clk (rise edge)
                                  0.000000    0.000000   clock network delay (ideal)
                      0.150000    0.000000    0.000000 ^ _122_/CLK (sky130_fd_sc_hd__dfxtp_2)
     3    0.036752    0.093497    0.410615    0.410615 v _122_/Q (sky130_fd_sc_hd__dfxtp_2)
                                                         dac_in[6] (net)
                      0.093497    0.000000    0.410615 v dac_in[6] (out)
                                              0.410615   data arrival time

                      0.150000    0.000000    0.000000   clock clk (rise edge)
                                  0.000000    0.000000   clock network delay (ideal)
                                  0.250000    0.250000   clock uncertainty
                                  0.000000    0.250000   clock reconvergence pessimism
                                -10.000000   -9.750000   output external delay
                                             -9.750000   data required time
---------------------------------------------------------------------------------------------
                                             -9.750000   data required time
                                             -0.410615   data arrival time
---------------------------------------------------------------------------------------------
                                             10.160616   slack (MET)


Startpoint: _108_ (rising edge-triggered flip-flop clocked by clk)
Endpoint: dac_in[0] (output port clocked by clk)
Path Group: clk
Path Type: min

Fanout         Cap        Slew       Delay        Time   Description
---------------------------------------------------------------------------------------------
                      0.150000    0.000000    0.000000   clock clk (rise edge)
                                  0.000000    0.000000   clock network delay (ideal)
                      0.150000    0.000000    0.000000 ^ _108_/CLK (sky130_fd_sc_hd__dfxtp_2)
     3    0.039184    0.098586    0.414641    0.414641 v _108_/Q (sky130_fd_sc_hd__dfxtp_2)
                                                         dac_in[0] (net)
                      0.098586    0.000000    0.414641 v dac_in[0] (out)
                                              0.414641   data arrival time

                      0.150000    0.000000    0.000000   clock clk (rise edge)
                                  0.000000    0.000000   clock network delay (ideal)
                                  0.250000    0.250000   clock uncertainty
                                  0.000000    0.250000   clock reconvergence pessimism
                                -10.000000   -9.750000   output external delay
                                             -9.750000   data required time
---------------------------------------------------------------------------------------------
                                             -9.750000   data required time
                                             -0.414641   data arrival time
---------------------------------------------------------------------------------------------
                                             10.164641   slack (MET)


Startpoint: _109_ (rising edge-triggered flip-flop clocked by clk)
Endpoint: dac_in[1] (output port clocked by clk)
Path Group: clk
Path Type: min

Fanout         Cap        Slew       Delay        Time   Description
---------------------------------------------------------------------------------------------
                      0.150000    0.000000    0.000000   clock clk (rise edge)
                                  0.000000    0.000000   clock network delay (ideal)
                      0.150000    0.000000    0.000000 ^ _109_/CLK (sky130_fd_sc_hd__dfxtp_2)
     3    0.039223    0.098668    0.414706    0.414706 v _109_/Q (sky130_fd_sc_hd__dfxtp_2)
                                                         dac_in[1] (net)
                      0.098668    0.000000    0.414706 v dac_in[1] (out)
                                              0.414706   data arrival time

                      0.150000    0.000000    0.000000   clock clk (rise edge)
                                  0.000000    0.000000   clock network delay (ideal)
                                  0.250000    0.250000   clock uncertainty
                                  0.000000    0.250000   clock reconvergence pessimism
                                -10.000000   -9.750000   output external delay
                                             -9.750000   data required time
---------------------------------------------------------------------------------------------
                                             -9.750000   data required time
                                             -0.414706   data arrival time
---------------------------------------------------------------------------------------------
                                             10.164706   slack (MET)


Startpoint: _110_ (rising edge-triggered flip-flop clocked by clk)
Endpoint: dac_in[2] (output port clocked by clk)
Path Group: clk
Path Type: min

Fanout         Cap        Slew       Delay        Time   Description
---------------------------------------------------------------------------------------------
                      0.150000    0.000000    0.000000   clock clk (rise edge)
                                  0.000000    0.000000   clock network delay (ideal)
                      0.150000    0.000000    0.000000 ^ _110_/CLK (sky130_fd_sc_hd__dfxtp_2)
     3    0.039223    0.098668    0.414706    0.414706 v _110_/Q (sky130_fd_sc_hd__dfxtp_2)
                                                         dac_in[2] (net)
                      0.098668    0.000000    0.414706 v dac_in[2] (out)
                                              0.414706   data arrival time

                      0.150000    0.000000    0.000000   clock clk (rise edge)
                                  0.000000    0.000000   clock network delay (ideal)
                                  0.250000    0.250000   clock uncertainty
                                  0.000000    0.250000   clock reconvergence pessimism
                                -10.000000   -9.750000   output external delay
                                             -9.750000   data required time
---------------------------------------------------------------------------------------------
                                             -9.750000   data required time
                                             -0.414706   data arrival time
---------------------------------------------------------------------------------------------
                                             10.164706   slack (MET)


Startpoint: _111_ (rising edge-triggered flip-flop clocked by clk)
Endpoint: dac_in[3] (output port clocked by clk)
Path Group: clk
Path Type: min

Fanout         Cap        Slew       Delay        Time   Description
---------------------------------------------------------------------------------------------
                      0.150000    0.000000    0.000000   clock clk (rise edge)
                                  0.000000    0.000000   clock network delay (ideal)
                      0.150000    0.000000    0.000000 ^ _111_/CLK (sky130_fd_sc_hd__dfxtp_2)
     3    0.039223    0.098668    0.414706    0.414706 v _111_/Q (sky130_fd_sc_hd__dfxtp_2)
                                                         dac_in[3] (net)
                      0.098668    0.000000    0.414706 v dac_in[3] (out)
                                              0.414706   data arrival time

                      0.150000    0.000000    0.000000   clock clk (rise edge)
                                  0.000000    0.000000   clock network delay (ideal)
                                  0.250000    0.250000   clock uncertainty
                                  0.000000    0.250000   clock reconvergence pessimism
                                -10.000000   -9.750000   output external delay
                                             -9.750000   data required time
---------------------------------------------------------------------------------------------
                                             -9.750000   data required time
                                             -0.414706   data arrival time
---------------------------------------------------------------------------------------------
                                             10.164706   slack (MET)


Startpoint: _112_ (rising edge-triggered flip-flop clocked by clk)
Endpoint: dac_in[4] (output port clocked by clk)
Path Group: clk
Path Type: min

Fanout         Cap        Slew       Delay        Time   Description
---------------------------------------------------------------------------------------------
                      0.150000    0.000000    0.000000   clock clk (rise edge)
                                  0.000000    0.000000   clock network delay (ideal)
                      0.150000    0.000000    0.000000 ^ _112_/CLK (sky130_fd_sc_hd__dfxtp_2)
     3    0.039223    0.098668    0.414706    0.414706 v _112_/Q (sky130_fd_sc_hd__dfxtp_2)
                                                         dac_in[4] (net)
                      0.098668    0.000000    0.414706 v dac_in[4] (out)
                                              0.414706   data arrival time

                      0.150000    0.000000    0.000000   clock clk (rise edge)
                                  0.000000    0.000000   clock network delay (ideal)
                                  0.250000    0.250000   clock uncertainty
                                  0.000000    0.250000   clock reconvergence pessimism
                                -10.000000   -9.750000   output external delay
                                             -9.750000   data required time
---------------------------------------------------------------------------------------------
                                             -9.750000   data required time
                                             -0.414706   data arrival time
---------------------------------------------------------------------------------------------
                                             10.164706   slack (MET)


Startpoint: _113_ (rising edge-triggered flip-flop clocked by clk)
Endpoint: dac_in[5] (output port clocked by clk)
Path Group: clk
Path Type: min

Fanout         Cap        Slew       Delay        Time   Description
---------------------------------------------------------------------------------------------
                      0.150000    0.000000    0.000000   clock clk (rise edge)
                                  0.000000    0.000000   clock network delay (ideal)
                      0.150000    0.000000    0.000000 ^ _113_/CLK (sky130_fd_sc_hd__dfxtp_2)
     3    0.039223    0.098668    0.414706    0.414706 v _113_/Q (sky130_fd_sc_hd__dfxtp_2)
                                                         dac_in[5] (net)
                      0.098668    0.000000    0.414706 v dac_in[5] (out)
                                              0.414706   data arrival time

                      0.150000    0.000000    0.000000   clock clk (rise edge)
                                  0.000000    0.000000   clock network delay (ideal)
                                  0.250000    0.250000   clock uncertainty
                                  0.000000    0.250000   clock reconvergence pessimism
                                -10.000000   -9.750000   output external delay
                                             -9.750000   data required time
---------------------------------------------------------------------------------------------
                                             -9.750000   data required time
                                             -0.414706   data arrival time
---------------------------------------------------------------------------------------------
                                             10.164706   slack (MET)



