
===========================================================================
 report_power
============================================================================
======================= nom_tt_025C_1v80 Corner ===================================

Group                    Internal    Switching      Leakage        Total
                            Power        Power        Power        Power (Watts)
------------------------------------------------------------------------
Sequential           1.697747e-05 2.258207e-06 1.711040e-10 1.923585e-05  90.0%
Combinational        1.410399e-06 7.336967e-07 1.521588e-10 2.144248e-06  10.0%
Clock                0.000000e+00 0.000000e+00 0.000000e+00 0.000000e+00   0.0%
Macro                0.000000e+00 0.000000e+00 0.000000e+00 0.000000e+00   0.0%
Pad                  0.000000e+00 0.000000e+00 0.000000e+00 0.000000e+00   0.0%
------------------------------------------------------------------------
Total                1.838787e-05 2.991903e-06 3.232629e-10 2.138009e-05 100.0%
                            86.0%        14.0%         0.0%

