Clock: clk
Sources: clk 
Generated: no
Virtual: yes
Propagated: no
Period: 250.000000

===========================================================================
report_clock_properties
============================================================================
Clock                   Period          Waveform
----------------------------------------------------
clk                 250.000000    0.000000125.000000

===========================================================================
report_clock_latency
============================================================================
Clock clk
rise -> rise
    min     max
0.000000 0.000000 source latency
0.193245         network latency _161_/CLK
        0.194822 network latency _159_/CLK
---------------
0.193245 0.194822 latency
        0.001577 skew

rise -> fall
    min     max
0.000000 0.000000 source latency
0.231780         network latency _152_/CLK
        0.231780 network latency _152_/CLK
---------------
0.231780 0.231780 latency
        0.000000 skew

fall -> rise
    min     max
0.000000 0.000000 source latency
0.154387         network latency _152_/CLK
        0.154387 network latency _152_/CLK
---------------
0.154387 0.154387 latency
        0.000000 skew

fall -> fall
    min     max
0.000000 0.000000 source latency
0.091703         network latency _161_/CLK
        0.093166 network latency _158_/CLK
---------------
0.091703 0.093166 latency
        0.001464 skew



===========================================================================
report_clock_min_period
============================================================================
clk period_min = 2.03 fmax = 493.76
