Reading OpenROAD database at '/home/dt/Documents/madvlsi/final/schematics/controller/librelane/runs/RUN_2025-12-16_17-02-26/41-openroad-repairantennas/1-diodeinsertion/controller.odb'…
Reading library file at '/usr/local/share/pdk/ciel/sky130/versions/0fe599b2afb6708d281543108caf8310912f54af/sky130A/libs.ref/sky130_fd_sc_hd/lib/sky130_fd_sc_hd__tt_025C_1v80.lib'…
Reading design constraints file at '/nix/store/pqxyc4xmydcs5adig47yyc29r3svp5nx-python3-3.11.9-env/lib/python3.11/site-packages/librelane/scripts/base.sdc'…
[INFO] Using clock clk…
[INFO] Setting output delay to: 10
[INFO] Setting input delay to: 10
[INFO] Setting load to: 0.033442
[INFO] Setting clock uncertainty to: 0.25
[INFO] Setting clock transition to: 0.1499999999999999944488848768742172978818416595458984375
[INFO] Setting timing derate to: 5%
[INFO ORD-0030] Using 20 thread(s).
[INFO DRT-0149] Reading tech and libs.
[WARNING DRT-0349] LEF58_ENCLOSURE with no CUTCLASS is not supported. Skipping for layer mcon
[WARNING DRT-0349] LEF58_ENCLOSURE with no CUTCLASS is not supported. Skipping for layer mcon
[WARNING DRT-0349] LEF58_ENCLOSURE with no CUTCLASS is not supported. Skipping for layer via
[WARNING DRT-0349] LEF58_ENCLOSURE with no CUTCLASS is not supported. Skipping for layer via
[WARNING DRT-0349] LEF58_ENCLOSURE with no CUTCLASS is not supported. Skipping for layer via2
[WARNING DRT-0349] LEF58_ENCLOSURE with no CUTCLASS is not supported. Skipping for layer via2
[WARNING DRT-0349] LEF58_ENCLOSURE with no CUTCLASS is not supported. Skipping for layer via3
[WARNING DRT-0349] LEF58_ENCLOSURE with no CUTCLASS is not supported. Skipping for layer via3
[WARNING DRT-0349] LEF58_ENCLOSURE with no CUTCLASS is not supported. Skipping for layer via4
[WARNING DRT-0349] LEF58_ENCLOSURE with no CUTCLASS is not supported. Skipping for layer via4

Units:                1000
Number of layers:     13
Number of macros:     441
Number of vias:       28
Number of viarulegen: 25

[INFO DRT-0150] Reading design.

Design:                   controller
Die area:                 ( 0 0 ) ( 145000 50000 )
Number of track patterns: 12
Number of DEF vias:       0
Number of components:     227
Number of terminals:      30
Number of snets:          2
Number of nets:           149

[INFO DRT-0167] List of default vias:
  Layer via
    default via: M1M2_PR
  Layer via2
    default via: M2M3_PR
  Layer via3
    default via: M3M4_PR
  Layer via4
    default via: M4M5_PR
[INFO DRT-0162] Library cell analysis.
[INFO DRT-0163] Instance analysis.
[INFO DRT-0164] Number of unique instances = 74.
[INFO DRT-0168] Init region query.
[INFO DRT-0024]   Complete FR_MASTERSLICE.
[INFO DRT-0024]   Complete licon.
[INFO DRT-0024]   Complete li1.
[INFO DRT-0024]   Complete mcon.
[INFO DRT-0024]   Complete met1.
[INFO DRT-0024]   Complete via.
[INFO DRT-0024]   Complete met2.
[INFO DRT-0024]   Complete via2.
[INFO DRT-0024]   Complete met3.
[INFO DRT-0024]   Complete via3.
[INFO DRT-0024]   Complete met4.
[INFO DRT-0024]   Complete via4.
[INFO DRT-0024]   Complete met5.
[INFO DRT-0033] FR_MASTERSLICE shape region query size = 0.
[INFO DRT-0033] licon shape region query size = 0.
[INFO DRT-0033] li1 shape region query size = 4830.
[INFO DRT-0033] mcon shape region query size = 0.
[INFO DRT-0033] met1 shape region query size = 644.
[INFO DRT-0033] via shape region query size = 55.
[INFO DRT-0033] met2 shape region query size = 49.
[INFO DRT-0033] via2 shape region query size = 44.
[INFO DRT-0033] met3 shape region query size = 45.
[INFO DRT-0033] via3 shape region query size = 44.
[INFO DRT-0033] met4 shape region query size = 15.
[INFO DRT-0033] via4 shape region query size = 0.
[INFO DRT-0033] met5 shape region query size = 0.
[INFO DRT-0165] Start pin access.
[INFO DRT-0078]   Complete 236 pins.
[INFO DRT-0081]   Complete 68 unique inst patterns.
[INFO DRT-0084]   Complete 102 groups.
#scanned instances     = 227
#unique  instances     = 74
#stdCellGenAp          = 1912
#stdCellValidPlanarAp  = 0
#stdCellValidViaAp     = 1514
#stdCellPinNoAp        = 0
#stdCellPinCnt         = 458
#instTermValidViaApCnt = 0
#macroGenAp            = 0
#macroValidPlanarAp    = 0
#macroValidViaAp       = 0
#macroNoAp             = 0
[INFO DRT-0166] Complete pin access.
[INFO DRT-0267] cpu time = 00:00:05, elapsed time = 00:00:00, memory = 145.14 (MB), peak = 145.14 (MB)

[INFO DRT-0157] Number of guides:     958

[INFO DRT-0169] Post process guides.
[INFO DRT-0176] GCELLGRID X 0 DO 21 STEP 6900 ;
[INFO DRT-0177] GCELLGRID Y 0 DO 7 STEP 6900 ;
[INFO DRT-0028]   Complete FR_MASTERSLICE.
[INFO DRT-0028]   Complete licon.
[INFO DRT-0028]   Complete li1.
[INFO DRT-0028]   Complete mcon.
[INFO DRT-0028]   Complete met1.
[INFO DRT-0028]   Complete via.
[INFO DRT-0028]   Complete met2.
[INFO DRT-0028]   Complete via2.
[INFO DRT-0028]   Complete met3.
[INFO DRT-0028]   Complete via3.
[INFO DRT-0028]   Complete met4.
[INFO DRT-0028]   Complete via4.
[INFO DRT-0028]   Complete met5.
[INFO DRT-0178] Init guide query.
[INFO DRT-0035]   Complete FR_MASTERSLICE (guide).
[INFO DRT-0035]   Complete licon (guide).
[INFO DRT-0035]   Complete li1 (guide).
[INFO DRT-0035]   Complete mcon (guide).
[INFO DRT-0035]   Complete met1 (guide).
[INFO DRT-0035]   Complete via (guide).
[INFO DRT-0035]   Complete met2 (guide).
[INFO DRT-0035]   Complete via2 (guide).
[INFO DRT-0035]   Complete met3 (guide).
[INFO DRT-0035]   Complete via3 (guide).
[INFO DRT-0035]   Complete met4 (guide).
[INFO DRT-0035]   Complete via4 (guide).
[INFO DRT-0035]   Complete met5 (guide).
[INFO DRT-0036] FR_MASTERSLICE guide region query size = 0.
[INFO DRT-0036] licon guide region query size = 0.
[INFO DRT-0036] li1 guide region query size = 367.
[INFO DRT-0036] mcon guide region query size = 0.
[INFO DRT-0036] met1 guide region query size = 265.
[INFO DRT-0036] via guide region query size = 0.
[INFO DRT-0036] met2 guide region query size = 122.
[INFO DRT-0036] via2 guide region query size = 0.
[INFO DRT-0036] met3 guide region query size = 14.
[INFO DRT-0036] via3 guide region query size = 0.
[INFO DRT-0036] met4 guide region query size = 0.
[INFO DRT-0036] via4 guide region query size = 0.
[INFO DRT-0036] met5 guide region query size = 0.
[INFO DRT-0179] Init gr pin query.
[INFO DRT-0245] skipped writing guide updates to database.
[INFO DRT-0185] Post process initialize RPin region query.
[INFO DRT-0181] Start track assignment.
[INFO DRT-0184] Done with 489 vertical wires in 1 frboxes and 279 horizontal wires in 1 frboxes.
[INFO DRT-0186] Done with 17 vertical wires in 1 frboxes and 82 horizontal wires in 1 frboxes.
[INFO DRT-0182] Complete track assignment.
[INFO DRT-0267] cpu time = 00:00:00, elapsed time = 00:00:00, memory = 146.56 (MB), peak = 146.56 (MB)
[INFO DRT-0187] Start routing data preparation.
[INFO DRT-0267] cpu time = 00:00:00, elapsed time = 00:00:00, memory = 146.56 (MB), peak = 146.56 (MB)
[INFO DRT-0194] Start detail routing.
[INFO DRT-0195] Start 0th optimization iteration.
    Completing 10% with 0 violations.
    elapsed time = 00:00:00, memory = 161.12 (MB).
    Completing 20% with 0 violations.
    elapsed time = 00:00:00, memory = 155.90 (MB).
    Completing 30% with 18 violations.
    elapsed time = 00:00:00, memory = 163.85 (MB).
[INFO DRT-0199]   Number of violations = 57.
Viol/Layer        met1   met3
Metal Spacing        9      5
Recheck              6      0
Short               37      0
[INFO DRT-0267] cpu time = 00:00:01, elapsed time = 00:00:01, memory = 516.31 (MB), peak = 516.31 (MB)
Total wire length = 3755 um.
Total wire length on LAYER li1 = 0 um.
Total wire length on LAYER met1 = 2335 um.
Total wire length on LAYER met2 = 1196 um.
Total wire length on LAYER met3 = 223 um.
Total wire length on LAYER met4 = 0 um.
Total wire length on LAYER met5 = 0 um.
Total number of vias = 943.
Up-via summary (total 943):

----------------------
 FR_MASTERSLICE      0
            li1    458
           met1    470
           met2     15
           met3      0
           met4      0
----------------------
                   943


[INFO DRT-0195] Start 1st optimization iteration.
    Completing 10% with 57 violations.
    elapsed time = 00:00:00, memory = 524.55 (MB).
    Completing 20% with 57 violations.
    elapsed time = 00:00:00, memory = 532.47 (MB).
    Completing 30% with 64 violations.
    elapsed time = 00:00:00, memory = 535.55 (MB).
    Completing 40% with 64 violations.
    elapsed time = 00:00:00, memory = 536.33 (MB).
    Completing 50% with 60 violations.
    elapsed time = 00:00:00, memory = 538.13 (MB).
    Completing 60% with 60 violations.
    elapsed time = 00:00:01, memory = 538.13 (MB).
    Completing 70% with 37 violations.
    elapsed time = 00:00:01, memory = 265.75 (MB).
    Completing 80% with 37 violations.
    elapsed time = 00:00:01, memory = 265.75 (MB).
[INFO DRT-0199]   Number of violations = 33.
Viol/Layer        met1   met3
Metal Spacing        3      5
Short               25      0
[INFO DRT-0267] cpu time = 00:00:01, elapsed time = 00:00:01, memory = 537.70 (MB), peak = 538.13 (MB)
Total wire length = 3736 um.
Total wire length on LAYER li1 = 0 um.
Total wire length on LAYER met1 = 2339 um.
Total wire length on LAYER met2 = 1171 um.
Total wire length on LAYER met3 = 225 um.
Total wire length on LAYER met4 = 0 um.
Total wire length on LAYER met5 = 0 um.
Total number of vias = 945.
Up-via summary (total 945):

----------------------
 FR_MASTERSLICE      0
            li1    458
           met1    472
           met2     15
           met3      0
           met4      0
----------------------
                   945


[INFO DRT-0195] Start 2nd optimization iteration.
    Completing 10% with 33 violations.
    elapsed time = 00:00:00, memory = 537.70 (MB).
    Completing 20% with 33 violations.
    elapsed time = 00:00:00, memory = 537.70 (MB).
    Completing 30% with 33 violations.
    elapsed time = 00:00:00, memory = 537.70 (MB).
    Completing 40% with 33 violations.
    elapsed time = 00:00:00, memory = 537.70 (MB).
    Completing 50% with 53 violations.
    elapsed time = 00:00:00, memory = 537.70 (MB).
    Completing 60% with 53 violations.
    elapsed time = 00:00:00, memory = 538.47 (MB).
    Completing 70% with 51 violations.
    elapsed time = 00:00:00, memory = 269.10 (MB).
    Completing 80% with 51 violations.
    elapsed time = 00:00:00, memory = 269.10 (MB).
[INFO DRT-0199]   Number of violations = 48.
Viol/Layer        met1   met2   met3
Metal Spacing        4      1      4
Short               39      0      0
[INFO DRT-0267] cpu time = 00:00:01, elapsed time = 00:00:00, memory = 540.92 (MB), peak = 540.92 (MB)
Total wire length = 3745 um.
Total wire length on LAYER li1 = 0 um.
Total wire length on LAYER met1 = 2347 um.
Total wire length on LAYER met2 = 1165 um.
Total wire length on LAYER met3 = 231 um.
Total wire length on LAYER met4 = 0 um.
Total wire length on LAYER met5 = 0 um.
Total number of vias = 931.
Up-via summary (total 931):

----------------------
 FR_MASTERSLICE      0
            li1    458
           met1    454
           met2     19
           met3      0
           met4      0
----------------------
                   931


[INFO DRT-0195] Start 3rd optimization iteration.
    Completing 10% with 48 violations.
    elapsed time = 00:00:00, memory = 553.32 (MB).
    Completing 20% with 48 violations.
    elapsed time = 00:00:00, memory = 558.67 (MB).
    Completing 30% with 38 violations.
    elapsed time = 00:00:00, memory = 559.70 (MB).
[INFO DRT-0199]   Number of violations = 0.
[INFO DRT-0267] cpu time = 00:00:00, elapsed time = 00:00:00, memory = 559.70 (MB), peak = 559.70 (MB)
Total wire length = 3735 um.
Total wire length on LAYER li1 = 0 um.
Total wire length on LAYER met1 = 2223 um.
Total wire length on LAYER met2 = 1173 um.
Total wire length on LAYER met3 = 338 um.
Total wire length on LAYER met4 = 0 um.
Total wire length on LAYER met5 = 0 um.
Total number of vias = 961.
Up-via summary (total 961):

----------------------
 FR_MASTERSLICE      0
            li1    458
           met1    464
           met2     39
           met3      0
           met4      0
----------------------
                   961


[INFO DRT-0198] Complete detail routing.
Total wire length = 3735 um.
Total wire length on LAYER li1 = 0 um.
Total wire length on LAYER met1 = 2223 um.
Total wire length on LAYER met2 = 1173 um.
Total wire length on LAYER met3 = 338 um.
Total wire length on LAYER met4 = 0 um.
Total wire length on LAYER met5 = 0 um.
Total number of vias = 961.
Up-via summary (total 961):

----------------------
 FR_MASTERSLICE      0
            li1    458
           met1    464
           met2     39
           met3      0
           met4      0
----------------------
                   961


[INFO DRT-0267] cpu time = 00:00:03, elapsed time = 00:00:03, memory = 559.70 (MB), peak = 559.70 (MB)

[INFO DRT-0180] Post processing.
Setting global connections for newly added cells…
[INFO] Setting global connections...
Updating metrics…
Cell type report:                       Count       Area
  Fill cell                                20      75.07
  Tap cell                                 60      75.07
  Clock buffer                              3      75.07
  Timing Repair Buffer                     42     245.24
  Inverter                                 11      41.29
  Clock inverter                            2      11.26
  Sequential cell                          21     421.65
  Multi-Input combinational cell           68     518.00
  Total                                   227    1462.65
Writing OpenROAD database to '/home/dt/Documents/madvlsi/final/schematics/controller/librelane/runs/RUN_2025-12-16_17-02-26/43-openroad-detailedrouting/controller.odb'…
Writing netlist to '/home/dt/Documents/madvlsi/final/schematics/controller/librelane/runs/RUN_2025-12-16_17-02-26/43-openroad-detailedrouting/controller.nl.v'…
Writing powered netlist to '/home/dt/Documents/madvlsi/final/schematics/controller/librelane/runs/RUN_2025-12-16_17-02-26/43-openroad-detailedrouting/controller.pnl.v'…
Writing layout to '/home/dt/Documents/madvlsi/final/schematics/controller/librelane/runs/RUN_2025-12-16_17-02-26/43-openroad-detailedrouting/controller.def'…
Writing timing constraints to '/home/dt/Documents/madvlsi/final/schematics/controller/librelane/runs/RUN_2025-12-16_17-02-26/43-openroad-detailedrouting/controller.sdc'…
