Clock: clk
Sources: clk 
Generated: no
Virtual: yes
Propagated: no
Period: 500.000000

===========================================================================
report_clock_properties
============================================================================
Clock                   Period          Waveform
----------------------------------------------------
clk                 500.000000    0.000000250.000000

===========================================================================
report_clock_latency
============================================================================
Clock clk
rise -> rise
    min     max
0.000000 0.000000 source latency
0.231145         network latency _157_/CLK
        0.233297 network latency _172_/CLK
---------------
0.231145 0.233297 latency
        0.002153 skew

rise -> fall
    min     max
0.000000 0.000000 source latency
0.245828         network latency _152_/CLK
        0.245828 network latency _152_/CLK
---------------
0.245828 0.245828 latency
        0.000000 skew

fall -> rise
    min     max
0.000000 0.000000 source latency
0.246899         network latency _152_/CLK
        0.246899 network latency _152_/CLK
---------------
0.246899 0.246899 latency
        0.000000 skew

fall -> fall
    min     max
0.000000 0.000000 source latency
0.218222         network latency _157_/CLK
        0.219529 network latency _172_/CLK
---------------
0.218222 0.219529 latency
        0.001307 skew



===========================================================================
report_clock_min_period
============================================================================
clk period_min = 1.72 fmax = 579.76
