
===========================================================================
 report_power
============================================================================
======================= max_ff_n40C_1v95 Corner ===================================

Group                    Internal    Switching      Leakage        Total
                            Power        Power        Power        Power (Watts)
------------------------------------------------------------------------
Sequential           1.993438e-06 5.849364e-08 3.157475e-10 2.052247e-06  44.2%
Combinational        1.696665e-07 3.613875e-07 1.040097e-09 5.320941e-07  11.5%
Clock                1.248005e-06 8.085970e-07 6.738670e-10 2.057276e-06  44.3%
Macro                0.000000e+00 0.000000e+00 0.000000e+00 0.000000e+00   0.0%
Pad                  0.000000e+00 0.000000e+00 0.000000e+00 0.000000e+00   0.0%
------------------------------------------------------------------------
Total                3.411109e-06 1.228478e-06 2.029713e-09 4.641616e-06 100.0%
                            73.5%        26.5%         0.0%

