Clock: clk
Sources: clk 
Generated: no
Virtual: yes
Propagated: no
Period: 500.000000

===========================================================================
report_clock_properties
============================================================================
Clock                   Period          Waveform
----------------------------------------------------
clk                 500.000000    0.000000250.000000

===========================================================================
report_clock_latency
============================================================================
Clock clk
rise -> rise
    min     max
0.000000 0.000000 source latency
0.327881         network latency _157_/CLK
        0.330239 network latency _172_/CLK
---------------
0.327881 0.330239 latency
        0.002358 skew

rise -> fall
    min     max
0.000000 0.000000 source latency
0.355247         network latency _152_/CLK
        0.355247 network latency _152_/CLK
---------------
0.355247 0.355247 latency
        0.000000 skew

fall -> rise
    min     max
0.000000 0.000000 source latency
0.356067         network latency _152_/CLK
        0.356067 network latency _152_/CLK
---------------
0.356067 0.356067 latency
        0.000000 skew

fall -> fall
    min     max
0.000000 0.000000 source latency
0.317044         network latency _157_/CLK
        0.318437 network latency _172_/CLK
---------------
0.317044 0.318437 latency
        0.001393 skew



===========================================================================
report_clock_min_period
============================================================================
clk period_min = 2.53 fmax = 394.57
