Clock: clk
Sources: clk 
Generated: no
Virtual: yes
Propagated: no
Period: 250.000000

===========================================================================
report_clock_properties
============================================================================
Clock                   Period          Waveform
----------------------------------------------------
clk                 250.000000    0.000000125.000000

===========================================================================
report_clock_latency
============================================================================
Clock clk
rise -> rise
    min     max
0.000000 0.000000 source latency
0.228484         network latency _165_/CLK
        0.229777 network latency _171_/CLK
---------------
0.228484 0.229777 latency
        0.001293 skew

rise -> fall
    min     max
0.000000 0.000000 source latency
0.242934         network latency _152_/CLK
        0.242934 network latency _152_/CLK
---------------
0.242934 0.242934 latency
        0.000000 skew

fall -> rise
    min     max
0.000000 0.000000 source latency
0.243688         network latency _152_/CLK
        0.243688 network latency _152_/CLK
---------------
0.243688 0.243688 latency
        0.000000 skew

fall -> fall
    min     max
0.000000 0.000000 source latency
0.215579         network latency _165_/CLK
        0.216346 network latency _171_/CLK
---------------
0.215579 0.216346 latency
        0.000767 skew



===========================================================================
report_clock_min_period
============================================================================
clk period_min = 1.55 fmax = 646.07
