Clock: clk
Sources: clk 
Generated: no
Virtual: yes
Propagated: no
Period: 500.000000

===========================================================================
report_clock_properties
============================================================================
Clock                   Period          Waveform
----------------------------------------------------
clk                 500.000000    0.000000250.000000

===========================================================================
report_clock_latency
============================================================================
Clock clk
rise -> rise
    min     max
0.000000 0.000000 source latency
0.567514         network latency _157_/CLK
        0.571789 network latency _172_/CLK
---------------
0.567514 0.571789 latency
        0.004275 skew

rise -> fall
    min     max
0.000000 0.000000 source latency
0.625637         network latency _152_/CLK
        0.625637 network latency _152_/CLK
---------------
0.625637 0.625637 latency
        0.000000 skew

fall -> rise
    min     max
0.000000 0.000000 source latency
0.631786         network latency _152_/CLK
        0.631786 network latency _152_/CLK
---------------
0.631786 0.631786 latency
        0.000000 skew

fall -> fall
    min     max
0.000000 0.000000 source latency
0.566729         network latency _157_/CLK
        0.569486 network latency _172_/CLK
---------------
0.566729 0.569486 latency
        0.002757 skew



===========================================================================
report_clock_min_period
============================================================================
clk period_min = 4.74 fmax = 211.09
