
===========================================================================
 report_power
============================================================================
======================= nom_ss_100C_1v60 Corner ===================================

Group                    Internal    Switching      Leakage        Total
                            Power        Power        Power        Power (Watts)
------------------------------------------------------------------------
Sequential           1.331434e-06 3.741169e-08 2.909328e-07 1.659779e-06  40.5%
Combinational        1.241505e-07 2.362413e-07 6.121849e-07 9.725766e-07  23.8%
Clock                8.951101e-07 5.039155e-07 6.228606e-08 1.461312e-06  35.7%
Macro                0.000000e+00 0.000000e+00 0.000000e+00 0.000000e+00   0.0%
Pad                  0.000000e+00 0.000000e+00 0.000000e+00 0.000000e+00   0.0%
------------------------------------------------------------------------
Total                2.350695e-06 7.775686e-07 9.654036e-07 4.093667e-06 100.0%
                            57.4%        19.0%        23.6%

