Clock: clk
Sources: clk 
Generated: no
Virtual: yes
Propagated: no
Period: 500.000000

===========================================================================
report_clock_properties
============================================================================
Clock                   Period          Waveform
----------------------------------------------------
clk                 500.000000    0.000000250.000000

===========================================================================
report_clock_latency
============================================================================
Clock clk
rise -> rise
    min     max
0.000000 0.000000 source latency
0.315235         network latency _166_/CLK
        0.316485 network latency _161_/CLK
---------------
0.315235 0.316485 latency
        0.001251 skew

rise -> fall
    min     max
0.000000 0.000000 source latency
0.340880         network latency _152_/CLK
        0.340880 network latency _152_/CLK
---------------
0.340880 0.340880 latency
        0.000000 skew

fall -> rise
    min     max
0.000000 0.000000 source latency
0.345096         network latency _152_/CLK
        0.345096 network latency _152_/CLK
---------------
0.345096 0.345096 latency
        0.000000 skew

fall -> fall
    min     max
0.000000 0.000000 source latency
0.308574         network latency _166_/CLK
        0.309115 network latency _161_/CLK
---------------
0.308574 0.309115 latency
        0.000540 skew



===========================================================================
report_clock_min_period
============================================================================
clk period_min = 1.85 fmax = 541.73
