Clock: clk
Sources: clk 
Generated: no
Virtual: yes
Propagated: no
Period: 250.000000

===========================================================================
report_clock_properties
============================================================================
Clock                   Period          Waveform
----------------------------------------------------
clk                 250.000000    0.000000125.000000

===========================================================================
report_clock_latency
============================================================================
Clock clk
rise -> rise
    min     max
0.000000 0.000000 source latency
0.320634         network latency _166_/CLK
        0.322050 network latency _161_/CLK
---------------
0.320634 0.322050 latency
        0.001416 skew

rise -> fall
    min     max
0.000000 0.000000 source latency
0.346540         network latency _152_/CLK
        0.346540 network latency _152_/CLK
---------------
0.346540 0.346540 latency
        0.000000 skew

fall -> rise
    min     max
0.000000 0.000000 source latency
0.348237         network latency _152_/CLK
        0.348237 network latency _152_/CLK
---------------
0.348237 0.348237 latency
        0.000000 skew

fall -> fall
    min     max
0.000000 0.000000 source latency
0.311474         network latency _162_/CLK
        0.312156 network latency _161_/CLK
---------------
0.311474 0.312156 latency
        0.000682 skew



===========================================================================
report_clock_min_period
============================================================================
clk period_min = 1.87 fmax = 535.56
