
===========================================================================
report_checks -unconstrained
===========================================================================
======================= nom_tt_025C_1v80 Corner ===================================

Startpoint: _152_ (rising edge-triggered flip-flop clocked by clk')
Endpoint: comparator_clk (output port clocked by clk)
Path Group: clk
Path Type: max

Fanout         Cap        Slew       Delay        Time   Description
---------------------------------------------------------------------------------------------
                                125.000000  125.000000   clock clk' (rise edge)
                                  0.000000  125.000000   clock source latency
     1    0.014618    0.034448    0.023789  125.023788 v clk (in)
                                                         clk (net)
                      0.034454    0.000000  125.023788 v clkbuf_0_clk/A (sky130_fd_sc_hd__clkbuf_16)
     2    0.016583    0.033210    0.139451  125.163246 v clkbuf_0_clk/X (sky130_fd_sc_hd__clkbuf_16)
                                                         clknet_0_clk (net)
                      0.033210    0.000355  125.163597 v clkbuf_1_1__f_clk/A (sky130_fd_sc_hd__clkbuf_16)
    12    0.032237    0.042266    0.150237  125.313835 v clkbuf_1_1__f_clk/X (sky130_fd_sc_hd__clkbuf_16)
                                                         clknet_1_1__leaf_clk (net)
                      0.042277    0.000711  125.314545 v _083__1/A (sky130_fd_sc_hd__inv_2)
     1    0.003075    0.023512    0.039975  125.354523 ^ _083__1/Y (sky130_fd_sc_hd__inv_2)
                                                         net36 (net)
                      0.023512    0.000071  125.354591 ^ _152_/CLK (sky130_fd_sc_hd__dfxtp_1)
     3    0.012586    0.126037    0.355712  125.710304 ^ _152_/Q (sky130_fd_sc_hd__dfxtp_1)
                                                         net11 (net)
                      0.126037    0.000313  125.710617 ^ output11/A (sky130_fd_sc_hd__buf_2)
     1    0.034971    0.173934    0.229747  125.940361 ^ output11/X (sky130_fd_sc_hd__buf_2)
                                                         comparator_clk (net)
                      0.173936    0.000909  125.941277 ^ comparator_clk (out)
                                            125.941277   data arrival time

                                250.000000  250.000000   clock clk (rise edge)
                                  0.000000  250.000000   clock network delay (propagated)
                                 -0.250000  249.750015   clock uncertainty
                                  0.000000  249.750015   clock reconvergence pessimism
                                -50.000000  199.750015   output external delay
                                            199.750015   data required time
---------------------------------------------------------------------------------------------
                                            199.750015   data required time
                                           -125.941277   data arrival time
---------------------------------------------------------------------------------------------
                                             73.808739   slack (MET)




===========================================================================
report_checks --slack_max -0.01
============================================================================
======================= nom_tt_025C_1v80 Corner ===================================

No paths found.


===========================================================================
 report_check_types -max_slew -max_cap -max_fanout -violators
============================================================================
======================= nom_tt_025C_1v80 Corner ===================================

max fanout

Pin                                   Limit Fanout  Slack
---------------------------------------------------------
clkbuf_1_1__f_clk/X                      10     12     -2 (VIOLATED)



===========================================================================
report_parasitic_annotation -report_unannotated
============================================================================
Found 1 unannotated drivers.
 clkload0/Y
Found 0 partially unannotated drivers.

===========================================================================
max slew violation count 0
Writing metric design__max_slew_violation__count__corner:nom_tt_025C_1v80: 0
max fanout violation count 1
Writing metric design__max_fanout_violation__count__corner:nom_tt_025C_1v80: 1
max cap violation count 0
Writing metric design__max_cap_violation__count__corner:nom_tt_025C_1v80: 0
============================================================================

===========================================================================
check_setup -verbose -unconstrained_endpoints -multiple_clock -no_clock -no_input_delay -loops -generated_clocks
===========================================================================
