Clock: clk
Sources: clk 
Generated: no
Virtual: yes
Propagated: no
Period: 250.000000

===========================================================================
report_clock_properties
============================================================================
Clock                   Period          Waveform
----------------------------------------------------
clk                 250.000000    0.000000125.000000

===========================================================================
report_clock_latency
============================================================================
Clock clk
rise -> rise
    min     max
0.000000 0.000000 source latency
0.324289         network latency _165_/CLK
        0.326666 network latency _171_/CLK
---------------
0.324289 0.326666 latency
        0.002377 skew

rise -> fall
    min     max
0.000000 0.000000 source latency
0.353074         network latency _152_/CLK
        0.353074 network latency _152_/CLK
---------------
0.353074 0.353074 latency
        0.000000 skew

fall -> rise
    min     max
0.000000 0.000000 source latency
0.354589         network latency _152_/CLK
        0.354589 network latency _152_/CLK
---------------
0.354589 0.354589 latency
        0.000000 skew

fall -> fall
    min     max
0.000000 0.000000 source latency
0.314287         network latency _165_/CLK
        0.315822 network latency _171_/CLK
---------------
0.314287 0.315822 latency
        0.001535 skew



===========================================================================
report_clock_min_period
============================================================================
clk period_min = 2.29 fmax = 436.93
