
===========================================================================
 report_power
============================================================================
======================= nom_tt_025C_1v80 Corner ===================================

Group                    Internal    Switching      Leakage        Total
                            Power        Power        Power        Power (Watts)
------------------------------------------------------------------------
Sequential           3.433894e-06 8.759184e-08 1.708741e-10 3.521656e-06  45.3%
Combinational        3.021261e-07 5.709974e-07 5.051590e-10 8.736287e-07  11.2%
Clock                2.179690e-06 1.196228e-06 1.061648e-10 3.376024e-06  43.4%
Macro                0.000000e+00 0.000000e+00 0.000000e+00 0.000000e+00   0.0%
Pad                  0.000000e+00 0.000000e+00 0.000000e+00 0.000000e+00   0.0%
------------------------------------------------------------------------
Total                5.915710e-06 1.854817e-06 7.821969e-10 7.771309e-06 100.0%
                            76.1%        23.9%         0.0%
Writing metric power__internal__total: 5.91571006225422e-6
Writing metric power__switching__total: 1.8548171283327974e-6
Writing metric power__leakage__total: 7.821969183474664e-10
Writing metric power__total: 7.771309356030542e-6

