Clock: clk
Sources: clk 
Generated: no
Virtual: no
Propagated: no
Period: 50.000000

===========================================================================
report_clock_properties
============================================================================
Clock                   Period          Waveform
----------------------------------------------------
clk                  50.000000    0.000000 25.000000

===========================================================================
report_clock_latency
============================================================================
Clock clk
rise -> rise
    min     max
0.000000 0.000000 source latency
0.092859         network latency _104_/CLK
        0.092859 network latency _104_/CLK
---------------
0.092859 0.092859 latency
        0.000000 skew

fall -> fall
    min     max
0.000000 0.000000 source latency
0.037614         network latency _104_/CLK
        0.037614 network latency _104_/CLK
---------------
0.037614 0.037614 latency
        0.000000 skew



===========================================================================
report_clock_min_period
============================================================================
clk period_min = 1.38 fmax = 722.20
