Reading OpenROAD database at '/home/dt/Documents/madvlsi/final/schematics/controller/librelane/runs/RUN_2025-12-16_17-02-26/25-odb-customioplacement/controller.odb'…
Reading library file at '/usr/local/share/pdk/ciel/sky130/versions/0fe599b2afb6708d281543108caf8310912f54af/sky130A/libs.ref/sky130_fd_sc_hd/lib/sky130_fd_sc_hd__tt_025C_1v80.lib'…
Reading design constraints file at '/nix/store/pqxyc4xmydcs5adig47yyc29r3svp5nx-python3-3.11.9-env/lib/python3.11/site-packages/librelane/scripts/base.sdc'…
[INFO] Using clock clk…
[INFO] Setting output delay to: 10
[INFO] Setting input delay to: 10
[INFO] Setting load to: 0.033442
[INFO] Setting clock uncertainty to: 0.25
[INFO] Setting clock transition to: 0.1499999999999999944488848768742172978818416595458984375
[INFO] Setting timing derate to: 5%
[INFO] Setting RC values…
[INFO] Setting signal min routing layer to: met1 and clock min routing layer to met1. 
[INFO] Setting signal max routing layer to: met4 and clock max routing layer to met4. 
+ global_placement -density 0.424399 -timing_driven -routability_driven -pad_right 0 -pad_left 0 -init_wirelength_coef 0.25
[INFO GPL-0002] DBU: 1000
[INFO GPL-0003] SiteSize: (  0.460  2.720 ) um
[INFO GPL-0004] CoreBBox: (  5.520 10.880 ) ( 139.380 38.080 ) um
[INFO GPL-0006] NumInstances:               181
[INFO GPL-0007] NumPlaceInstances:          101
[INFO GPL-0008] NumFixedInstances:           80
[INFO GPL-0009] NumDummyInstances:            0
[INFO GPL-0010] NumNets:                    104
[INFO GPL-0011] NumPins:                    395
[INFO GPL-0012] DieBBox:  (  0.000  0.000 ) ( 145.000 50.000 ) um
[INFO GPL-0013] CoreBBox: (  5.520 10.880 ) ( 139.380 38.080 ) um
[INFO GPL-0016] CoreArea:              3640.992 um^2
[INFO GPL-0017] NonPlaceInstsArea:      150.144 um^2
[INFO GPL-0018] PlaceInstsArea:        1106.061 um^2
[INFO GPL-0019] Util:                    31.685 %
[INFO GPL-0020] StdInstsArea:          1106.061 um^2
[INFO GPL-0021] MacroInstsArea:           0.000 um^2
[InitialPlace]  Iter: 1 CG residual: 0.00000012 HPWL: 3889702
[InitialPlace]  Iter: 2 CG residual: 0.00000008 HPWL: 2637532
[InitialPlace]  Iter: 3 CG residual: 0.00000003 HPWL: 2534198
[InitialPlace]  Iter: 4 CG residual: 0.00000011 HPWL: 2493382
[InitialPlace]  Iter: 5 CG residual: 0.00000011 HPWL: 2462625
[INFO GPL-0031] FillerInit:NumGCells:       136
[INFO GPL-0032] FillerInit:NumGNets:        104
[INFO GPL-0033] FillerInit:NumGPins:        395
[INFO GPL-0023] TargetDensity:            0.424
[INFO GPL-0024] AvrgPlaceInstArea:       10.951 um^2
[INFO GPL-0025] IdealBinArea:            25.804 um^2
[INFO GPL-0026] IdealBinCnt:                141
[INFO GPL-0027] TotalBinArea:          3640.992 um^2
[INFO GPL-0028] BinCnt:        16      4
[INFO GPL-0029] BinSize: (  8.367  6.800 )
[INFO GPL-0030] NumBins: 64
[NesterovSolve] Iter:    1 overflow: 0.796 HPWL: 2150813
[INFO GPL-0100] Timing-driven: executing resizer for reweighting nets.
[INFO GPL-0101] Timing-driven: worst slack 1.42e-08
[INFO GPL-0103] Timing-driven: weighted 10 nets.
[NesterovSolve] Iter:   10 overflow: 0.692 HPWL: 2300063
[NesterovSolve] Iter:   20 overflow: 0.687 HPWL: 2306564
[NesterovSolve] Iter:   30 overflow: 0.684 HPWL: 2308466
[NesterovSolve] Iter:   40 overflow: 0.686 HPWL: 2305632
[NesterovSolve] Iter:   50 overflow: 0.687 HPWL: 2304684
[NesterovSolve] Iter:   60 overflow: 0.686 HPWL: 2306459
[NesterovSolve] Iter:   70 overflow: 0.686 HPWL: 2306665
[NesterovSolve] Iter:   80 overflow: 0.686 HPWL: 2306267
[NesterovSolve] Iter:   90 overflow: 0.686 HPWL: 2306848
[NesterovSolve] Iter:  100 overflow: 0.686 HPWL: 2308242
[NesterovSolve] Iter:  110 overflow: 0.685 HPWL: 2309913
[NesterovSolve] Iter:  120 overflow: 0.685 HPWL: 2312634
[NesterovSolve] Iter:  130 overflow: 0.684 HPWL: 2317232
[NesterovSolve] Iter:  140 overflow: 0.682 HPWL: 2323652
[NesterovSolve] Iter:  150 overflow: 0.680 HPWL: 2332285
[NesterovSolve] Iter:  160 overflow: 0.678 HPWL: 2344411
[NesterovSolve] Iter:  170 overflow: 0.675 HPWL: 2361154
[NesterovSolve] Iter:  180 overflow: 0.667 HPWL: 2387458
[NesterovSolve] Iter:  190 overflow: 0.644 HPWL: 2418884
[INFO GPL-0100] Timing-driven: executing resizer for reweighting nets.
[INFO GPL-0101] Timing-driven: worst slack 1.42e-08
[INFO GPL-0103] Timing-driven: weighted 10 nets.
[NesterovSolve] Iter:  200 overflow: 0.609 HPWL: 2449919
[NesterovSolve] Snapshot saved at iter = 202
[NesterovSolve] Iter:  210 overflow: 0.577 HPWL: 2488567
[NesterovSolve] Iter:  220 overflow: 0.549 HPWL: 2542681
[NesterovSolve] Iter:  230 overflow: 0.513 HPWL: 2579724
[INFO GPL-0100] Timing-driven: executing resizer for reweighting nets.
[INFO GPL-0101] Timing-driven: worst slack 1.42e-08
[INFO GPL-0103] Timing-driven: weighted 10 nets.
[NesterovSolve] Iter:  240 overflow: 0.475 HPWL: 2624509
[NesterovSolve] Iter:  250 overflow: 0.434 HPWL: 2657509
[NesterovSolve] Iter:  260 overflow: 0.392 HPWL: 2703500
[NesterovSolve] Iter:  270 overflow: 0.354 HPWL: 2745442
[NesterovSolve] Iter:  280 overflow: 0.314 HPWL: 2762469
[INFO GPL-0075] Routability numCall: 1 inflationIterCnt: 1 bloatIterCnt: 0
[INFO GPL-0036] TileBBox: (    0    0 ) ( 6900 6900 ) DBU
[INFO GPL-0038] TileCnt:      21    7
[INFO GPL-0040] NumTiles: 147
[INFO GPL-0081] TotalRouteOverflow: 0
[INFO GPL-0082] OverflowTileCnt: 0
[INFO GPL-0083] 0.5%RC: 0.8410158753395081
[INFO GPL-0084] 1.0%RC: 0.8168179392814636
[INFO GPL-0085] 2.0%RC: 0.8025349974632263
[INFO GPL-0086] 5.0%RC: 0.7404971271753311
[INFO GPL-0087] FinalRC: 0.8289169
[INFO GPL-0077] FinalRC lower than targetRC(1.01), routability not needed.
[NesterovSolve] Iter:  290 overflow: 0.292 HPWL: 2802031
[INFO GPL-0100] Timing-driven: executing resizer for reweighting nets.
[INFO GPL-0101] Timing-driven: worst slack 1.42e-08
[INFO GPL-0103] Timing-driven: weighted 10 nets.
[NesterovSolve] Iter:  300 overflow: 0.249 HPWL: 2820214
[NesterovSolve] Iter:  310 overflow: 0.210 HPWL: 2848406
[INFO GPL-0100] Timing-driven: executing resizer for reweighting nets.
[INFO GPL-0101] Timing-driven: worst slack 1.42e-08
[INFO GPL-0103] Timing-driven: weighted 10 nets.
[NesterovSolve] Iter:  320 overflow: 0.177 HPWL: 2867962
[INFO GPL-0100] Timing-driven: executing resizer for reweighting nets.
[INFO GPL-0101] Timing-driven: worst slack 1.42e-08
[INFO GPL-0103] Timing-driven: weighted 10 nets.
[NesterovSolve] Iter:  330 overflow: 0.132 HPWL: 2871078
[NesterovSolve] Iter:  340 overflow: 0.103 HPWL: 2871532
[NesterovSolve] Finished with Overflow: 0.095359
[INFO] Setting RC values…
Setting global connections for newly added cells…
[INFO] Setting global connections...
Updating metrics…
Cell type report:                       Count       Area
  Fill cell                                20      75.07
  Tap cell                                 60      75.07
  Inverter                                 12      45.04
  Sequential cell                          21     446.68
  Multi-Input combinational cell           68     614.34
  Total                                   181    1256.20
Writing OpenROAD database to '/home/dt/Documents/madvlsi/final/schematics/controller/librelane/runs/RUN_2025-12-16_17-02-26/27-openroad-globalplacement/controller.odb'…
Writing netlist to '/home/dt/Documents/madvlsi/final/schematics/controller/librelane/runs/RUN_2025-12-16_17-02-26/27-openroad-globalplacement/controller.nl.v'…
Writing powered netlist to '/home/dt/Documents/madvlsi/final/schematics/controller/librelane/runs/RUN_2025-12-16_17-02-26/27-openroad-globalplacement/controller.pnl.v'…
Writing layout to '/home/dt/Documents/madvlsi/final/schematics/controller/librelane/runs/RUN_2025-12-16_17-02-26/27-openroad-globalplacement/controller.def'…
Writing timing constraints to '/home/dt/Documents/madvlsi/final/schematics/controller/librelane/runs/RUN_2025-12-16_17-02-26/27-openroad-globalplacement/controller.sdc'…
