Clock: clk
Sources: clk 
Generated: no
Virtual: yes
Propagated: no
Period: 500.000000

===========================================================================
report_clock_properties
============================================================================
Clock                   Period          Waveform
----------------------------------------------------
clk                 500.000000    0.000000250.000000

===========================================================================
report_clock_latency
============================================================================
Clock clk
rise -> rise
    min     max
0.000000 0.000000 source latency
0.332605         network latency _157_/CLK
        0.335094 network latency _172_/CLK
---------------
0.332605 0.335094 latency
        0.002489 skew

rise -> fall
    min     max
0.000000 0.000000 source latency
0.360692         network latency _152_/CLK
        0.360692 network latency _152_/CLK
---------------
0.360692 0.360692 latency
        0.000000 skew

fall -> rise
    min     max
0.000000 0.000000 source latency
0.360245         network latency _152_/CLK
        0.360245 network latency _152_/CLK
---------------
0.360245 0.360245 latency
        0.000000 skew

fall -> fall
    min     max
0.000000 0.000000 source latency
0.320227         network latency _157_/CLK
        0.321791 network latency _172_/CLK
---------------
0.320227 0.321791 latency
        0.001563 skew



===========================================================================
report_clock_min_period
============================================================================
clk period_min = 2.57 fmax = 388.67
