
===========================================================================
 report_power
============================================================================
======================= max_tt_025C_1v80 Corner ===================================

Group                    Internal    Switching      Leakage        Total
                            Power        Power        Power        Power (Watts)
------------------------------------------------------------------------
Sequential           1.715787e-06 4.924608e-08 1.713932e-10 1.765205e-06  44.2%
Combinational        1.527244e-07 3.054383e-07 5.342239e-10 4.586969e-07  11.5%
Clock                1.092833e-06 6.775772e-07 4.366505e-10 1.770847e-06  44.3%
Macro                0.000000e+00 0.000000e+00 0.000000e+00 0.000000e+00   0.0%
Pad                  0.000000e+00 0.000000e+00 0.000000e+00 0.000000e+00   0.0%
------------------------------------------------------------------------
Total                2.961344e-06 1.032261e-06 1.142268e-09 3.994748e-06 100.0%
                            74.1%        25.8%         0.0%

