                                                                       Cells by Function                                                                        
┏━━━━━━━━━━━━━━━━━━━━━━━━━━━━━━━━━━━━━━━━━━━━━━━━━━━━━━━━━━━━━━━━━━━━━━━━━━━━━━━━━━━━━━━━━━━━━━━━━━━━━━━━━━━━━━━━━━━━━━━━━━━━━━━━┳━━━━━━━━━━━━━━━━━━━━━━━━━━━━━┓
┃ Cell Function                                                                                                                  ┃ Count                       ┃
┡━━━━━━━━━━━━━━━━━━━━━━━━━━━━━━━━━━━━━━━━━━━━━━━━━━━━━━━━━━━━━━━━━━━━━━━━━━━━━━━━━━━━━━━━━━━━━━━━━━━━━━━━━━━━━━━━━━━━━━━━━━━━━━━━╇━━━━━━━━━━━━━━━━━━━━━━━━━━━━━┩
│ sky130_ef_sc_hd__decap                                                                                                         │ 114                         │
│ sky130_fd_sc_hd__a21o                                                                                                          │ 1                           │
│ sky130_fd_sc_hd__a21oi                                                                                                         │ 8                           │
│ sky130_fd_sc_hd__a311o                                                                                                         │ 1                           │
│ sky130_fd_sc_hd__and2b                                                                                                         │ 1                           │
│ sky130_fd_sc_hd__and4                                                                                                          │ 1                           │
│ sky130_fd_sc_hd__buf                                                                                                           │ 18                          │
│ sky130_fd_sc_hd__clkbuf                                                                                                        │ 7                           │
│ sky130_fd_sc_hd__decap                                                                                                         │ 105                         │
│ sky130_fd_sc_hd__dfxtp                                                                                                         │ 20                          │
│ sky130_fd_sc_hd__diode                                                                                                         │ 3                           │
│ sky130_fd_sc_hd__dlygate4sd3                                                                                                   │ 13                          │
│ sky130_fd_sc_hd__fill                                                                                                          │ 70                          │
│ sky130_fd_sc_hd__inv                                                                                                           │ 8                           │
│ sky130_fd_sc_hd__mux2                                                                                                          │ 14                          │
│ sky130_fd_sc_hd__nand2                                                                                                         │ 2                           │
│ sky130_fd_sc_hd__nand3                                                                                                         │ 1                           │
│ sky130_fd_sc_hd__nor2                                                                                                          │ 1                           │
│ sky130_fd_sc_hd__nor3                                                                                                          │ 1                           │
│ sky130_fd_sc_hd__o21a                                                                                                          │ 1                           │
│ sky130_fd_sc_hd__o21ai                                                                                                         │ 2                           │
│ sky130_fd_sc_hd__o31a                                                                                                          │ 1                           │
│ sky130_fd_sc_hd__or2                                                                                                           │ 2                           │
│ sky130_fd_sc_hd__or4b                                                                                                          │ 4                           │
│ sky130_fd_sc_hd__or4bb                                                                                                         │ 3                           │
│ sky130_fd_sc_hd__tapvpwrvgnd                                                                                                   │ 60                          │
└────────────────────────────────────────────────────────────────────────────────────────────────────────────────────────────────┴─────────────────────────────┘
