
===========================================================================
report_checks -unconstrained
===========================================================================
======================= min_ss_100C_1v60 Corner ===================================

Startpoint: _152_ (rising edge-triggered flip-flop clocked by clk')
Endpoint: comparator_clk (output port clocked by clk)
Path Group: clk
Path Type: max

Fanout         Cap        Slew       Delay        Time   Description
---------------------------------------------------------------------------------------------
                                125.000000  125.000000   clock clk' (rise edge)
                                  0.000000  125.000000   clock source latency
     1    0.015677    0.070612    0.048558  125.048561 v clk (in)
                                                         clk (net)
                      0.070614    0.000000  125.048561 v clkbuf_0_clk/A (sky130_fd_sc_hd__clkbuf_16)
     2    0.016707    0.054303    0.253564  125.302124 v clkbuf_0_clk/X (sky130_fd_sc_hd__clkbuf_16)
                                                         clknet_0_clk (net)
                      0.054303    0.000085  125.302208 v clkbuf_1_1__f_clk/A (sky130_fd_sc_hd__clkbuf_16)
    12    0.033005    0.069307    0.265317  125.567528 v clkbuf_1_1__f_clk/X (sky130_fd_sc_hd__clkbuf_16)
                                                         clknet_1_1__leaf_clk (net)
                      0.069307    0.000156  125.567688 v _083__1/A (sky130_fd_sc_hd__inv_2)
     1    0.002558    0.034351    0.064915  125.632599 ^ _083__1/Y (sky130_fd_sc_hd__inv_2)
                                                         net36 (net)
                      0.034351    0.000028  125.632629 ^ _152_/CLK (sky130_fd_sc_hd__dfxtp_1)
     3    0.013567    0.215258    0.722665  126.355293 ^ _152_/Q (sky130_fd_sc_hd__dfxtp_1)
                                                         net11 (net)
                      0.215258    0.000199  126.355492 ^ output11/A (sky130_fd_sc_hd__buf_2)
     1    0.035238    0.279555    0.416904  126.772392 ^ output11/X (sky130_fd_sc_hd__buf_2)
                                                         comparator_clk (net)
                      0.279555    0.000369  126.772766 ^ comparator_clk (out)
                                            126.772766   data arrival time

                                250.000000  250.000000   clock clk (rise edge)
                                  0.000000  250.000000   clock network delay (propagated)
                                 -0.250000  249.750015   clock uncertainty
                                  0.000000  249.750015   clock reconvergence pessimism
                                -50.000000  199.750015   output external delay
                                            199.750015   data required time
---------------------------------------------------------------------------------------------
                                            199.750015   data required time
                                           -126.772766   data arrival time
---------------------------------------------------------------------------------------------
                                             72.977249   slack (MET)




===========================================================================
report_checks --slack_max -0.01
============================================================================
======================= min_ss_100C_1v60 Corner ===================================

No paths found.


===========================================================================
 report_check_types -max_slew -max_cap -max_fanout -violators
============================================================================
======================= min_ss_100C_1v60 Corner ===================================

max fanout

Pin                                   Limit Fanout  Slack
---------------------------------------------------------
clkbuf_1_1__f_clk/X                      10     12     -2 (VIOLATED)



===========================================================================
report_parasitic_annotation -report_unannotated
============================================================================
Found 1 unannotated drivers.
 clkload0/Y
Found 0 partially unannotated drivers.

===========================================================================
max slew violation count 0
max fanout violation count 1
max cap violation count 0
============================================================================

===========================================================================
check_setup -verbose -unconstrained_endpoints -multiple_clock -no_clock -no_input_delay -loops -generated_clocks
===========================================================================
