Clock: clk
Sources: clk 
Generated: no
Virtual: yes
Propagated: no
Period: 250.000000

===========================================================================
report_clock_properties
============================================================================
Clock                   Period          Waveform
----------------------------------------------------
clk                 250.000000    0.000000125.000000

===========================================================================
report_clock_latency
============================================================================
Clock clk
rise -> rise
    min     max
0.000000 0.000000 source latency
0.570835         network latency _165_/CLK
        0.572788 network latency _171_/CLK
---------------
0.570835 0.572788 latency
        0.001954 skew

rise -> fall
    min     max
0.000000 0.000000 source latency
0.628832         network latency _152_/CLK
        0.628832 network latency _152_/CLK
---------------
0.628832 0.628832 latency
        0.000000 skew

fall -> rise
    min     max
0.000000 0.000000 source latency
0.632625         network latency _152_/CLK
        0.632625 network latency _152_/CLK
---------------
0.632625 0.632625 latency
        0.000000 skew

fall -> fall
    min     max
0.000000 0.000000 source latency
0.567610         network latency _165_/CLK
        0.568491 network latency _171_/CLK
---------------
0.567610 0.568491 latency
        0.000881 skew



===========================================================================
report_clock_min_period
============================================================================
clk period_min = 4.36 fmax = 229.11
