Clock: clk
Sources: clk 
Generated: no
Virtual: yes
Propagated: no
Period: 50.000000

===========================================================================
report_clock_properties
============================================================================
Clock                   Period          Waveform
----------------------------------------------------
clk                  50.000000    0.000000 25.000000

===========================================================================
report_clock_latency
============================================================================
Clock clk
rise -> rise
    min     max
0.000000 0.000000 source latency
0.183183         network latency _108_/CLK
        0.184717 network latency _116_/CLK
---------------
0.183183 0.184717 latency
        0.001535 skew

fall -> fall
    min     max
0.000000 0.000000 source latency
0.087049         network latency _108_/CLK
        0.088475 network latency _116_/CLK
---------------
0.087049 0.088475 latency
        0.001426 skew



===========================================================================
report_clock_min_period
============================================================================
clk period_min = 2.19 fmax = 455.73
