
===========================================================================
report_checks -path_delay min (Hold)
============================================================================
======================= nom_ss_100C_1v60 Corner ===================================

Startpoint: _104_ (rising edge-triggered flip-flop clocked by clk)
Endpoint: _104_ (rising edge-triggered flip-flop clocked by clk)
Path Group: clk
Path Type: min

Fanout         Cap        Slew       Delay        Time   Description
---------------------------------------------------------------------------------------------
                      0.150000    0.000000    0.000000   clock clk (rise edge)
                                  0.000000    0.000000   clock network delay (ideal)
                      0.150000    0.000000    0.000000 ^ _104_/CLK (sky130_fd_sc_hd__dfxtp_2)
    13    0.033214    0.159745    0.746315    0.746315 v _104_/Q (sky130_fd_sc_hd__dfxtp_2)
                                                         count[0] (net)
                      0.159745    0.000000    0.746315 v _063_/A (sky130_fd_sc_hd__nor2_2)
     1    0.001537    0.084576    0.178341    0.924656 ^ _063_/Y (sky130_fd_sc_hd__nor2_2)
                                                         _000_ (net)
                      0.084576    0.000000    0.924656 ^ _104_/D (sky130_fd_sc_hd__dfxtp_2)
                                              0.924656   data arrival time

                      0.150000    0.000000    0.000000   clock clk (rise edge)
                                  0.000000    0.000000   clock network delay (ideal)
                                  0.250000    0.250000   clock uncertainty
                                  0.000000    0.250000   clock reconvergence pessimism
                                              0.250000 ^ _104_/CLK (sky130_fd_sc_hd__dfxtp_2)
                                 -0.062585    0.187415   library hold time
                                              0.187415   data required time
---------------------------------------------------------------------------------------------
                                              0.187415   data required time
                                             -0.924656   data arrival time
---------------------------------------------------------------------------------------------
                                              0.737241   slack (MET)


Startpoint: _105_ (rising edge-triggered flip-flop clocked by clk)
Endpoint: _105_ (rising edge-triggered flip-flop clocked by clk)
Path Group: clk
Path Type: min

Fanout         Cap        Slew       Delay        Time   Description
---------------------------------------------------------------------------------------------
                      0.150000    0.000000    0.000000   clock clk (rise edge)
                                  0.000000    0.000000   clock network delay (ideal)
                      0.150000    0.000000    0.000000 ^ _105_/CLK (sky130_fd_sc_hd__dfxtp_2)
    12    0.029149    0.144121    0.733407    0.733407 v _105_/Q (sky130_fd_sc_hd__dfxtp_2)
                                                         count[1] (net)
                      0.144121    0.000000    0.733407 v _065_/A1 (sky130_fd_sc_hd__a21oi_2)
     1    0.001537    0.091630    0.192052    0.925459 ^ _065_/Y (sky130_fd_sc_hd__a21oi_2)
                                                         _001_ (net)
                      0.091630    0.000000    0.925459 ^ _105_/D (sky130_fd_sc_hd__dfxtp_2)
                                              0.925459   data arrival time

                      0.150000    0.000000    0.000000   clock clk (rise edge)
                                  0.000000    0.000000   clock network delay (ideal)
                                  0.250000    0.250000   clock uncertainty
                                  0.000000    0.250000   clock reconvergence pessimism
                                              0.250000 ^ _105_/CLK (sky130_fd_sc_hd__dfxtp_2)
                                 -0.064214    0.185786   library hold time
                                              0.185786   data required time
---------------------------------------------------------------------------------------------
                                              0.185786   data required time
                                             -0.925459   data arrival time
---------------------------------------------------------------------------------------------
                                              0.739673   slack (MET)


Startpoint: _107_ (rising edge-triggered flip-flop clocked by clk)
Endpoint: _107_ (rising edge-triggered flip-flop clocked by clk)
Path Group: clk
Path Type: min

Fanout         Cap        Slew       Delay        Time   Description
---------------------------------------------------------------------------------------------
                      0.150000    0.000000    0.000000   clock clk (rise edge)
                                  0.000000    0.000000   clock network delay (ideal)
                      0.150000    0.000000    0.000000 ^ _107_/CLK (sky130_fd_sc_hd__dfxtp_2)
    12    0.026538    0.134085    0.725116    0.725116 v _107_/Q (sky130_fd_sc_hd__dfxtp_2)
                                                         count[3] (net)
                      0.134085    0.000000    0.725116 v _070_/A (sky130_fd_sc_hd__nand2_2)
     1    0.005053    0.071982    0.120139    0.845255 ^ _070_/Y (sky130_fd_sc_hd__nand2_2)
                                                         _035_ (net)
                      0.071982    0.000000    0.845255 ^ _071_/A2 (sky130_fd_sc_hd__a21oi_2)
     1    0.001577    0.052581    0.094491    0.939746 v _071_/Y (sky130_fd_sc_hd__a21oi_2)
                                                         _003_ (net)
                      0.052581    0.000000    0.939746 v _107_/D (sky130_fd_sc_hd__dfxtp_2)
                                              0.939746   data arrival time

                      0.150000    0.000000    0.000000   clock clk (rise edge)
                                  0.000000    0.000000   clock network delay (ideal)
                                  0.250000    0.250000   clock uncertainty
                                  0.000000    0.250000   clock reconvergence pessimism
                                              0.250000 ^ _107_/CLK (sky130_fd_sc_hd__dfxtp_2)
                                 -0.064840    0.185160   library hold time
                                              0.185160   data required time
---------------------------------------------------------------------------------------------
                                              0.185160   data required time
                                             -0.939746   data arrival time
---------------------------------------------------------------------------------------------
                                              0.754585   slack (MET)


Startpoint: _108_ (rising edge-triggered flip-flop clocked by clk)
Endpoint: _108_ (rising edge-triggered flip-flop clocked by clk)
Path Group: clk
Path Type: min

Fanout         Cap        Slew       Delay        Time   Description
---------------------------------------------------------------------------------------------
                      0.150000    0.000000    0.000000   clock clk (rise edge)
                                  0.000000    0.000000   clock network delay (ideal)
                      0.150000    0.000000    0.000000 ^ _108_/CLK (sky130_fd_sc_hd__dfxtp_2)
     3    0.039172    0.182646    0.765233    0.765233 v _108_/Q (sky130_fd_sc_hd__dfxtp_2)
                                                         dac_in[0] (net)
                      0.182646    0.000000    0.765233 v _072_/B1 (sky130_fd_sc_hd__o21ai_2)
     1    0.004595    0.091449    0.141082    0.906316 ^ _072_/Y (sky130_fd_sc_hd__o21ai_2)
                                                         _036_ (net)
                      0.091449    0.000000    0.906316 ^ _075_/A1 (sky130_fd_sc_hd__a21oi_2)
     1    0.001577    0.052691    0.091922    0.998237 v _075_/Y (sky130_fd_sc_hd__a21oi_2)
                                                         _004_ (net)
                      0.052691    0.000000    0.998237 v _108_/D (sky130_fd_sc_hd__dfxtp_2)
                                              0.998237   data arrival time

                      0.150000    0.000000    0.000000   clock clk (rise edge)
                                  0.000000    0.000000   clock network delay (ideal)
                                  0.250000    0.250000   clock uncertainty
                                  0.000000    0.250000   clock reconvergence pessimism
                                              0.250000 ^ _108_/CLK (sky130_fd_sc_hd__dfxtp_2)
                                 -0.064880    0.185120   library hold time
                                              0.185120   data required time
---------------------------------------------------------------------------------------------
                                              0.185120   data required time
                                             -0.998237   data arrival time
---------------------------------------------------------------------------------------------
                                              0.813118   slack (MET)


Startpoint: _107_ (rising edge-triggered flip-flop clocked by clk)
Endpoint: _123_ (rising edge-triggered flip-flop clocked by clk)
Path Group: clk
Path Type: min

Fanout         Cap        Slew       Delay        Time   Description
---------------------------------------------------------------------------------------------
                      0.150000    0.000000    0.000000   clock clk (rise edge)
                                  0.000000    0.000000   clock network delay (ideal)
                      0.150000    0.000000    0.000000 ^ _107_/CLK (sky130_fd_sc_hd__dfxtp_2)
    12    0.026538    0.134085    0.725116    0.725116 v _107_/Q (sky130_fd_sc_hd__dfxtp_2)
                                                         count[3] (net)
                      0.134085    0.000000    0.725116 v _052_/A (sky130_fd_sc_hd__inv_2)
     1    0.002367    0.046194    0.086372    0.811488 ^ _052_/Y (sky130_fd_sc_hd__inv_2)
                                                         _020_ (net)
                      0.046194    0.000000    0.811488 ^ _103_/A1 (sky130_fd_sc_hd__a311o_2)
     1    0.001537    0.045341    0.306021    1.117509 ^ _103_/X (sky130_fd_sc_hd__a311o_2)
                                                         _019_ (net)
                      0.045341    0.000000    1.117509 ^ _123_/D (sky130_fd_sc_hd__dfxtp_2)
                                              1.117509   data arrival time

                      0.150000    0.000000    0.000000   clock clk (rise edge)
                                  0.000000    0.000000   clock network delay (ideal)
                                  0.250000    0.250000   clock uncertainty
                                  0.000000    0.250000   clock reconvergence pessimism
                                              0.250000 ^ _123_/CLK (sky130_fd_sc_hd__dfxtp_2)
                                 -0.053526    0.196474   library hold time
                                              0.196474   data required time
---------------------------------------------------------------------------------------------
                                              0.196474   data required time
                                             -1.117509   data arrival time
---------------------------------------------------------------------------------------------
                                              0.921035   slack (MET)


Startpoint: _114_ (rising edge-triggered flip-flop clocked by clk)
Endpoint: _114_ (rising edge-triggered flip-flop clocked by clk)
Path Group: clk
Path Type: min

Fanout         Cap        Slew       Delay        Time   Description
---------------------------------------------------------------------------------------------
                      0.150000    0.000000    0.000000   clock clk (rise edge)
                                  0.000000    0.000000   clock network delay (ideal)
                      0.150000    0.000000    0.000000 ^ _114_/CLK (sky130_fd_sc_hd__dfxtp_2)
     2    0.035334    0.294712    0.862551    0.862551 ^ _114_/Q (sky130_fd_sc_hd__dfxtp_2)
                                                         adc_out[0] (net)
                      0.294712    0.000000    0.862551 ^ _092_/A1 (sky130_fd_sc_hd__mux2_1)
     1    0.001537    0.058982    0.302084    1.164636 ^ _092_/X (sky130_fd_sc_hd__mux2_1)
                                                         _010_ (net)
                      0.058982    0.000000    1.164636 ^ _114_/D (sky130_fd_sc_hd__dfxtp_2)
                                              1.164636   data arrival time

                      0.150000    0.000000    0.000000   clock clk (rise edge)
                                  0.000000    0.000000   clock network delay (ideal)
                                  0.250000    0.250000   clock uncertainty
                                  0.000000    0.250000   clock reconvergence pessimism
                                              0.250000 ^ _114_/CLK (sky130_fd_sc_hd__dfxtp_2)
                                 -0.056676    0.193324   library hold time
                                              0.193324   data required time
---------------------------------------------------------------------------------------------
                                              0.193324   data required time
                                             -1.164636   data arrival time
---------------------------------------------------------------------------------------------
                                              0.971311   slack (MET)


Startpoint: _115_ (rising edge-triggered flip-flop clocked by clk)
Endpoint: _115_ (rising edge-triggered flip-flop clocked by clk)
Path Group: clk
Path Type: min

Fanout         Cap        Slew       Delay        Time   Description
---------------------------------------------------------------------------------------------
                      0.150000    0.000000    0.000000   clock clk (rise edge)
                                  0.000000    0.000000   clock network delay (ideal)
                      0.150000    0.000000    0.000000 ^ _115_/CLK (sky130_fd_sc_hd__dfxtp_2)
     2    0.035334    0.294712    0.862551    0.862551 ^ _115_/Q (sky130_fd_sc_hd__dfxtp_2)
                                                         adc_out[1] (net)
                      0.294712    0.000000    0.862551 ^ _093_/A1 (sky130_fd_sc_hd__mux2_1)
     1    0.001537    0.058982    0.302084    1.164636 ^ _093_/X (sky130_fd_sc_hd__mux2_1)
                                                         _011_ (net)
                      0.058982    0.000000    1.164636 ^ _115_/D (sky130_fd_sc_hd__dfxtp_2)
                                              1.164636   data arrival time

                      0.150000    0.000000    0.000000   clock clk (rise edge)
                                  0.000000    0.000000   clock network delay (ideal)
                                  0.250000    0.250000   clock uncertainty
                                  0.000000    0.250000   clock reconvergence pessimism
                                              0.250000 ^ _115_/CLK (sky130_fd_sc_hd__dfxtp_2)
                                 -0.056676    0.193324   library hold time
                                              0.193324   data required time
---------------------------------------------------------------------------------------------
                                              0.193324   data required time
                                             -1.164636   data arrival time
---------------------------------------------------------------------------------------------
                                              0.971311   slack (MET)


Startpoint: _116_ (rising edge-triggered flip-flop clocked by clk)
Endpoint: _116_ (rising edge-triggered flip-flop clocked by clk)
Path Group: clk
Path Type: min

Fanout         Cap        Slew       Delay        Time   Description
---------------------------------------------------------------------------------------------
                      0.150000    0.000000    0.000000   clock clk (rise edge)
                                  0.000000    0.000000   clock network delay (ideal)
                      0.150000    0.000000    0.000000 ^ _116_/CLK (sky130_fd_sc_hd__dfxtp_2)
     2    0.035334    0.294712    0.862551    0.862551 ^ _116_/Q (sky130_fd_sc_hd__dfxtp_2)
                                                         adc_out[2] (net)
                      0.294712    0.000000    0.862551 ^ _094_/A1 (sky130_fd_sc_hd__mux2_1)
     1    0.001537    0.058982    0.302084    1.164636 ^ _094_/X (sky130_fd_sc_hd__mux2_1)
                                                         _012_ (net)
                      0.058982    0.000000    1.164636 ^ _116_/D (sky130_fd_sc_hd__dfxtp_2)
                                              1.164636   data arrival time

                      0.150000    0.000000    0.000000   clock clk (rise edge)
                                  0.000000    0.000000   clock network delay (ideal)
                                  0.250000    0.250000   clock uncertainty
                                  0.000000    0.250000   clock reconvergence pessimism
                                              0.250000 ^ _116_/CLK (sky130_fd_sc_hd__dfxtp_2)
                                 -0.056676    0.193324   library hold time
                                              0.193324   data required time
---------------------------------------------------------------------------------------------
                                              0.193324   data required time
                                             -1.164636   data arrival time
---------------------------------------------------------------------------------------------
                                              0.971311   slack (MET)


Startpoint: _117_ (rising edge-triggered flip-flop clocked by clk)
Endpoint: _117_ (rising edge-triggered flip-flop clocked by clk)
Path Group: clk
Path Type: min

Fanout         Cap        Slew       Delay        Time   Description
---------------------------------------------------------------------------------------------
                      0.150000    0.000000    0.000000   clock clk (rise edge)
                                  0.000000    0.000000   clock network delay (ideal)
                      0.150000    0.000000    0.000000 ^ _117_/CLK (sky130_fd_sc_hd__dfxtp_2)
     2    0.035334    0.294712    0.862551    0.862551 ^ _117_/Q (sky130_fd_sc_hd__dfxtp_2)
                                                         adc_out[3] (net)
                      0.294712    0.000000    0.862551 ^ _095_/A1 (sky130_fd_sc_hd__mux2_1)
     1    0.001537    0.058982    0.302084    1.164636 ^ _095_/X (sky130_fd_sc_hd__mux2_1)
                                                         _013_ (net)
                      0.058982    0.000000    1.164636 ^ _117_/D (sky130_fd_sc_hd__dfxtp_2)
                                              1.164636   data arrival time

                      0.150000    0.000000    0.000000   clock clk (rise edge)
                                  0.000000    0.000000   clock network delay (ideal)
                                  0.250000    0.250000   clock uncertainty
                                  0.000000    0.250000   clock reconvergence pessimism
                                              0.250000 ^ _117_/CLK (sky130_fd_sc_hd__dfxtp_2)
                                 -0.056676    0.193324   library hold time
                                              0.193324   data required time
---------------------------------------------------------------------------------------------
                                              0.193324   data required time
                                             -1.164636   data arrival time
---------------------------------------------------------------------------------------------
                                              0.971311   slack (MET)


Startpoint: _118_ (rising edge-triggered flip-flop clocked by clk)
Endpoint: _118_ (rising edge-triggered flip-flop clocked by clk)
Path Group: clk
Path Type: min

Fanout         Cap        Slew       Delay        Time   Description
---------------------------------------------------------------------------------------------
                      0.150000    0.000000    0.000000   clock clk (rise edge)
                                  0.000000    0.000000   clock network delay (ideal)
                      0.150000    0.000000    0.000000 ^ _118_/CLK (sky130_fd_sc_hd__dfxtp_2)
     2    0.035334    0.294712    0.862551    0.862551 ^ _118_/Q (sky130_fd_sc_hd__dfxtp_2)
                                                         adc_out[4] (net)
                      0.294712    0.000000    0.862551 ^ _096_/A1 (sky130_fd_sc_hd__mux2_1)
     1    0.001537    0.058982    0.302084    1.164636 ^ _096_/X (sky130_fd_sc_hd__mux2_1)
                                                         _014_ (net)
                      0.058982    0.000000    1.164636 ^ _118_/D (sky130_fd_sc_hd__dfxtp_2)
                                              1.164636   data arrival time

                      0.150000    0.000000    0.000000   clock clk (rise edge)
                                  0.000000    0.000000   clock network delay (ideal)
                                  0.250000    0.250000   clock uncertainty
                                  0.000000    0.250000   clock reconvergence pessimism
                                              0.250000 ^ _118_/CLK (sky130_fd_sc_hd__dfxtp_2)
                                 -0.056676    0.193324   library hold time
                                              0.193324   data required time
---------------------------------------------------------------------------------------------
                                              0.193324   data required time
                                             -1.164636   data arrival time
---------------------------------------------------------------------------------------------
                                              0.971311   slack (MET)


Startpoint: _119_ (rising edge-triggered flip-flop clocked by clk)
Endpoint: _119_ (rising edge-triggered flip-flop clocked by clk)
Path Group: clk
Path Type: min

Fanout         Cap        Slew       Delay        Time   Description
---------------------------------------------------------------------------------------------
                      0.150000    0.000000    0.000000   clock clk (rise edge)
                                  0.000000    0.000000   clock network delay (ideal)
                      0.150000    0.000000    0.000000 ^ _119_/CLK (sky130_fd_sc_hd__dfxtp_2)
     2    0.035334    0.294712    0.862551    0.862551 ^ _119_/Q (sky130_fd_sc_hd__dfxtp_2)
                                                         adc_out[5] (net)
                      0.294712    0.000000    0.862551 ^ _097_/A1 (sky130_fd_sc_hd__mux2_1)
     1    0.001537    0.058982    0.302084    1.164636 ^ _097_/X (sky130_fd_sc_hd__mux2_1)
                                                         _015_ (net)
                      0.058982    0.000000    1.164636 ^ _119_/D (sky130_fd_sc_hd__dfxtp_2)
                                              1.164636   data arrival time

                      0.150000    0.000000    0.000000   clock clk (rise edge)
                                  0.000000    0.000000   clock network delay (ideal)
                                  0.250000    0.250000   clock uncertainty
                                  0.000000    0.250000   clock reconvergence pessimism
                                              0.250000 ^ _119_/CLK (sky130_fd_sc_hd__dfxtp_2)
                                 -0.056676    0.193324   library hold time
                                              0.193324   data required time
---------------------------------------------------------------------------------------------
                                              0.193324   data required time
                                             -1.164636   data arrival time
---------------------------------------------------------------------------------------------
                                              0.971311   slack (MET)


Startpoint: _120_ (rising edge-triggered flip-flop clocked by clk)
Endpoint: _120_ (rising edge-triggered flip-flop clocked by clk)
Path Group: clk
Path Type: min

Fanout         Cap        Slew       Delay        Time   Description
---------------------------------------------------------------------------------------------
                      0.150000    0.000000    0.000000   clock clk (rise edge)
                                  0.000000    0.000000   clock network delay (ideal)
                      0.150000    0.000000    0.000000 ^ _120_/CLK (sky130_fd_sc_hd__dfxtp_2)
     2    0.035334    0.294712    0.862551    0.862551 ^ _120_/Q (sky130_fd_sc_hd__dfxtp_2)
                                                         adc_out[6] (net)
                      0.294712    0.000000    0.862551 ^ _098_/A1 (sky130_fd_sc_hd__mux2_1)
     1    0.001537    0.058982    0.302084    1.164636 ^ _098_/X (sky130_fd_sc_hd__mux2_1)
                                                         _016_ (net)
                      0.058982    0.000000    1.164636 ^ _120_/D (sky130_fd_sc_hd__dfxtp_2)
                                              1.164636   data arrival time

                      0.150000    0.000000    0.000000   clock clk (rise edge)
                                  0.000000    0.000000   clock network delay (ideal)
                                  0.250000    0.250000   clock uncertainty
                                  0.000000    0.250000   clock reconvergence pessimism
                                              0.250000 ^ _120_/CLK (sky130_fd_sc_hd__dfxtp_2)
                                 -0.056676    0.193324   library hold time
                                              0.193324   data required time
---------------------------------------------------------------------------------------------
                                              0.193324   data required time
                                             -1.164636   data arrival time
---------------------------------------------------------------------------------------------
                                              0.971311   slack (MET)


Startpoint: _121_ (rising edge-triggered flip-flop clocked by clk)
Endpoint: _121_ (rising edge-triggered flip-flop clocked by clk)
Path Group: clk
Path Type: min

Fanout         Cap        Slew       Delay        Time   Description
---------------------------------------------------------------------------------------------
                      0.150000    0.000000    0.000000   clock clk (rise edge)
                                  0.000000    0.000000   clock network delay (ideal)
                      0.150000    0.000000    0.000000 ^ _121_/CLK (sky130_fd_sc_hd__dfxtp_2)
     2    0.035334    0.294712    0.862551    0.862551 ^ _121_/Q (sky130_fd_sc_hd__dfxtp_2)
                                                         adc_out[7] (net)
                      0.294712    0.000000    0.862551 ^ _099_/A1 (sky130_fd_sc_hd__mux2_1)
     1    0.001537    0.058982    0.302084    1.164636 ^ _099_/X (sky130_fd_sc_hd__mux2_1)
                                                         _017_ (net)
                      0.058982    0.000000    1.164636 ^ _121_/D (sky130_fd_sc_hd__dfxtp_2)
                                              1.164636   data arrival time

                      0.150000    0.000000    0.000000   clock clk (rise edge)
                                  0.000000    0.000000   clock network delay (ideal)
                                  0.250000    0.250000   clock uncertainty
                                  0.000000    0.250000   clock reconvergence pessimism
                                              0.250000 ^ _121_/CLK (sky130_fd_sc_hd__dfxtp_2)
                                 -0.056676    0.193324   library hold time
                                              0.193324   data required time
---------------------------------------------------------------------------------------------
                                              0.193324   data required time
                                             -1.164636   data arrival time
---------------------------------------------------------------------------------------------
                                              0.971311   slack (MET)


Startpoint: _106_ (rising edge-triggered flip-flop clocked by clk)
Endpoint: _111_ (rising edge-triggered flip-flop clocked by clk)
Path Group: clk
Path Type: min

Fanout         Cap        Slew       Delay        Time   Description
---------------------------------------------------------------------------------------------
                      0.150000    0.000000    0.000000   clock clk (rise edge)
                                  0.000000    0.000000   clock network delay (ideal)
                      0.150000    0.000000    0.000000 ^ _106_/CLK (sky130_fd_sc_hd__dfxtp_2)
    10    0.022274    0.195381    0.790383    0.790383 ^ _106_/Q (sky130_fd_sc_hd__dfxtp_2)
                                                         count[2] (net)
                      0.195381    0.000000    0.790383 ^ _082_/A (sky130_fd_sc_hd__or4bb_2)
     2    0.007951    0.088137    0.282131    1.072514 ^ _082_/X (sky130_fd_sc_hd__or4bb_2)
                                                         _043_ (net)
                      0.088137    0.000000    1.072514 ^ _084_/A1 (sky130_fd_sc_hd__a21oi_2)
     1    0.001577    0.053264    0.090604    1.163117 v _084_/Y (sky130_fd_sc_hd__a21oi_2)
                                                         _007_ (net)
                      0.053264    0.000000    1.163117 v _111_/D (sky130_fd_sc_hd__dfxtp_2)
                                              1.163117   data arrival time

                      0.150000    0.000000    0.000000   clock clk (rise edge)
                                  0.000000    0.000000   clock network delay (ideal)
                                  0.250000    0.250000   clock uncertainty
                                  0.000000    0.250000   clock reconvergence pessimism
                                              0.250000 ^ _111_/CLK (sky130_fd_sc_hd__dfxtp_2)
                                 -0.065092    0.184908   library hold time
                                              0.184908   data required time
---------------------------------------------------------------------------------------------
                                              0.184908   data required time
                                             -1.163117   data arrival time
---------------------------------------------------------------------------------------------
                                              0.978210   slack (MET)


Startpoint: _106_ (rising edge-triggered flip-flop clocked by clk)
Endpoint: _112_ (rising edge-triggered flip-flop clocked by clk)
Path Group: clk
Path Type: min

Fanout         Cap        Slew       Delay        Time   Description
---------------------------------------------------------------------------------------------
                      0.150000    0.000000    0.000000   clock clk (rise edge)
                                  0.000000    0.000000   clock network delay (ideal)
                      0.150000    0.000000    0.000000 ^ _106_/CLK (sky130_fd_sc_hd__dfxtp_2)
    10    0.022274    0.195381    0.790383    0.790383 ^ _106_/Q (sky130_fd_sc_hd__dfxtp_2)
                                                         count[2] (net)
                      0.195381    0.000000    0.790383 ^ _085_/B (sky130_fd_sc_hd__or4b_2)
     2    0.007951    0.095910    0.284069    1.074452 ^ _085_/X (sky130_fd_sc_hd__or4b_2)
                                                         _045_ (net)
                      0.095910    0.000000    1.074452 ^ _087_/A1 (sky130_fd_sc_hd__a21oi_2)
     1    0.001577    0.054201    0.093697    1.168149 v _087_/Y (sky130_fd_sc_hd__a21oi_2)
                                                         _008_ (net)
                      0.054201    0.000000    1.168149 v _112_/D (sky130_fd_sc_hd__dfxtp_2)
                                              1.168149   data arrival time

                      0.150000    0.000000    0.000000   clock clk (rise edge)
                                  0.000000    0.000000   clock network delay (ideal)
                                  0.250000    0.250000   clock uncertainty
                                  0.000000    0.250000   clock reconvergence pessimism
                                              0.250000 ^ _112_/CLK (sky130_fd_sc_hd__dfxtp_2)
                                 -0.065439    0.184561   library hold time
                                              0.184561   data required time
---------------------------------------------------------------------------------------------
                                              0.184561   data required time
                                             -1.168149   data arrival time
---------------------------------------------------------------------------------------------
                                              0.983588   slack (MET)


Startpoint: _106_ (rising edge-triggered flip-flop clocked by clk)
Endpoint: _113_ (rising edge-triggered flip-flop clocked by clk)
Path Group: clk
Path Type: min

Fanout         Cap        Slew       Delay        Time   Description
---------------------------------------------------------------------------------------------
                      0.150000    0.000000    0.000000   clock clk (rise edge)
                                  0.000000    0.000000   clock network delay (ideal)
                      0.150000    0.000000    0.000000 ^ _106_/CLK (sky130_fd_sc_hd__dfxtp_2)
    10    0.022274    0.195381    0.790383    0.790383 ^ _106_/Q (sky130_fd_sc_hd__dfxtp_2)
                                                         count[2] (net)
                      0.195381    0.000000    0.790383 ^ _088_/B (sky130_fd_sc_hd__or4b_2)
     2    0.007951    0.095910    0.284069    1.074452 ^ _088_/X (sky130_fd_sc_hd__or4b_2)
                                                         _047_ (net)
                      0.095910    0.000000    1.074452 ^ _090_/A1 (sky130_fd_sc_hd__a21oi_2)
     1    0.001577    0.054201    0.093697    1.168149 v _090_/Y (sky130_fd_sc_hd__a21oi_2)
                                                         _009_ (net)
                      0.054201    0.000000    1.168149 v _113_/D (sky130_fd_sc_hd__dfxtp_2)
                                              1.168149   data arrival time

                      0.150000    0.000000    0.000000   clock clk (rise edge)
                                  0.000000    0.000000   clock network delay (ideal)
                                  0.250000    0.250000   clock uncertainty
                                  0.000000    0.250000   clock reconvergence pessimism
                                              0.250000 ^ _113_/CLK (sky130_fd_sc_hd__dfxtp_2)
                                 -0.065439    0.184561   library hold time
                                              0.184561   data required time
---------------------------------------------------------------------------------------------
                                              0.184561   data required time
                                             -1.168149   data arrival time
---------------------------------------------------------------------------------------------
                                              0.983588   slack (MET)


Startpoint: _106_ (rising edge-triggered flip-flop clocked by clk)
Endpoint: _109_ (rising edge-triggered flip-flop clocked by clk)
Path Group: clk
Path Type: min

Fanout         Cap        Slew       Delay        Time   Description
---------------------------------------------------------------------------------------------
                      0.150000    0.000000    0.000000   clock clk (rise edge)
                                  0.000000    0.000000   clock network delay (ideal)
                      0.150000    0.000000    0.000000 ^ _106_/CLK (sky130_fd_sc_hd__dfxtp_2)
    10    0.020265    0.109974    0.705198    0.705198 v _106_/Q (sky130_fd_sc_hd__dfxtp_2)
                                                         count[2] (net)
                      0.109974    0.000000    0.705198 v _076_/C_N (sky130_fd_sc_hd__or4bb_2)
     2    0.007951    0.088137    0.389603    1.094801 ^ _076_/X (sky130_fd_sc_hd__or4bb_2)
                                                         _039_ (net)
                      0.088137    0.000000    1.094801 ^ _078_/A1 (sky130_fd_sc_hd__a21oi_2)
     1    0.001577    0.053264    0.090604    1.185405 v _078_/Y (sky130_fd_sc_hd__a21oi_2)
                                                         _005_ (net)
                      0.053264    0.000000    1.185405 v _109_/D (sky130_fd_sc_hd__dfxtp_2)
                                              1.185405   data arrival time

                      0.150000    0.000000    0.000000   clock clk (rise edge)
                                  0.000000    0.000000   clock network delay (ideal)
                                  0.250000    0.250000   clock uncertainty
                                  0.000000    0.250000   clock reconvergence pessimism
                                              0.250000 ^ _109_/CLK (sky130_fd_sc_hd__dfxtp_2)
                                 -0.065092    0.184908   library hold time
                                              0.184908   data required time
---------------------------------------------------------------------------------------------
                                              0.184908   data required time
                                             -1.185405   data arrival time
---------------------------------------------------------------------------------------------
                                              1.000497   slack (MET)


Startpoint: _110_ (rising edge-triggered flip-flop clocked by clk)
Endpoint: _110_ (rising edge-triggered flip-flop clocked by clk)
Path Group: clk
Path Type: min

Fanout         Cap        Slew       Delay        Time   Description
---------------------------------------------------------------------------------------------
                      0.150000    0.000000    0.000000   clock clk (rise edge)
                                  0.000000    0.000000   clock network delay (ideal)
                      0.150000    0.000000    0.000000 ^ _110_/CLK (sky130_fd_sc_hd__dfxtp_2)
     3    0.039202    0.182761    0.765329    0.765329 v _110_/Q (sky130_fd_sc_hd__dfxtp_2)
                                                         dac_in[2] (net)
                      0.182761    0.000000    0.765329 v _056_/A (sky130_fd_sc_hd__inv_2)
     1    0.001892    0.053210    0.098336    0.863665 ^ _056_/Y (sky130_fd_sc_hd__inv_2)
                                                         _024_ (net)
                      0.053210    0.000000    0.863665 ^ _080_/A1 (sky130_fd_sc_hd__mux2_1)
     1    0.005053    0.103139    0.251541    1.115206 ^ _080_/X (sky130_fd_sc_hd__mux2_1)
                                                         _042_ (net)
                      0.103139    0.000000    1.115206 ^ _081_/A2 (sky130_fd_sc_hd__a21oi_2)
     1    0.001577    0.054201    0.106078    1.221284 v _081_/Y (sky130_fd_sc_hd__a21oi_2)
                                                         _006_ (net)
                      0.054201    0.000000    1.221284 v _110_/D (sky130_fd_sc_hd__dfxtp_2)
                                              1.221284   data arrival time

                      0.150000    0.000000    0.000000   clock clk (rise edge)
                                  0.000000    0.000000   clock network delay (ideal)
                                  0.250000    0.250000   clock uncertainty
                                  0.000000    0.250000   clock reconvergence pessimism
                                              0.250000 ^ _110_/CLK (sky130_fd_sc_hd__dfxtp_2)
                                 -0.065439    0.184561   library hold time
                                              0.184561   data required time
---------------------------------------------------------------------------------------------
                                              0.184561   data required time
                                             -1.221284   data arrival time
---------------------------------------------------------------------------------------------
                                              1.036723   slack (MET)


Startpoint: _106_ (rising edge-triggered flip-flop clocked by clk)
Endpoint: _122_ (rising edge-triggered flip-flop clocked by clk)
Path Group: clk
Path Type: min

Fanout         Cap        Slew       Delay        Time   Description
---------------------------------------------------------------------------------------------
                      0.150000    0.000000    0.000000   clock clk (rise edge)
                                  0.000000    0.000000   clock network delay (ideal)
                      0.150000    0.000000    0.000000 ^ _106_/CLK (sky130_fd_sc_hd__dfxtp_2)
    10    0.020265    0.109974    0.705198    0.705198 v _106_/Q (sky130_fd_sc_hd__dfxtp_2)
                                                         count[2] (net)
                      0.109974    0.000000    0.705198 v _060_/C (sky130_fd_sc_hd__nor3_2)
     3    0.006426    0.277433    0.243739    0.948937 ^ _060_/Y (sky130_fd_sc_hd__nor3_2)
                                                         _028_ (net)
                      0.277433    0.000000    0.948937 ^ _101_/A1 (sky130_fd_sc_hd__o21a_2)
     1    0.001537    0.045644    0.315609    1.264545 ^ _101_/X (sky130_fd_sc_hd__o21a_2)
                                                         _018_ (net)
                      0.045644    0.000000    1.264545 ^ _122_/D (sky130_fd_sc_hd__dfxtp_2)
                                              1.264545   data arrival time

                      0.150000    0.000000    0.000000   clock clk (rise edge)
                                  0.000000    0.000000   clock network delay (ideal)
                                  0.250000    0.250000   clock uncertainty
                                  0.000000    0.250000   clock reconvergence pessimism
                                              0.250000 ^ _122_/CLK (sky130_fd_sc_hd__dfxtp_2)
                                 -0.053596    0.196404   library hold time
                                              0.196404   data required time
---------------------------------------------------------------------------------------------
                                              0.196404   data required time
                                             -1.264545   data arrival time
---------------------------------------------------------------------------------------------
                                              1.068141   slack (MET)


Startpoint: _106_ (rising edge-triggered flip-flop clocked by clk)
Endpoint: _106_ (rising edge-triggered flip-flop clocked by clk)
Path Group: clk
Path Type: min

Fanout         Cap        Slew       Delay        Time   Description
---------------------------------------------------------------------------------------------
                      0.150000    0.000000    0.000000   clock clk (rise edge)
                                  0.000000    0.000000   clock network delay (ideal)
                      0.150000    0.000000    0.000000 ^ _106_/CLK (sky130_fd_sc_hd__dfxtp_2)
    10    0.020265    0.109974    0.705198    0.705198 v _106_/Q (sky130_fd_sc_hd__dfxtp_2)
                                                         count[2] (net)
                      0.109974    0.000000    0.705198 v _066_/C (sky130_fd_sc_hd__nand3_2)
     5    0.014706    0.146749    0.183868    0.889066 ^ _066_/Y (sky130_fd_sc_hd__nand3_2)
                                                         _032_ (net)
                      0.146749    0.000000    0.889066 ^ _068_/C (sky130_fd_sc_hd__and4_2)
     1    0.001537    0.085857    0.456222    1.345287 ^ _068_/X (sky130_fd_sc_hd__and4_2)
                                                         _002_ (net)
                      0.085857    0.000000    1.345287 ^ _106_/D (sky130_fd_sc_hd__dfxtp_2)
                                              1.345287   data arrival time

                      0.150000    0.000000    0.000000   clock clk (rise edge)
                                  0.000000    0.000000   clock network delay (ideal)
                                  0.250000    0.250000   clock uncertainty
                                  0.000000    0.250000   clock reconvergence pessimism
                                              0.250000 ^ _106_/CLK (sky130_fd_sc_hd__dfxtp_2)
                                 -0.062881    0.187119   library hold time
                                              0.187119   data required time
---------------------------------------------------------------------------------------------
                                              0.187119   data required time
                                             -1.345287   data arrival time
---------------------------------------------------------------------------------------------
                                              1.158168   slack (MET)


Startpoint: _114_ (rising edge-triggered flip-flop clocked by clk)
Endpoint: adc_out[0] (output port clocked by clk)
Path Group: clk
Path Type: min

Fanout         Cap        Slew       Delay        Time   Description
---------------------------------------------------------------------------------------------
                      0.150000    0.000000    0.000000   clock clk (rise edge)
                                  0.000000    0.000000   clock network delay (ideal)
                      0.150000    0.000000    0.000000 ^ _114_/CLK (sky130_fd_sc_hd__dfxtp_2)
     2    0.035205    0.167398    0.752637    0.752637 v _114_/Q (sky130_fd_sc_hd__dfxtp_2)
                                                         adc_out[0] (net)
                      0.167398    0.000000    0.752637 v adc_out[0] (out)
                                              0.752637   data arrival time

                      0.150000    0.000000    0.000000   clock clk (rise edge)
                                  0.000000    0.000000   clock network delay (ideal)
                                  0.250000    0.250000   clock uncertainty
                                  0.000000    0.250000   clock reconvergence pessimism
                                -10.000000   -9.750000   output external delay
                                             -9.750000   data required time
---------------------------------------------------------------------------------------------
                                             -9.750000   data required time
                                             -0.752637   data arrival time
---------------------------------------------------------------------------------------------
                                             10.502637   slack (MET)


Startpoint: _115_ (rising edge-triggered flip-flop clocked by clk)
Endpoint: adc_out[1] (output port clocked by clk)
Path Group: clk
Path Type: min

Fanout         Cap        Slew       Delay        Time   Description
---------------------------------------------------------------------------------------------
                      0.150000    0.000000    0.000000   clock clk (rise edge)
                                  0.000000    0.000000   clock network delay (ideal)
                      0.150000    0.000000    0.000000 ^ _115_/CLK (sky130_fd_sc_hd__dfxtp_2)
     2    0.035205    0.167398    0.752637    0.752637 v _115_/Q (sky130_fd_sc_hd__dfxtp_2)
                                                         adc_out[1] (net)
                      0.167398    0.000000    0.752637 v adc_out[1] (out)
                                              0.752637   data arrival time

                      0.150000    0.000000    0.000000   clock clk (rise edge)
                                  0.000000    0.000000   clock network delay (ideal)
                                  0.250000    0.250000   clock uncertainty
                                  0.000000    0.250000   clock reconvergence pessimism
                                -10.000000   -9.750000   output external delay
                                             -9.750000   data required time
---------------------------------------------------------------------------------------------
                                             -9.750000   data required time
                                             -0.752637   data arrival time
---------------------------------------------------------------------------------------------
                                             10.502637   slack (MET)


Startpoint: _116_ (rising edge-triggered flip-flop clocked by clk)
Endpoint: adc_out[2] (output port clocked by clk)
Path Group: clk
Path Type: min

Fanout         Cap        Slew       Delay        Time   Description
---------------------------------------------------------------------------------------------
                      0.150000    0.000000    0.000000   clock clk (rise edge)
                                  0.000000    0.000000   clock network delay (ideal)
                      0.150000    0.000000    0.000000 ^ _116_/CLK (sky130_fd_sc_hd__dfxtp_2)
     2    0.035205    0.167398    0.752637    0.752637 v _116_/Q (sky130_fd_sc_hd__dfxtp_2)
                                                         adc_out[2] (net)
                      0.167398    0.000000    0.752637 v adc_out[2] (out)
                                              0.752637   data arrival time

                      0.150000    0.000000    0.000000   clock clk (rise edge)
                                  0.000000    0.000000   clock network delay (ideal)
                                  0.250000    0.250000   clock uncertainty
                                  0.000000    0.250000   clock reconvergence pessimism
                                -10.000000   -9.750000   output external delay
                                             -9.750000   data required time
---------------------------------------------------------------------------------------------
                                             -9.750000   data required time
                                             -0.752637   data arrival time
---------------------------------------------------------------------------------------------
                                             10.502637   slack (MET)


Startpoint: _117_ (rising edge-triggered flip-flop clocked by clk)
Endpoint: adc_out[3] (output port clocked by clk)
Path Group: clk
Path Type: min

Fanout         Cap        Slew       Delay        Time   Description
---------------------------------------------------------------------------------------------
                      0.150000    0.000000    0.000000   clock clk (rise edge)
                                  0.000000    0.000000   clock network delay (ideal)
                      0.150000    0.000000    0.000000 ^ _117_/CLK (sky130_fd_sc_hd__dfxtp_2)
     2    0.035205    0.167398    0.752637    0.752637 v _117_/Q (sky130_fd_sc_hd__dfxtp_2)
                                                         adc_out[3] (net)
                      0.167398    0.000000    0.752637 v adc_out[3] (out)
                                              0.752637   data arrival time

                      0.150000    0.000000    0.000000   clock clk (rise edge)
                                  0.000000    0.000000   clock network delay (ideal)
                                  0.250000    0.250000   clock uncertainty
                                  0.000000    0.250000   clock reconvergence pessimism
                                -10.000000   -9.750000   output external delay
                                             -9.750000   data required time
---------------------------------------------------------------------------------------------
                                             -9.750000   data required time
                                             -0.752637   data arrival time
---------------------------------------------------------------------------------------------
                                             10.502637   slack (MET)


Startpoint: _118_ (rising edge-triggered flip-flop clocked by clk)
Endpoint: adc_out[4] (output port clocked by clk)
Path Group: clk
Path Type: min

Fanout         Cap        Slew       Delay        Time   Description
---------------------------------------------------------------------------------------------
                      0.150000    0.000000    0.000000   clock clk (rise edge)
                                  0.000000    0.000000   clock network delay (ideal)
                      0.150000    0.000000    0.000000 ^ _118_/CLK (sky130_fd_sc_hd__dfxtp_2)
     2    0.035205    0.167398    0.752637    0.752637 v _118_/Q (sky130_fd_sc_hd__dfxtp_2)
                                                         adc_out[4] (net)
                      0.167398    0.000000    0.752637 v adc_out[4] (out)
                                              0.752637   data arrival time

                      0.150000    0.000000    0.000000   clock clk (rise edge)
                                  0.000000    0.000000   clock network delay (ideal)
                                  0.250000    0.250000   clock uncertainty
                                  0.000000    0.250000   clock reconvergence pessimism
                                -10.000000   -9.750000   output external delay
                                             -9.750000   data required time
---------------------------------------------------------------------------------------------
                                             -9.750000   data required time
                                             -0.752637   data arrival time
---------------------------------------------------------------------------------------------
                                             10.502637   slack (MET)


Startpoint: _119_ (rising edge-triggered flip-flop clocked by clk)
Endpoint: adc_out[5] (output port clocked by clk)
Path Group: clk
Path Type: min

Fanout         Cap        Slew       Delay        Time   Description
---------------------------------------------------------------------------------------------
                      0.150000    0.000000    0.000000   clock clk (rise edge)
                                  0.000000    0.000000   clock network delay (ideal)
                      0.150000    0.000000    0.000000 ^ _119_/CLK (sky130_fd_sc_hd__dfxtp_2)
     2    0.035205    0.167398    0.752637    0.752637 v _119_/Q (sky130_fd_sc_hd__dfxtp_2)
                                                         adc_out[5] (net)
                      0.167398    0.000000    0.752637 v adc_out[5] (out)
                                              0.752637   data arrival time

                      0.150000    0.000000    0.000000   clock clk (rise edge)
                                  0.000000    0.000000   clock network delay (ideal)
                                  0.250000    0.250000   clock uncertainty
                                  0.000000    0.250000   clock reconvergence pessimism
                                -10.000000   -9.750000   output external delay
                                             -9.750000   data required time
---------------------------------------------------------------------------------------------
                                             -9.750000   data required time
                                             -0.752637   data arrival time
---------------------------------------------------------------------------------------------
                                             10.502637   slack (MET)


Startpoint: _120_ (rising edge-triggered flip-flop clocked by clk)
Endpoint: adc_out[6] (output port clocked by clk)
Path Group: clk
Path Type: min

Fanout         Cap        Slew       Delay        Time   Description
---------------------------------------------------------------------------------------------
                      0.150000    0.000000    0.000000   clock clk (rise edge)
                                  0.000000    0.000000   clock network delay (ideal)
                      0.150000    0.000000    0.000000 ^ _120_/CLK (sky130_fd_sc_hd__dfxtp_2)
     2    0.035205    0.167398    0.752637    0.752637 v _120_/Q (sky130_fd_sc_hd__dfxtp_2)
                                                         adc_out[6] (net)
                      0.167398    0.000000    0.752637 v adc_out[6] (out)
                                              0.752637   data arrival time

                      0.150000    0.000000    0.000000   clock clk (rise edge)
                                  0.000000    0.000000   clock network delay (ideal)
                                  0.250000    0.250000   clock uncertainty
                                  0.000000    0.250000   clock reconvergence pessimism
                                -10.000000   -9.750000   output external delay
                                             -9.750000   data required time
---------------------------------------------------------------------------------------------
                                             -9.750000   data required time
                                             -0.752637   data arrival time
---------------------------------------------------------------------------------------------
                                             10.502637   slack (MET)


Startpoint: _121_ (rising edge-triggered flip-flop clocked by clk)
Endpoint: adc_out[7] (output port clocked by clk)
Path Group: clk
Path Type: min

Fanout         Cap        Slew       Delay        Time   Description
---------------------------------------------------------------------------------------------
                      0.150000    0.000000    0.000000   clock clk (rise edge)
                                  0.000000    0.000000   clock network delay (ideal)
                      0.150000    0.000000    0.000000 ^ _121_/CLK (sky130_fd_sc_hd__dfxtp_2)
     2    0.035205    0.167398    0.752637    0.752637 v _121_/Q (sky130_fd_sc_hd__dfxtp_2)
                                                         adc_out[7] (net)
                      0.167398    0.000000    0.752637 v adc_out[7] (out)
                                              0.752637   data arrival time

                      0.150000    0.000000    0.000000   clock clk (rise edge)
                                  0.000000    0.000000   clock network delay (ideal)
                                  0.250000    0.250000   clock uncertainty
                                  0.000000    0.250000   clock reconvergence pessimism
                                -10.000000   -9.750000   output external delay
                                             -9.750000   data required time
---------------------------------------------------------------------------------------------
                                             -9.750000   data required time
                                             -0.752637   data arrival time
---------------------------------------------------------------------------------------------
                                             10.502637   slack (MET)


Startpoint: _123_ (rising edge-triggered flip-flop clocked by clk)
Endpoint: dac_in[7] (output port clocked by clk)
Path Group: clk
Path Type: min

Fanout         Cap        Slew       Delay        Time   Description
---------------------------------------------------------------------------------------------
                      0.150000    0.000000    0.000000   clock clk (rise edge)
                                  0.000000    0.000000   clock network delay (ideal)
                      0.150000    0.000000    0.000000 ^ _123_/CLK (sky130_fd_sc_hd__dfxtp_2)
     3    0.036392    0.171960    0.756406    0.756406 v _123_/Q (sky130_fd_sc_hd__dfxtp_2)
                                                         dac_in[7] (net)
                      0.171960    0.000000    0.756406 v dac_in[7] (out)
                                              0.756406   data arrival time

                      0.150000    0.000000    0.000000   clock clk (rise edge)
                                  0.000000    0.000000   clock network delay (ideal)
                                  0.250000    0.250000   clock uncertainty
                                  0.000000    0.250000   clock reconvergence pessimism
                                -10.000000   -9.750000   output external delay
                                             -9.750000   data required time
---------------------------------------------------------------------------------------------
                                             -9.750000   data required time
                                             -0.756406   data arrival time
---------------------------------------------------------------------------------------------
                                             10.506406   slack (MET)


Startpoint: _122_ (rising edge-triggered flip-flop clocked by clk)
Endpoint: dac_in[6] (output port clocked by clk)
Path Group: clk
Path Type: min

Fanout         Cap        Slew       Delay        Time   Description
---------------------------------------------------------------------------------------------
                      0.150000    0.000000    0.000000   clock clk (rise edge)
                                  0.000000    0.000000   clock network delay (ideal)
                      0.150000    0.000000    0.000000 ^ _122_/CLK (sky130_fd_sc_hd__dfxtp_2)
     3    0.036665    0.173010    0.757273    0.757273 v _122_/Q (sky130_fd_sc_hd__dfxtp_2)
                                                         dac_in[6] (net)
                      0.173010    0.000000    0.757273 v dac_in[6] (out)
                                              0.757273   data arrival time

                      0.150000    0.000000    0.000000   clock clk (rise edge)
                                  0.000000    0.000000   clock network delay (ideal)
                                  0.250000    0.250000   clock uncertainty
                                  0.000000    0.250000   clock reconvergence pessimism
                                -10.000000   -9.750000   output external delay
                                             -9.750000   data required time
---------------------------------------------------------------------------------------------
                                             -9.750000   data required time
                                             -0.757273   data arrival time
---------------------------------------------------------------------------------------------
                                             10.507273   slack (MET)


Startpoint: _108_ (rising edge-triggered flip-flop clocked by clk)
Endpoint: dac_in[0] (output port clocked by clk)
Path Group: clk
Path Type: min

Fanout         Cap        Slew       Delay        Time   Description
---------------------------------------------------------------------------------------------
                      0.150000    0.000000    0.000000   clock clk (rise edge)
                                  0.000000    0.000000   clock network delay (ideal)
                      0.150000    0.000000    0.000000 ^ _108_/CLK (sky130_fd_sc_hd__dfxtp_2)
     3    0.039172    0.182646    0.765233    0.765233 v _108_/Q (sky130_fd_sc_hd__dfxtp_2)
                                                         dac_in[0] (net)
                      0.182646    0.000000    0.765233 v dac_in[0] (out)
                                              0.765233   data arrival time

                      0.150000    0.000000    0.000000   clock clk (rise edge)
                                  0.000000    0.000000   clock network delay (ideal)
                                  0.250000    0.250000   clock uncertainty
                                  0.000000    0.250000   clock reconvergence pessimism
                                -10.000000   -9.750000   output external delay
                                             -9.750000   data required time
---------------------------------------------------------------------------------------------
                                             -9.750000   data required time
                                             -0.765233   data arrival time
---------------------------------------------------------------------------------------------
                                             10.515233   slack (MET)


Startpoint: _109_ (rising edge-triggered flip-flop clocked by clk)
Endpoint: dac_in[1] (output port clocked by clk)
Path Group: clk
Path Type: min

Fanout         Cap        Slew       Delay        Time   Description
---------------------------------------------------------------------------------------------
                      0.150000    0.000000    0.000000   clock clk (rise edge)
                                  0.000000    0.000000   clock network delay (ideal)
                      0.150000    0.000000    0.000000 ^ _109_/CLK (sky130_fd_sc_hd__dfxtp_2)
     3    0.039202    0.182761    0.765329    0.765329 v _109_/Q (sky130_fd_sc_hd__dfxtp_2)
                                                         dac_in[1] (net)
                      0.182761    0.000000    0.765329 v dac_in[1] (out)
                                              0.765329   data arrival time

                      0.150000    0.000000    0.000000   clock clk (rise edge)
                                  0.000000    0.000000   clock network delay (ideal)
                                  0.250000    0.250000   clock uncertainty
                                  0.000000    0.250000   clock reconvergence pessimism
                                -10.000000   -9.750000   output external delay
                                             -9.750000   data required time
---------------------------------------------------------------------------------------------
                                             -9.750000   data required time
                                             -0.765329   data arrival time
---------------------------------------------------------------------------------------------
                                             10.515328   slack (MET)


Startpoint: _110_ (rising edge-triggered flip-flop clocked by clk)
Endpoint: dac_in[2] (output port clocked by clk)
Path Group: clk
Path Type: min

Fanout         Cap        Slew       Delay        Time   Description
---------------------------------------------------------------------------------------------
                      0.150000    0.000000    0.000000   clock clk (rise edge)
                                  0.000000    0.000000   clock network delay (ideal)
                      0.150000    0.000000    0.000000 ^ _110_/CLK (sky130_fd_sc_hd__dfxtp_2)
     3    0.039202    0.182761    0.765329    0.765329 v _110_/Q (sky130_fd_sc_hd__dfxtp_2)
                                                         dac_in[2] (net)
                      0.182761    0.000000    0.765329 v dac_in[2] (out)
                                              0.765329   data arrival time

                      0.150000    0.000000    0.000000   clock clk (rise edge)
                                  0.000000    0.000000   clock network delay (ideal)
                                  0.250000    0.250000   clock uncertainty
                                  0.000000    0.250000   clock reconvergence pessimism
                                -10.000000   -9.750000   output external delay
                                             -9.750000   data required time
---------------------------------------------------------------------------------------------
                                             -9.750000   data required time
                                             -0.765329   data arrival time
---------------------------------------------------------------------------------------------
                                             10.515328   slack (MET)


Startpoint: _111_ (rising edge-triggered flip-flop clocked by clk)
Endpoint: dac_in[3] (output port clocked by clk)
Path Group: clk
Path Type: min

Fanout         Cap        Slew       Delay        Time   Description
---------------------------------------------------------------------------------------------
                      0.150000    0.000000    0.000000   clock clk (rise edge)
                                  0.000000    0.000000   clock network delay (ideal)
                      0.150000    0.000000    0.000000 ^ _111_/CLK (sky130_fd_sc_hd__dfxtp_2)
     3    0.039202    0.182761    0.765329    0.765329 v _111_/Q (sky130_fd_sc_hd__dfxtp_2)
                                                         dac_in[3] (net)
                      0.182761    0.000000    0.765329 v dac_in[3] (out)
                                              0.765329   data arrival time

                      0.150000    0.000000    0.000000   clock clk (rise edge)
                                  0.000000    0.000000   clock network delay (ideal)
                                  0.250000    0.250000   clock uncertainty
                                  0.000000    0.250000   clock reconvergence pessimism
                                -10.000000   -9.750000   output external delay
                                             -9.750000   data required time
---------------------------------------------------------------------------------------------
                                             -9.750000   data required time
                                             -0.765329   data arrival time
---------------------------------------------------------------------------------------------
                                             10.515328   slack (MET)


Startpoint: _112_ (rising edge-triggered flip-flop clocked by clk)
Endpoint: dac_in[4] (output port clocked by clk)
Path Group: clk
Path Type: min

Fanout         Cap        Slew       Delay        Time   Description
---------------------------------------------------------------------------------------------
                      0.150000    0.000000    0.000000   clock clk (rise edge)
                                  0.000000    0.000000   clock network delay (ideal)
                      0.150000    0.000000    0.000000 ^ _112_/CLK (sky130_fd_sc_hd__dfxtp_2)
     3    0.039202    0.182761    0.765329    0.765329 v _112_/Q (sky130_fd_sc_hd__dfxtp_2)
                                                         dac_in[4] (net)
                      0.182761    0.000000    0.765329 v dac_in[4] (out)
                                              0.765329   data arrival time

                      0.150000    0.000000    0.000000   clock clk (rise edge)
                                  0.000000    0.000000   clock network delay (ideal)
                                  0.250000    0.250000   clock uncertainty
                                  0.000000    0.250000   clock reconvergence pessimism
                                -10.000000   -9.750000   output external delay
                                             -9.750000   data required time
---------------------------------------------------------------------------------------------
                                             -9.750000   data required time
                                             -0.765329   data arrival time
---------------------------------------------------------------------------------------------
                                             10.515328   slack (MET)


Startpoint: _113_ (rising edge-triggered flip-flop clocked by clk)
Endpoint: dac_in[5] (output port clocked by clk)
Path Group: clk
Path Type: min

Fanout         Cap        Slew       Delay        Time   Description
---------------------------------------------------------------------------------------------
                      0.150000    0.000000    0.000000   clock clk (rise edge)
                                  0.000000    0.000000   clock network delay (ideal)
                      0.150000    0.000000    0.000000 ^ _113_/CLK (sky130_fd_sc_hd__dfxtp_2)
     3    0.039202    0.182761    0.765329    0.765329 v _113_/Q (sky130_fd_sc_hd__dfxtp_2)
                                                         dac_in[5] (net)
                      0.182761    0.000000    0.765329 v dac_in[5] (out)
                                              0.765329   data arrival time

                      0.150000    0.000000    0.000000   clock clk (rise edge)
                                  0.000000    0.000000   clock network delay (ideal)
                                  0.250000    0.250000   clock uncertainty
                                  0.000000    0.250000   clock reconvergence pessimism
                                -10.000000   -9.750000   output external delay
                                             -9.750000   data required time
---------------------------------------------------------------------------------------------
                                             -9.750000   data required time
                                             -0.765329   data arrival time
---------------------------------------------------------------------------------------------
                                             10.515328   slack (MET)



