
===========================================================================
 report_power
============================================================================
======================= nom_ss_100C_1v60 Corner ===================================

Group                    Internal    Switching      Leakage        Total
                            Power        Power        Power        Power (Watts)
------------------------------------------------------------------------
Sequential           1.311701e-05 1.773988e-06 3.013624e-07 1.519236e-05  88.6%
Combinational        1.152961e-06 5.685463e-07 2.401508e-07 1.961658e-06  11.4%
Clock                0.000000e+00 0.000000e+00 0.000000e+00 0.000000e+00   0.0%
Macro                0.000000e+00 0.000000e+00 0.000000e+00 0.000000e+00   0.0%
Pad                  0.000000e+00 0.000000e+00 0.000000e+00 0.000000e+00   0.0%
------------------------------------------------------------------------
Total                1.426997e-05 2.342534e-06 5.415131e-07 1.715402e-05 100.0%
                            83.2%        13.7%         3.2%

