Clock: clk
Sources: clk 
Generated: no
Virtual: yes
Propagated: no
Period: 50.000000

===========================================================================
report_clock_properties
============================================================================
Clock                   Period          Waveform
----------------------------------------------------
clk                  50.000000    0.000000 25.000000

===========================================================================
report_clock_latency
============================================================================
Clock clk
rise -> rise
    min     max
0.000000 0.000000 source latency
0.589591         network latency _165_/CLK
        0.592592 network latency _164_/CLK
---------------
0.589591 0.592592 latency
        0.003002 skew

rise -> fall
    min     max
0.000000 0.000000 source latency
0.648553         network latency _152_/CLK
        0.648553 network latency _152_/CLK
---------------
0.648553 0.648553 latency
        0.000000 skew

fall -> rise
    min     max
0.000000 0.000000 source latency
0.646971         network latency _152_/CLK
        0.646971 network latency _152_/CLK
---------------
0.646971 0.646971 latency
        0.000000 skew

fall -> fall
    min     max
0.000000 0.000000 source latency
0.580901         network latency _165_/CLK
        0.582814 network latency _164_/CLK
---------------
0.580901 0.582814 latency
        0.001913 skew



===========================================================================
report_clock_min_period
============================================================================
clk period_min = 4.46 fmax = 224.25
