
===========================================================================
 report_power
============================================================================
======================= nom_tt_025C_1v80 Corner ===================================

Group                    Internal    Switching      Leakage        Total
                            Power        Power        Power        Power (Watts)
------------------------------------------------------------------------
Sequential           1.717246e-05 3.996495e-07 1.708741e-10 1.757228e-05  45.8%
Combinational        1.508420e-06 2.705352e-06 5.039780e-10 4.214276e-06  11.0%
Clock                1.088160e-05 5.670813e-06 1.061648e-10 1.655252e-05  43.2%
Macro                0.000000e+00 0.000000e+00 0.000000e+00 0.000000e+00   0.0%
Pad                  0.000000e+00 0.000000e+00 0.000000e+00 0.000000e+00   0.0%
------------------------------------------------------------------------
Total                2.956248e-05 8.775814e-06 7.810159e-10 3.833908e-05 100.0%
                            77.1%        22.9%         0.0%
Writing metric power__internal__total: 2.9562481358880177e-5
Writing metric power__switching__total: 8.77581442182418e-6
Writing metric power__leakage__total: 7.810159186050214e-10
Writing metric power__total: 3.833907612715848e-5

