Clock: clk
Sources: clk 
Generated: no
Virtual: yes
Propagated: no
Period: 50.000000

===========================================================================
report_clock_properties
============================================================================
Clock                   Period          Waveform
----------------------------------------------------
clk                  50.000000    0.000000 25.000000

===========================================================================
report_clock_latency
============================================================================
Clock clk
rise -> rise
    min     max
0.000000 0.000000 source latency
0.324240         network latency _165_/CLK
        0.327100 network latency _164_/CLK
---------------
0.324240 0.327100 latency
        0.002859 skew

rise -> fall
    min     max
0.000000 0.000000 source latency
0.350705         network latency _152_/CLK
        0.350705 network latency _152_/CLK
---------------
0.350705 0.350705 latency
        0.000000 skew

fall -> rise
    min     max
0.000000 0.000000 source latency
0.351775         network latency _152_/CLK
        0.351775 network latency _152_/CLK
---------------
0.351775 0.351775 latency
        0.000000 skew

fall -> fall
    min     max
0.000000 0.000000 source latency
0.314245         network latency _165_/CLK
        0.316158 network latency _164_/CLK
---------------
0.314245 0.316158 latency
        0.001913 skew



===========================================================================
report_clock_min_period
============================================================================
clk period_min = 2.27 fmax = 440.10
