Clock: clk
Sources: clk 
Generated: no
Virtual: yes
Propagated: no
Period: 250.000000

===========================================================================
report_clock_properties
============================================================================
Clock                   Period          Waveform
----------------------------------------------------
clk                 250.000000    0.000000125.000000

===========================================================================
report_clock_latency
============================================================================
Clock clk
rise -> rise
    min     max
0.000000 0.000000 source latency
0.329760         network latency _165_/CLK
        0.331070 network latency _171_/CLK
---------------
0.329760 0.331070 latency
        0.001310 skew

rise -> fall
    min     max
0.000000 0.000000 source latency
0.357484         network latency _152_/CLK
        0.357484 network latency _152_/CLK
---------------
0.357484 0.357484 latency
        0.000000 skew

fall -> rise
    min     max
0.000000 0.000000 source latency
0.356565         network latency _152_/CLK
        0.356565 network latency _152_/CLK
---------------
0.356565 0.356565 latency
        0.000000 skew

fall -> fall
    min     max
0.000000 0.000000 source latency
0.317286         network latency _165_/CLK
        0.317996 network latency _171_/CLK
---------------
0.317286 0.317996 latency
        0.000711 skew



===========================================================================
report_clock_min_period
============================================================================
clk period_min = 2.29 fmax = 436.00
