Clock: clk
Sources: clk 
Generated: no
Virtual: yes
Propagated: no
Period: 50.000000

===========================================================================
report_clock_properties
============================================================================
Clock                   Period          Waveform
----------------------------------------------------
clk                  50.000000    0.000000 25.000000

===========================================================================
report_clock_latency
============================================================================
Clock clk
rise -> rise
    min     max
0.000000 0.000000 source latency
0.326264         network latency _117_/CLK
        0.327926 network latency _110_/CLK
---------------
0.326264 0.327926 latency
        0.001662 skew

fall -> fall
    min     max
0.000000 0.000000 source latency
0.315016         network latency _117_/CLK
        0.316271 network latency _110_/CLK
---------------
0.315016 0.316271 latency
        0.001256 skew



===========================================================================
report_clock_min_period
============================================================================
clk period_min = 2.78 fmax = 359.47
