
===========================================================================
 report_power
============================================================================
======================= nom_tt_025C_1v80 Corner ===================================

Group                    Internal    Switching      Leakage        Total
                            Power        Power        Power        Power (Watts)
------------------------------------------------------------------------
Sequential           1.680528e-05 7.337655e-07 1.635763e-10 1.753921e-05  44.0%
Combinational        2.052092e-06 2.999923e-06 3.466813e-10 5.052361e-06  12.7%
Clock                1.210596e-05 5.186237e-06 1.089705e-10 1.729231e-05  43.4%
Macro                0.000000e+00 0.000000e+00 0.000000e+00 0.000000e+00   0.0%
Pad                  0.000000e+00 0.000000e+00 0.000000e+00 0.000000e+00   0.0%
------------------------------------------------------------------------
Total                3.096334e-05 8.919925e-06 6.192284e-10 3.988388e-05 100.0%
                            77.6%        22.4%         0.0%
Writing metric power__internal__total: 3.096333966823295e-5
Writing metric power__switching__total: 8.919924766814802e-6
Writing metric power__leakage__total: 6.192284462969155e-10
Writing metric power__total: 3.988388198195025e-5

