Clock: clk
Sources: clk 
Generated: no
Virtual: yes
Propagated: no
Period: 250.000000

===========================================================================
report_clock_properties
============================================================================
Clock                   Period          Waveform
----------------------------------------------------
clk                 250.000000    0.000000125.000000

===========================================================================
report_clock_latency
============================================================================
Clock clk
rise -> rise
    min     max
0.000000 0.000000 source latency
0.231711         network latency _165_/CLK
        0.233282 network latency _171_/CLK
---------------
0.231711 0.233282 latency
        0.001571 skew

rise -> fall
    min     max
0.000000 0.000000 source latency
0.246540         network latency _152_/CLK
        0.246540 network latency _152_/CLK
---------------
0.246540 0.246540 latency
        0.000000 skew

fall -> rise
    min     max
0.000000 0.000000 source latency
0.246331         network latency _152_/CLK
        0.246331 network latency _152_/CLK
---------------
0.246331 0.246331 latency
        0.000000 skew

fall -> fall
    min     max
0.000000 0.000000 source latency
0.217682         network latency _165_/CLK
        0.218719 network latency _171_/CLK
---------------
0.217682 0.218719 latency
        0.001037 skew



===========================================================================
report_clock_min_period
============================================================================
clk period_min = 1.56 fmax = 641.01
