
===========================================================================
 report_power
============================================================================
======================= nom_ff_n40C_1v95 Corner ===================================

Group                    Internal    Switching      Leakage        Total
                            Power        Power        Power        Power (Watts)
------------------------------------------------------------------------
Sequential           3.990382e-06 1.225797e-07 3.095524e-10 4.113272e-06  44.8%
Combinational        3.355314e-07 7.298814e-07 9.304046e-10 1.066343e-06  11.6%
Clock                2.492854e-06 1.508136e-06 6.662620e-10 4.001657e-06  43.6%
Macro                0.000000e+00 0.000000e+00 0.000000e+00 0.000000e+00   0.0%
Pad                  0.000000e+00 0.000000e+00 0.000000e+00 0.000000e+00   0.0%
------------------------------------------------------------------------
Total                6.818768e-06 2.360598e-06 1.906219e-09 9.181272e-06 100.0%
                            74.3%        25.7%         0.0%

