
===========================================================================
report_checks -path_delay max (Setup)
============================================================================
======================= nom_tt_025C_1v80 Corner ===================================

Startpoint: _152_ (rising edge-triggered flip-flop clocked by clk')
Endpoint: comparator_clk (output port clocked by clk)
Path Group: clk
Path Type: max

Fanout         Cap        Slew       Delay        Time   Description
---------------------------------------------------------------------------------------------
                      0.150000   25.000000   25.000000   clock clk' (rise edge)
                                  0.000000   25.000000   clock network delay (ideal)
                      0.150000    0.000000   25.000000 ^ _152_/CLK (sky130_fd_sc_hd__dfxtp_2)
    12    0.060752    0.308969    0.544235   25.544233 ^ _152_/Q (sky130_fd_sc_hd__dfxtp_2)
                                                         comparator_clk (net)
                      0.308969    0.000000   25.544233 ^ comparator_clk (out)
                                             25.544233   data arrival time

                      0.150000   50.000000   50.000000   clock clk (rise edge)
                                  0.000000   50.000000   clock network delay (ideal)
                                 -0.250000   49.749996   clock uncertainty
                                  0.000000   49.749996   clock reconvergence pessimism
                                -10.000000   39.749996   output external delay
                                             39.749996   data required time
---------------------------------------------------------------------------------------------
                                             39.749996   data required time
                                            -25.544233   data arrival time
---------------------------------------------------------------------------------------------
                                             14.205762   slack (MET)


Startpoint: rst_n (input port clocked by clk)
Endpoint: _152_ (rising edge-triggered flip-flop clocked by clk')
Path Group: clk
Path Type: max

Fanout         Cap        Slew       Delay        Time   Description
---------------------------------------------------------------------------------------------
                      0.150000    0.000000    0.000000   clock clk (rise edge)
                                  0.000000    0.000000   clock network delay (ideal)
                                 10.000000   10.000000 v input external delay
    11    0.025815    0.058719    0.041324   10.041325 v rst_n (in)
                                                         rst_n (net)
                      0.058719    0.000000   10.041325 v _084_/B (sky130_fd_sc_hd__and2b_2)
     1    0.001681    0.032840    0.184791   10.226115 v _084_/X (sky130_fd_sc_hd__and2b_2)
                                                         _001_ (net)
                      0.032840    0.000000   10.226115 v _152_/D (sky130_fd_sc_hd__dfxtp_2)
                                             10.226115   data arrival time

                      0.150000   25.000000   25.000000   clock clk' (rise edge)
                                  0.000000   25.000000   clock network delay (ideal)
                                 -0.250000   24.750000   clock uncertainty
                                  0.000000   24.750000   clock reconvergence pessimism
                                             24.750000 ^ _152_/CLK (sky130_fd_sc_hd__dfxtp_2)
                                 -0.083073   24.666927   library setup time
                                             24.666927   data required time
---------------------------------------------------------------------------------------------
                                             24.666927   data required time
                                            -10.226115   data arrival time
---------------------------------------------------------------------------------------------
                                             14.440811   slack (MET)


Startpoint: _152_ (rising edge-triggered flip-flop clocked by clk')
Endpoint: _163_ (rising edge-triggered flip-flop clocked by clk)
Path Group: clk
Path Type: max

Fanout         Cap        Slew       Delay        Time   Description
---------------------------------------------------------------------------------------------
                      0.150000   25.000000   25.000000   clock clk' (rise edge)
                                  0.000000   25.000000   clock network delay (ideal)
                      0.150000    0.000000   25.000000 ^ _152_/CLK (sky130_fd_sc_hd__dfxtp_2)
    12    0.060752    0.308969    0.544235   25.544233 ^ _152_/Q (sky130_fd_sc_hd__dfxtp_2)
                                                         comparator_clk (net)
                      0.308969    0.000000   25.544233 ^ _105_/A (sky130_fd_sc_hd__nand2_2)
     5    0.008247    0.089359    0.101192   25.645426 v _105_/Y (sky130_fd_sc_hd__nand2_2)
                                                         _061_ (net)
                      0.089359    0.000000   25.645426 v _121_/A4 (sky130_fd_sc_hd__o41a_2)
     1    0.002238    0.060183    0.371866   26.017292 v _121_/X (sky130_fd_sc_hd__o41a_2)
                                                         _025_ (net)
                      0.060183    0.000000   26.017292 v _125_/A1 (sky130_fd_sc_hd__o31a_2)
     1    0.001681    0.047053    0.331568   26.348860 v _125_/X (sky130_fd_sc_hd__o31a_2)
                                                         _012_ (net)
                      0.047053    0.000000   26.348860 v _163_/D (sky130_fd_sc_hd__dfxtp_2)
                                             26.348860   data arrival time

                      0.150000   50.000000   50.000000   clock clk (rise edge)
                                  0.000000   50.000000   clock network delay (ideal)
                                 -0.250000   49.749996   clock uncertainty
                                  0.000000   49.749996   clock reconvergence pessimism
                                             49.749996 ^ _163_/CLK (sky130_fd_sc_hd__dfxtp_2)
                                 -0.089246   49.660755   library setup time
                                             49.660755   data required time
---------------------------------------------------------------------------------------------
                                             49.660755   data required time
                                            -26.348860   data arrival time
---------------------------------------------------------------------------------------------
                                             23.311893   slack (MET)


Startpoint: _152_ (rising edge-triggered flip-flop clocked by clk')
Endpoint: _167_ (rising edge-triggered flip-flop clocked by clk)
Path Group: clk
Path Type: max

Fanout         Cap        Slew       Delay        Time   Description
---------------------------------------------------------------------------------------------
                      0.150000   25.000000   25.000000   clock clk' (rise edge)
                                  0.000000   25.000000   clock network delay (ideal)
                      0.150000    0.000000   25.000000 ^ _152_/CLK (sky130_fd_sc_hd__dfxtp_2)
    12    0.060752    0.308969    0.544235   25.544233 ^ _152_/Q (sky130_fd_sc_hd__dfxtp_2)
                                                         comparator_clk (net)
                      0.308969    0.000000   25.544233 ^ _105_/A (sky130_fd_sc_hd__nand2_2)
     5    0.008247    0.089359    0.101192   25.645426 v _105_/Y (sky130_fd_sc_hd__nand2_2)
                                                         _061_ (net)
                      0.089359    0.000000   25.645426 v _138_/A4 (sky130_fd_sc_hd__o41a_2)
     1    0.002238    0.060161    0.371866   26.017292 v _138_/X (sky130_fd_sc_hd__o41a_2)
                                                         _038_ (net)
                      0.060161    0.000000   26.017292 v _141_/A1 (sky130_fd_sc_hd__o31a_2)
     1    0.001681    0.047069    0.331559   26.348850 v _141_/X (sky130_fd_sc_hd__o31a_2)
                                                         _016_ (net)
                      0.047069    0.000000   26.348850 v _167_/D (sky130_fd_sc_hd__dfxtp_2)
                                             26.348850   data arrival time

                      0.150000   50.000000   50.000000   clock clk (rise edge)
                                  0.000000   50.000000   clock network delay (ideal)
                                 -0.250000   49.749996   clock uncertainty
                                  0.000000   49.749996   clock reconvergence pessimism
                                             49.749996 ^ _167_/CLK (sky130_fd_sc_hd__dfxtp_2)
                                 -0.089253   49.660748   library setup time
                                             49.660748   data required time
---------------------------------------------------------------------------------------------
                                             49.660748   data required time
                                            -26.348850   data arrival time
---------------------------------------------------------------------------------------------
                                             23.311895   slack (MET)


Startpoint: _152_ (rising edge-triggered flip-flop clocked by clk')
Endpoint: _162_ (rising edge-triggered flip-flop clocked by clk)
Path Group: clk
Path Type: max

Fanout         Cap        Slew       Delay        Time   Description
---------------------------------------------------------------------------------------------
                      0.150000   25.000000   25.000000   clock clk' (rise edge)
                                  0.000000   25.000000   clock network delay (ideal)
                      0.150000    0.000000   25.000000 ^ _152_/CLK (sky130_fd_sc_hd__dfxtp_2)
    12    0.060752    0.308969    0.544235   25.544233 ^ _152_/Q (sky130_fd_sc_hd__dfxtp_2)
                                                         comparator_clk (net)
                      0.308969    0.000000   25.544233 ^ _105_/A (sky130_fd_sc_hd__nand2_2)
     5    0.008247    0.089359    0.101192   25.645426 v _105_/Y (sky130_fd_sc_hd__nand2_2)
                                                         _061_ (net)
                      0.089359    0.000000   25.645426 v _118_/D (sky130_fd_sc_hd__or4_2)
     1    0.004167    0.106961    0.554891   26.200317 v _118_/X (sky130_fd_sc_hd__or4_2)
                                                         _023_ (net)
                      0.106961    0.000000   26.200317 v _120_/A2 (sky130_fd_sc_hd__a31oi_2)
     1    0.001674    0.104258    0.162839   26.363155 ^ _120_/Y (sky130_fd_sc_hd__a31oi_2)
                                                         _011_ (net)
                      0.104258    0.000000   26.363155 ^ _162_/D (sky130_fd_sc_hd__dfxtp_2)
                                             26.363155   data arrival time

                      0.150000   50.000000   50.000000   clock clk (rise edge)
                                  0.000000   50.000000   clock network delay (ideal)
                                 -0.250000   49.749996   clock uncertainty
                                  0.000000   49.749996   clock reconvergence pessimism
                                             49.749996 ^ _162_/CLK (sky130_fd_sc_hd__dfxtp_2)
                                 -0.056928   49.693069   library setup time
                                             49.693069   data required time
---------------------------------------------------------------------------------------------
                                             49.693069   data required time
                                            -26.363155   data arrival time
---------------------------------------------------------------------------------------------
                                             23.329912   slack (MET)


Startpoint: _152_ (rising edge-triggered flip-flop clocked by clk')
Endpoint: _166_ (rising edge-triggered flip-flop clocked by clk)
Path Group: clk
Path Type: max

Fanout         Cap        Slew       Delay        Time   Description
---------------------------------------------------------------------------------------------
                      0.150000   25.000000   25.000000   clock clk' (rise edge)
                                  0.000000   25.000000   clock network delay (ideal)
                      0.150000    0.000000   25.000000 ^ _152_/CLK (sky130_fd_sc_hd__dfxtp_2)
    12    0.060752    0.308969    0.544235   25.544233 ^ _152_/Q (sky130_fd_sc_hd__dfxtp_2)
                                                         comparator_clk (net)
                      0.308969    0.000000   25.544233 ^ _105_/A (sky130_fd_sc_hd__nand2_2)
     5    0.008247    0.089359    0.101192   25.645426 v _105_/Y (sky130_fd_sc_hd__nand2_2)
                                                         _061_ (net)
                      0.089359    0.000000   25.645426 v _135_/D (sky130_fd_sc_hd__or4_2)
     1    0.004167    0.106961    0.554891   26.200317 v _135_/X (sky130_fd_sc_hd__or4_2)
                                                         _036_ (net)
                      0.106961    0.000000   26.200317 v _137_/A2 (sky130_fd_sc_hd__a31oi_2)
     1    0.001674    0.104253    0.162839   26.363155 ^ _137_/Y (sky130_fd_sc_hd__a31oi_2)
                                                         _015_ (net)
                      0.104253    0.000000   26.363155 ^ _166_/D (sky130_fd_sc_hd__dfxtp_2)
                                             26.363155   data arrival time

                      0.150000   50.000000   50.000000   clock clk (rise edge)
                                  0.000000   50.000000   clock network delay (ideal)
                                 -0.250000   49.749996   clock uncertainty
                                  0.000000   49.749996   clock reconvergence pessimism
                                             49.749996 ^ _166_/CLK (sky130_fd_sc_hd__dfxtp_2)
                                 -0.056927   49.693069   library setup time
                                             49.693069   data required time
---------------------------------------------------------------------------------------------
                                             49.693069   data required time
                                            -26.363155   data arrival time
---------------------------------------------------------------------------------------------
                                             23.329912   slack (MET)


Startpoint: _152_ (rising edge-triggered flip-flop clocked by clk')
Endpoint: _168_ (rising edge-triggered flip-flop clocked by clk)
Path Group: clk
Path Type: max

Fanout         Cap        Slew       Delay        Time   Description
---------------------------------------------------------------------------------------------
                      0.150000   25.000000   25.000000   clock clk' (rise edge)
                                  0.000000   25.000000   clock network delay (ideal)
                      0.150000    0.000000   25.000000 ^ _152_/CLK (sky130_fd_sc_hd__dfxtp_2)
    12    0.060752    0.308969    0.544235   25.544233 ^ _152_/Q (sky130_fd_sc_hd__dfxtp_2)
                                                         comparator_clk (net)
                      0.308969    0.000000   25.544233 ^ _122_/C_N (sky130_fd_sc_hd__nor3b_2)
     5    0.015100    0.300533    0.351648   25.895882 ^ _122_/Y (sky130_fd_sc_hd__nor3b_2)
                                                         _026_ (net)
                      0.300533    0.000000   25.895882 ^ _142_/A1 (sky130_fd_sc_hd__a21oi_2)
     1    0.002195    0.064192    0.079734   25.975615 v _142_/Y (sky130_fd_sc_hd__a21oi_2)
                                                         _041_ (net)
                      0.064192    0.000000   25.975615 v _143_/B1 (sky130_fd_sc_hd__a211o_2)
     1    0.001681    0.042945    0.295973   26.271587 v _143_/X (sky130_fd_sc_hd__a211o_2)
                                                         _017_ (net)
                      0.042945    0.000000   26.271587 v _168_/D (sky130_fd_sc_hd__dfxtp_2)
                                             26.271587   data arrival time

                      0.150000   50.000000   50.000000   clock clk (rise edge)
                                  0.000000   50.000000   clock network delay (ideal)
                                 -0.250000   49.749996   clock uncertainty
                                  0.000000   49.749996   clock reconvergence pessimism
                                             49.749996 ^ _168_/CLK (sky130_fd_sc_hd__dfxtp_2)
                                 -0.087461   49.662537   library setup time
                                             49.662537   data required time
---------------------------------------------------------------------------------------------
                                             49.662537   data required time
                                            -26.271587   data arrival time
---------------------------------------------------------------------------------------------
                                             23.390949   slack (MET)


Startpoint: _152_ (rising edge-triggered flip-flop clocked by clk')
Endpoint: _165_ (rising edge-triggered flip-flop clocked by clk)
Path Group: clk
Path Type: max

Fanout         Cap        Slew       Delay        Time   Description
---------------------------------------------------------------------------------------------
                      0.150000   25.000000   25.000000   clock clk' (rise edge)
                                  0.000000   25.000000   clock network delay (ideal)
                      0.150000    0.000000   25.000000 ^ _152_/CLK (sky130_fd_sc_hd__dfxtp_2)
    12    0.060752    0.308969    0.544235   25.544233 ^ _152_/Q (sky130_fd_sc_hd__dfxtp_2)
                                                         comparator_clk (net)
                      0.308969    0.000000   25.544233 ^ _107_/A (sky130_fd_sc_hd__nand3_2)
     3    0.007176    0.105685    0.121632   25.665867 v _107_/Y (sky130_fd_sc_hd__nand3_2)
                                                         _063_ (net)
                      0.105685    0.000000   25.665867 v _130_/B (sky130_fd_sc_hd__or3b_2)
     1    0.004340    0.084117    0.463807   26.129673 v _130_/X (sky130_fd_sc_hd__or3b_2)
                                                         _032_ (net)
                      0.084117    0.000000   26.129673 v _133_/A1 (sky130_fd_sc_hd__a31oi_2)
     1    0.001674    0.104295    0.121105   26.250778 ^ _133_/Y (sky130_fd_sc_hd__a31oi_2)
                                                         _014_ (net)
                      0.104295    0.000000   26.250778 ^ _165_/D (sky130_fd_sc_hd__dfxtp_2)
                                             26.250778   data arrival time

                      0.150000   50.000000   50.000000   clock clk (rise edge)
                                  0.000000   50.000000   clock network delay (ideal)
                                 -0.250000   49.749996   clock uncertainty
                                  0.000000   49.749996   clock reconvergence pessimism
                                             49.749996 ^ _165_/CLK (sky130_fd_sc_hd__dfxtp_2)
                                 -0.056937   49.693062   library setup time
                                             49.693062   data required time
---------------------------------------------------------------------------------------------
                                             49.693062   data required time
                                            -26.250778   data arrival time
---------------------------------------------------------------------------------------------
                                             23.442284   slack (MET)


Startpoint: _152_ (rising edge-triggered flip-flop clocked by clk')
Endpoint: _164_ (rising edge-triggered flip-flop clocked by clk)
Path Group: clk
Path Type: max

Fanout         Cap        Slew       Delay        Time   Description
---------------------------------------------------------------------------------------------
                      0.150000   25.000000   25.000000   clock clk' (rise edge)
                                  0.000000   25.000000   clock network delay (ideal)
                      0.150000    0.000000   25.000000 ^ _152_/CLK (sky130_fd_sc_hd__dfxtp_2)
    12    0.060752    0.308969    0.544235   25.544233 ^ _152_/Q (sky130_fd_sc_hd__dfxtp_2)
                                                         comparator_clk (net)
                      0.308969    0.000000   25.544233 ^ _122_/C_N (sky130_fd_sc_hd__nor3b_2)
     5    0.015100    0.300533    0.351648   25.895882 ^ _122_/Y (sky130_fd_sc_hd__nor3b_2)
                                                         _026_ (net)
                      0.300533    0.000000   25.895882 ^ _126_/A2 (sky130_fd_sc_hd__a21oi_2)
     1    0.002226    0.056415    0.087660   25.983541 v _126_/Y (sky130_fd_sc_hd__a21oi_2)
                                                         _029_ (net)
                      0.056415    0.000000   25.983541 v _129_/A1 (sky130_fd_sc_hd__o21a_2)
     1    0.001681    0.030434    0.200709   26.184250 v _129_/X (sky130_fd_sc_hd__o21a_2)
                                                         _013_ (net)
                      0.030434    0.000000   26.184250 v _164_/D (sky130_fd_sc_hd__dfxtp_2)
                                             26.184250   data arrival time

                      0.150000   50.000000   50.000000   clock clk (rise edge)
                                  0.000000   50.000000   clock network delay (ideal)
                                 -0.250000   49.749996   clock uncertainty
                                  0.000000   49.749996   clock reconvergence pessimism
                                             49.749996 ^ _164_/CLK (sky130_fd_sc_hd__dfxtp_2)
                                 -0.082027   49.667969   library setup time
                                             49.667969   data required time
---------------------------------------------------------------------------------------------
                                             49.667969   data required time
                                            -26.184250   data arrival time
---------------------------------------------------------------------------------------------
                                             23.483719   slack (MET)


Startpoint: _152_ (rising edge-triggered flip-flop clocked by clk')
Endpoint: _161_ (rising edge-triggered flip-flop clocked by clk)
Path Group: clk
Path Type: max

Fanout         Cap        Slew       Delay        Time   Description
---------------------------------------------------------------------------------------------
                      0.150000   25.000000   25.000000   clock clk' (rise edge)
                                  0.000000   25.000000   clock network delay (ideal)
                      0.150000    0.000000   25.000000 ^ _152_/CLK (sky130_fd_sc_hd__dfxtp_2)
    12    0.060752    0.308969    0.544235   25.544233 ^ _152_/Q (sky130_fd_sc_hd__dfxtp_2)
                                                         comparator_clk (net)
                      0.308969    0.000000   25.544233 ^ _109_/A (sky130_fd_sc_hd__nand4_2)
     4    0.009254    0.141005    0.159247   25.703482 v _109_/Y (sky130_fd_sc_hd__nand4_2)
                                                         _065_ (net)
                      0.141005    0.000000   25.703482 v _111_/A2 (sky130_fd_sc_hd__o21a_2)
     1    0.002226    0.032316    0.221991   25.925472 v _111_/X (sky130_fd_sc_hd__o21a_2)
                                                         _067_ (net)
                      0.032316    0.000000   25.925472 v _115_/A1 (sky130_fd_sc_hd__o21a_2)
     1    0.001681    0.030544    0.190816   26.116289 v _115_/X (sky130_fd_sc_hd__o21a_2)
                                                         _010_ (net)
                      0.030544    0.000000   26.116289 v _161_/D (sky130_fd_sc_hd__dfxtp_2)
                                             26.116289   data arrival time

                      0.150000   50.000000   50.000000   clock clk (rise edge)
                                  0.000000   50.000000   clock network delay (ideal)
                                 -0.250000   49.749996   clock uncertainty
                                  0.000000   49.749996   clock reconvergence pessimism
                                             49.749996 ^ _161_/CLK (sky130_fd_sc_hd__dfxtp_2)
                                 -0.082075   49.667923   library setup time
                                             49.667923   data required time
---------------------------------------------------------------------------------------------
                                             49.667923   data required time
                                            -26.116289   data arrival time
---------------------------------------------------------------------------------------------
                                             23.551634   slack (MET)


Startpoint: _152_ (rising edge-triggered flip-flop clocked by clk')
Endpoint: _172_ (rising edge-triggered flip-flop clocked by clk)
Path Group: clk
Path Type: max

Fanout         Cap        Slew       Delay        Time   Description
---------------------------------------------------------------------------------------------
                      0.150000   25.000000   25.000000   clock clk' (rise edge)
                                  0.000000   25.000000   clock network delay (ideal)
                      0.150000    0.000000   25.000000 ^ _152_/CLK (sky130_fd_sc_hd__dfxtp_2)
    12    0.060752    0.308969    0.544235   25.544233 ^ _152_/Q (sky130_fd_sc_hd__dfxtp_2)
                                                         comparator_clk (net)
                      0.308969    0.000000   25.544233 ^ _109_/A (sky130_fd_sc_hd__nand4_2)
     4    0.009254    0.141005    0.159247   25.703482 v _109_/Y (sky130_fd_sc_hd__nand4_2)
                                                         _065_ (net)
                      0.141005    0.000000   25.703482 v _110_/B (sky130_fd_sc_hd__or2_2)
     1    0.004279    0.060762    0.312351   26.015833 v _110_/X (sky130_fd_sc_hd__or2_2)
                                                         _066_ (net)
                      0.060762    0.000000   26.015833 v _151_/A1 (sky130_fd_sc_hd__a21oi_2)
     1    0.001674    0.070101    0.100865   26.116697 ^ _151_/Y (sky130_fd_sc_hd__a21oi_2)
                                                         _021_ (net)
                      0.070101    0.000000   26.116697 ^ _172_/D (sky130_fd_sc_hd__dfxtp_2)
                                             26.116697   data arrival time

                      0.150000   50.000000   50.000000   clock clk (rise edge)
                                  0.000000   50.000000   clock network delay (ideal)
                                 -0.250000   49.749996   clock uncertainty
                                  0.000000   49.749996   clock reconvergence pessimism
                                             49.749996 ^ _172_/CLK (sky130_fd_sc_hd__dfxtp_2)
                                 -0.049095   49.700901   library setup time
                                             49.700901   data required time
---------------------------------------------------------------------------------------------
                                             49.700901   data required time
                                            -26.116697   data arrival time
---------------------------------------------------------------------------------------------
                                             23.584206   slack (MET)


Startpoint: _152_ (rising edge-triggered flip-flop clocked by clk')
Endpoint: _169_ (rising edge-triggered flip-flop clocked by clk)
Path Group: clk
Path Type: max

Fanout         Cap        Slew       Delay        Time   Description
---------------------------------------------------------------------------------------------
                      0.150000   25.000000   25.000000   clock clk' (rise edge)
                                  0.000000   25.000000   clock network delay (ideal)
                      0.150000    0.000000   25.000000 ^ _152_/CLK (sky130_fd_sc_hd__dfxtp_2)
    12    0.059279    0.140637    0.447907   25.447906 v _152_/Q (sky130_fd_sc_hd__dfxtp_2)
                                                         comparator_clk (net)
                      0.140637    0.000000   25.447906 v _144_/A (sky130_fd_sc_hd__or2_2)
     1    0.001455    0.049107    0.313117   25.761023 v _144_/X (sky130_fd_sc_hd__or2_2)
                                                         _042_ (net)
                      0.049107    0.000000   25.761023 v _145_/C (sky130_fd_sc_hd__and3_2)
     1    0.001681    0.034363    0.197257   25.958281 v _145_/X (sky130_fd_sc_hd__and3_2)
                                                         _018_ (net)
                      0.034363    0.000000   25.958281 v _169_/D (sky130_fd_sc_hd__dfxtp_2)
                                             25.958281   data arrival time

                      0.150000   50.000000   50.000000   clock clk (rise edge)
                                  0.000000   50.000000   clock network delay (ideal)
                                 -0.250000   49.749996   clock uncertainty
                                  0.000000   49.749996   clock reconvergence pessimism
                                             49.749996 ^ _169_/CLK (sky130_fd_sc_hd__dfxtp_2)
                                 -0.083734   49.666264   library setup time
                                             49.666264   data required time
---------------------------------------------------------------------------------------------
                                             49.666264   data required time
                                            -25.958281   data arrival time
---------------------------------------------------------------------------------------------
                                             23.707983   slack (MET)


Startpoint: _152_ (rising edge-triggered flip-flop clocked by clk')
Endpoint: _171_ (rising edge-triggered flip-flop clocked by clk)
Path Group: clk
Path Type: max

Fanout         Cap        Slew       Delay        Time   Description
---------------------------------------------------------------------------------------------
                      0.150000   25.000000   25.000000   clock clk' (rise edge)
                                  0.000000   25.000000   clock network delay (ideal)
                      0.150000    0.000000   25.000000 ^ _152_/CLK (sky130_fd_sc_hd__dfxtp_2)
    12    0.060752    0.308969    0.544235   25.544233 ^ _152_/Q (sky130_fd_sc_hd__dfxtp_2)
                                                         comparator_clk (net)
                      0.308969    0.000000   25.544233 ^ _109_/A (sky130_fd_sc_hd__nand4_2)
     4    0.009254    0.141005    0.159247   25.703482 v _109_/Y (sky130_fd_sc_hd__nand4_2)
                                                         _065_ (net)
                      0.141005    0.000000   25.703482 v _149_/B (sky130_fd_sc_hd__and3_2)
     1    0.001681    0.034494    0.224798   25.928280 v _149_/X (sky130_fd_sc_hd__and3_2)
                                                         _020_ (net)
                      0.034494    0.000000   25.928280 v _171_/D (sky130_fd_sc_hd__dfxtp_2)
                                             25.928280   data arrival time

                      0.150000   50.000000   50.000000   clock clk (rise edge)
                                  0.000000   50.000000   clock network delay (ideal)
                                 -0.250000   49.749996   clock uncertainty
                                  0.000000   49.749996   clock reconvergence pessimism
                                             49.749996 ^ _171_/CLK (sky130_fd_sc_hd__dfxtp_2)
                                 -0.083791   49.666206   library setup time
                                             49.666206   data required time
---------------------------------------------------------------------------------------------
                                             49.666206   data required time
                                            -25.928280   data arrival time
---------------------------------------------------------------------------------------------
                                             23.737928   slack (MET)


Startpoint: _152_ (rising edge-triggered flip-flop clocked by clk')
Endpoint: _170_ (rising edge-triggered flip-flop clocked by clk)
Path Group: clk
Path Type: max

Fanout         Cap        Slew       Delay        Time   Description
---------------------------------------------------------------------------------------------
                      0.150000   25.000000   25.000000   clock clk' (rise edge)
                                  0.000000   25.000000   clock network delay (ideal)
                      0.150000    0.000000   25.000000 ^ _152_/CLK (sky130_fd_sc_hd__dfxtp_2)
    12    0.060752    0.308969    0.544235   25.544233 ^ _152_/Q (sky130_fd_sc_hd__dfxtp_2)
                                                         comparator_clk (net)
                      0.308969    0.000000   25.544233 ^ _107_/A (sky130_fd_sc_hd__nand3_2)
     3    0.007176    0.105685    0.121632   25.665867 v _107_/Y (sky130_fd_sc_hd__nand3_2)
                                                         _063_ (net)
                      0.105685    0.000000   25.665867 v _147_/B (sky130_fd_sc_hd__and3_2)
     1    0.001681    0.034462    0.208525   25.874392 v _147_/X (sky130_fd_sc_hd__and3_2)
                                                         _019_ (net)
                      0.034462    0.000000   25.874392 v _170_/D (sky130_fd_sc_hd__dfxtp_2)
                                             25.874392   data arrival time

                      0.150000   50.000000   50.000000   clock clk (rise edge)
                                  0.000000   50.000000   clock network delay (ideal)
                                 -0.250000   49.749996   clock uncertainty
                                  0.000000   49.749996   clock reconvergence pessimism
                                             49.749996 ^ _170_/CLK (sky130_fd_sc_hd__dfxtp_2)
                                 -0.083777   49.666222   library setup time
                                             49.666222   data required time
---------------------------------------------------------------------------------------------
                                             49.666222   data required time
                                            -25.874392   data arrival time
---------------------------------------------------------------------------------------------
                                             23.791830   slack (MET)


Startpoint: _161_ (rising edge-triggered flip-flop clocked by clk)
Endpoint: dac_in_n[0] (output port clocked by clk)
Path Group: clk
Path Type: max

Fanout         Cap        Slew       Delay        Time   Description
---------------------------------------------------------------------------------------------
                      0.150000    0.000000    0.000000   clock clk (rise edge)
                                  0.000000    0.000000   clock network delay (ideal)
                      0.150000    0.000000    0.000000 ^ _161_/CLK (sky130_fd_sc_hd__dfxtp_2)
     4    0.043117    0.222607    0.483932    0.483932 ^ _161_/Q (sky130_fd_sc_hd__dfxtp_2)
                                                         dac_in[0] (net)
                      0.222607    0.000000    0.483932 ^ _081_/A (sky130_fd_sc_hd__inv_2)
     1    0.033442    0.104222    0.136760    0.620692 v _081_/Y (sky130_fd_sc_hd__inv_2)
                                                         dac_in_n[0] (net)
                      0.104222    0.000000    0.620692 v dac_in_n[0] (out)
                                              0.620692   data arrival time

                      0.150000   50.000000   50.000000   clock clk (rise edge)
                                  0.000000   50.000000   clock network delay (ideal)
                                 -0.250000   49.749996   clock uncertainty
                                  0.000000   49.749996   clock reconvergence pessimism
                                -10.000000   39.749996   output external delay
                                             39.749996   data required time
---------------------------------------------------------------------------------------------
                                             39.749996   data required time
                                             -0.620692   data arrival time
---------------------------------------------------------------------------------------------
                                             39.129307   slack (MET)


Startpoint: _163_ (rising edge-triggered flip-flop clocked by clk)
Endpoint: dac_in_n[2] (output port clocked by clk)
Path Group: clk
Path Type: max

Fanout         Cap        Slew       Delay        Time   Description
---------------------------------------------------------------------------------------------
                      0.150000    0.000000    0.000000   clock clk (rise edge)
                                  0.000000    0.000000   clock network delay (ideal)
                      0.150000    0.000000    0.000000 ^ _163_/CLK (sky130_fd_sc_hd__dfxtp_2)
     4    0.043019    0.222128    0.483597    0.483597 ^ _163_/Q (sky130_fd_sc_hd__dfxtp_2)
                                                         dac_in[2] (net)
                      0.222128    0.000000    0.483597 ^ _079_/A (sky130_fd_sc_hd__inv_2)
     1    0.033442    0.104119    0.136618    0.620215 v _079_/Y (sky130_fd_sc_hd__inv_2)
                                                         dac_in_n[2] (net)
                      0.104119    0.000000    0.620215 v dac_in_n[2] (out)
                                              0.620215   data arrival time

                      0.150000   50.000000   50.000000   clock clk (rise edge)
                                  0.000000   50.000000   clock network delay (ideal)
                                 -0.250000   49.749996   clock uncertainty
                                  0.000000   49.749996   clock reconvergence pessimism
                                -10.000000   39.749996   output external delay
                                             39.749996   data required time
---------------------------------------------------------------------------------------------
                                             39.749996   data required time
                                             -0.620215   data arrival time
---------------------------------------------------------------------------------------------
                                             39.129780   slack (MET)


Startpoint: _167_ (rising edge-triggered flip-flop clocked by clk)
Endpoint: dac_in_n[6] (output port clocked by clk)
Path Group: clk
Path Type: max

Fanout         Cap        Slew       Delay        Time   Description
---------------------------------------------------------------------------------------------
                      0.150000    0.000000    0.000000   clock clk (rise edge)
                                  0.000000    0.000000   clock network delay (ideal)
                      0.150000    0.000000    0.000000 ^ _167_/CLK (sky130_fd_sc_hd__dfxtp_2)
     4    0.043019    0.222128    0.483597    0.483597 ^ _167_/Q (sky130_fd_sc_hd__dfxtp_2)
                                                         dac_in[6] (net)
                      0.222128    0.000000    0.483597 ^ _075_/A (sky130_fd_sc_hd__inv_2)
     1    0.033442    0.104119    0.136618    0.620215 v _075_/Y (sky130_fd_sc_hd__inv_2)
                                                         dac_in_n[6] (net)
                      0.104119    0.000000    0.620215 v dac_in_n[6] (out)
                                              0.620215   data arrival time

                      0.150000   50.000000   50.000000   clock clk (rise edge)
                                  0.000000   50.000000   clock network delay (ideal)
                                 -0.250000   49.749996   clock uncertainty
                                  0.000000   49.749996   clock reconvergence pessimism
                                -10.000000   39.749996   output external delay
                                             39.749996   data required time
---------------------------------------------------------------------------------------------
                                             39.749996   data required time
                                             -0.620215   data arrival time
---------------------------------------------------------------------------------------------
                                             39.129780   slack (MET)


Startpoint: _164_ (rising edge-triggered flip-flop clocked by clk)
Endpoint: dac_in_n[3] (output port clocked by clk)
Path Group: clk
Path Type: max

Fanout         Cap        Slew       Delay        Time   Description
---------------------------------------------------------------------------------------------
                      0.150000    0.000000    0.000000   clock clk (rise edge)
                                  0.000000    0.000000   clock network delay (ideal)
                      0.150000    0.000000    0.000000 ^ _164_/CLK (sky130_fd_sc_hd__dfxtp_2)
     3    0.040624    0.210399    0.475408    0.475408 ^ _164_/Q (sky130_fd_sc_hd__dfxtp_2)
                                                         dac_in[3] (net)
                      0.210399    0.000000    0.475408 ^ _078_/A (sky130_fd_sc_hd__inv_2)
     2    0.037561    0.108758    0.143008    0.618415 v _078_/Y (sky130_fd_sc_hd__inv_2)
                                                         dac_in_n[3] (net)
                      0.108758    0.000000    0.618415 v dac_in_n[3] (out)
                                              0.618415   data arrival time

                      0.150000   50.000000   50.000000   clock clk (rise edge)
                                  0.000000   50.000000   clock network delay (ideal)
                                 -0.250000   49.749996   clock uncertainty
                                  0.000000   49.749996   clock reconvergence pessimism
                                -10.000000   39.749996   output external delay
                                             39.749996   data required time
---------------------------------------------------------------------------------------------
                                             39.749996   data required time
                                             -0.618415   data arrival time
---------------------------------------------------------------------------------------------
                                             39.131584   slack (MET)


Startpoint: _168_ (rising edge-triggered flip-flop clocked by clk)
Endpoint: dac_in_n[7] (output port clocked by clk)
Path Group: clk
Path Type: max

Fanout         Cap        Slew       Delay        Time   Description
---------------------------------------------------------------------------------------------
                      0.150000    0.000000    0.000000   clock clk (rise edge)
                                  0.000000    0.000000   clock network delay (ideal)
                      0.150000    0.000000    0.000000 ^ _168_/CLK (sky130_fd_sc_hd__dfxtp_2)
     3    0.040624    0.210399    0.475408    0.475408 ^ _168_/Q (sky130_fd_sc_hd__dfxtp_2)
                                                         dac_in[7] (net)
                      0.210399    0.000000    0.475408 ^ _074_/A (sky130_fd_sc_hd__inv_2)
     2    0.037561    0.108758    0.143008    0.618415 v _074_/Y (sky130_fd_sc_hd__inv_2)
                                                         dac_in_n[7] (net)
                      0.108758    0.000000    0.618415 v dac_in_n[7] (out)
                                              0.618415   data arrival time

                      0.150000   50.000000   50.000000   clock clk (rise edge)
                                  0.000000   50.000000   clock network delay (ideal)
                                 -0.250000   49.749996   clock uncertainty
                                  0.000000   49.749996   clock reconvergence pessimism
                                -10.000000   39.749996   output external delay
                                             39.749996   data required time
---------------------------------------------------------------------------------------------
                                             39.749996   data required time
                                             -0.618415   data arrival time
---------------------------------------------------------------------------------------------
                                             39.131584   slack (MET)


Startpoint: _162_ (rising edge-triggered flip-flop clocked by clk)
Endpoint: dac_in_n[1] (output port clocked by clk)
Path Group: clk
Path Type: max

Fanout         Cap        Slew       Delay        Time   Description
---------------------------------------------------------------------------------------------
                      0.150000    0.000000    0.000000   clock clk (rise edge)
                                  0.000000    0.000000   clock network delay (ideal)
                      0.150000    0.000000    0.000000 ^ _162_/CLK (sky130_fd_sc_hd__dfxtp_2)
     3    0.040624    0.210399    0.475408    0.475408 ^ _162_/Q (sky130_fd_sc_hd__dfxtp_2)
                                                         dac_in[1] (net)
                      0.210399    0.000000    0.475408 ^ _080_/A (sky130_fd_sc_hd__inv_2)
     2    0.035637    0.105421    0.138403    0.613811 v _080_/Y (sky130_fd_sc_hd__inv_2)
                                                         dac_in_n[1] (net)
                      0.105421    0.000000    0.613811 v dac_in_n[1] (out)
                                              0.613811   data arrival time

                      0.150000   50.000000   50.000000   clock clk (rise edge)
                                  0.000000   50.000000   clock network delay (ideal)
                                 -0.250000   49.749996   clock uncertainty
                                  0.000000   49.749996   clock reconvergence pessimism
                                -10.000000   39.749996   output external delay
                                             39.749996   data required time
---------------------------------------------------------------------------------------------
                                             39.749996   data required time
                                             -0.613811   data arrival time
---------------------------------------------------------------------------------------------
                                             39.136189   slack (MET)


Startpoint: _165_ (rising edge-triggered flip-flop clocked by clk)
Endpoint: dac_in_n[4] (output port clocked by clk)
Path Group: clk
Path Type: max

Fanout         Cap        Slew       Delay        Time   Description
---------------------------------------------------------------------------------------------
                      0.150000    0.000000    0.000000   clock clk (rise edge)
                                  0.000000    0.000000   clock network delay (ideal)
                      0.150000    0.000000    0.000000 ^ _165_/CLK (sky130_fd_sc_hd__dfxtp_2)
     3    0.040624    0.210399    0.475408    0.475408 ^ _165_/Q (sky130_fd_sc_hd__dfxtp_2)
                                                         dac_in[4] (net)
                      0.210399    0.000000    0.475408 ^ _077_/A (sky130_fd_sc_hd__inv_2)
     2    0.035637    0.105421    0.138403    0.613811 v _077_/Y (sky130_fd_sc_hd__inv_2)
                                                         dac_in_n[4] (net)
                      0.105421    0.000000    0.613811 v dac_in_n[4] (out)
                                              0.613811   data arrival time

                      0.150000   50.000000   50.000000   clock clk (rise edge)
                                  0.000000   50.000000   clock network delay (ideal)
                                 -0.250000   49.749996   clock uncertainty
                                  0.000000   49.749996   clock reconvergence pessimism
                                -10.000000   39.749996   output external delay
                                             39.749996   data required time
---------------------------------------------------------------------------------------------
                                             39.749996   data required time
                                             -0.613811   data arrival time
---------------------------------------------------------------------------------------------
                                             39.136189   slack (MET)


Startpoint: _166_ (rising edge-triggered flip-flop clocked by clk)
Endpoint: dac_in_n[5] (output port clocked by clk)
Path Group: clk
Path Type: max

Fanout         Cap        Slew       Delay        Time   Description
---------------------------------------------------------------------------------------------
                      0.150000    0.000000    0.000000   clock clk (rise edge)
                                  0.000000    0.000000   clock network delay (ideal)
                      0.150000    0.000000    0.000000 ^ _166_/CLK (sky130_fd_sc_hd__dfxtp_2)
     3    0.040624    0.210399    0.475408    0.475408 ^ _166_/Q (sky130_fd_sc_hd__dfxtp_2)
                                                         dac_in[5] (net)
                      0.210399    0.000000    0.475408 ^ _076_/A (sky130_fd_sc_hd__inv_2)
     2    0.035637    0.105421    0.138403    0.613811 v _076_/Y (sky130_fd_sc_hd__inv_2)
                                                         dac_in_n[5] (net)
                      0.105421    0.000000    0.613811 v dac_in_n[5] (out)
                                              0.613811   data arrival time

                      0.150000   50.000000   50.000000   clock clk (rise edge)
                                  0.000000   50.000000   clock network delay (ideal)
                                 -0.250000   49.749996   clock uncertainty
                                  0.000000   49.749996   clock reconvergence pessimism
                                -10.000000   39.749996   output external delay
                                             39.749996   data required time
---------------------------------------------------------------------------------------------
                                             39.749996   data required time
                                             -0.613811   data arrival time
---------------------------------------------------------------------------------------------
                                             39.136189   slack (MET)


Startpoint: _161_ (rising edge-triggered flip-flop clocked by clk)
Endpoint: dac_in[0] (output port clocked by clk)
Path Group: clk
Path Type: max

Fanout         Cap        Slew       Delay        Time   Description
---------------------------------------------------------------------------------------------
                      0.150000    0.000000    0.000000   clock clk (rise edge)
                                  0.000000    0.000000   clock network delay (ideal)
                      0.150000    0.000000    0.000000 ^ _161_/CLK (sky130_fd_sc_hd__dfxtp_2)
     4    0.043117    0.222607    0.483932    0.483932 ^ _161_/Q (sky130_fd_sc_hd__dfxtp_2)
                                                         dac_in[0] (net)
                      0.222607    0.000000    0.483932 ^ dac_in[0] (out)
                                              0.483932   data arrival time

                      0.150000   50.000000   50.000000   clock clk (rise edge)
                                  0.000000   50.000000   clock network delay (ideal)
                                 -0.250000   49.749996   clock uncertainty
                                  0.000000   49.749996   clock reconvergence pessimism
                                -10.000000   39.749996   output external delay
                                             39.749996   data required time
---------------------------------------------------------------------------------------------
                                             39.749996   data required time
                                             -0.483932   data arrival time
---------------------------------------------------------------------------------------------
                                             39.266064   slack (MET)


Startpoint: _163_ (rising edge-triggered flip-flop clocked by clk)
Endpoint: dac_in[2] (output port clocked by clk)
Path Group: clk
Path Type: max

Fanout         Cap        Slew       Delay        Time   Description
---------------------------------------------------------------------------------------------
                      0.150000    0.000000    0.000000   clock clk (rise edge)
                                  0.000000    0.000000   clock network delay (ideal)
                      0.150000    0.000000    0.000000 ^ _163_/CLK (sky130_fd_sc_hd__dfxtp_2)
     4    0.043019    0.222128    0.483597    0.483597 ^ _163_/Q (sky130_fd_sc_hd__dfxtp_2)
                                                         dac_in[2] (net)
                      0.222128    0.000000    0.483597 ^ dac_in[2] (out)
                                              0.483597   data arrival time

                      0.150000   50.000000   50.000000   clock clk (rise edge)
                                  0.000000   50.000000   clock network delay (ideal)
                                 -0.250000   49.749996   clock uncertainty
                                  0.000000   49.749996   clock reconvergence pessimism
                                -10.000000   39.749996   output external delay
                                             39.749996   data required time
---------------------------------------------------------------------------------------------
                                             39.749996   data required time
                                             -0.483597   data arrival time
---------------------------------------------------------------------------------------------
                                             39.266396   slack (MET)


Startpoint: _167_ (rising edge-triggered flip-flop clocked by clk)
Endpoint: dac_in[6] (output port clocked by clk)
Path Group: clk
Path Type: max

Fanout         Cap        Slew       Delay        Time   Description
---------------------------------------------------------------------------------------------
                      0.150000    0.000000    0.000000   clock clk (rise edge)
                                  0.000000    0.000000   clock network delay (ideal)
                      0.150000    0.000000    0.000000 ^ _167_/CLK (sky130_fd_sc_hd__dfxtp_2)
     4    0.043019    0.222128    0.483597    0.483597 ^ _167_/Q (sky130_fd_sc_hd__dfxtp_2)
                                                         dac_in[6] (net)
                      0.222128    0.000000    0.483597 ^ dac_in[6] (out)
                                              0.483597   data arrival time

                      0.150000   50.000000   50.000000   clock clk (rise edge)
                                  0.000000   50.000000   clock network delay (ideal)
                                 -0.250000   49.749996   clock uncertainty
                                  0.000000   49.749996   clock reconvergence pessimism
                                -10.000000   39.749996   output external delay
                                             39.749996   data required time
---------------------------------------------------------------------------------------------
                                             39.749996   data required time
                                             -0.483597   data arrival time
---------------------------------------------------------------------------------------------
                                             39.266396   slack (MET)


Startpoint: _162_ (rising edge-triggered flip-flop clocked by clk)
Endpoint: dac_in[1] (output port clocked by clk)
Path Group: clk
Path Type: max

Fanout         Cap        Slew       Delay        Time   Description
---------------------------------------------------------------------------------------------
                      0.150000    0.000000    0.000000   clock clk (rise edge)
                                  0.000000    0.000000   clock network delay (ideal)
                      0.150000    0.000000    0.000000 ^ _162_/CLK (sky130_fd_sc_hd__dfxtp_2)
     3    0.040624    0.210399    0.475408    0.475408 ^ _162_/Q (sky130_fd_sc_hd__dfxtp_2)
                                                         dac_in[1] (net)
                      0.210399    0.000000    0.475408 ^ dac_in[1] (out)
                                              0.475408   data arrival time

                      0.150000   50.000000   50.000000   clock clk (rise edge)
                                  0.000000   50.000000   clock network delay (ideal)
                                 -0.250000   49.749996   clock uncertainty
                                  0.000000   49.749996   clock reconvergence pessimism
                                -10.000000   39.749996   output external delay
                                             39.749996   data required time
---------------------------------------------------------------------------------------------
                                             39.749996   data required time
                                             -0.475408   data arrival time
---------------------------------------------------------------------------------------------
                                             39.274590   slack (MET)


Startpoint: _164_ (rising edge-triggered flip-flop clocked by clk)
Endpoint: dac_in[3] (output port clocked by clk)
Path Group: clk
Path Type: max

Fanout         Cap        Slew       Delay        Time   Description
---------------------------------------------------------------------------------------------
                      0.150000    0.000000    0.000000   clock clk (rise edge)
                                  0.000000    0.000000   clock network delay (ideal)
                      0.150000    0.000000    0.000000 ^ _164_/CLK (sky130_fd_sc_hd__dfxtp_2)
     3    0.040624    0.210399    0.475408    0.475408 ^ _164_/Q (sky130_fd_sc_hd__dfxtp_2)
                                                         dac_in[3] (net)
                      0.210399    0.000000    0.475408 ^ dac_in[3] (out)
                                              0.475408   data arrival time

                      0.150000   50.000000   50.000000   clock clk (rise edge)
                                  0.000000   50.000000   clock network delay (ideal)
                                 -0.250000   49.749996   clock uncertainty
                                  0.000000   49.749996   clock reconvergence pessimism
                                -10.000000   39.749996   output external delay
                                             39.749996   data required time
---------------------------------------------------------------------------------------------
                                             39.749996   data required time
                                             -0.475408   data arrival time
---------------------------------------------------------------------------------------------
                                             39.274590   slack (MET)


Startpoint: _165_ (rising edge-triggered flip-flop clocked by clk)
Endpoint: dac_in[4] (output port clocked by clk)
Path Group: clk
Path Type: max

Fanout         Cap        Slew       Delay        Time   Description
---------------------------------------------------------------------------------------------
                      0.150000    0.000000    0.000000   clock clk (rise edge)
                                  0.000000    0.000000   clock network delay (ideal)
                      0.150000    0.000000    0.000000 ^ _165_/CLK (sky130_fd_sc_hd__dfxtp_2)
     3    0.040624    0.210399    0.475408    0.475408 ^ _165_/Q (sky130_fd_sc_hd__dfxtp_2)
                                                         dac_in[4] (net)
                      0.210399    0.000000    0.475408 ^ dac_in[4] (out)
                                              0.475408   data arrival time

                      0.150000   50.000000   50.000000   clock clk (rise edge)
                                  0.000000   50.000000   clock network delay (ideal)
                                 -0.250000   49.749996   clock uncertainty
                                  0.000000   49.749996   clock reconvergence pessimism
                                -10.000000   39.749996   output external delay
                                             39.749996   data required time
---------------------------------------------------------------------------------------------
                                             39.749996   data required time
                                             -0.475408   data arrival time
---------------------------------------------------------------------------------------------
                                             39.274590   slack (MET)


Startpoint: _166_ (rising edge-triggered flip-flop clocked by clk)
Endpoint: dac_in[5] (output port clocked by clk)
Path Group: clk
Path Type: max

Fanout         Cap        Slew       Delay        Time   Description
---------------------------------------------------------------------------------------------
                      0.150000    0.000000    0.000000   clock clk (rise edge)
                                  0.000000    0.000000   clock network delay (ideal)
                      0.150000    0.000000    0.000000 ^ _166_/CLK (sky130_fd_sc_hd__dfxtp_2)
     3    0.040624    0.210399    0.475408    0.475408 ^ _166_/Q (sky130_fd_sc_hd__dfxtp_2)
                                                         dac_in[5] (net)
                      0.210399    0.000000    0.475408 ^ dac_in[5] (out)
                                              0.475408   data arrival time

                      0.150000   50.000000   50.000000   clock clk (rise edge)
                                  0.000000   50.000000   clock network delay (ideal)
                                 -0.250000   49.749996   clock uncertainty
                                  0.000000   49.749996   clock reconvergence pessimism
                                -10.000000   39.749996   output external delay
                                             39.749996   data required time
---------------------------------------------------------------------------------------------
                                             39.749996   data required time
                                             -0.475408   data arrival time
---------------------------------------------------------------------------------------------
                                             39.274590   slack (MET)


Startpoint: _168_ (rising edge-triggered flip-flop clocked by clk)
Endpoint: dac_in[7] (output port clocked by clk)
Path Group: clk
Path Type: max

Fanout         Cap        Slew       Delay        Time   Description
---------------------------------------------------------------------------------------------
                      0.150000    0.000000    0.000000   clock clk (rise edge)
                                  0.000000    0.000000   clock network delay (ideal)
                      0.150000    0.000000    0.000000 ^ _168_/CLK (sky130_fd_sc_hd__dfxtp_2)
     3    0.040624    0.210399    0.475408    0.475408 ^ _168_/Q (sky130_fd_sc_hd__dfxtp_2)
                                                         dac_in[7] (net)
                      0.210399    0.000000    0.475408 ^ dac_in[7] (out)
                                              0.475408   data arrival time

                      0.150000   50.000000   50.000000   clock clk (rise edge)
                                  0.000000   50.000000   clock network delay (ideal)
                                 -0.250000   49.749996   clock uncertainty
                                  0.000000   49.749996   clock reconvergence pessimism
                                -10.000000   39.749996   output external delay
                                             39.749996   data required time
---------------------------------------------------------------------------------------------
                                             39.749996   data required time
                                             -0.475408   data arrival time
---------------------------------------------------------------------------------------------
                                             39.274590   slack (MET)


Startpoint: _153_ (rising edge-triggered flip-flop clocked by clk)
Endpoint: adc_out[0] (output port clocked by clk)
Path Group: clk
Path Type: max

Fanout         Cap        Slew       Delay        Time   Description
---------------------------------------------------------------------------------------------
                      0.150000    0.000000    0.000000   clock clk (rise edge)
                                  0.000000    0.000000   clock network delay (ideal)
                      0.150000    0.000000    0.000000 ^ _153_/CLK (sky130_fd_sc_hd__dfxtp_2)
     2    0.035012    0.182985    0.456175    0.456175 ^ _153_/Q (sky130_fd_sc_hd__dfxtp_2)
                                                         adc_out[0] (net)
                      0.182985    0.000000    0.456175 ^ adc_out[0] (out)
                                              0.456175   data arrival time

                      0.150000   50.000000   50.000000   clock clk (rise edge)
                                  0.000000   50.000000   clock network delay (ideal)
                                 -0.250000   49.749996   clock uncertainty
                                  0.000000   49.749996   clock reconvergence pessimism
                                -10.000000   39.749996   output external delay
                                             39.749996   data required time
---------------------------------------------------------------------------------------------
                                             39.749996   data required time
                                             -0.456175   data arrival time
---------------------------------------------------------------------------------------------
                                             39.293819   slack (MET)


Startpoint: _154_ (rising edge-triggered flip-flop clocked by clk)
Endpoint: adc_out[1] (output port clocked by clk)
Path Group: clk
Path Type: max

Fanout         Cap        Slew       Delay        Time   Description
---------------------------------------------------------------------------------------------
                      0.150000    0.000000    0.000000   clock clk (rise edge)
                                  0.000000    0.000000   clock network delay (ideal)
                      0.150000    0.000000    0.000000 ^ _154_/CLK (sky130_fd_sc_hd__dfxtp_2)
     2    0.035012    0.182985    0.456175    0.456175 ^ _154_/Q (sky130_fd_sc_hd__dfxtp_2)
                                                         adc_out[1] (net)
                      0.182985    0.000000    0.456175 ^ adc_out[1] (out)
                                              0.456175   data arrival time

                      0.150000   50.000000   50.000000   clock clk (rise edge)
                                  0.000000   50.000000   clock network delay (ideal)
                                 -0.250000   49.749996   clock uncertainty
                                  0.000000   49.749996   clock reconvergence pessimism
                                -10.000000   39.749996   output external delay
                                             39.749996   data required time
---------------------------------------------------------------------------------------------
                                             39.749996   data required time
                                             -0.456175   data arrival time
---------------------------------------------------------------------------------------------
                                             39.293819   slack (MET)


Startpoint: _155_ (rising edge-triggered flip-flop clocked by clk)
Endpoint: adc_out[2] (output port clocked by clk)
Path Group: clk
Path Type: max

Fanout         Cap        Slew       Delay        Time   Description
---------------------------------------------------------------------------------------------
                      0.150000    0.000000    0.000000   clock clk (rise edge)
                                  0.000000    0.000000   clock network delay (ideal)
                      0.150000    0.000000    0.000000 ^ _155_/CLK (sky130_fd_sc_hd__dfxtp_2)
     2    0.035012    0.182985    0.456175    0.456175 ^ _155_/Q (sky130_fd_sc_hd__dfxtp_2)
                                                         adc_out[2] (net)
                      0.182985    0.000000    0.456175 ^ adc_out[2] (out)
                                              0.456175   data arrival time

                      0.150000   50.000000   50.000000   clock clk (rise edge)
                                  0.000000   50.000000   clock network delay (ideal)
                                 -0.250000   49.749996   clock uncertainty
                                  0.000000   49.749996   clock reconvergence pessimism
                                -10.000000   39.749996   output external delay
                                             39.749996   data required time
---------------------------------------------------------------------------------------------
                                             39.749996   data required time
                                             -0.456175   data arrival time
---------------------------------------------------------------------------------------------
                                             39.293819   slack (MET)


Startpoint: _156_ (rising edge-triggered flip-flop clocked by clk)
Endpoint: adc_out[3] (output port clocked by clk)
Path Group: clk
Path Type: max

Fanout         Cap        Slew       Delay        Time   Description
---------------------------------------------------------------------------------------------
                      0.150000    0.000000    0.000000   clock clk (rise edge)
                                  0.000000    0.000000   clock network delay (ideal)
                      0.150000    0.000000    0.000000 ^ _156_/CLK (sky130_fd_sc_hd__dfxtp_2)
     2    0.035012    0.182985    0.456175    0.456175 ^ _156_/Q (sky130_fd_sc_hd__dfxtp_2)
                                                         adc_out[3] (net)
                      0.182985    0.000000    0.456175 ^ adc_out[3] (out)
                                              0.456175   data arrival time

                      0.150000   50.000000   50.000000   clock clk (rise edge)
                                  0.000000   50.000000   clock network delay (ideal)
                                 -0.250000   49.749996   clock uncertainty
                                  0.000000   49.749996   clock reconvergence pessimism
                                -10.000000   39.749996   output external delay
                                             39.749996   data required time
---------------------------------------------------------------------------------------------
                                             39.749996   data required time
                                             -0.456175   data arrival time
---------------------------------------------------------------------------------------------
                                             39.293819   slack (MET)


Startpoint: _157_ (rising edge-triggered flip-flop clocked by clk)
Endpoint: adc_out[4] (output port clocked by clk)
Path Group: clk
Path Type: max

Fanout         Cap        Slew       Delay        Time   Description
---------------------------------------------------------------------------------------------
                      0.150000    0.000000    0.000000   clock clk (rise edge)
                                  0.000000    0.000000   clock network delay (ideal)
                      0.150000    0.000000    0.000000 ^ _157_/CLK (sky130_fd_sc_hd__dfxtp_2)
     2    0.035012    0.182985    0.456175    0.456175 ^ _157_/Q (sky130_fd_sc_hd__dfxtp_2)
                                                         adc_out[4] (net)
                      0.182985    0.000000    0.456175 ^ adc_out[4] (out)
                                              0.456175   data arrival time

                      0.150000   50.000000   50.000000   clock clk (rise edge)
                                  0.000000   50.000000   clock network delay (ideal)
                                 -0.250000   49.749996   clock uncertainty
                                  0.000000   49.749996   clock reconvergence pessimism
                                -10.000000   39.749996   output external delay
                                             39.749996   data required time
---------------------------------------------------------------------------------------------
                                             39.749996   data required time
                                             -0.456175   data arrival time
---------------------------------------------------------------------------------------------
                                             39.293819   slack (MET)


Startpoint: _158_ (rising edge-triggered flip-flop clocked by clk)
Endpoint: adc_out[5] (output port clocked by clk)
Path Group: clk
Path Type: max

Fanout         Cap        Slew       Delay        Time   Description
---------------------------------------------------------------------------------------------
                      0.150000    0.000000    0.000000   clock clk (rise edge)
                                  0.000000    0.000000   clock network delay (ideal)
                      0.150000    0.000000    0.000000 ^ _158_/CLK (sky130_fd_sc_hd__dfxtp_2)
     2    0.035012    0.182985    0.456175    0.456175 ^ _158_/Q (sky130_fd_sc_hd__dfxtp_2)
                                                         adc_out[5] (net)
                      0.182985    0.000000    0.456175 ^ adc_out[5] (out)
                                              0.456175   data arrival time

                      0.150000   50.000000   50.000000   clock clk (rise edge)
                                  0.000000   50.000000   clock network delay (ideal)
                                 -0.250000   49.749996   clock uncertainty
                                  0.000000   49.749996   clock reconvergence pessimism
                                -10.000000   39.749996   output external delay
                                             39.749996   data required time
---------------------------------------------------------------------------------------------
                                             39.749996   data required time
                                             -0.456175   data arrival time
---------------------------------------------------------------------------------------------
                                             39.293819   slack (MET)


Startpoint: _159_ (rising edge-triggered flip-flop clocked by clk)
Endpoint: adc_out[6] (output port clocked by clk)
Path Group: clk
Path Type: max

Fanout         Cap        Slew       Delay        Time   Description
---------------------------------------------------------------------------------------------
                      0.150000    0.000000    0.000000   clock clk (rise edge)
                                  0.000000    0.000000   clock network delay (ideal)
                      0.150000    0.000000    0.000000 ^ _159_/CLK (sky130_fd_sc_hd__dfxtp_2)
     2    0.035012    0.182985    0.456175    0.456175 ^ _159_/Q (sky130_fd_sc_hd__dfxtp_2)
                                                         adc_out[6] (net)
                      0.182985    0.000000    0.456175 ^ adc_out[6] (out)
                                              0.456175   data arrival time

                      0.150000   50.000000   50.000000   clock clk (rise edge)
                                  0.000000   50.000000   clock network delay (ideal)
                                 -0.250000   49.749996   clock uncertainty
                                  0.000000   49.749996   clock reconvergence pessimism
                                -10.000000   39.749996   output external delay
                                             39.749996   data required time
---------------------------------------------------------------------------------------------
                                             39.749996   data required time
                                             -0.456175   data arrival time
---------------------------------------------------------------------------------------------
                                             39.293819   slack (MET)


Startpoint: _160_ (rising edge-triggered flip-flop clocked by clk)
Endpoint: adc_out[7] (output port clocked by clk)
Path Group: clk
Path Type: max

Fanout         Cap        Slew       Delay        Time   Description
---------------------------------------------------------------------------------------------
                      0.150000    0.000000    0.000000   clock clk (rise edge)
                                  0.000000    0.000000   clock network delay (ideal)
                      0.150000    0.000000    0.000000 ^ _160_/CLK (sky130_fd_sc_hd__dfxtp_2)
     2    0.035012    0.182985    0.456175    0.456175 ^ _160_/Q (sky130_fd_sc_hd__dfxtp_2)
                                                         adc_out[7] (net)
                      0.182985    0.000000    0.456175 ^ adc_out[7] (out)
                                              0.456175   data arrival time

                      0.150000   50.000000   50.000000   clock clk (rise edge)
                                  0.000000   50.000000   clock network delay (ideal)
                                 -0.250000   49.749996   clock uncertainty
                                  0.000000   49.749996   clock reconvergence pessimism
                                -10.000000   39.749996   output external delay
                                             39.749996   data required time
---------------------------------------------------------------------------------------------
                                             39.749996   data required time
                                             -0.456175   data arrival time
---------------------------------------------------------------------------------------------
                                             39.293819   slack (MET)


Startpoint: rst_n (input port clocked by clk)
Endpoint: _153_ (rising edge-triggered flip-flop clocked by clk)
Path Group: clk
Path Type: max

Fanout         Cap        Slew       Delay        Time   Description
---------------------------------------------------------------------------------------------
                      0.150000    0.000000    0.000000   clock clk (rise edge)
                                  0.000000    0.000000   clock network delay (ideal)
                                 10.000000   10.000000 ^ input external delay
    11    0.027113    0.129344    0.087676   10.087676 ^ rst_n (in)
                                                         rst_n (net)
                      0.129344    0.000000   10.087676 ^ _088_/C1 (sky130_fd_sc_hd__o211a_2)
     1    0.001674    0.036800    0.172350   10.260026 ^ _088_/X (sky130_fd_sc_hd__o211a_2)
                                                         _002_ (net)
                      0.036800    0.000000   10.260026 ^ _153_/D (sky130_fd_sc_hd__dfxtp_2)
                                             10.260026   data arrival time

                      0.150000   50.000000   50.000000   clock clk (rise edge)
                                  0.000000   50.000000   clock network delay (ideal)
                                 -0.250000   49.749996   clock uncertainty
                                  0.000000   49.749996   clock reconvergence pessimism
                                             49.749996 ^ _153_/CLK (sky130_fd_sc_hd__dfxtp_2)
                                 -0.041457   49.708542   library setup time
                                             49.708542   data required time
---------------------------------------------------------------------------------------------
                                             49.708542   data required time
                                            -10.260026   data arrival time
---------------------------------------------------------------------------------------------
                                             39.448517   slack (MET)


Startpoint: rst_n (input port clocked by clk)
Endpoint: _154_ (rising edge-triggered flip-flop clocked by clk)
Path Group: clk
Path Type: max

Fanout         Cap        Slew       Delay        Time   Description
---------------------------------------------------------------------------------------------
                      0.150000    0.000000    0.000000   clock clk (rise edge)
                                  0.000000    0.000000   clock network delay (ideal)
                                 10.000000   10.000000 ^ input external delay
    11    0.027113    0.129344    0.087676   10.087676 ^ rst_n (in)
                                                         rst_n (net)
                      0.129344    0.000000   10.087676 ^ _090_/C1 (sky130_fd_sc_hd__o211a_2)
     1    0.001674    0.036690    0.172350   10.260026 ^ _090_/X (sky130_fd_sc_hd__o211a_2)
                                                         _003_ (net)
                      0.036690    0.000000   10.260026 ^ _154_/D (sky130_fd_sc_hd__dfxtp_2)
                                             10.260026   data arrival time

                      0.150000   50.000000   50.000000   clock clk (rise edge)
                                  0.000000   50.000000   clock network delay (ideal)
                                 -0.250000   49.749996   clock uncertainty
                                  0.000000   49.749996   clock reconvergence pessimism
                                             49.749996 ^ _154_/CLK (sky130_fd_sc_hd__dfxtp_2)
                                 -0.041432   49.708565   library setup time
                                             49.708565   data required time
---------------------------------------------------------------------------------------------
                                             49.708565   data required time
                                            -10.260026   data arrival time
---------------------------------------------------------------------------------------------
                                             39.448540   slack (MET)


Startpoint: rst_n (input port clocked by clk)
Endpoint: _155_ (rising edge-triggered flip-flop clocked by clk)
Path Group: clk
Path Type: max

Fanout         Cap        Slew       Delay        Time   Description
---------------------------------------------------------------------------------------------
                      0.150000    0.000000    0.000000   clock clk (rise edge)
                                  0.000000    0.000000   clock network delay (ideal)
                                 10.000000   10.000000 ^ input external delay
    11    0.027113    0.129344    0.087676   10.087676 ^ rst_n (in)
                                                         rst_n (net)
                      0.129344    0.000000   10.087676 ^ _092_/C1 (sky130_fd_sc_hd__o211a_2)
     1    0.001674    0.036796    0.172350   10.260026 ^ _092_/X (sky130_fd_sc_hd__o211a_2)
                                                         _004_ (net)
                      0.036796    0.000000   10.260026 ^ _155_/D (sky130_fd_sc_hd__dfxtp_2)
                                             10.260026   data arrival time

                      0.150000   50.000000   50.000000   clock clk (rise edge)
                                  0.000000   50.000000   clock network delay (ideal)
                                 -0.250000   49.749996   clock uncertainty
                                  0.000000   49.749996   clock reconvergence pessimism
                                             49.749996 ^ _155_/CLK (sky130_fd_sc_hd__dfxtp_2)
                                 -0.041456   49.708542   library setup time
                                             49.708542   data required time
---------------------------------------------------------------------------------------------
                                             49.708542   data required time
                                            -10.260026   data arrival time
---------------------------------------------------------------------------------------------
                                             39.448517   slack (MET)


Startpoint: rst_n (input port clocked by clk)
Endpoint: _156_ (rising edge-triggered flip-flop clocked by clk)
Path Group: clk
Path Type: max

Fanout         Cap        Slew       Delay        Time   Description
---------------------------------------------------------------------------------------------
                      0.150000    0.000000    0.000000   clock clk (rise edge)
                                  0.000000    0.000000   clock network delay (ideal)
                                 10.000000   10.000000 ^ input external delay
    11    0.027113    0.129344    0.087676   10.087676 ^ rst_n (in)
                                                         rst_n (net)
                      0.129344    0.000000   10.087676 ^ _094_/C1 (sky130_fd_sc_hd__o211a_2)
     1    0.001674    0.036690    0.172350   10.260026 ^ _094_/X (sky130_fd_sc_hd__o211a_2)
                                                         _005_ (net)
                      0.036690    0.000000   10.260026 ^ _156_/D (sky130_fd_sc_hd__dfxtp_2)
                                             10.260026   data arrival time

                      0.150000   50.000000   50.000000   clock clk (rise edge)
                                  0.000000   50.000000   clock network delay (ideal)
                                 -0.250000   49.749996   clock uncertainty
                                  0.000000   49.749996   clock reconvergence pessimism
                                             49.749996 ^ _156_/CLK (sky130_fd_sc_hd__dfxtp_2)
                                 -0.041432   49.708565   library setup time
                                             49.708565   data required time
---------------------------------------------------------------------------------------------
                                             49.708565   data required time
                                            -10.260026   data arrival time
---------------------------------------------------------------------------------------------
                                             39.448540   slack (MET)


Startpoint: rst_n (input port clocked by clk)
Endpoint: _157_ (rising edge-triggered flip-flop clocked by clk)
Path Group: clk
Path Type: max

Fanout         Cap        Slew       Delay        Time   Description
---------------------------------------------------------------------------------------------
                      0.150000    0.000000    0.000000   clock clk (rise edge)
                                  0.000000    0.000000   clock network delay (ideal)
                                 10.000000   10.000000 ^ input external delay
    11    0.027113    0.129344    0.087676   10.087676 ^ rst_n (in)
                                                         rst_n (net)
                      0.129344    0.000000   10.087676 ^ _096_/C1 (sky130_fd_sc_hd__o211a_2)
     1    0.001674    0.036690    0.172350   10.260026 ^ _096_/X (sky130_fd_sc_hd__o211a_2)
                                                         _006_ (net)
                      0.036690    0.000000   10.260026 ^ _157_/D (sky130_fd_sc_hd__dfxtp_2)
                                             10.260026   data arrival time

                      0.150000   50.000000   50.000000   clock clk (rise edge)
                                  0.000000   50.000000   clock network delay (ideal)
                                 -0.250000   49.749996   clock uncertainty
                                  0.000000   49.749996   clock reconvergence pessimism
                                             49.749996 ^ _157_/CLK (sky130_fd_sc_hd__dfxtp_2)
                                 -0.041432   49.708565   library setup time
                                             49.708565   data required time
---------------------------------------------------------------------------------------------
                                             49.708565   data required time
                                            -10.260026   data arrival time
---------------------------------------------------------------------------------------------
                                             39.448540   slack (MET)


Startpoint: rst_n (input port clocked by clk)
Endpoint: _158_ (rising edge-triggered flip-flop clocked by clk)
Path Group: clk
Path Type: max

Fanout         Cap        Slew       Delay        Time   Description
---------------------------------------------------------------------------------------------
                      0.150000    0.000000    0.000000   clock clk (rise edge)
                                  0.000000    0.000000   clock network delay (ideal)
                                 10.000000   10.000000 ^ input external delay
    11    0.027113    0.129344    0.087676   10.087676 ^ rst_n (in)
                                                         rst_n (net)
                      0.129344    0.000000   10.087676 ^ _098_/C1 (sky130_fd_sc_hd__o211a_2)
     1    0.001674    0.036690    0.172350   10.260026 ^ _098_/X (sky130_fd_sc_hd__o211a_2)
                                                         _007_ (net)
                      0.036690    0.000000   10.260026 ^ _158_/D (sky130_fd_sc_hd__dfxtp_2)
                                             10.260026   data arrival time

                      0.150000   50.000000   50.000000   clock clk (rise edge)
                                  0.000000   50.000000   clock network delay (ideal)
                                 -0.250000   49.749996   clock uncertainty
                                  0.000000   49.749996   clock reconvergence pessimism
                                             49.749996 ^ _158_/CLK (sky130_fd_sc_hd__dfxtp_2)
                                 -0.041432   49.708565   library setup time
                                             49.708565   data required time
---------------------------------------------------------------------------------------------
                                             49.708565   data required time
                                            -10.260026   data arrival time
---------------------------------------------------------------------------------------------
                                             39.448540   slack (MET)


Startpoint: rst_n (input port clocked by clk)
Endpoint: _159_ (rising edge-triggered flip-flop clocked by clk)
Path Group: clk
Path Type: max

Fanout         Cap        Slew       Delay        Time   Description
---------------------------------------------------------------------------------------------
                      0.150000    0.000000    0.000000   clock clk (rise edge)
                                  0.000000    0.000000   clock network delay (ideal)
                                 10.000000   10.000000 ^ input external delay
    11    0.027113    0.129344    0.087676   10.087676 ^ rst_n (in)
                                                         rst_n (net)
                      0.129344    0.000000   10.087676 ^ _100_/C1 (sky130_fd_sc_hd__o211a_2)
     1    0.001674    0.036796    0.172350   10.260026 ^ _100_/X (sky130_fd_sc_hd__o211a_2)
                                                         _008_ (net)
                      0.036796    0.000000   10.260026 ^ _159_/D (sky130_fd_sc_hd__dfxtp_2)
                                             10.260026   data arrival time

                      0.150000   50.000000   50.000000   clock clk (rise edge)
                                  0.000000   50.000000   clock network delay (ideal)
                                 -0.250000   49.749996   clock uncertainty
                                  0.000000   49.749996   clock reconvergence pessimism
                                             49.749996 ^ _159_/CLK (sky130_fd_sc_hd__dfxtp_2)
                                 -0.041456   49.708542   library setup time
                                             49.708542   data required time
---------------------------------------------------------------------------------------------
                                             49.708542   data required time
                                            -10.260026   data arrival time
---------------------------------------------------------------------------------------------
                                             39.448517   slack (MET)


Startpoint: rst_n (input port clocked by clk)
Endpoint: _160_ (rising edge-triggered flip-flop clocked by clk)
Path Group: clk
Path Type: max

Fanout         Cap        Slew       Delay        Time   Description
---------------------------------------------------------------------------------------------
                      0.150000    0.000000    0.000000   clock clk (rise edge)
                                  0.000000    0.000000   clock network delay (ideal)
                                 10.000000   10.000000 ^ input external delay
    11    0.027113    0.129344    0.087676   10.087676 ^ rst_n (in)
                                                         rst_n (net)
                      0.129344    0.000000   10.087676 ^ _102_/C1 (sky130_fd_sc_hd__o211a_2)
     1    0.001674    0.036690    0.172350   10.260026 ^ _102_/X (sky130_fd_sc_hd__o211a_2)
                                                         _009_ (net)
                      0.036690    0.000000   10.260026 ^ _160_/D (sky130_fd_sc_hd__dfxtp_2)
                                             10.260026   data arrival time

                      0.150000   50.000000   50.000000   clock clk (rise edge)
                                  0.000000   50.000000   clock network delay (ideal)
                                 -0.250000   49.749996   clock uncertainty
                                  0.000000   49.749996   clock reconvergence pessimism
                                             49.749996 ^ _160_/CLK (sky130_fd_sc_hd__dfxtp_2)
                                 -0.041432   49.708565   library setup time
                                             49.708565   data required time
---------------------------------------------------------------------------------------------
                                             49.708565   data required time
                                            -10.260026   data arrival time
---------------------------------------------------------------------------------------------
                                             39.448540   slack (MET)



