
===========================================================================
report_checks -path_delay min (Hold)
============================================================================
======================= nom_tt_025C_1v80 Corner ===================================

Startpoint: _172_ (rising edge-triggered flip-flop clocked by clk)
Endpoint: _172_ (rising edge-triggered flip-flop clocked by clk)
Path Group: clk
Path Type: min

Fanout         Cap        Slew       Delay        Time   Description
---------------------------------------------------------------------------------------------
                      0.150000    0.000000    0.000000   clock clk (rise edge)
                                  0.000000    0.000000   clock network delay (ideal)
                      0.150000    0.000000    0.000000 ^ _172_/CLK (sky130_fd_sc_hd__dfxtp_2)
    12    0.025034    0.069916    0.388651    0.388651 v _172_/Q (sky130_fd_sc_hd__dfxtp_2)
                                                         count[3] (net)
                      0.069916    0.000000    0.388651 v _150_/A (sky130_fd_sc_hd__nand2_2)
     1    0.005052    0.042756    0.065936    0.454586 ^ _150_/Y (sky130_fd_sc_hd__nand2_2)
                                                         _045_ (net)
                      0.042756    0.000000    0.454586 ^ _151_/A2 (sky130_fd_sc_hd__a21oi_2)
     1    0.001681    0.025223    0.042568    0.497155 v _151_/Y (sky130_fd_sc_hd__a21oi_2)
                                                         _021_ (net)
                      0.025223    0.000000    0.497155 v _172_/D (sky130_fd_sc_hd__dfxtp_2)
                                              0.497155   data arrival time

                      0.150000    0.000000    0.000000   clock clk (rise edge)
                                  0.000000    0.000000   clock network delay (ideal)
                                  0.250000    0.250000   clock uncertainty
                                  0.000000    0.250000   clock reconvergence pessimism
                                              0.250000 ^ _172_/CLK (sky130_fd_sc_hd__dfxtp_2)
                                 -0.014540    0.235460   library hold time
                                              0.235460   data required time
---------------------------------------------------------------------------------------------
                                              0.235460   data required time
                                             -0.497155   data arrival time
---------------------------------------------------------------------------------------------
                                              0.261695   slack (MET)


Startpoint: _172_ (rising edge-triggered flip-flop clocked by clk)
Endpoint: _162_ (rising edge-triggered flip-flop clocked by clk)
Path Group: clk
Path Type: min

Fanout         Cap        Slew       Delay        Time   Description
---------------------------------------------------------------------------------------------
                      0.150000    0.000000    0.000000   clock clk (rise edge)
                                  0.000000    0.000000   clock network delay (ideal)
                      0.150000    0.000000    0.000000 ^ _172_/CLK (sky130_fd_sc_hd__dfxtp_2)
    12    0.027306    0.145912    0.429414    0.429414 ^ _172_/Q (sky130_fd_sc_hd__dfxtp_2)
                                                         count[3] (net)
                      0.145912    0.000000    0.429414 ^ _118_/A (sky130_fd_sc_hd__or4_2)
     1    0.004519    0.037397    0.147445    0.576859 ^ _118_/X (sky130_fd_sc_hd__or4_2)
                                                         _023_ (net)
                      0.037397    0.000000    0.576859 ^ _120_/A2 (sky130_fd_sc_hd__a31oi_2)
     1    0.001681    0.038098    0.065495    0.642354 v _120_/Y (sky130_fd_sc_hd__a31oi_2)
                                                         _011_ (net)
                      0.038098    0.000000    0.642354 v _162_/D (sky130_fd_sc_hd__dfxtp_2)
                                              0.642354   data arrival time

                      0.150000    0.000000    0.000000   clock clk (rise edge)
                                  0.000000    0.000000   clock network delay (ideal)
                                  0.250000    0.250000   clock uncertainty
                                  0.000000    0.250000   clock reconvergence pessimism
                                              0.250000 ^ _162_/CLK (sky130_fd_sc_hd__dfxtp_2)
                                 -0.019825    0.230175   library hold time
                                              0.230175   data required time
---------------------------------------------------------------------------------------------
                                              0.230175   data required time
                                             -0.642354   data arrival time
---------------------------------------------------------------------------------------------
                                              0.412180   slack (MET)


Startpoint: _172_ (rising edge-triggered flip-flop clocked by clk)
Endpoint: _166_ (rising edge-triggered flip-flop clocked by clk)
Path Group: clk
Path Type: min

Fanout         Cap        Slew       Delay        Time   Description
---------------------------------------------------------------------------------------------
                      0.150000    0.000000    0.000000   clock clk (rise edge)
                                  0.000000    0.000000   clock network delay (ideal)
                      0.150000    0.000000    0.000000 ^ _172_/CLK (sky130_fd_sc_hd__dfxtp_2)
    12    0.027306    0.145912    0.429414    0.429414 ^ _172_/Q (sky130_fd_sc_hd__dfxtp_2)
                                                         count[3] (net)
                      0.145912    0.000000    0.429414 ^ _135_/A (sky130_fd_sc_hd__or4_2)
     1    0.004519    0.037397    0.147445    0.576859 ^ _135_/X (sky130_fd_sc_hd__or4_2)
                                                         _036_ (net)
                      0.037397    0.000000    0.576859 ^ _137_/A2 (sky130_fd_sc_hd__a31oi_2)
     1    0.001681    0.038098    0.065495    0.642354 v _137_/Y (sky130_fd_sc_hd__a31oi_2)
                                                         _015_ (net)
                      0.038098    0.000000    0.642354 v _166_/D (sky130_fd_sc_hd__dfxtp_2)
                                              0.642354   data arrival time

                      0.150000    0.000000    0.000000   clock clk (rise edge)
                                  0.000000    0.000000   clock network delay (ideal)
                                  0.250000    0.250000   clock uncertainty
                                  0.000000    0.250000   clock reconvergence pessimism
                                              0.250000 ^ _166_/CLK (sky130_fd_sc_hd__dfxtp_2)
                                 -0.019825    0.230175   library hold time
                                              0.230175   data required time
---------------------------------------------------------------------------------------------
                                              0.230175   data required time
                                             -0.642354   data arrival time
---------------------------------------------------------------------------------------------
                                              0.412180   slack (MET)


Startpoint: _171_ (rising edge-triggered flip-flop clocked by clk)
Endpoint: _171_ (rising edge-triggered flip-flop clocked by clk)
Path Group: clk
Path Type: min

Fanout         Cap        Slew       Delay        Time   Description
---------------------------------------------------------------------------------------------
                      0.150000    0.000000    0.000000   clock clk (rise edge)
                                  0.000000    0.000000   clock network delay (ideal)
                      0.150000    0.000000    0.000000 ^ _171_/CLK (sky130_fd_sc_hd__dfxtp_2)
     9    0.025166    0.070180    0.388901    0.388901 v _171_/Q (sky130_fd_sc_hd__dfxtp_2)
                                                         count[2] (net)
                      0.070180    0.000000    0.388901 v _109_/B (sky130_fd_sc_hd__nand4_2)
     4    0.010216    0.084343    0.113736    0.502636 ^ _109_/Y (sky130_fd_sc_hd__nand4_2)
                                                         _065_ (net)
                      0.084343    0.000000    0.502636 ^ _149_/B (sky130_fd_sc_hd__and3_2)
     1    0.001674    0.037276    0.164430    0.667067 ^ _149_/X (sky130_fd_sc_hd__and3_2)
                                                         _020_ (net)
                      0.037276    0.000000    0.667067 ^ _171_/D (sky130_fd_sc_hd__dfxtp_2)
                                              0.667067   data arrival time

                      0.150000    0.000000    0.000000   clock clk (rise edge)
                                  0.000000    0.000000   clock network delay (ideal)
                                  0.250000    0.250000   clock uncertainty
                                  0.000000    0.250000   clock reconvergence pessimism
                                              0.250000 ^ _171_/CLK (sky130_fd_sc_hd__dfxtp_2)
                                 -0.015786    0.234214   library hold time
                                              0.234214   data required time
---------------------------------------------------------------------------------------------
                                              0.234214   data required time
                                             -0.667067   data arrival time
---------------------------------------------------------------------------------------------
                                              0.432852   slack (MET)


Startpoint: _162_ (rising edge-triggered flip-flop clocked by clk)
Endpoint: _154_ (rising edge-triggered flip-flop clocked by clk)
Path Group: clk
Path Type: min

Fanout         Cap        Slew       Delay        Time   Description
---------------------------------------------------------------------------------------------
                      0.150000    0.000000    0.000000   clock clk (rise edge)
                                  0.000000    0.000000   clock network delay (ideal)
                      0.150000    0.000000    0.000000 ^ _162_/CLK (sky130_fd_sc_hd__dfxtp_2)
     3    0.040624    0.210399    0.475408    0.475408 ^ _162_/Q (sky130_fd_sc_hd__dfxtp_2)
                                                         dac_in[1] (net)
                      0.210399    0.000000    0.475408 ^ _090_/A1 (sky130_fd_sc_hd__o211a_2)
     1    0.001674    0.035952    0.194275    0.669683 ^ _090_/X (sky130_fd_sc_hd__o211a_2)
                                                         _003_ (net)
                      0.035952    0.000000    0.669683 ^ _154_/D (sky130_fd_sc_hd__dfxtp_2)
                                              0.669683   data arrival time

                      0.150000    0.000000    0.000000   clock clk (rise edge)
                                  0.000000    0.000000   clock network delay (ideal)
                                  0.250000    0.250000   clock uncertainty
                                  0.000000    0.250000   clock reconvergence pessimism
                                              0.250000 ^ _154_/CLK (sky130_fd_sc_hd__dfxtp_2)
                                 -0.015515    0.234485   library hold time
                                              0.234485   data required time
---------------------------------------------------------------------------------------------
                                              0.234485   data required time
                                             -0.669683   data arrival time
---------------------------------------------------------------------------------------------
                                              0.435198   slack (MET)


Startpoint: _164_ (rising edge-triggered flip-flop clocked by clk)
Endpoint: _156_ (rising edge-triggered flip-flop clocked by clk)
Path Group: clk
Path Type: min

Fanout         Cap        Slew       Delay        Time   Description
---------------------------------------------------------------------------------------------
                      0.150000    0.000000    0.000000   clock clk (rise edge)
                                  0.000000    0.000000   clock network delay (ideal)
                      0.150000    0.000000    0.000000 ^ _164_/CLK (sky130_fd_sc_hd__dfxtp_2)
     3    0.040624    0.210399    0.475408    0.475408 ^ _164_/Q (sky130_fd_sc_hd__dfxtp_2)
                                                         dac_in[3] (net)
                      0.210399    0.000000    0.475408 ^ _094_/A1 (sky130_fd_sc_hd__o211a_2)
     1    0.001674    0.035952    0.194275    0.669683 ^ _094_/X (sky130_fd_sc_hd__o211a_2)
                                                         _005_ (net)
                      0.035952    0.000000    0.669683 ^ _156_/D (sky130_fd_sc_hd__dfxtp_2)
                                              0.669683   data arrival time

                      0.150000    0.000000    0.000000   clock clk (rise edge)
                                  0.000000    0.000000   clock network delay (ideal)
                                  0.250000    0.250000   clock uncertainty
                                  0.000000    0.250000   clock reconvergence pessimism
                                              0.250000 ^ _156_/CLK (sky130_fd_sc_hd__dfxtp_2)
                                 -0.015515    0.234485   library hold time
                                              0.234485   data required time
---------------------------------------------------------------------------------------------
                                              0.234485   data required time
                                             -0.669683   data arrival time
---------------------------------------------------------------------------------------------
                                              0.435198   slack (MET)


Startpoint: _165_ (rising edge-triggered flip-flop clocked by clk)
Endpoint: _157_ (rising edge-triggered flip-flop clocked by clk)
Path Group: clk
Path Type: min

Fanout         Cap        Slew       Delay        Time   Description
---------------------------------------------------------------------------------------------
                      0.150000    0.000000    0.000000   clock clk (rise edge)
                                  0.000000    0.000000   clock network delay (ideal)
                      0.150000    0.000000    0.000000 ^ _165_/CLK (sky130_fd_sc_hd__dfxtp_2)
     3    0.040624    0.210399    0.475408    0.475408 ^ _165_/Q (sky130_fd_sc_hd__dfxtp_2)
                                                         dac_in[4] (net)
                      0.210399    0.000000    0.475408 ^ _096_/A1 (sky130_fd_sc_hd__o211a_2)
     1    0.001674    0.035952    0.194275    0.669683 ^ _096_/X (sky130_fd_sc_hd__o211a_2)
                                                         _006_ (net)
                      0.035952    0.000000    0.669683 ^ _157_/D (sky130_fd_sc_hd__dfxtp_2)
                                              0.669683   data arrival time

                      0.150000    0.000000    0.000000   clock clk (rise edge)
                                  0.000000    0.000000   clock network delay (ideal)
                                  0.250000    0.250000   clock uncertainty
                                  0.000000    0.250000   clock reconvergence pessimism
                                              0.250000 ^ _157_/CLK (sky130_fd_sc_hd__dfxtp_2)
                                 -0.015515    0.234485   library hold time
                                              0.234485   data required time
---------------------------------------------------------------------------------------------
                                              0.234485   data required time
                                             -0.669683   data arrival time
---------------------------------------------------------------------------------------------
                                              0.435198   slack (MET)


Startpoint: _166_ (rising edge-triggered flip-flop clocked by clk)
Endpoint: _158_ (rising edge-triggered flip-flop clocked by clk)
Path Group: clk
Path Type: min

Fanout         Cap        Slew       Delay        Time   Description
---------------------------------------------------------------------------------------------
                      0.150000    0.000000    0.000000   clock clk (rise edge)
                                  0.000000    0.000000   clock network delay (ideal)
                      0.150000    0.000000    0.000000 ^ _166_/CLK (sky130_fd_sc_hd__dfxtp_2)
     3    0.040624    0.210399    0.475408    0.475408 ^ _166_/Q (sky130_fd_sc_hd__dfxtp_2)
                                                         dac_in[5] (net)
                      0.210399    0.000000    0.475408 ^ _098_/A1 (sky130_fd_sc_hd__o211a_2)
     1    0.001674    0.035952    0.194275    0.669683 ^ _098_/X (sky130_fd_sc_hd__o211a_2)
                                                         _007_ (net)
                      0.035952    0.000000    0.669683 ^ _158_/D (sky130_fd_sc_hd__dfxtp_2)
                                              0.669683   data arrival time

                      0.150000    0.000000    0.000000   clock clk (rise edge)
                                  0.000000    0.000000   clock network delay (ideal)
                                  0.250000    0.250000   clock uncertainty
                                  0.000000    0.250000   clock reconvergence pessimism
                                              0.250000 ^ _158_/CLK (sky130_fd_sc_hd__dfxtp_2)
                                 -0.015515    0.234485   library hold time
                                              0.234485   data required time
---------------------------------------------------------------------------------------------
                                              0.234485   data required time
                                             -0.669683   data arrival time
---------------------------------------------------------------------------------------------
                                              0.435198   slack (MET)


Startpoint: _168_ (rising edge-triggered flip-flop clocked by clk)
Endpoint: _160_ (rising edge-triggered flip-flop clocked by clk)
Path Group: clk
Path Type: min

Fanout         Cap        Slew       Delay        Time   Description
---------------------------------------------------------------------------------------------
                      0.150000    0.000000    0.000000   clock clk (rise edge)
                                  0.000000    0.000000   clock network delay (ideal)
                      0.150000    0.000000    0.000000 ^ _168_/CLK (sky130_fd_sc_hd__dfxtp_2)
     3    0.040624    0.210399    0.475408    0.475408 ^ _168_/Q (sky130_fd_sc_hd__dfxtp_2)
                                                         dac_in[7] (net)
                      0.210399    0.000000    0.475408 ^ _102_/A1 (sky130_fd_sc_hd__o211a_2)
     1    0.001674    0.035952    0.194275    0.669683 ^ _102_/X (sky130_fd_sc_hd__o211a_2)
                                                         _009_ (net)
                      0.035952    0.000000    0.669683 ^ _160_/D (sky130_fd_sc_hd__dfxtp_2)
                                              0.669683   data arrival time

                      0.150000    0.000000    0.000000   clock clk (rise edge)
                                  0.000000    0.000000   clock network delay (ideal)
                                  0.250000    0.250000   clock uncertainty
                                  0.000000    0.250000   clock reconvergence pessimism
                                              0.250000 ^ _160_/CLK (sky130_fd_sc_hd__dfxtp_2)
                                 -0.015515    0.234485   library hold time
                                              0.234485   data required time
---------------------------------------------------------------------------------------------
                                              0.234485   data required time
                                             -0.669683   data arrival time
---------------------------------------------------------------------------------------------
                                              0.435198   slack (MET)


Startpoint: _170_ (rising edge-triggered flip-flop clocked by clk)
Endpoint: _170_ (rising edge-triggered flip-flop clocked by clk)
Path Group: clk
Path Type: min

Fanout         Cap        Slew       Delay        Time   Description
---------------------------------------------------------------------------------------------
                      0.150000    0.000000    0.000000   clock clk (rise edge)
                                  0.000000    0.000000   clock network delay (ideal)
                      0.150000    0.000000    0.000000 ^ _170_/CLK (sky130_fd_sc_hd__dfxtp_2)
    15    0.035981    0.091883    0.409339    0.409339 v _170_/Q (sky130_fd_sc_hd__dfxtp_2)
                                                         count[1] (net)
                      0.091883    0.000000    0.409339 v _107_/B (sky130_fd_sc_hd__nand3_2)
     3    0.007771    0.068239    0.100428    0.509767 ^ _107_/Y (sky130_fd_sc_hd__nand3_2)
                                                         _063_ (net)
                      0.068239    0.000000    0.509767 ^ _147_/B (sky130_fd_sc_hd__and3_2)
     1    0.001674    0.037276    0.159665    0.669431 ^ _147_/X (sky130_fd_sc_hd__and3_2)
                                                         _019_ (net)
                      0.037276    0.000000    0.669431 ^ _170_/D (sky130_fd_sc_hd__dfxtp_2)
                                              0.669431   data arrival time

                      0.150000    0.000000    0.000000   clock clk (rise edge)
                                  0.000000    0.000000   clock network delay (ideal)
                                  0.250000    0.250000   clock uncertainty
                                  0.000000    0.250000   clock reconvergence pessimism
                                              0.250000 ^ _170_/CLK (sky130_fd_sc_hd__dfxtp_2)
                                 -0.015786    0.234214   library hold time
                                              0.234214   data required time
---------------------------------------------------------------------------------------------
                                              0.234214   data required time
                                             -0.669431   data arrival time
---------------------------------------------------------------------------------------------
                                              0.435217   slack (MET)


Startpoint: _169_ (rising edge-triggered flip-flop clocked by clk)
Endpoint: _169_ (rising edge-triggered flip-flop clocked by clk)
Path Group: clk
Path Type: min

Fanout         Cap        Slew       Delay        Time   Description
---------------------------------------------------------------------------------------------
                      0.150000    0.000000    0.000000   clock clk (rise edge)
                                  0.000000    0.000000   clock network delay (ideal)
                      0.150000    0.000000    0.000000 ^ _169_/CLK (sky130_fd_sc_hd__dfxtp_2)
    13    0.035829    0.091565    0.409087    0.409087 v _169_/Q (sky130_fd_sc_hd__dfxtp_2)
                                                         count[0] (net)
                      0.091565    0.000000    0.409087 v _105_/B (sky130_fd_sc_hd__nand2_2)
     5    0.009375    0.071094    0.101124    0.510211 ^ _105_/Y (sky130_fd_sc_hd__nand2_2)
                                                         _061_ (net)
                      0.071094    0.000000    0.510211 ^ _145_/B (sky130_fd_sc_hd__and3_2)
     1    0.001674    0.037276    0.160509    0.670721 ^ _145_/X (sky130_fd_sc_hd__and3_2)
                                                         _018_ (net)
                      0.037276    0.000000    0.670721 ^ _169_/D (sky130_fd_sc_hd__dfxtp_2)
                                              0.670721   data arrival time

                      0.150000    0.000000    0.000000   clock clk (rise edge)
                                  0.000000    0.000000   clock network delay (ideal)
                                  0.250000    0.250000   clock uncertainty
                                  0.000000    0.250000   clock reconvergence pessimism
                                              0.250000 ^ _169_/CLK (sky130_fd_sc_hd__dfxtp_2)
                                 -0.015786    0.234214   library hold time
                                              0.234214   data required time
---------------------------------------------------------------------------------------------
                                              0.234214   data required time
                                             -0.670721   data arrival time
---------------------------------------------------------------------------------------------
                                              0.436506   slack (MET)


Startpoint: _171_ (rising edge-triggered flip-flop clocked by clk)
Endpoint: _165_ (rising edge-triggered flip-flop clocked by clk)
Path Group: clk
Path Type: min

Fanout         Cap        Slew       Delay        Time   Description
---------------------------------------------------------------------------------------------
                      0.150000    0.000000    0.000000   clock clk (rise edge)
                                  0.000000    0.000000   clock network delay (ideal)
                      0.150000    0.000000    0.000000 ^ _171_/CLK (sky130_fd_sc_hd__dfxtp_2)
     9    0.027685    0.147735    0.430730    0.430730 ^ _171_/Q (sky130_fd_sc_hd__dfxtp_2)
                                                         count[2] (net)
                      0.147735    0.000000    0.430730 ^ _127_/B (sky130_fd_sc_hd__nor2_2)
     8    0.022509    0.071694    0.098111    0.528841 v _127_/Y (sky130_fd_sc_hd__nor2_2)
                                                         _030_ (net)
                      0.071694    0.000000    0.528841 v _131_/B (sky130_fd_sc_hd__nand2_2)
     1    0.004519    0.040187    0.074667    0.603508 ^ _131_/Y (sky130_fd_sc_hd__nand2_2)
                                                         _033_ (net)
                      0.040187    0.000000    0.603508 ^ _133_/A2 (sky130_fd_sc_hd__a31oi_2)
     1    0.001681    0.038098    0.066253    0.669761 v _133_/Y (sky130_fd_sc_hd__a31oi_2)
                                                         _014_ (net)
                      0.038098    0.000000    0.669761 v _165_/D (sky130_fd_sc_hd__dfxtp_2)
                                              0.669761   data arrival time

                      0.150000    0.000000    0.000000   clock clk (rise edge)
                                  0.000000    0.000000   clock network delay (ideal)
                                  0.250000    0.250000   clock uncertainty
                                  0.000000    0.250000   clock reconvergence pessimism
                                              0.250000 ^ _165_/CLK (sky130_fd_sc_hd__dfxtp_2)
                                 -0.019825    0.230175   library hold time
                                              0.230175   data required time
---------------------------------------------------------------------------------------------
                                              0.230175   data required time
                                             -0.669761   data arrival time
---------------------------------------------------------------------------------------------
                                              0.439586   slack (MET)


Startpoint: _163_ (rising edge-triggered flip-flop clocked by clk)
Endpoint: _155_ (rising edge-triggered flip-flop clocked by clk)
Path Group: clk
Path Type: min

Fanout         Cap        Slew       Delay        Time   Description
---------------------------------------------------------------------------------------------
                      0.150000    0.000000    0.000000   clock clk (rise edge)
                                  0.000000    0.000000   clock network delay (ideal)
                      0.150000    0.000000    0.000000 ^ _163_/CLK (sky130_fd_sc_hd__dfxtp_2)
     4    0.043019    0.222128    0.483597    0.483597 ^ _163_/Q (sky130_fd_sc_hd__dfxtp_2)
                                                         dac_in[2] (net)
                      0.222128    0.000000    0.483597 ^ _092_/A1 (sky130_fd_sc_hd__o211a_2)
     1    0.001674    0.035952    0.196577    0.680174 ^ _092_/X (sky130_fd_sc_hd__o211a_2)
                                                         _004_ (net)
                      0.035952    0.000000    0.680174 ^ _155_/D (sky130_fd_sc_hd__dfxtp_2)
                                              0.680174   data arrival time

                      0.150000    0.000000    0.000000   clock clk (rise edge)
                                  0.000000    0.000000   clock network delay (ideal)
                                  0.250000    0.250000   clock uncertainty
                                  0.000000    0.250000   clock reconvergence pessimism
                                              0.250000 ^ _155_/CLK (sky130_fd_sc_hd__dfxtp_2)
                                 -0.015515    0.234485   library hold time
                                              0.234485   data required time
---------------------------------------------------------------------------------------------
                                              0.234485   data required time
                                             -0.680174   data arrival time
---------------------------------------------------------------------------------------------
                                              0.445689   slack (MET)


Startpoint: _167_ (rising edge-triggered flip-flop clocked by clk)
Endpoint: _159_ (rising edge-triggered flip-flop clocked by clk)
Path Group: clk
Path Type: min

Fanout         Cap        Slew       Delay        Time   Description
---------------------------------------------------------------------------------------------
                      0.150000    0.000000    0.000000   clock clk (rise edge)
                                  0.000000    0.000000   clock network delay (ideal)
                      0.150000    0.000000    0.000000 ^ _167_/CLK (sky130_fd_sc_hd__dfxtp_2)
     4    0.043019    0.222128    0.483597    0.483597 ^ _167_/Q (sky130_fd_sc_hd__dfxtp_2)
                                                         dac_in[6] (net)
                      0.222128    0.000000    0.483597 ^ _100_/A1 (sky130_fd_sc_hd__o211a_2)
     1    0.001674    0.035952    0.196577    0.680174 ^ _100_/X (sky130_fd_sc_hd__o211a_2)
                                                         _008_ (net)
                      0.035952    0.000000    0.680174 ^ _159_/D (sky130_fd_sc_hd__dfxtp_2)
                                              0.680174   data arrival time

                      0.150000    0.000000    0.000000   clock clk (rise edge)
                                  0.000000    0.000000   clock network delay (ideal)
                                  0.250000    0.250000   clock uncertainty
                                  0.000000    0.250000   clock reconvergence pessimism
                                              0.250000 ^ _159_/CLK (sky130_fd_sc_hd__dfxtp_2)
                                 -0.015515    0.234485   library hold time
                                              0.234485   data required time
---------------------------------------------------------------------------------------------
                                              0.234485   data required time
                                             -0.680174   data arrival time
---------------------------------------------------------------------------------------------
                                              0.445689   slack (MET)


Startpoint: _172_ (rising edge-triggered flip-flop clocked by clk)
Endpoint: _161_ (rising edge-triggered flip-flop clocked by clk)
Path Group: clk
Path Type: min

Fanout         Cap        Slew       Delay        Time   Description
---------------------------------------------------------------------------------------------
                      0.150000    0.000000    0.000000   clock clk (rise edge)
                                  0.000000    0.000000   clock network delay (ideal)
                      0.150000    0.000000    0.000000 ^ _172_/CLK (sky130_fd_sc_hd__dfxtp_2)
    12    0.027306    0.145912    0.429414    0.429414 ^ _172_/Q (sky130_fd_sc_hd__dfxtp_2)
                                                         count[3] (net)
                      0.145912    0.000000    0.429414 ^ _111_/A1 (sky130_fd_sc_hd__o21a_2)
     1    0.002438    0.028879    0.145238    0.574652 ^ _111_/X (sky130_fd_sc_hd__o21a_2)
                                                         _067_ (net)
                      0.028879    0.000000    0.574652 ^ _115_/A1 (sky130_fd_sc_hd__o21a_2)
     1    0.001674    0.025006    0.107944    0.682596 ^ _115_/X (sky130_fd_sc_hd__o21a_2)
                                                         _010_ (net)
                      0.025006    0.000000    0.682596 ^ _161_/D (sky130_fd_sc_hd__dfxtp_2)
                                              0.682596   data arrival time

                      0.150000    0.000000    0.000000   clock clk (rise edge)
                                  0.000000    0.000000   clock network delay (ideal)
                                  0.250000    0.250000   clock uncertainty
                                  0.000000    0.250000   clock reconvergence pessimism
                                              0.250000 ^ _161_/CLK (sky130_fd_sc_hd__dfxtp_2)
                                 -0.013277    0.236723   library hold time
                                              0.236723   data required time
---------------------------------------------------------------------------------------------
                                              0.236723   data required time
                                             -0.682596   data arrival time
---------------------------------------------------------------------------------------------
                                              0.445873   slack (MET)


Startpoint: _161_ (rising edge-triggered flip-flop clocked by clk)
Endpoint: _153_ (rising edge-triggered flip-flop clocked by clk)
Path Group: clk
Path Type: min

Fanout         Cap        Slew       Delay        Time   Description
---------------------------------------------------------------------------------------------
                      0.150000    0.000000    0.000000   clock clk (rise edge)
                                  0.000000    0.000000   clock network delay (ideal)
                      0.150000    0.000000    0.000000 ^ _161_/CLK (sky130_fd_sc_hd__dfxtp_2)
     4    0.043117    0.222607    0.483932    0.483932 ^ _161_/Q (sky130_fd_sc_hd__dfxtp_2)
                                                         dac_in[0] (net)
                      0.222607    0.000000    0.483932 ^ _088_/A1 (sky130_fd_sc_hd__o211a_2)
     1    0.001674    0.035952    0.196671    0.680604 ^ _088_/X (sky130_fd_sc_hd__o211a_2)
                                                         _002_ (net)
                      0.035952    0.000000    0.680604 ^ _153_/D (sky130_fd_sc_hd__dfxtp_2)
                                              0.680604   data arrival time

                      0.150000    0.000000    0.000000   clock clk (rise edge)
                                  0.000000    0.000000   clock network delay (ideal)
                                  0.250000    0.250000   clock uncertainty
                                  0.000000    0.250000   clock reconvergence pessimism
                                              0.250000 ^ _153_/CLK (sky130_fd_sc_hd__dfxtp_2)
                                 -0.015515    0.234485   library hold time
                                              0.234485   data required time
---------------------------------------------------------------------------------------------
                                              0.234485   data required time
                                             -0.680604   data arrival time
---------------------------------------------------------------------------------------------
                                              0.446119   slack (MET)


Startpoint: _152_ (rising edge-triggered flip-flop clocked by clk')
Endpoint: _152_ (rising edge-triggered flip-flop clocked by clk')
Path Group: clk
Path Type: min

Fanout         Cap        Slew       Delay        Time   Description
---------------------------------------------------------------------------------------------
                      0.150000   25.000000   25.000000   clock clk' (rise edge)
                                  0.000000   25.000000   clock network delay (ideal)
                      0.150000    0.000000   25.000000 ^ _152_/CLK (sky130_fd_sc_hd__dfxtp_2)
    12    0.059279    0.140637    0.447907   25.447906 v _152_/Q (sky130_fd_sc_hd__dfxtp_2)
                                                         comparator_clk (net)
                      0.140637    0.000000   25.447906 v _084_/A_N (sky130_fd_sc_hd__and2b_2)
     1    0.001674    0.030249    0.234445   25.682352 ^ _084_/X (sky130_fd_sc_hd__and2b_2)
                                                         _001_ (net)
                      0.030249    0.000000   25.682352 ^ _152_/D (sky130_fd_sc_hd__dfxtp_2)
                                             25.682352   data arrival time

                      0.150000   25.000000   25.000000   clock clk' (rise edge)
                                  0.000000   25.000000   clock network delay (ideal)
                                  0.250000   25.249998   clock uncertainty
                                  0.000000   25.249998   clock reconvergence pessimism
                                             25.249998 ^ _152_/CLK (sky130_fd_sc_hd__dfxtp_2)
                                 -0.014349   25.235649   library hold time
                                             25.235649   data required time
---------------------------------------------------------------------------------------------
                                             25.235649   data required time
                                            -25.682352   data arrival time
---------------------------------------------------------------------------------------------
                                              0.446702   slack (MET)


Startpoint: _171_ (rising edge-triggered flip-flop clocked by clk)
Endpoint: _167_ (rising edge-triggered flip-flop clocked by clk)
Path Group: clk
Path Type: min

Fanout         Cap        Slew       Delay        Time   Description
---------------------------------------------------------------------------------------------
                      0.150000    0.000000    0.000000   clock clk (rise edge)
                                  0.000000    0.000000   clock network delay (ideal)
                      0.150000    0.000000    0.000000 ^ _171_/CLK (sky130_fd_sc_hd__dfxtp_2)
     9    0.027685    0.147735    0.430730    0.430730 ^ _171_/Q (sky130_fd_sc_hd__dfxtp_2)
                                                         count[2] (net)
                      0.147735    0.000000    0.430730 ^ _138_/A2 (sky130_fd_sc_hd__o41a_2)
     1    0.002498    0.028922    0.155838    0.586568 ^ _138_/X (sky130_fd_sc_hd__o41a_2)
                                                         _038_ (net)
                      0.028922    0.000000    0.586568 ^ _141_/A1 (sky130_fd_sc_hd__o31a_2)
     1    0.001674    0.028091    0.118540    0.705108 ^ _141_/X (sky130_fd_sc_hd__o31a_2)
                                                         _016_ (net)
                      0.028091    0.000000    0.705108 ^ _167_/D (sky130_fd_sc_hd__dfxtp_2)
                                              0.705108   data arrival time

                      0.150000    0.000000    0.000000   clock clk (rise edge)
                                  0.000000    0.000000   clock network delay (ideal)
                                  0.250000    0.250000   clock uncertainty
                                  0.000000    0.250000   clock reconvergence pessimism
                                              0.250000 ^ _167_/CLK (sky130_fd_sc_hd__dfxtp_2)
                                 -0.013908    0.236092   library hold time
                                              0.236092   data required time
---------------------------------------------------------------------------------------------
                                              0.236092   data required time
                                             -0.705108   data arrival time
---------------------------------------------------------------------------------------------
                                              0.469016   slack (MET)


Startpoint: _172_ (rising edge-triggered flip-flop clocked by clk)
Endpoint: _163_ (rising edge-triggered flip-flop clocked by clk)
Path Group: clk
Path Type: min

Fanout         Cap        Slew       Delay        Time   Description
---------------------------------------------------------------------------------------------
                      0.150000    0.000000    0.000000   clock clk (rise edge)
                                  0.000000    0.000000   clock network delay (ideal)
                      0.150000    0.000000    0.000000 ^ _172_/CLK (sky130_fd_sc_hd__dfxtp_2)
    12    0.027306    0.145912    0.429414    0.429414 ^ _172_/Q (sky130_fd_sc_hd__dfxtp_2)
                                                         count[3] (net)
                      0.145912    0.000000    0.429414 ^ _121_/A1 (sky130_fd_sc_hd__o41a_2)
     1    0.002498    0.028922    0.161128    0.590542 ^ _121_/X (sky130_fd_sc_hd__o41a_2)
                                                         _025_ (net)
                      0.028922    0.000000    0.590542 ^ _125_/A1 (sky130_fd_sc_hd__o31a_2)
     1    0.001674    0.028067    0.118540    0.709081 ^ _125_/X (sky130_fd_sc_hd__o31a_2)
                                                         _012_ (net)
                      0.028067    0.000000    0.709081 ^ _163_/D (sky130_fd_sc_hd__dfxtp_2)
                                              0.709081   data arrival time

                      0.150000    0.000000    0.000000   clock clk (rise edge)
                                  0.000000    0.000000   clock network delay (ideal)
                                  0.250000    0.250000   clock uncertainty
                                  0.000000    0.250000   clock reconvergence pessimism
                                              0.250000 ^ _163_/CLK (sky130_fd_sc_hd__dfxtp_2)
                                 -0.013903    0.236097   library hold time
                                              0.236097   data required time
---------------------------------------------------------------------------------------------
                                              0.236097   data required time
                                             -0.709081   data arrival time
---------------------------------------------------------------------------------------------
                                              0.472984   slack (MET)


Startpoint: _171_ (rising edge-triggered flip-flop clocked by clk)
Endpoint: _168_ (rising edge-triggered flip-flop clocked by clk)
Path Group: clk
Path Type: min

Fanout         Cap        Slew       Delay        Time   Description
---------------------------------------------------------------------------------------------
                      0.150000    0.000000    0.000000   clock clk (rise edge)
                                  0.000000    0.000000   clock network delay (ideal)
                      0.150000    0.000000    0.000000 ^ _171_/CLK (sky130_fd_sc_hd__dfxtp_2)
     9    0.027685    0.147735    0.430730    0.430730 ^ _171_/Q (sky130_fd_sc_hd__dfxtp_2)
                                                         count[2] (net)
                      0.147735    0.000000    0.430730 ^ _127_/B (sky130_fd_sc_hd__nor2_2)
     8    0.022509    0.071694    0.098111    0.528841 v _127_/Y (sky130_fd_sc_hd__nor2_2)
                                                         _030_ (net)
                      0.071694    0.000000    0.528841 v _142_/A2 (sky130_fd_sc_hd__a21oi_2)
     1    0.002524    0.066749    0.129669    0.658510 ^ _142_/Y (sky130_fd_sc_hd__a21oi_2)
                                                         _041_ (net)
                      0.066749    0.000000    0.658510 ^ _143_/B1 (sky130_fd_sc_hd__a211o_2)
     1    0.001674    0.021843    0.091111    0.749621 ^ _143_/X (sky130_fd_sc_hd__a211o_2)
                                                         _017_ (net)
                      0.021843    0.000000    0.749621 ^ _168_/D (sky130_fd_sc_hd__dfxtp_2)
                                              0.749621   data arrival time

                      0.150000    0.000000    0.000000   clock clk (rise edge)
                                  0.000000    0.000000   clock network delay (ideal)
                                  0.250000    0.250000   clock uncertainty
                                  0.000000    0.250000   clock reconvergence pessimism
                                              0.250000 ^ _168_/CLK (sky130_fd_sc_hd__dfxtp_2)
                                 -0.012631    0.237369   library hold time
                                              0.237369   data required time
---------------------------------------------------------------------------------------------
                                              0.237369   data required time
                                             -0.749621   data arrival time
---------------------------------------------------------------------------------------------
                                              0.512251   slack (MET)


Startpoint: _169_ (rising edge-triggered flip-flop clocked by clk)
Endpoint: _164_ (rising edge-triggered flip-flop clocked by clk)
Path Group: clk
Path Type: min

Fanout         Cap        Slew       Delay        Time   Description
---------------------------------------------------------------------------------------------
                      0.150000    0.000000    0.000000   clock clk (rise edge)
                                  0.000000    0.000000   clock network delay (ideal)
                      0.150000    0.000000    0.000000 ^ _169_/CLK (sky130_fd_sc_hd__dfxtp_2)
    13    0.039771    0.206222    0.472491    0.472491 ^ _169_/Q (sky130_fd_sc_hd__dfxtp_2)
                                                         count[0] (net)
                      0.206222    0.000000    0.472491 ^ _122_/B (sky130_fd_sc_hd__nor3b_2)
     5    0.013897    0.059870    0.102154    0.574645 v _122_/Y (sky130_fd_sc_hd__nor3b_2)
                                                         _026_ (net)
                      0.059870    0.000000    0.574645 v _126_/A2 (sky130_fd_sc_hd__a21oi_2)
     1    0.002438    0.065884    0.124038    0.698683 ^ _126_/Y (sky130_fd_sc_hd__a21oi_2)
                                                         _029_ (net)
                      0.065884    0.000000    0.698683 ^ _129_/A1 (sky130_fd_sc_hd__o21a_2)
     1    0.001674    0.025005    0.119209    0.817892 ^ _129_/X (sky130_fd_sc_hd__o21a_2)
                                                         _013_ (net)
                      0.025005    0.000000    0.817892 ^ _164_/D (sky130_fd_sc_hd__dfxtp_2)
                                              0.817892   data arrival time

                      0.150000    0.000000    0.000000   clock clk (rise edge)
                                  0.000000    0.000000   clock network delay (ideal)
                                  0.250000    0.250000   clock uncertainty
                                  0.000000    0.250000   clock reconvergence pessimism
                                              0.250000 ^ _164_/CLK (sky130_fd_sc_hd__dfxtp_2)
                                 -0.013277    0.236723   library hold time
                                              0.236723   data required time
---------------------------------------------------------------------------------------------
                                              0.236723   data required time
                                             -0.817892   data arrival time
---------------------------------------------------------------------------------------------
                                              0.581169   slack (MET)


Startpoint: _153_ (rising edge-triggered flip-flop clocked by clk)
Endpoint: adc_out[0] (output port clocked by clk)
Path Group: clk
Path Type: min

Fanout         Cap        Slew       Delay        Time   Description
---------------------------------------------------------------------------------------------
                      0.150000    0.000000    0.000000   clock clk (rise edge)
                                  0.000000    0.000000   clock network delay (ideal)
                      0.150000    0.000000    0.000000 ^ _153_/CLK (sky130_fd_sc_hd__dfxtp_2)
     2    0.034857    0.089614    0.407251    0.407251 v _153_/Q (sky130_fd_sc_hd__dfxtp_2)
                                                         adc_out[0] (net)
                      0.089614    0.000000    0.407251 v adc_out[0] (out)
                                              0.407251   data arrival time

                      0.150000    0.000000    0.000000   clock clk (rise edge)
                                  0.000000    0.000000   clock network delay (ideal)
                                  0.250000    0.250000   clock uncertainty
                                  0.000000    0.250000   clock reconvergence pessimism
                                -10.000000   -9.750000   output external delay
                                             -9.750000   data required time
---------------------------------------------------------------------------------------------
                                             -9.750000   data required time
                                             -0.407251   data arrival time
---------------------------------------------------------------------------------------------
                                             10.157251   slack (MET)


Startpoint: _154_ (rising edge-triggered flip-flop clocked by clk)
Endpoint: adc_out[1] (output port clocked by clk)
Path Group: clk
Path Type: min

Fanout         Cap        Slew       Delay        Time   Description
---------------------------------------------------------------------------------------------
                      0.150000    0.000000    0.000000   clock clk (rise edge)
                                  0.000000    0.000000   clock network delay (ideal)
                      0.150000    0.000000    0.000000 ^ _154_/CLK (sky130_fd_sc_hd__dfxtp_2)
     2    0.034857    0.089614    0.407251    0.407251 v _154_/Q (sky130_fd_sc_hd__dfxtp_2)
                                                         adc_out[1] (net)
                      0.089614    0.000000    0.407251 v adc_out[1] (out)
                                              0.407251   data arrival time

                      0.150000    0.000000    0.000000   clock clk (rise edge)
                                  0.000000    0.000000   clock network delay (ideal)
                                  0.250000    0.250000   clock uncertainty
                                  0.000000    0.250000   clock reconvergence pessimism
                                -10.000000   -9.750000   output external delay
                                             -9.750000   data required time
---------------------------------------------------------------------------------------------
                                             -9.750000   data required time
                                             -0.407251   data arrival time
---------------------------------------------------------------------------------------------
                                             10.157251   slack (MET)


Startpoint: _155_ (rising edge-triggered flip-flop clocked by clk)
Endpoint: adc_out[2] (output port clocked by clk)
Path Group: clk
Path Type: min

Fanout         Cap        Slew       Delay        Time   Description
---------------------------------------------------------------------------------------------
                      0.150000    0.000000    0.000000   clock clk (rise edge)
                                  0.000000    0.000000   clock network delay (ideal)
                      0.150000    0.000000    0.000000 ^ _155_/CLK (sky130_fd_sc_hd__dfxtp_2)
     2    0.034857    0.089614    0.407251    0.407251 v _155_/Q (sky130_fd_sc_hd__dfxtp_2)
                                                         adc_out[2] (net)
                      0.089614    0.000000    0.407251 v adc_out[2] (out)
                                              0.407251   data arrival time

                      0.150000    0.000000    0.000000   clock clk (rise edge)
                                  0.000000    0.000000   clock network delay (ideal)
                                  0.250000    0.250000   clock uncertainty
                                  0.000000    0.250000   clock reconvergence pessimism
                                -10.000000   -9.750000   output external delay
                                             -9.750000   data required time
---------------------------------------------------------------------------------------------
                                             -9.750000   data required time
                                             -0.407251   data arrival time
---------------------------------------------------------------------------------------------
                                             10.157251   slack (MET)


Startpoint: _156_ (rising edge-triggered flip-flop clocked by clk)
Endpoint: adc_out[3] (output port clocked by clk)
Path Group: clk
Path Type: min

Fanout         Cap        Slew       Delay        Time   Description
---------------------------------------------------------------------------------------------
                      0.150000    0.000000    0.000000   clock clk (rise edge)
                                  0.000000    0.000000   clock network delay (ideal)
                      0.150000    0.000000    0.000000 ^ _156_/CLK (sky130_fd_sc_hd__dfxtp_2)
     2    0.034857    0.089614    0.407251    0.407251 v _156_/Q (sky130_fd_sc_hd__dfxtp_2)
                                                         adc_out[3] (net)
                      0.089614    0.000000    0.407251 v adc_out[3] (out)
                                              0.407251   data arrival time

                      0.150000    0.000000    0.000000   clock clk (rise edge)
                                  0.000000    0.000000   clock network delay (ideal)
                                  0.250000    0.250000   clock uncertainty
                                  0.000000    0.250000   clock reconvergence pessimism
                                -10.000000   -9.750000   output external delay
                                             -9.750000   data required time
---------------------------------------------------------------------------------------------
                                             -9.750000   data required time
                                             -0.407251   data arrival time
---------------------------------------------------------------------------------------------
                                             10.157251   slack (MET)


Startpoint: _157_ (rising edge-triggered flip-flop clocked by clk)
Endpoint: adc_out[4] (output port clocked by clk)
Path Group: clk
Path Type: min

Fanout         Cap        Slew       Delay        Time   Description
---------------------------------------------------------------------------------------------
                      0.150000    0.000000    0.000000   clock clk (rise edge)
                                  0.000000    0.000000   clock network delay (ideal)
                      0.150000    0.000000    0.000000 ^ _157_/CLK (sky130_fd_sc_hd__dfxtp_2)
     2    0.034857    0.089614    0.407251    0.407251 v _157_/Q (sky130_fd_sc_hd__dfxtp_2)
                                                         adc_out[4] (net)
                      0.089614    0.000000    0.407251 v adc_out[4] (out)
                                              0.407251   data arrival time

                      0.150000    0.000000    0.000000   clock clk (rise edge)
                                  0.000000    0.000000   clock network delay (ideal)
                                  0.250000    0.250000   clock uncertainty
                                  0.000000    0.250000   clock reconvergence pessimism
                                -10.000000   -9.750000   output external delay
                                             -9.750000   data required time
---------------------------------------------------------------------------------------------
                                             -9.750000   data required time
                                             -0.407251   data arrival time
---------------------------------------------------------------------------------------------
                                             10.157251   slack (MET)


Startpoint: _158_ (rising edge-triggered flip-flop clocked by clk)
Endpoint: adc_out[5] (output port clocked by clk)
Path Group: clk
Path Type: min

Fanout         Cap        Slew       Delay        Time   Description
---------------------------------------------------------------------------------------------
                      0.150000    0.000000    0.000000   clock clk (rise edge)
                                  0.000000    0.000000   clock network delay (ideal)
                      0.150000    0.000000    0.000000 ^ _158_/CLK (sky130_fd_sc_hd__dfxtp_2)
     2    0.034857    0.089614    0.407251    0.407251 v _158_/Q (sky130_fd_sc_hd__dfxtp_2)
                                                         adc_out[5] (net)
                      0.089614    0.000000    0.407251 v adc_out[5] (out)
                                              0.407251   data arrival time

                      0.150000    0.000000    0.000000   clock clk (rise edge)
                                  0.000000    0.000000   clock network delay (ideal)
                                  0.250000    0.250000   clock uncertainty
                                  0.000000    0.250000   clock reconvergence pessimism
                                -10.000000   -9.750000   output external delay
                                             -9.750000   data required time
---------------------------------------------------------------------------------------------
                                             -9.750000   data required time
                                             -0.407251   data arrival time
---------------------------------------------------------------------------------------------
                                             10.157251   slack (MET)


Startpoint: _159_ (rising edge-triggered flip-flop clocked by clk)
Endpoint: adc_out[6] (output port clocked by clk)
Path Group: clk
Path Type: min

Fanout         Cap        Slew       Delay        Time   Description
---------------------------------------------------------------------------------------------
                      0.150000    0.000000    0.000000   clock clk (rise edge)
                                  0.000000    0.000000   clock network delay (ideal)
                      0.150000    0.000000    0.000000 ^ _159_/CLK (sky130_fd_sc_hd__dfxtp_2)
     2    0.034857    0.089614    0.407251    0.407251 v _159_/Q (sky130_fd_sc_hd__dfxtp_2)
                                                         adc_out[6] (net)
                      0.089614    0.000000    0.407251 v adc_out[6] (out)
                                              0.407251   data arrival time

                      0.150000    0.000000    0.000000   clock clk (rise edge)
                                  0.000000    0.000000   clock network delay (ideal)
                                  0.250000    0.250000   clock uncertainty
                                  0.000000    0.250000   clock reconvergence pessimism
                                -10.000000   -9.750000   output external delay
                                             -9.750000   data required time
---------------------------------------------------------------------------------------------
                                             -9.750000   data required time
                                             -0.407251   data arrival time
---------------------------------------------------------------------------------------------
                                             10.157251   slack (MET)


Startpoint: _160_ (rising edge-triggered flip-flop clocked by clk)
Endpoint: adc_out[7] (output port clocked by clk)
Path Group: clk
Path Type: min

Fanout         Cap        Slew       Delay        Time   Description
---------------------------------------------------------------------------------------------
                      0.150000    0.000000    0.000000   clock clk (rise edge)
                                  0.000000    0.000000   clock network delay (ideal)
                      0.150000    0.000000    0.000000 ^ _160_/CLK (sky130_fd_sc_hd__dfxtp_2)
     2    0.034857    0.089614    0.407251    0.407251 v _160_/Q (sky130_fd_sc_hd__dfxtp_2)
                                                         adc_out[7] (net)
                      0.089614    0.000000    0.407251 v adc_out[7] (out)
                                              0.407251   data arrival time

                      0.150000    0.000000    0.000000   clock clk (rise edge)
                                  0.000000    0.000000   clock network delay (ideal)
                                  0.250000    0.250000   clock uncertainty
                                  0.000000    0.250000   clock reconvergence pessimism
                                -10.000000   -9.750000   output external delay
                                             -9.750000   data required time
---------------------------------------------------------------------------------------------
                                             -9.750000   data required time
                                             -0.407251   data arrival time
---------------------------------------------------------------------------------------------
                                             10.157251   slack (MET)


Startpoint: _162_ (rising edge-triggered flip-flop clocked by clk)
Endpoint: dac_in[1] (output port clocked by clk)
Path Group: clk
Path Type: min

Fanout         Cap        Slew       Delay        Time   Description
---------------------------------------------------------------------------------------------
                      0.150000    0.000000    0.000000   clock clk (rise edge)
                                  0.000000    0.000000   clock network delay (ideal)
                      0.150000    0.000000    0.000000 ^ _162_/CLK (sky130_fd_sc_hd__dfxtp_2)
     3    0.039999    0.100292    0.415990    0.415990 v _162_/Q (sky130_fd_sc_hd__dfxtp_2)
                                                         dac_in[1] (net)
                      0.100292    0.000000    0.415990 v dac_in[1] (out)
                                              0.415990   data arrival time

                      0.150000    0.000000    0.000000   clock clk (rise edge)
                                  0.000000    0.000000   clock network delay (ideal)
                                  0.250000    0.250000   clock uncertainty
                                  0.000000    0.250000   clock reconvergence pessimism
                                -10.000000   -9.750000   output external delay
                                             -9.750000   data required time
---------------------------------------------------------------------------------------------
                                             -9.750000   data required time
                                             -0.415990   data arrival time
---------------------------------------------------------------------------------------------
                                             10.165990   slack (MET)


Startpoint: _164_ (rising edge-triggered flip-flop clocked by clk)
Endpoint: dac_in[3] (output port clocked by clk)
Path Group: clk
Path Type: min

Fanout         Cap        Slew       Delay        Time   Description
---------------------------------------------------------------------------------------------
                      0.150000    0.000000    0.000000   clock clk (rise edge)
                                  0.000000    0.000000   clock network delay (ideal)
                      0.150000    0.000000    0.000000 ^ _164_/CLK (sky130_fd_sc_hd__dfxtp_2)
     3    0.039999    0.100292    0.415990    0.415990 v _164_/Q (sky130_fd_sc_hd__dfxtp_2)
                                                         dac_in[3] (net)
                      0.100292    0.000000    0.415990 v dac_in[3] (out)
                                              0.415990   data arrival time

                      0.150000    0.000000    0.000000   clock clk (rise edge)
                                  0.000000    0.000000   clock network delay (ideal)
                                  0.250000    0.250000   clock uncertainty
                                  0.000000    0.250000   clock reconvergence pessimism
                                -10.000000   -9.750000   output external delay
                                             -9.750000   data required time
---------------------------------------------------------------------------------------------
                                             -9.750000   data required time
                                             -0.415990   data arrival time
---------------------------------------------------------------------------------------------
                                             10.165990   slack (MET)


Startpoint: _165_ (rising edge-triggered flip-flop clocked by clk)
Endpoint: dac_in[4] (output port clocked by clk)
Path Group: clk
Path Type: min

Fanout         Cap        Slew       Delay        Time   Description
---------------------------------------------------------------------------------------------
                      0.150000    0.000000    0.000000   clock clk (rise edge)
                                  0.000000    0.000000   clock network delay (ideal)
                      0.150000    0.000000    0.000000 ^ _165_/CLK (sky130_fd_sc_hd__dfxtp_2)
     3    0.039999    0.100292    0.415990    0.415990 v _165_/Q (sky130_fd_sc_hd__dfxtp_2)
                                                         dac_in[4] (net)
                      0.100292    0.000000    0.415990 v dac_in[4] (out)
                                              0.415990   data arrival time

                      0.150000    0.000000    0.000000   clock clk (rise edge)
                                  0.000000    0.000000   clock network delay (ideal)
                                  0.250000    0.250000   clock uncertainty
                                  0.000000    0.250000   clock reconvergence pessimism
                                -10.000000   -9.750000   output external delay
                                             -9.750000   data required time
---------------------------------------------------------------------------------------------
                                             -9.750000   data required time
                                             -0.415990   data arrival time
---------------------------------------------------------------------------------------------
                                             10.165990   slack (MET)


Startpoint: _166_ (rising edge-triggered flip-flop clocked by clk)
Endpoint: dac_in[5] (output port clocked by clk)
Path Group: clk
Path Type: min

Fanout         Cap        Slew       Delay        Time   Description
---------------------------------------------------------------------------------------------
                      0.150000    0.000000    0.000000   clock clk (rise edge)
                                  0.000000    0.000000   clock network delay (ideal)
                      0.150000    0.000000    0.000000 ^ _166_/CLK (sky130_fd_sc_hd__dfxtp_2)
     3    0.039999    0.100292    0.415990    0.415990 v _166_/Q (sky130_fd_sc_hd__dfxtp_2)
                                                         dac_in[5] (net)
                      0.100292    0.000000    0.415990 v dac_in[5] (out)
                                              0.415990   data arrival time

                      0.150000    0.000000    0.000000   clock clk (rise edge)
                                  0.000000    0.000000   clock network delay (ideal)
                                  0.250000    0.250000   clock uncertainty
                                  0.000000    0.250000   clock reconvergence pessimism
                                -10.000000   -9.750000   output external delay
                                             -9.750000   data required time
---------------------------------------------------------------------------------------------
                                             -9.750000   data required time
                                             -0.415990   data arrival time
---------------------------------------------------------------------------------------------
                                             10.165990   slack (MET)


Startpoint: _168_ (rising edge-triggered flip-flop clocked by clk)
Endpoint: dac_in[7] (output port clocked by clk)
Path Group: clk
Path Type: min

Fanout         Cap        Slew       Delay        Time   Description
---------------------------------------------------------------------------------------------
                      0.150000    0.000000    0.000000   clock clk (rise edge)
                                  0.000000    0.000000   clock network delay (ideal)
                      0.150000    0.000000    0.000000 ^ _168_/CLK (sky130_fd_sc_hd__dfxtp_2)
     3    0.039999    0.100292    0.415990    0.415990 v _168_/Q (sky130_fd_sc_hd__dfxtp_2)
                                                         dac_in[7] (net)
                      0.100292    0.000000    0.415990 v dac_in[7] (out)
                                              0.415990   data arrival time

                      0.150000    0.000000    0.000000   clock clk (rise edge)
                                  0.000000    0.000000   clock network delay (ideal)
                                  0.250000    0.250000   clock uncertainty
                                  0.000000    0.250000   clock reconvergence pessimism
                                -10.000000   -9.750000   output external delay
                                             -9.750000   data required time
---------------------------------------------------------------------------------------------
                                             -9.750000   data required time
                                             -0.415990   data arrival time
---------------------------------------------------------------------------------------------
                                             10.165990   slack (MET)


Startpoint: _163_ (rising edge-triggered flip-flop clocked by clk)
Endpoint: dac_in[2] (output port clocked by clk)
Path Group: clk
Path Type: min

Fanout         Cap        Slew       Delay        Time   Description
---------------------------------------------------------------------------------------------
                      0.150000    0.000000    0.000000   clock clk (rise edge)
                                  0.000000    0.000000   clock network delay (ideal)
                      0.150000    0.000000    0.000000 ^ _163_/CLK (sky130_fd_sc_hd__dfxtp_2)
     4    0.042241    0.104983    0.419702    0.419702 v _163_/Q (sky130_fd_sc_hd__dfxtp_2)
                                                         dac_in[2] (net)
                      0.104983    0.000000    0.419702 v dac_in[2] (out)
                                              0.419702   data arrival time

                      0.150000    0.000000    0.000000   clock clk (rise edge)
                                  0.000000    0.000000   clock network delay (ideal)
                                  0.250000    0.250000   clock uncertainty
                                  0.000000    0.250000   clock reconvergence pessimism
                                -10.000000   -9.750000   output external delay
                                             -9.750000   data required time
---------------------------------------------------------------------------------------------
                                             -9.750000   data required time
                                             -0.419702   data arrival time
---------------------------------------------------------------------------------------------
                                             10.169702   slack (MET)


Startpoint: _167_ (rising edge-triggered flip-flop clocked by clk)
Endpoint: dac_in[6] (output port clocked by clk)
Path Group: clk
Path Type: min

Fanout         Cap        Slew       Delay        Time   Description
---------------------------------------------------------------------------------------------
                      0.150000    0.000000    0.000000   clock clk (rise edge)
                                  0.000000    0.000000   clock network delay (ideal)
                      0.150000    0.000000    0.000000 ^ _167_/CLK (sky130_fd_sc_hd__dfxtp_2)
     4    0.042241    0.104983    0.419702    0.419702 v _167_/Q (sky130_fd_sc_hd__dfxtp_2)
                                                         dac_in[6] (net)
                      0.104983    0.000000    0.419702 v dac_in[6] (out)
                                              0.419702   data arrival time

                      0.150000    0.000000    0.000000   clock clk (rise edge)
                                  0.000000    0.000000   clock network delay (ideal)
                                  0.250000    0.250000   clock uncertainty
                                  0.000000    0.250000   clock reconvergence pessimism
                                -10.000000   -9.750000   output external delay
                                             -9.750000   data required time
---------------------------------------------------------------------------------------------
                                             -9.750000   data required time
                                             -0.419702   data arrival time
---------------------------------------------------------------------------------------------
                                             10.169702   slack (MET)


Startpoint: _161_ (rising edge-triggered flip-flop clocked by clk)
Endpoint: dac_in[0] (output port clocked by clk)
Path Group: clk
Path Type: min

Fanout         Cap        Slew       Delay        Time   Description
---------------------------------------------------------------------------------------------
                      0.150000    0.000000    0.000000   clock clk (rise edge)
                                  0.000000    0.000000   clock network delay (ideal)
                      0.150000    0.000000    0.000000 ^ _161_/CLK (sky130_fd_sc_hd__dfxtp_2)
     4    0.042328    0.105165    0.419846    0.419846 v _161_/Q (sky130_fd_sc_hd__dfxtp_2)
                                                         dac_in[0] (net)
                      0.105165    0.000000    0.419846 v dac_in[0] (out)
                                              0.419846   data arrival time

                      0.150000    0.000000    0.000000   clock clk (rise edge)
                                  0.000000    0.000000   clock network delay (ideal)
                                  0.250000    0.250000   clock uncertainty
                                  0.000000    0.250000   clock reconvergence pessimism
                                -10.000000   -9.750000   output external delay
                                             -9.750000   data required time
---------------------------------------------------------------------------------------------
                                             -9.750000   data required time
                                             -0.419846   data arrival time
---------------------------------------------------------------------------------------------
                                             10.169846   slack (MET)


Startpoint: _163_ (rising edge-triggered flip-flop clocked by clk)
Endpoint: dac_in_n[2] (output port clocked by clk)
Path Group: clk
Path Type: min

Fanout         Cap        Slew       Delay        Time   Description
---------------------------------------------------------------------------------------------
                      0.150000    0.000000    0.000000   clock clk (rise edge)
                                  0.000000    0.000000   clock network delay (ideal)
                      0.150000    0.000000    0.000000 ^ _163_/CLK (sky130_fd_sc_hd__dfxtp_2)
     4    0.042241    0.104983    0.419702    0.419702 v _163_/Q (sky130_fd_sc_hd__dfxtp_2)
                                                         dac_in[2] (net)
                      0.104983    0.000000    0.419702 v _079_/A (sky130_fd_sc_hd__inv_2)
     1    0.033442    0.157812    0.163966    0.583668 ^ _079_/Y (sky130_fd_sc_hd__inv_2)
                                                         dac_in_n[2] (net)
                      0.157812    0.000000    0.583668 ^ dac_in_n[2] (out)
                                              0.583668   data arrival time

                      0.150000    0.000000    0.000000   clock clk (rise edge)
                                  0.000000    0.000000   clock network delay (ideal)
                                  0.250000    0.250000   clock uncertainty
                                  0.000000    0.250000   clock reconvergence pessimism
                                -10.000000   -9.750000   output external delay
                                             -9.750000   data required time
---------------------------------------------------------------------------------------------
                                             -9.750000   data required time
                                             -0.583668   data arrival time
---------------------------------------------------------------------------------------------
                                             10.333668   slack (MET)


Startpoint: _167_ (rising edge-triggered flip-flop clocked by clk)
Endpoint: dac_in_n[6] (output port clocked by clk)
Path Group: clk
Path Type: min

Fanout         Cap        Slew       Delay        Time   Description
---------------------------------------------------------------------------------------------
                      0.150000    0.000000    0.000000   clock clk (rise edge)
                                  0.000000    0.000000   clock network delay (ideal)
                      0.150000    0.000000    0.000000 ^ _167_/CLK (sky130_fd_sc_hd__dfxtp_2)
     4    0.042241    0.104983    0.419702    0.419702 v _167_/Q (sky130_fd_sc_hd__dfxtp_2)
                                                         dac_in[6] (net)
                      0.104983    0.000000    0.419702 v _075_/A (sky130_fd_sc_hd__inv_2)
     1    0.033442    0.157812    0.163966    0.583668 ^ _075_/Y (sky130_fd_sc_hd__inv_2)
                                                         dac_in_n[6] (net)
                      0.157812    0.000000    0.583668 ^ dac_in_n[6] (out)
                                              0.583668   data arrival time

                      0.150000    0.000000    0.000000   clock clk (rise edge)
                                  0.000000    0.000000   clock network delay (ideal)
                                  0.250000    0.250000   clock uncertainty
                                  0.000000    0.250000   clock reconvergence pessimism
                                -10.000000   -9.750000   output external delay
                                             -9.750000   data required time
---------------------------------------------------------------------------------------------
                                             -9.750000   data required time
                                             -0.583668   data arrival time
---------------------------------------------------------------------------------------------
                                             10.333668   slack (MET)


Startpoint: _161_ (rising edge-triggered flip-flop clocked by clk)
Endpoint: dac_in_n[0] (output port clocked by clk)
Path Group: clk
Path Type: min

Fanout         Cap        Slew       Delay        Time   Description
---------------------------------------------------------------------------------------------
                      0.150000    0.000000    0.000000   clock clk (rise edge)
                                  0.000000    0.000000   clock network delay (ideal)
                      0.150000    0.000000    0.000000 ^ _161_/CLK (sky130_fd_sc_hd__dfxtp_2)
     4    0.042328    0.105165    0.419846    0.419846 v _161_/Q (sky130_fd_sc_hd__dfxtp_2)
                                                         dac_in[0] (net)
                      0.105165    0.000000    0.419846 v _081_/A (sky130_fd_sc_hd__inv_2)
     1    0.033442    0.157814    0.164049    0.583895 ^ _081_/Y (sky130_fd_sc_hd__inv_2)
                                                         dac_in_n[0] (net)
                      0.157814    0.000000    0.583895 ^ dac_in_n[0] (out)
                                              0.583895   data arrival time

                      0.150000    0.000000    0.000000   clock clk (rise edge)
                                  0.000000    0.000000   clock network delay (ideal)
                                  0.250000    0.250000   clock uncertainty
                                  0.000000    0.250000   clock reconvergence pessimism
                                -10.000000   -9.750000   output external delay
                                             -9.750000   data required time
---------------------------------------------------------------------------------------------
                                             -9.750000   data required time
                                             -0.583895   data arrival time
---------------------------------------------------------------------------------------------
                                             10.333895   slack (MET)


Startpoint: _162_ (rising edge-triggered flip-flop clocked by clk)
Endpoint: dac_in_n[1] (output port clocked by clk)
Path Group: clk
Path Type: min

Fanout         Cap        Slew       Delay        Time   Description
---------------------------------------------------------------------------------------------
                      0.150000    0.000000    0.000000   clock clk (rise edge)
                                  0.000000    0.000000   clock network delay (ideal)
                      0.150000    0.000000    0.000000 ^ _162_/CLK (sky130_fd_sc_hd__dfxtp_2)
     3    0.039999    0.100292    0.415990    0.415990 v _162_/Q (sky130_fd_sc_hd__dfxtp_2)
                                                         dac_in[1] (net)
                      0.100292    0.000000    0.415990 v _080_/A (sky130_fd_sc_hd__inv_2)
     2    0.036006    0.168675    0.169844    0.585834 ^ _080_/Y (sky130_fd_sc_hd__inv_2)
                                                         dac_in_n[1] (net)
                      0.168675    0.000000    0.585834 ^ dac_in_n[1] (out)
                                              0.585834   data arrival time

                      0.150000    0.000000    0.000000   clock clk (rise edge)
                                  0.000000    0.000000   clock network delay (ideal)
                                  0.250000    0.250000   clock uncertainty
                                  0.000000    0.250000   clock reconvergence pessimism
                                -10.000000   -9.750000   output external delay
                                             -9.750000   data required time
---------------------------------------------------------------------------------------------
                                             -9.750000   data required time
                                             -0.585834   data arrival time
---------------------------------------------------------------------------------------------
                                             10.335835   slack (MET)


Startpoint: _165_ (rising edge-triggered flip-flop clocked by clk)
Endpoint: dac_in_n[4] (output port clocked by clk)
Path Group: clk
Path Type: min

Fanout         Cap        Slew       Delay        Time   Description
---------------------------------------------------------------------------------------------
                      0.150000    0.000000    0.000000   clock clk (rise edge)
                                  0.000000    0.000000   clock network delay (ideal)
                      0.150000    0.000000    0.000000 ^ _165_/CLK (sky130_fd_sc_hd__dfxtp_2)
     3    0.039999    0.100292    0.415990    0.415990 v _165_/Q (sky130_fd_sc_hd__dfxtp_2)
                                                         dac_in[4] (net)
                      0.100292    0.000000    0.415990 v _077_/A (sky130_fd_sc_hd__inv_2)
     2    0.036006    0.168675    0.169844    0.585834 ^ _077_/Y (sky130_fd_sc_hd__inv_2)
                                                         dac_in_n[4] (net)
                      0.168675    0.000000    0.585834 ^ dac_in_n[4] (out)
                                              0.585834   data arrival time

                      0.150000    0.000000    0.000000   clock clk (rise edge)
                                  0.000000    0.000000   clock network delay (ideal)
                                  0.250000    0.250000   clock uncertainty
                                  0.000000    0.250000   clock reconvergence pessimism
                                -10.000000   -9.750000   output external delay
                                             -9.750000   data required time
---------------------------------------------------------------------------------------------
                                             -9.750000   data required time
                                             -0.585834   data arrival time
---------------------------------------------------------------------------------------------
                                             10.335835   slack (MET)


Startpoint: _166_ (rising edge-triggered flip-flop clocked by clk)
Endpoint: dac_in_n[5] (output port clocked by clk)
Path Group: clk
Path Type: min

Fanout         Cap        Slew       Delay        Time   Description
---------------------------------------------------------------------------------------------
                      0.150000    0.000000    0.000000   clock clk (rise edge)
                                  0.000000    0.000000   clock network delay (ideal)
                      0.150000    0.000000    0.000000 ^ _166_/CLK (sky130_fd_sc_hd__dfxtp_2)
     3    0.039999    0.100292    0.415990    0.415990 v _166_/Q (sky130_fd_sc_hd__dfxtp_2)
                                                         dac_in[5] (net)
                      0.100292    0.000000    0.415990 v _076_/A (sky130_fd_sc_hd__inv_2)
     2    0.036006    0.168675    0.169844    0.585834 ^ _076_/Y (sky130_fd_sc_hd__inv_2)
                                                         dac_in_n[5] (net)
                      0.168675    0.000000    0.585834 ^ dac_in_n[5] (out)
                                              0.585834   data arrival time

                      0.150000    0.000000    0.000000   clock clk (rise edge)
                                  0.000000    0.000000   clock network delay (ideal)
                                  0.250000    0.250000   clock uncertainty
                                  0.000000    0.250000   clock reconvergence pessimism
                                -10.000000   -9.750000   output external delay
                                             -9.750000   data required time
---------------------------------------------------------------------------------------------
                                             -9.750000   data required time
                                             -0.585834   data arrival time
---------------------------------------------------------------------------------------------
                                             10.335835   slack (MET)


Startpoint: _164_ (rising edge-triggered flip-flop clocked by clk)
Endpoint: dac_in_n[3] (output port clocked by clk)
Path Group: clk
Path Type: min

Fanout         Cap        Slew       Delay        Time   Description
---------------------------------------------------------------------------------------------
                      0.150000    0.000000    0.000000   clock clk (rise edge)
                                  0.000000    0.000000   clock network delay (ideal)
                      0.150000    0.000000    0.000000 ^ _164_/CLK (sky130_fd_sc_hd__dfxtp_2)
     3    0.039999    0.100292    0.415990    0.415990 v _164_/Q (sky130_fd_sc_hd__dfxtp_2)
                                                         dac_in[3] (net)
                      0.100292    0.000000    0.415990 v _078_/A (sky130_fd_sc_hd__inv_2)
     2    0.038149    0.177837    0.176545    0.592535 ^ _078_/Y (sky130_fd_sc_hd__inv_2)
                                                         dac_in_n[3] (net)
                      0.177837    0.000000    0.592535 ^ dac_in_n[3] (out)
                                              0.592535   data arrival time

                      0.150000    0.000000    0.000000   clock clk (rise edge)
                                  0.000000    0.000000   clock network delay (ideal)
                                  0.250000    0.250000   clock uncertainty
                                  0.000000    0.250000   clock reconvergence pessimism
                                -10.000000   -9.750000   output external delay
                                             -9.750000   data required time
---------------------------------------------------------------------------------------------
                                             -9.750000   data required time
                                             -0.592535   data arrival time
---------------------------------------------------------------------------------------------
                                             10.342535   slack (MET)


Startpoint: _168_ (rising edge-triggered flip-flop clocked by clk)
Endpoint: dac_in_n[7] (output port clocked by clk)
Path Group: clk
Path Type: min

Fanout         Cap        Slew       Delay        Time   Description
---------------------------------------------------------------------------------------------
                      0.150000    0.000000    0.000000   clock clk (rise edge)
                                  0.000000    0.000000   clock network delay (ideal)
                      0.150000    0.000000    0.000000 ^ _168_/CLK (sky130_fd_sc_hd__dfxtp_2)
     3    0.039999    0.100292    0.415990    0.415990 v _168_/Q (sky130_fd_sc_hd__dfxtp_2)
                                                         dac_in[7] (net)
                      0.100292    0.000000    0.415990 v _074_/A (sky130_fd_sc_hd__inv_2)
     2    0.038149    0.177837    0.176545    0.592535 ^ _074_/Y (sky130_fd_sc_hd__inv_2)
                                                         dac_in_n[7] (net)
                      0.177837    0.000000    0.592535 ^ dac_in_n[7] (out)
                                              0.592535   data arrival time

                      0.150000    0.000000    0.000000   clock clk (rise edge)
                                  0.000000    0.000000   clock network delay (ideal)
                                  0.250000    0.250000   clock uncertainty
                                  0.000000    0.250000   clock reconvergence pessimism
                                -10.000000   -9.750000   output external delay
                                             -9.750000   data required time
---------------------------------------------------------------------------------------------
                                             -9.750000   data required time
                                             -0.592535   data arrival time
---------------------------------------------------------------------------------------------
                                             10.342535   slack (MET)


Startpoint: _152_ (rising edge-triggered flip-flop clocked by clk')
Endpoint: comparator_clk (output port clocked by clk)
Path Group: clk
Path Type: min

Fanout         Cap        Slew       Delay        Time   Description
---------------------------------------------------------------------------------------------
                      0.150000   25.000000   25.000000   clock clk' (rise edge)
                                  0.000000   25.000000   clock network delay (ideal)
                      0.150000    0.000000   25.000000 ^ _152_/CLK (sky130_fd_sc_hd__dfxtp_2)
    12    0.059279    0.140637    0.447907   25.447906 v _152_/Q (sky130_fd_sc_hd__dfxtp_2)
                                                         comparator_clk (net)
                      0.140637    0.000000   25.447906 v comparator_clk (out)
                                             25.447906   data arrival time

                      0.150000    0.000000    0.000000   clock clk (rise edge)
                                  0.000000    0.000000   clock network delay (ideal)
                                  0.250000    0.250000   clock uncertainty
                                  0.000000    0.250000   clock reconvergence pessimism
                                -10.000000   -9.750000   output external delay
                                             -9.750000   data required time
---------------------------------------------------------------------------------------------
                                             -9.750000   data required time
                                            -25.447906   data arrival time
---------------------------------------------------------------------------------------------
                                             35.197906   slack (MET)



