Clock: clk
Sources: clk 
Generated: no
Virtual: no
Propagated: no
Period: 500.000000

===========================================================================
report_clock_properties
============================================================================
Clock                   Period          Waveform
----------------------------------------------------
clk                 500.000000    0.000000250.000000

===========================================================================
report_clock_latency
============================================================================
Clock clk
rise -> rise
    min     max
0.000000 0.000000 source latency
0.195616         network latency _153_/CLK
        0.195616 network latency _153_/CLK
---------------
0.195616 0.195616 latency
        0.000000 skew

rise -> fall
    min     max
0.000000 0.000000 source latency
0.294967         network latency _152_/CLK
        0.294967 network latency _152_/CLK
---------------
0.294967 0.294967 latency
        0.000000 skew

fall -> rise
    min     max
0.000000 0.000000 source latency
0.200458         network latency _152_/CLK
        0.200458 network latency _152_/CLK
---------------
0.200458 0.200458 latency
        0.000000 skew

fall -> fall
    min     max
0.000000 0.000000 source latency
0.111129         network latency _153_/CLK
        0.111129 network latency _153_/CLK
---------------
0.111129 0.111129 latency
        0.000000 skew



===========================================================================
report_clock_min_period
============================================================================
clk period_min = 4.00 fmax = 249.75
