
===========================================================================
report_checks -path_delay max (Setup)
============================================================================
======================= nom_ss_100C_1v60 Corner ===================================

Startpoint: _152_ (rising edge-triggered flip-flop clocked by clk')
Endpoint: comparator_clk (output port clocked by clk)
Path Group: clk
Path Type: max

Fanout         Cap        Slew       Delay        Time   Description
---------------------------------------------------------------------------------------------
                      0.150000  250.000000  250.000000   clock clk' (rise edge)
                                  0.000000  250.000000   clock network delay (ideal)
                      0.150000    0.000000  250.000000 ^ _152_/CLK (sky130_fd_sc_hd__dfxtp_2)
    12    0.060387    0.485406    1.000927  251.000931 ^ _152_/Q (sky130_fd_sc_hd__dfxtp_2)
                                                         comparator_clk (net)
                      0.485406    0.000000  251.000931 ^ comparator_clk (out)
                                            251.000931   data arrival time

                      0.150000  500.000000  500.000000   clock clk (rise edge)
                                  0.000000  500.000000   clock network delay (ideal)
                                 -0.250000  499.750031   clock uncertainty
                                  0.000000  499.750031   clock reconvergence pessimism
                               -100.000000  399.750031   output external delay
                                            399.750031   data required time
---------------------------------------------------------------------------------------------
                                            399.750031   data required time
                                           -251.000931   data arrival time
---------------------------------------------------------------------------------------------
                                            148.749084   slack (MET)


Startpoint: rst_n (input port clocked by clk)
Endpoint: _152_ (rising edge-triggered flip-flop clocked by clk')
Path Group: clk
Path Type: max

Fanout         Cap        Slew       Delay        Time   Description
---------------------------------------------------------------------------------------------
                      0.150000    0.000000    0.000000   clock clk (rise edge)
                                  0.000000    0.000000   clock network delay (ideal)
                                100.000000  100.000000 v input external delay
    11    0.026008    0.114799    0.079879  100.079880 v rst_n (in)
                                                         rst_n (net)
                      0.114799    0.000000  100.079880 v _084_/B (sky130_fd_sc_hd__and2b_2)
     1    0.001577    0.063060    0.407105  100.486984 v _084_/X (sky130_fd_sc_hd__and2b_2)
                                                         _001_ (net)
                      0.063060    0.000000  100.486984 v _152_/D (sky130_fd_sc_hd__dfxtp_2)
                                            100.486984   data arrival time

                      0.150000  250.000000  250.000000   clock clk' (rise edge)
                                  0.000000  250.000000   clock network delay (ideal)
                                 -0.250000  249.750015   clock uncertainty
                                  0.000000  249.750015   clock reconvergence pessimism
                                            249.750015 ^ _152_/CLK (sky130_fd_sc_hd__dfxtp_2)
                                 -0.249839  249.500183   library setup time
                                            249.500183   data required time
---------------------------------------------------------------------------------------------
                                            249.500183   data required time
                                           -100.486984   data arrival time
---------------------------------------------------------------------------------------------
                                            149.013214   slack (MET)


Startpoint: _152_ (rising edge-triggered flip-flop clocked by clk')
Endpoint: _162_ (rising edge-triggered flip-flop clocked by clk)
Path Group: clk
Path Type: max

Fanout         Cap        Slew       Delay        Time   Description
---------------------------------------------------------------------------------------------
                      0.150000  250.000000  250.000000   clock clk' (rise edge)
                                  0.000000  250.000000   clock network delay (ideal)
                      0.150000    0.000000  250.000000 ^ _152_/CLK (sky130_fd_sc_hd__dfxtp_2)
    12    0.060387    0.485406    1.000927  251.000931 ^ _152_/Q (sky130_fd_sc_hd__dfxtp_2)
                                                         comparator_clk (net)
                      0.485406    0.000000  251.000931 ^ _105_/A (sky130_fd_sc_hd__nand2_2)
     5    0.008170    0.152948    0.243347  251.244278 v _105_/Y (sky130_fd_sc_hd__nand2_2)
                                                         _061_ (net)
                      0.152948    0.000000  251.244278 v _118_/D (sky130_fd_sc_hd__or4_2)
     1    0.004223    0.231625    1.343324  252.587601 v _118_/X (sky130_fd_sc_hd__or4_2)
                                                         _023_ (net)
                      0.231625    0.000000  252.587601 v _120_/A2 (sky130_fd_sc_hd__a31oi_2)
     1    0.001537    0.155927    0.298456  252.886063 ^ _120_/Y (sky130_fd_sc_hd__a31oi_2)
                                                         _011_ (net)
                      0.155927    0.000000  252.886063 ^ _162_/D (sky130_fd_sc_hd__dfxtp_2)
                                            252.886063   data arrival time

                      0.150000  500.000000  500.000000   clock clk (rise edge)
                                  0.000000  500.000000   clock network delay (ideal)
                                 -0.250000  499.750031   clock uncertainty
                                  0.000000  499.750031   clock reconvergence pessimism
                                            499.750031 ^ _162_/CLK (sky130_fd_sc_hd__dfxtp_2)
                                 -0.149630  499.600403   library setup time
                                            499.600403   data required time
---------------------------------------------------------------------------------------------
                                            499.600403   data required time
                                           -252.886063   data arrival time
---------------------------------------------------------------------------------------------
                                            246.714340   slack (MET)


Startpoint: _152_ (rising edge-triggered flip-flop clocked by clk')
Endpoint: _166_ (rising edge-triggered flip-flop clocked by clk)
Path Group: clk
Path Type: max

Fanout         Cap        Slew       Delay        Time   Description
---------------------------------------------------------------------------------------------
                      0.150000  250.000000  250.000000   clock clk' (rise edge)
                                  0.000000  250.000000   clock network delay (ideal)
                      0.150000    0.000000  250.000000 ^ _152_/CLK (sky130_fd_sc_hd__dfxtp_2)
    12    0.060387    0.485406    1.000927  251.000931 ^ _152_/Q (sky130_fd_sc_hd__dfxtp_2)
                                                         comparator_clk (net)
                      0.485406    0.000000  251.000931 ^ _105_/A (sky130_fd_sc_hd__nand2_2)
     5    0.008170    0.152948    0.243347  251.244278 v _105_/Y (sky130_fd_sc_hd__nand2_2)
                                                         _061_ (net)
                      0.152948    0.000000  251.244278 v _135_/D (sky130_fd_sc_hd__or4_2)
     1    0.004223    0.231637    1.343324  252.587601 v _135_/X (sky130_fd_sc_hd__or4_2)
                                                         _036_ (net)
                      0.231637    0.000000  252.587601 v _137_/A2 (sky130_fd_sc_hd__a31oi_2)
     1    0.001537    0.155909    0.298485  252.886093 ^ _137_/Y (sky130_fd_sc_hd__a31oi_2)
                                                         _015_ (net)
                      0.155909    0.000000  252.886093 ^ _166_/D (sky130_fd_sc_hd__dfxtp_2)
                                            252.886093   data arrival time

                      0.150000  500.000000  500.000000   clock clk (rise edge)
                                  0.000000  500.000000   clock network delay (ideal)
                                 -0.250000  499.750031   clock uncertainty
                                  0.000000  499.750031   clock reconvergence pessimism
                                            499.750031 ^ _166_/CLK (sky130_fd_sc_hd__dfxtp_2)
                                 -0.149625  499.600403   library setup time
                                            499.600403   data required time
---------------------------------------------------------------------------------------------
                                            499.600403   data required time
                                           -252.886093   data arrival time
---------------------------------------------------------------------------------------------
                                            246.714310   slack (MET)


Startpoint: _152_ (rising edge-triggered flip-flop clocked by clk')
Endpoint: _163_ (rising edge-triggered flip-flop clocked by clk)
Path Group: clk
Path Type: max

Fanout         Cap        Slew       Delay        Time   Description
---------------------------------------------------------------------------------------------
                      0.150000  250.000000  250.000000   clock clk' (rise edge)
                                  0.000000  250.000000   clock network delay (ideal)
                      0.150000    0.000000  250.000000 ^ _152_/CLK (sky130_fd_sc_hd__dfxtp_2)
    12    0.060387    0.485406    1.000927  251.000931 ^ _152_/Q (sky130_fd_sc_hd__dfxtp_2)
                                                         comparator_clk (net)
                      0.485406    0.000000  251.000931 ^ _105_/A (sky130_fd_sc_hd__nand2_2)
     5    0.008170    0.152948    0.243347  251.244278 v _105_/Y (sky130_fd_sc_hd__nand2_2)
                                                         _061_ (net)
                      0.152948    0.000000  251.244278 v _121_/A4 (sky130_fd_sc_hd__o41a_2)
     1    0.002279    0.104878    0.743995  251.988281 v _121_/X (sky130_fd_sc_hd__o41a_2)
                                                         _025_ (net)
                      0.104878    0.000000  251.988281 v _125_/A1 (sky130_fd_sc_hd__o31a_2)
     1    0.001577    0.081336    0.645144  252.633423 v _125_/X (sky130_fd_sc_hd__o31a_2)
                                                         _012_ (net)
                      0.081336    0.000000  252.633423 v _163_/D (sky130_fd_sc_hd__dfxtp_2)
                                            252.633423   data arrival time

                      0.150000  500.000000  500.000000   clock clk (rise edge)
                                  0.000000  500.000000   clock network delay (ideal)
                                 -0.250000  499.750031   clock uncertainty
                                  0.000000  499.750031   clock reconvergence pessimism
                                            499.750031 ^ _163_/CLK (sky130_fd_sc_hd__dfxtp_2)
                                 -0.257427  499.492584   library setup time
                                            499.492584   data required time
---------------------------------------------------------------------------------------------
                                            499.492584   data required time
                                           -252.633423   data arrival time
---------------------------------------------------------------------------------------------
                                            246.859146   slack (MET)


Startpoint: _152_ (rising edge-triggered flip-flop clocked by clk')
Endpoint: _167_ (rising edge-triggered flip-flop clocked by clk)
Path Group: clk
Path Type: max

Fanout         Cap        Slew       Delay        Time   Description
---------------------------------------------------------------------------------------------
                      0.150000  250.000000  250.000000   clock clk' (rise edge)
                                  0.000000  250.000000   clock network delay (ideal)
                      0.150000    0.000000  250.000000 ^ _152_/CLK (sky130_fd_sc_hd__dfxtp_2)
    12    0.060387    0.485406    1.000927  251.000931 ^ _152_/Q (sky130_fd_sc_hd__dfxtp_2)
                                                         comparator_clk (net)
                      0.485406    0.000000  251.000931 ^ _105_/A (sky130_fd_sc_hd__nand2_2)
     5    0.008170    0.152948    0.243347  251.244278 v _105_/Y (sky130_fd_sc_hd__nand2_2)
                                                         _061_ (net)
                      0.152948    0.000000  251.244278 v _138_/A4 (sky130_fd_sc_hd__o41a_2)
     1    0.002279    0.104878    0.743995  251.988281 v _138_/X (sky130_fd_sc_hd__o41a_2)
                                                         _038_ (net)
                      0.104878    0.000000  251.988281 v _141_/A1 (sky130_fd_sc_hd__o31a_2)
     1    0.001577    0.081605    0.645144  252.633423 v _141_/X (sky130_fd_sc_hd__o31a_2)
                                                         _016_ (net)
                      0.081605    0.000000  252.633423 v _167_/D (sky130_fd_sc_hd__dfxtp_2)
                                            252.633423   data arrival time

                      0.150000  500.000000  500.000000   clock clk (rise edge)
                                  0.000000  500.000000   clock network delay (ideal)
                                 -0.250000  499.750031   clock uncertainty
                                  0.000000  499.750031   clock reconvergence pessimism
                                            499.750031 ^ _167_/CLK (sky130_fd_sc_hd__dfxtp_2)
                                 -0.257538  499.492462   library setup time
                                            499.492462   data required time
---------------------------------------------------------------------------------------------
                                            499.492462   data required time
                                           -252.633423   data arrival time
---------------------------------------------------------------------------------------------
                                            246.859039   slack (MET)


Startpoint: _152_ (rising edge-triggered flip-flop clocked by clk')
Endpoint: _165_ (rising edge-triggered flip-flop clocked by clk)
Path Group: clk
Path Type: max

Fanout         Cap        Slew       Delay        Time   Description
---------------------------------------------------------------------------------------------
                      0.150000  250.000000  250.000000   clock clk' (rise edge)
                                  0.000000  250.000000   clock network delay (ideal)
                      0.150000    0.000000  250.000000 ^ _152_/CLK (sky130_fd_sc_hd__dfxtp_2)
    12    0.060387    0.485406    1.000927  251.000931 ^ _152_/Q (sky130_fd_sc_hd__dfxtp_2)
                                                         comparator_clk (net)
                      0.485406    0.000000  251.000931 ^ _107_/A (sky130_fd_sc_hd__nand3_2)
     3    0.007106    0.191142    0.282796  251.283737 v _107_/Y (sky130_fd_sc_hd__nand3_2)
                                                         _063_ (net)
                      0.191142    0.000000  251.283737 v _130_/B (sky130_fd_sc_hd__or3b_2)
     1    0.004401    0.176157    1.085994  252.369720 v _130_/X (sky130_fd_sc_hd__or3b_2)
                                                         _032_ (net)
                      0.176157    0.000000  252.369720 v _133_/A1 (sky130_fd_sc_hd__a31oi_2)
     1    0.001537    0.155874    0.226777  252.596497 ^ _133_/Y (sky130_fd_sc_hd__a31oi_2)
                                                         _014_ (net)
                      0.155874    0.000000  252.596497 ^ _165_/D (sky130_fd_sc_hd__dfxtp_2)
                                            252.596497   data arrival time

                      0.150000  500.000000  500.000000   clock clk (rise edge)
                                  0.000000  500.000000   clock network delay (ideal)
                                 -0.250000  499.750031   clock uncertainty
                                  0.000000  499.750031   clock reconvergence pessimism
                                            499.750031 ^ _165_/CLK (sky130_fd_sc_hd__dfxtp_2)
                                 -0.149616  499.600403   library setup time
                                            499.600403   data required time
---------------------------------------------------------------------------------------------
                                            499.600403   data required time
                                           -252.596497   data arrival time
---------------------------------------------------------------------------------------------
                                            247.003906   slack (MET)


Startpoint: _152_ (rising edge-triggered flip-flop clocked by clk')
Endpoint: _168_ (rising edge-triggered flip-flop clocked by clk)
Path Group: clk
Path Type: max

Fanout         Cap        Slew       Delay        Time   Description
---------------------------------------------------------------------------------------------
                      0.150000  250.000000  250.000000   clock clk' (rise edge)
                                  0.000000  250.000000   clock network delay (ideal)
                      0.150000    0.000000  250.000000 ^ _152_/CLK (sky130_fd_sc_hd__dfxtp_2)
    12    0.060387    0.485406    1.000927  251.000931 ^ _152_/Q (sky130_fd_sc_hd__dfxtp_2)
                                                         comparator_clk (net)
                      0.485406    0.000000  251.000931 ^ _122_/C_N (sky130_fd_sc_hd__nor3b_2)
     5    0.014945    0.489978    0.656257  251.657196 ^ _122_/Y (sky130_fd_sc_hd__nor3b_2)
                                                         _026_ (net)
                      0.489978    0.000000  251.657196 ^ _142_/A1 (sky130_fd_sc_hd__a21oi_2)
     1    0.002258    0.111049    0.217227  251.874420 v _142_/Y (sky130_fd_sc_hd__a21oi_2)
                                                         _041_ (net)
                      0.111049    0.000000  251.874420 v _143_/B1 (sky130_fd_sc_hd__a211o_2)
     1    0.001577    0.074040    0.568832  252.443253 v _143_/X (sky130_fd_sc_hd__a211o_2)
                                                         _017_ (net)
                      0.074040    0.000000  252.443253 v _168_/D (sky130_fd_sc_hd__dfxtp_2)
                                            252.443253   data arrival time

                      0.150000  500.000000  500.000000   clock clk (rise edge)
                                  0.000000  500.000000   clock network delay (ideal)
                                 -0.250000  499.750031   clock uncertainty
                                  0.000000  499.750031   clock reconvergence pessimism
                                            499.750031 ^ _168_/CLK (sky130_fd_sc_hd__dfxtp_2)
                                 -0.254398  499.495636   library setup time
                                            499.495636   data required time
---------------------------------------------------------------------------------------------
                                            499.495636   data required time
                                           -252.443253   data arrival time
---------------------------------------------------------------------------------------------
                                            247.052383   slack (MET)


Startpoint: _152_ (rising edge-triggered flip-flop clocked by clk')
Endpoint: _164_ (rising edge-triggered flip-flop clocked by clk)
Path Group: clk
Path Type: max

Fanout         Cap        Slew       Delay        Time   Description
---------------------------------------------------------------------------------------------
                      0.150000  250.000000  250.000000   clock clk' (rise edge)
                                  0.000000  250.000000   clock network delay (ideal)
                      0.150000    0.000000  250.000000 ^ _152_/CLK (sky130_fd_sc_hd__dfxtp_2)
    12    0.060387    0.485406    1.000927  251.000931 ^ _152_/Q (sky130_fd_sc_hd__dfxtp_2)
                                                         comparator_clk (net)
                      0.485406    0.000000  251.000931 ^ _122_/C_N (sky130_fd_sc_hd__nor3b_2)
     5    0.014945    0.489978    0.656257  251.657196 ^ _122_/Y (sky130_fd_sc_hd__nor3b_2)
                                                         _026_ (net)
                      0.489978    0.000000  251.657196 ^ _126_/A2 (sky130_fd_sc_hd__a21oi_2)
     1    0.002254    0.093078    0.226095  251.883286 v _126_/Y (sky130_fd_sc_hd__a21oi_2)
                                                         _029_ (net)
                      0.093078    0.000000  251.883286 v _129_/A1 (sky130_fd_sc_hd__o21a_2)
     1    0.001577    0.052459    0.378861  252.262146 v _129_/X (sky130_fd_sc_hd__o21a_2)
                                                         _013_ (net)
                      0.052459    0.000000  252.262146 v _164_/D (sky130_fd_sc_hd__dfxtp_2)
                                            252.262146   data arrival time

                      0.150000  500.000000  500.000000   clock clk (rise edge)
                                  0.000000  500.000000   clock network delay (ideal)
                                 -0.250000  499.750031   clock uncertainty
                                  0.000000  499.750031   clock reconvergence pessimism
                                            499.750031 ^ _164_/CLK (sky130_fd_sc_hd__dfxtp_2)
                                 -0.245438  499.504578   library setup time
                                            499.504578   data required time
---------------------------------------------------------------------------------------------
                                            499.504578   data required time
                                           -252.262146   data arrival time
---------------------------------------------------------------------------------------------
                                            247.242416   slack (MET)


Startpoint: _152_ (rising edge-triggered flip-flop clocked by clk')
Endpoint: _161_ (rising edge-triggered flip-flop clocked by clk)
Path Group: clk
Path Type: max

Fanout         Cap        Slew       Delay        Time   Description
---------------------------------------------------------------------------------------------
                      0.150000  250.000000  250.000000   clock clk' (rise edge)
                                  0.000000  250.000000   clock network delay (ideal)
                      0.150000    0.000000  250.000000 ^ _152_/CLK (sky130_fd_sc_hd__dfxtp_2)
    12    0.060387    0.485406    1.000927  251.000931 ^ _152_/Q (sky130_fd_sc_hd__dfxtp_2)
                                                         comparator_clk (net)
                      0.485406    0.000000  251.000931 ^ _109_/A (sky130_fd_sc_hd__nand4_2)
     4    0.009230    0.269495    0.355016  251.355942 v _109_/Y (sky130_fd_sc_hd__nand4_2)
                                                         _065_ (net)
                      0.269495    0.000000  251.355942 v _111_/A2 (sky130_fd_sc_hd__o21a_2)
     1    0.002254    0.056492    0.433005  251.788956 v _111_/X (sky130_fd_sc_hd__o21a_2)
                                                         _067_ (net)
                      0.056492    0.000000  251.788956 v _115_/A1 (sky130_fd_sc_hd__o21a_2)
     1    0.001577    0.052459    0.362945  252.151901 v _115_/X (sky130_fd_sc_hd__o21a_2)
                                                         _010_ (net)
                      0.052459    0.000000  252.151901 v _161_/D (sky130_fd_sc_hd__dfxtp_2)
                                            252.151901   data arrival time

                      0.150000  500.000000  500.000000   clock clk (rise edge)
                                  0.000000  500.000000   clock network delay (ideal)
                                 -0.250000  499.750031   clock uncertainty
                                  0.000000  499.750031   clock reconvergence pessimism
                                            499.750031 ^ _161_/CLK (sky130_fd_sc_hd__dfxtp_2)
                                 -0.245437  499.504578   library setup time
                                            499.504578   data required time
---------------------------------------------------------------------------------------------
                                            499.504578   data required time
                                           -252.151901   data arrival time
---------------------------------------------------------------------------------------------
                                            247.352661   slack (MET)


Startpoint: _152_ (rising edge-triggered flip-flop clocked by clk')
Endpoint: _172_ (rising edge-triggered flip-flop clocked by clk)
Path Group: clk
Path Type: max

Fanout         Cap        Slew       Delay        Time   Description
---------------------------------------------------------------------------------------------
                      0.150000  250.000000  250.000000   clock clk' (rise edge)
                                  0.000000  250.000000   clock network delay (ideal)
                      0.150000    0.000000  250.000000 ^ _152_/CLK (sky130_fd_sc_hd__dfxtp_2)
    12    0.060387    0.485406    1.000927  251.000931 ^ _152_/Q (sky130_fd_sc_hd__dfxtp_2)
                                                         comparator_clk (net)
                      0.485406    0.000000  251.000931 ^ _109_/A (sky130_fd_sc_hd__nand4_2)
     4    0.009230    0.269495    0.355016  251.355942 v _109_/Y (sky130_fd_sc_hd__nand4_2)
                                                         _065_ (net)
                      0.269495    0.000000  251.355942 v _110_/B (sky130_fd_sc_hd__or2_2)
     1    0.004334    0.122255    0.712589  252.068542 v _110_/X (sky130_fd_sc_hd__or2_2)
                                                         _066_ (net)
                      0.122255    0.000000  252.068542 v _151_/A1 (sky130_fd_sc_hd__a21oi_2)
     1    0.001537    0.111524    0.182325  252.250870 ^ _151_/Y (sky130_fd_sc_hd__a21oi_2)
                                                         _021_ (net)
                      0.111524    0.000000  252.250870 ^ _172_/D (sky130_fd_sc_hd__dfxtp_2)
                                            252.250870   data arrival time

                      0.150000  500.000000  500.000000   clock clk (rise edge)
                                  0.000000  500.000000   clock network delay (ideal)
                                 -0.250000  499.750031   clock uncertainty
                                  0.000000  499.750031   clock reconvergence pessimism
                                            499.750031 ^ _172_/CLK (sky130_fd_sc_hd__dfxtp_2)
                                 -0.138027  499.612000   library setup time
                                            499.612000   data required time
---------------------------------------------------------------------------------------------
                                            499.612000   data required time
                                           -252.250870   data arrival time
---------------------------------------------------------------------------------------------
                                            247.361130   slack (MET)


Startpoint: _152_ (rising edge-triggered flip-flop clocked by clk')
Endpoint: _169_ (rising edge-triggered flip-flop clocked by clk)
Path Group: clk
Path Type: max

Fanout         Cap        Slew       Delay        Time   Description
---------------------------------------------------------------------------------------------
                      0.150000  250.000000  250.000000   clock clk' (rise edge)
                                  0.000000  250.000000   clock network delay (ideal)
                      0.150000    0.000000  250.000000 ^ _152_/CLK (sky130_fd_sc_hd__dfxtp_2)
    12    0.059167    0.259505    0.828720  250.828720 v _152_/Q (sky130_fd_sc_hd__dfxtp_2)
                                                         comparator_clk (net)
                      0.259505    0.000000  250.828720 v _144_/A (sky130_fd_sc_hd__or2_2)
     1    0.001404    0.101716    0.714181  251.542908 v _144_/X (sky130_fd_sc_hd__or2_2)
                                                         _042_ (net)
                      0.101716    0.000000  251.542908 v _145_/C (sky130_fd_sc_hd__and3_2)
     1    0.001577    0.065323    0.431442  251.974350 v _145_/X (sky130_fd_sc_hd__and3_2)
                                                         _018_ (net)
                      0.065323    0.000000  251.974350 v _169_/D (sky130_fd_sc_hd__dfxtp_2)
                                            251.974350   data arrival time

                      0.150000  500.000000  500.000000   clock clk (rise edge)
                                  0.000000  500.000000   clock network delay (ideal)
                                 -0.250000  499.750031   clock uncertainty
                                  0.000000  499.750031   clock reconvergence pessimism
                                            499.750031 ^ _169_/CLK (sky130_fd_sc_hd__dfxtp_2)
                                 -0.250778  499.499237   library setup time
                                            499.499237   data required time
---------------------------------------------------------------------------------------------
                                            499.499237   data required time
                                           -251.974350   data arrival time
---------------------------------------------------------------------------------------------
                                            247.524872   slack (MET)


Startpoint: _152_ (rising edge-triggered flip-flop clocked by clk')
Endpoint: _171_ (rising edge-triggered flip-flop clocked by clk)
Path Group: clk
Path Type: max

Fanout         Cap        Slew       Delay        Time   Description
---------------------------------------------------------------------------------------------
                      0.150000  250.000000  250.000000   clock clk' (rise edge)
                                  0.000000  250.000000   clock network delay (ideal)
                      0.150000    0.000000  250.000000 ^ _152_/CLK (sky130_fd_sc_hd__dfxtp_2)
    12    0.060387    0.485406    1.000927  251.000931 ^ _152_/Q (sky130_fd_sc_hd__dfxtp_2)
                                                         comparator_clk (net)
                      0.485406    0.000000  251.000931 ^ _109_/A (sky130_fd_sc_hd__nand4_2)
     4    0.009230    0.269495    0.355016  251.355942 v _109_/Y (sky130_fd_sc_hd__nand4_2)
                                                         _065_ (net)
                      0.269495    0.000000  251.355942 v _149_/B (sky130_fd_sc_hd__and3_2)
     1    0.001577    0.066004    0.485642  251.841599 v _149_/X (sky130_fd_sc_hd__and3_2)
                                                         _020_ (net)
                      0.066004    0.000000  251.841599 v _171_/D (sky130_fd_sc_hd__dfxtp_2)
                                            251.841599   data arrival time

                      0.150000  500.000000  500.000000   clock clk (rise edge)
                                  0.000000  500.000000   clock network delay (ideal)
                                 -0.250000  499.750031   clock uncertainty
                                  0.000000  499.750031   clock reconvergence pessimism
                                            499.750031 ^ _171_/CLK (sky130_fd_sc_hd__dfxtp_2)
                                 -0.251061  499.498932   library setup time
                                            499.498932   data required time
---------------------------------------------------------------------------------------------
                                            499.498932   data required time
                                           -251.841599   data arrival time
---------------------------------------------------------------------------------------------
                                            247.657349   slack (MET)


Startpoint: _152_ (rising edge-triggered flip-flop clocked by clk')
Endpoint: _170_ (rising edge-triggered flip-flop clocked by clk)
Path Group: clk
Path Type: max

Fanout         Cap        Slew       Delay        Time   Description
---------------------------------------------------------------------------------------------
                      0.150000  250.000000  250.000000   clock clk' (rise edge)
                                  0.000000  250.000000   clock network delay (ideal)
                      0.150000    0.000000  250.000000 ^ _152_/CLK (sky130_fd_sc_hd__dfxtp_2)
    12    0.060387    0.485406    1.000927  251.000931 ^ _152_/Q (sky130_fd_sc_hd__dfxtp_2)
                                                         comparator_clk (net)
                      0.485406    0.000000  251.000931 ^ _107_/A (sky130_fd_sc_hd__nand3_2)
     3    0.007106    0.191142    0.282796  251.283737 v _107_/Y (sky130_fd_sc_hd__nand3_2)
                                                         _063_ (net)
                      0.191142    0.000000  251.283737 v _147_/B (sky130_fd_sc_hd__and3_2)
     1    0.001577    0.065799    0.445937  251.729660 v _147_/X (sky130_fd_sc_hd__and3_2)
                                                         _019_ (net)
                      0.065799    0.000000  251.729660 v _170_/D (sky130_fd_sc_hd__dfxtp_2)
                                            251.729660   data arrival time

                      0.150000  500.000000  500.000000   clock clk (rise edge)
                                  0.000000  500.000000   clock network delay (ideal)
                                 -0.250000  499.750031   clock uncertainty
                                  0.000000  499.750031   clock reconvergence pessimism
                                            499.750031 ^ _170_/CLK (sky130_fd_sc_hd__dfxtp_2)
                                 -0.250976  499.499054   library setup time
                                            499.499054   data required time
---------------------------------------------------------------------------------------------
                                            499.499054   data required time
                                           -251.729660   data arrival time
---------------------------------------------------------------------------------------------
                                            247.769379   slack (MET)


Startpoint: _161_ (rising edge-triggered flip-flop clocked by clk)
Endpoint: dac_in_n[0] (output port clocked by clk)
Path Group: clk
Path Type: max

Fanout         Cap        Slew       Delay        Time   Description
---------------------------------------------------------------------------------------------
                      0.150000    0.000000    0.000000   clock clk (rise edge)
                                  0.000000    0.000000   clock network delay (ideal)
                      0.150000    0.000000    0.000000 ^ _161_/CLK (sky130_fd_sc_hd__dfxtp_2)
     4    0.043068    0.353536    0.905289    0.905289 ^ _161_/Q (sky130_fd_sc_hd__dfxtp_2)
                                                         dac_in[0] (net)
                      0.353536    0.000000    0.905289 ^ _081_/A (sky130_fd_sc_hd__inv_2)
     1    0.033442    0.177864    0.273101    1.178390 v _081_/Y (sky130_fd_sc_hd__inv_2)
                                                         dac_in_n[0] (net)
                      0.177864    0.000000    1.178390 v dac_in_n[0] (out)
                                              1.178390   data arrival time

                      0.150000  500.000000  500.000000   clock clk (rise edge)
                                  0.000000  500.000000   clock network delay (ideal)
                                 -0.250000  499.750031   clock uncertainty
                                  0.000000  499.750031   clock reconvergence pessimism
                               -100.000000  399.750031   output external delay
                                            399.750031   data required time
---------------------------------------------------------------------------------------------
                                            399.750031   data required time
                                             -1.178390   data arrival time
---------------------------------------------------------------------------------------------
                                            398.571625   slack (MET)


Startpoint: _163_ (rising edge-triggered flip-flop clocked by clk)
Endpoint: dac_in_n[2] (output port clocked by clk)
Path Group: clk
Path Type: max

Fanout         Cap        Slew       Delay        Time   Description
---------------------------------------------------------------------------------------------
                      0.150000    0.000000    0.000000   clock clk (rise edge)
                                  0.000000    0.000000   clock network delay (ideal)
                      0.150000    0.000000    0.000000 ^ _163_/CLK (sky130_fd_sc_hd__dfxtp_2)
     4    0.042975    0.352828    0.904775    0.904775 ^ _163_/Q (sky130_fd_sc_hd__dfxtp_2)
                                                         dac_in[2] (net)
                      0.352828    0.000000    0.904775 ^ _079_/A (sky130_fd_sc_hd__inv_2)
     1    0.033442    0.177743    0.272822    1.177597 v _079_/Y (sky130_fd_sc_hd__inv_2)
                                                         dac_in_n[2] (net)
                      0.177743    0.000000    1.177597 v dac_in_n[2] (out)
                                              1.177597   data arrival time

                      0.150000  500.000000  500.000000   clock clk (rise edge)
                                  0.000000  500.000000   clock network delay (ideal)
                                 -0.250000  499.750031   clock uncertainty
                                  0.000000  499.750031   clock reconvergence pessimism
                               -100.000000  399.750031   output external delay
                                            399.750031   data required time
---------------------------------------------------------------------------------------------
                                            399.750031   data required time
                                             -1.177597   data arrival time
---------------------------------------------------------------------------------------------
                                            398.572418   slack (MET)


Startpoint: _167_ (rising edge-triggered flip-flop clocked by clk)
Endpoint: dac_in_n[6] (output port clocked by clk)
Path Group: clk
Path Type: max

Fanout         Cap        Slew       Delay        Time   Description
---------------------------------------------------------------------------------------------
                      0.150000    0.000000    0.000000   clock clk (rise edge)
                                  0.000000    0.000000   clock network delay (ideal)
                      0.150000    0.000000    0.000000 ^ _167_/CLK (sky130_fd_sc_hd__dfxtp_2)
     4    0.042975    0.352828    0.904775    0.904775 ^ _167_/Q (sky130_fd_sc_hd__dfxtp_2)
                                                         dac_in[6] (net)
                      0.352828    0.000000    0.904775 ^ _075_/A (sky130_fd_sc_hd__inv_2)
     1    0.033442    0.177743    0.272822    1.177597 v _075_/Y (sky130_fd_sc_hd__inv_2)
                                                         dac_in_n[6] (net)
                      0.177743    0.000000    1.177597 v dac_in_n[6] (out)
                                              1.177597   data arrival time

                      0.150000  500.000000  500.000000   clock clk (rise edge)
                                  0.000000  500.000000   clock network delay (ideal)
                                 -0.250000  499.750031   clock uncertainty
                                  0.000000  499.750031   clock reconvergence pessimism
                               -100.000000  399.750031   output external delay
                                            399.750031   data required time
---------------------------------------------------------------------------------------------
                                            399.750031   data required time
                                             -1.177597   data arrival time
---------------------------------------------------------------------------------------------
                                            398.572418   slack (MET)


Startpoint: _164_ (rising edge-triggered flip-flop clocked by clk)
Endpoint: dac_in_n[3] (output port clocked by clk)
Path Group: clk
Path Type: max

Fanout         Cap        Slew       Delay        Time   Description
---------------------------------------------------------------------------------------------
                      0.150000    0.000000    0.000000   clock clk (rise edge)
                                  0.000000    0.000000   clock network delay (ideal)
                      0.150000    0.000000    0.000000 ^ _164_/CLK (sky130_fd_sc_hd__dfxtp_2)
     3    0.040577    0.334590    0.891524    0.891524 ^ _164_/Q (sky130_fd_sc_hd__dfxtp_2)
                                                         dac_in[3] (net)
                      0.334590    0.000000    0.891524 ^ _078_/A (sky130_fd_sc_hd__inv_2)
     2    0.037627    0.189460    0.279742    1.171266 v _078_/Y (sky130_fd_sc_hd__inv_2)
                                                         dac_in_n[3] (net)
                      0.189460    0.000000    1.171266 v dac_in_n[3] (out)
                                              1.171266   data arrival time

                      0.150000  500.000000  500.000000   clock clk (rise edge)
                                  0.000000  500.000000   clock network delay (ideal)
                                 -0.250000  499.750031   clock uncertainty
                                  0.000000  499.750031   clock reconvergence pessimism
                               -100.000000  399.750031   output external delay
                                            399.750031   data required time
---------------------------------------------------------------------------------------------
                                            399.750031   data required time
                                             -1.171266   data arrival time
---------------------------------------------------------------------------------------------
                                            398.578766   slack (MET)


Startpoint: _168_ (rising edge-triggered flip-flop clocked by clk)
Endpoint: dac_in_n[7] (output port clocked by clk)
Path Group: clk
Path Type: max

Fanout         Cap        Slew       Delay        Time   Description
---------------------------------------------------------------------------------------------
                      0.150000    0.000000    0.000000   clock clk (rise edge)
                                  0.000000    0.000000   clock network delay (ideal)
                      0.150000    0.000000    0.000000 ^ _168_/CLK (sky130_fd_sc_hd__dfxtp_2)
     3    0.040577    0.334590    0.891524    0.891524 ^ _168_/Q (sky130_fd_sc_hd__dfxtp_2)
                                                         dac_in[7] (net)
                      0.334590    0.000000    0.891524 ^ _074_/A (sky130_fd_sc_hd__inv_2)
     2    0.037627    0.189460    0.279742    1.171266 v _074_/Y (sky130_fd_sc_hd__inv_2)
                                                         dac_in_n[7] (net)
                      0.189460    0.000000    1.171266 v dac_in_n[7] (out)
                                              1.171266   data arrival time

                      0.150000  500.000000  500.000000   clock clk (rise edge)
                                  0.000000  500.000000   clock network delay (ideal)
                                 -0.250000  499.750031   clock uncertainty
                                  0.000000  499.750031   clock reconvergence pessimism
                               -100.000000  399.750031   output external delay
                                            399.750031   data required time
---------------------------------------------------------------------------------------------
                                            399.750031   data required time
                                             -1.171266   data arrival time
---------------------------------------------------------------------------------------------
                                            398.578766   slack (MET)


Startpoint: _162_ (rising edge-triggered flip-flop clocked by clk)
Endpoint: dac_in_n[1] (output port clocked by clk)
Path Group: clk
Path Type: max

Fanout         Cap        Slew       Delay        Time   Description
---------------------------------------------------------------------------------------------
                      0.150000    0.000000    0.000000   clock clk (rise edge)
                                  0.000000    0.000000   clock network delay (ideal)
                      0.150000    0.000000    0.000000 ^ _162_/CLK (sky130_fd_sc_hd__dfxtp_2)
     3    0.040577    0.334590    0.891524    0.891524 ^ _162_/Q (sky130_fd_sc_hd__dfxtp_2)
                                                         dac_in[1] (net)
                      0.334590    0.000000    0.891524 ^ _080_/A (sky130_fd_sc_hd__inv_2)
     2    0.035700    0.182628    0.273250    1.164774 v _080_/Y (sky130_fd_sc_hd__inv_2)
                                                         dac_in_n[1] (net)
                      0.182628    0.000000    1.164774 v dac_in_n[1] (out)
                                              1.164774   data arrival time

                      0.150000  500.000000  500.000000   clock clk (rise edge)
                                  0.000000  500.000000   clock network delay (ideal)
                                 -0.250000  499.750031   clock uncertainty
                                  0.000000  499.750031   clock reconvergence pessimism
                               -100.000000  399.750031   output external delay
                                            399.750031   data required time
---------------------------------------------------------------------------------------------
                                            399.750031   data required time
                                             -1.164774   data arrival time
---------------------------------------------------------------------------------------------
                                            398.585236   slack (MET)


Startpoint: _165_ (rising edge-triggered flip-flop clocked by clk)
Endpoint: dac_in_n[4] (output port clocked by clk)
Path Group: clk
Path Type: max

Fanout         Cap        Slew       Delay        Time   Description
---------------------------------------------------------------------------------------------
                      0.150000    0.000000    0.000000   clock clk (rise edge)
                                  0.000000    0.000000   clock network delay (ideal)
                      0.150000    0.000000    0.000000 ^ _165_/CLK (sky130_fd_sc_hd__dfxtp_2)
     3    0.040577    0.334590    0.891524    0.891524 ^ _165_/Q (sky130_fd_sc_hd__dfxtp_2)
                                                         dac_in[4] (net)
                      0.334590    0.000000    0.891524 ^ _077_/A (sky130_fd_sc_hd__inv_2)
     2    0.035700    0.182628    0.273250    1.164774 v _077_/Y (sky130_fd_sc_hd__inv_2)
                                                         dac_in_n[4] (net)
                      0.182628    0.000000    1.164774 v dac_in_n[4] (out)
                                              1.164774   data arrival time

                      0.150000  500.000000  500.000000   clock clk (rise edge)
                                  0.000000  500.000000   clock network delay (ideal)
                                 -0.250000  499.750031   clock uncertainty
                                  0.000000  499.750031   clock reconvergence pessimism
                               -100.000000  399.750031   output external delay
                                            399.750031   data required time
---------------------------------------------------------------------------------------------
                                            399.750031   data required time
                                             -1.164774   data arrival time
---------------------------------------------------------------------------------------------
                                            398.585236   slack (MET)


Startpoint: _166_ (rising edge-triggered flip-flop clocked by clk)
Endpoint: dac_in_n[5] (output port clocked by clk)
Path Group: clk
Path Type: max

Fanout         Cap        Slew       Delay        Time   Description
---------------------------------------------------------------------------------------------
                      0.150000    0.000000    0.000000   clock clk (rise edge)
                                  0.000000    0.000000   clock network delay (ideal)
                      0.150000    0.000000    0.000000 ^ _166_/CLK (sky130_fd_sc_hd__dfxtp_2)
     3    0.040577    0.334590    0.891524    0.891524 ^ _166_/Q (sky130_fd_sc_hd__dfxtp_2)
                                                         dac_in[5] (net)
                      0.334590    0.000000    0.891524 ^ _076_/A (sky130_fd_sc_hd__inv_2)
     2    0.035700    0.182628    0.273250    1.164774 v _076_/Y (sky130_fd_sc_hd__inv_2)
                                                         dac_in_n[5] (net)
                      0.182628    0.000000    1.164774 v dac_in_n[5] (out)
                                              1.164774   data arrival time

                      0.150000  500.000000  500.000000   clock clk (rise edge)
                                  0.000000  500.000000   clock network delay (ideal)
                                 -0.250000  499.750031   clock uncertainty
                                  0.000000  499.750031   clock reconvergence pessimism
                               -100.000000  399.750031   output external delay
                                            399.750031   data required time
---------------------------------------------------------------------------------------------
                                            399.750031   data required time
                                             -1.164774   data arrival time
---------------------------------------------------------------------------------------------
                                            398.585236   slack (MET)


Startpoint: _161_ (rising edge-triggered flip-flop clocked by clk)
Endpoint: dac_in[0] (output port clocked by clk)
Path Group: clk
Path Type: max

Fanout         Cap        Slew       Delay        Time   Description
---------------------------------------------------------------------------------------------
                      0.150000    0.000000    0.000000   clock clk (rise edge)
                                  0.000000    0.000000   clock network delay (ideal)
                      0.150000    0.000000    0.000000 ^ _161_/CLK (sky130_fd_sc_hd__dfxtp_2)
     4    0.043068    0.353536    0.905289    0.905289 ^ _161_/Q (sky130_fd_sc_hd__dfxtp_2)
                                                         dac_in[0] (net)
                      0.353536    0.000000    0.905289 ^ dac_in[0] (out)
                                              0.905289   data arrival time

                      0.150000  500.000000  500.000000   clock clk (rise edge)
                                  0.000000  500.000000   clock network delay (ideal)
                                 -0.250000  499.750031   clock uncertainty
                                  0.000000  499.750031   clock reconvergence pessimism
                               -100.000000  399.750031   output external delay
                                            399.750031   data required time
---------------------------------------------------------------------------------------------
                                            399.750031   data required time
                                             -0.905289   data arrival time
---------------------------------------------------------------------------------------------
                                            398.844727   slack (MET)


Startpoint: _163_ (rising edge-triggered flip-flop clocked by clk)
Endpoint: dac_in[2] (output port clocked by clk)
Path Group: clk
Path Type: max

Fanout         Cap        Slew       Delay        Time   Description
---------------------------------------------------------------------------------------------
                      0.150000    0.000000    0.000000   clock clk (rise edge)
                                  0.000000    0.000000   clock network delay (ideal)
                      0.150000    0.000000    0.000000 ^ _163_/CLK (sky130_fd_sc_hd__dfxtp_2)
     4    0.042975    0.352828    0.904775    0.904775 ^ _163_/Q (sky130_fd_sc_hd__dfxtp_2)
                                                         dac_in[2] (net)
                      0.352828    0.000000    0.904775 ^ dac_in[2] (out)
                                              0.904775   data arrival time

                      0.150000  500.000000  500.000000   clock clk (rise edge)
                                  0.000000  500.000000   clock network delay (ideal)
                                 -0.250000  499.750031   clock uncertainty
                                  0.000000  499.750031   clock reconvergence pessimism
                               -100.000000  399.750031   output external delay
                                            399.750031   data required time
---------------------------------------------------------------------------------------------
                                            399.750031   data required time
                                             -0.904775   data arrival time
---------------------------------------------------------------------------------------------
                                            398.845245   slack (MET)


Startpoint: _167_ (rising edge-triggered flip-flop clocked by clk)
Endpoint: dac_in[6] (output port clocked by clk)
Path Group: clk
Path Type: max

Fanout         Cap        Slew       Delay        Time   Description
---------------------------------------------------------------------------------------------
                      0.150000    0.000000    0.000000   clock clk (rise edge)
                                  0.000000    0.000000   clock network delay (ideal)
                      0.150000    0.000000    0.000000 ^ _167_/CLK (sky130_fd_sc_hd__dfxtp_2)
     4    0.042975    0.352828    0.904775    0.904775 ^ _167_/Q (sky130_fd_sc_hd__dfxtp_2)
                                                         dac_in[6] (net)
                      0.352828    0.000000    0.904775 ^ dac_in[6] (out)
                                              0.904775   data arrival time

                      0.150000  500.000000  500.000000   clock clk (rise edge)
                                  0.000000  500.000000   clock network delay (ideal)
                                 -0.250000  499.750031   clock uncertainty
                                  0.000000  499.750031   clock reconvergence pessimism
                               -100.000000  399.750031   output external delay
                                            399.750031   data required time
---------------------------------------------------------------------------------------------
                                            399.750031   data required time
                                             -0.904775   data arrival time
---------------------------------------------------------------------------------------------
                                            398.845245   slack (MET)


Startpoint: _162_ (rising edge-triggered flip-flop clocked by clk)
Endpoint: dac_in[1] (output port clocked by clk)
Path Group: clk
Path Type: max

Fanout         Cap        Slew       Delay        Time   Description
---------------------------------------------------------------------------------------------
                      0.150000    0.000000    0.000000   clock clk (rise edge)
                                  0.000000    0.000000   clock network delay (ideal)
                      0.150000    0.000000    0.000000 ^ _162_/CLK (sky130_fd_sc_hd__dfxtp_2)
     3    0.040577    0.334590    0.891524    0.891524 ^ _162_/Q (sky130_fd_sc_hd__dfxtp_2)
                                                         dac_in[1] (net)
                      0.334590    0.000000    0.891524 ^ dac_in[1] (out)
                                              0.891524   data arrival time

                      0.150000  500.000000  500.000000   clock clk (rise edge)
                                  0.000000  500.000000   clock network delay (ideal)
                                 -0.250000  499.750031   clock uncertainty
                                  0.000000  499.750031   clock reconvergence pessimism
                               -100.000000  399.750031   output external delay
                                            399.750031   data required time
---------------------------------------------------------------------------------------------
                                            399.750031   data required time
                                             -0.891524   data arrival time
---------------------------------------------------------------------------------------------
                                            398.858490   slack (MET)


Startpoint: _164_ (rising edge-triggered flip-flop clocked by clk)
Endpoint: dac_in[3] (output port clocked by clk)
Path Group: clk
Path Type: max

Fanout         Cap        Slew       Delay        Time   Description
---------------------------------------------------------------------------------------------
                      0.150000    0.000000    0.000000   clock clk (rise edge)
                                  0.000000    0.000000   clock network delay (ideal)
                      0.150000    0.000000    0.000000 ^ _164_/CLK (sky130_fd_sc_hd__dfxtp_2)
     3    0.040577    0.334590    0.891524    0.891524 ^ _164_/Q (sky130_fd_sc_hd__dfxtp_2)
                                                         dac_in[3] (net)
                      0.334590    0.000000    0.891524 ^ dac_in[3] (out)
                                              0.891524   data arrival time

                      0.150000  500.000000  500.000000   clock clk (rise edge)
                                  0.000000  500.000000   clock network delay (ideal)
                                 -0.250000  499.750031   clock uncertainty
                                  0.000000  499.750031   clock reconvergence pessimism
                               -100.000000  399.750031   output external delay
                                            399.750031   data required time
---------------------------------------------------------------------------------------------
                                            399.750031   data required time
                                             -0.891524   data arrival time
---------------------------------------------------------------------------------------------
                                            398.858490   slack (MET)


Startpoint: _165_ (rising edge-triggered flip-flop clocked by clk)
Endpoint: dac_in[4] (output port clocked by clk)
Path Group: clk
Path Type: max

Fanout         Cap        Slew       Delay        Time   Description
---------------------------------------------------------------------------------------------
                      0.150000    0.000000    0.000000   clock clk (rise edge)
                                  0.000000    0.000000   clock network delay (ideal)
                      0.150000    0.000000    0.000000 ^ _165_/CLK (sky130_fd_sc_hd__dfxtp_2)
     3    0.040577    0.334590    0.891524    0.891524 ^ _165_/Q (sky130_fd_sc_hd__dfxtp_2)
                                                         dac_in[4] (net)
                      0.334590    0.000000    0.891524 ^ dac_in[4] (out)
                                              0.891524   data arrival time

                      0.150000  500.000000  500.000000   clock clk (rise edge)
                                  0.000000  500.000000   clock network delay (ideal)
                                 -0.250000  499.750031   clock uncertainty
                                  0.000000  499.750031   clock reconvergence pessimism
                               -100.000000  399.750031   output external delay
                                            399.750031   data required time
---------------------------------------------------------------------------------------------
                                            399.750031   data required time
                                             -0.891524   data arrival time
---------------------------------------------------------------------------------------------
                                            398.858490   slack (MET)


Startpoint: _166_ (rising edge-triggered flip-flop clocked by clk)
Endpoint: dac_in[5] (output port clocked by clk)
Path Group: clk
Path Type: max

Fanout         Cap        Slew       Delay        Time   Description
---------------------------------------------------------------------------------------------
                      0.150000    0.000000    0.000000   clock clk (rise edge)
                                  0.000000    0.000000   clock network delay (ideal)
                      0.150000    0.000000    0.000000 ^ _166_/CLK (sky130_fd_sc_hd__dfxtp_2)
     3    0.040577    0.334590    0.891524    0.891524 ^ _166_/Q (sky130_fd_sc_hd__dfxtp_2)
                                                         dac_in[5] (net)
                      0.334590    0.000000    0.891524 ^ dac_in[5] (out)
                                              0.891524   data arrival time

                      0.150000  500.000000  500.000000   clock clk (rise edge)
                                  0.000000  500.000000   clock network delay (ideal)
                                 -0.250000  499.750031   clock uncertainty
                                  0.000000  499.750031   clock reconvergence pessimism
                               -100.000000  399.750031   output external delay
                                            399.750031   data required time
---------------------------------------------------------------------------------------------
                                            399.750031   data required time
                                             -0.891524   data arrival time
---------------------------------------------------------------------------------------------
                                            398.858490   slack (MET)


Startpoint: _168_ (rising edge-triggered flip-flop clocked by clk)
Endpoint: dac_in[7] (output port clocked by clk)
Path Group: clk
Path Type: max

Fanout         Cap        Slew       Delay        Time   Description
---------------------------------------------------------------------------------------------
                      0.150000    0.000000    0.000000   clock clk (rise edge)
                                  0.000000    0.000000   clock network delay (ideal)
                      0.150000    0.000000    0.000000 ^ _168_/CLK (sky130_fd_sc_hd__dfxtp_2)
     3    0.040577    0.334590    0.891524    0.891524 ^ _168_/Q (sky130_fd_sc_hd__dfxtp_2)
                                                         dac_in[7] (net)
                      0.334590    0.000000    0.891524 ^ dac_in[7] (out)
                                              0.891524   data arrival time

                      0.150000  500.000000  500.000000   clock clk (rise edge)
                                  0.000000  500.000000   clock network delay (ideal)
                                 -0.250000  499.750031   clock uncertainty
                                  0.000000  499.750031   clock reconvergence pessimism
                               -100.000000  399.750031   output external delay
                                            399.750031   data required time
---------------------------------------------------------------------------------------------
                                            399.750031   data required time
                                             -0.891524   data arrival time
---------------------------------------------------------------------------------------------
                                            398.858490   slack (MET)


Startpoint: _153_ (rising edge-triggered flip-flop clocked by clk)
Endpoint: adc_out[0] (output port clocked by clk)
Path Group: clk
Path Type: max

Fanout         Cap        Slew       Delay        Time   Description
---------------------------------------------------------------------------------------------
                      0.150000    0.000000    0.000000   clock clk (rise edge)
                                  0.000000    0.000000   clock network delay (ideal)
                      0.150000    0.000000    0.000000 ^ _153_/CLK (sky130_fd_sc_hd__dfxtp_2)
     2    0.034930    0.291640    0.860319    0.860319 ^ _153_/Q (sky130_fd_sc_hd__dfxtp_2)
                                                         adc_out[0] (net)
                      0.291640    0.000000    0.860319 ^ adc_out[0] (out)
                                              0.860319   data arrival time

                      0.150000  500.000000  500.000000   clock clk (rise edge)
                                  0.000000  500.000000   clock network delay (ideal)
                                 -0.250000  499.750031   clock uncertainty
                                  0.000000  499.750031   clock reconvergence pessimism
                               -100.000000  399.750031   output external delay
                                            399.750031   data required time
---------------------------------------------------------------------------------------------
                                            399.750031   data required time
                                             -0.860319   data arrival time
---------------------------------------------------------------------------------------------
                                            398.889679   slack (MET)


Startpoint: _154_ (rising edge-triggered flip-flop clocked by clk)
Endpoint: adc_out[1] (output port clocked by clk)
Path Group: clk
Path Type: max

Fanout         Cap        Slew       Delay        Time   Description
---------------------------------------------------------------------------------------------
                      0.150000    0.000000    0.000000   clock clk (rise edge)
                                  0.000000    0.000000   clock network delay (ideal)
                      0.150000    0.000000    0.000000 ^ _154_/CLK (sky130_fd_sc_hd__dfxtp_2)
     2    0.034930    0.291640    0.860319    0.860319 ^ _154_/Q (sky130_fd_sc_hd__dfxtp_2)
                                                         adc_out[1] (net)
                      0.291640    0.000000    0.860319 ^ adc_out[1] (out)
                                              0.860319   data arrival time

                      0.150000  500.000000  500.000000   clock clk (rise edge)
                                  0.000000  500.000000   clock network delay (ideal)
                                 -0.250000  499.750031   clock uncertainty
                                  0.000000  499.750031   clock reconvergence pessimism
                               -100.000000  399.750031   output external delay
                                            399.750031   data required time
---------------------------------------------------------------------------------------------
                                            399.750031   data required time
                                             -0.860319   data arrival time
---------------------------------------------------------------------------------------------
                                            398.889679   slack (MET)


Startpoint: _155_ (rising edge-triggered flip-flop clocked by clk)
Endpoint: adc_out[2] (output port clocked by clk)
Path Group: clk
Path Type: max

Fanout         Cap        Slew       Delay        Time   Description
---------------------------------------------------------------------------------------------
                      0.150000    0.000000    0.000000   clock clk (rise edge)
                                  0.000000    0.000000   clock network delay (ideal)
                      0.150000    0.000000    0.000000 ^ _155_/CLK (sky130_fd_sc_hd__dfxtp_2)
     2    0.034930    0.291640    0.860319    0.860319 ^ _155_/Q (sky130_fd_sc_hd__dfxtp_2)
                                                         adc_out[2] (net)
                      0.291640    0.000000    0.860319 ^ adc_out[2] (out)
                                              0.860319   data arrival time

                      0.150000  500.000000  500.000000   clock clk (rise edge)
                                  0.000000  500.000000   clock network delay (ideal)
                                 -0.250000  499.750031   clock uncertainty
                                  0.000000  499.750031   clock reconvergence pessimism
                               -100.000000  399.750031   output external delay
                                            399.750031   data required time
---------------------------------------------------------------------------------------------
                                            399.750031   data required time
                                             -0.860319   data arrival time
---------------------------------------------------------------------------------------------
                                            398.889679   slack (MET)


Startpoint: _156_ (rising edge-triggered flip-flop clocked by clk)
Endpoint: adc_out[3] (output port clocked by clk)
Path Group: clk
Path Type: max

Fanout         Cap        Slew       Delay        Time   Description
---------------------------------------------------------------------------------------------
                      0.150000    0.000000    0.000000   clock clk (rise edge)
                                  0.000000    0.000000   clock network delay (ideal)
                      0.150000    0.000000    0.000000 ^ _156_/CLK (sky130_fd_sc_hd__dfxtp_2)
     2    0.034930    0.291640    0.860319    0.860319 ^ _156_/Q (sky130_fd_sc_hd__dfxtp_2)
                                                         adc_out[3] (net)
                      0.291640    0.000000    0.860319 ^ adc_out[3] (out)
                                              0.860319   data arrival time

                      0.150000  500.000000  500.000000   clock clk (rise edge)
                                  0.000000  500.000000   clock network delay (ideal)
                                 -0.250000  499.750031   clock uncertainty
                                  0.000000  499.750031   clock reconvergence pessimism
                               -100.000000  399.750031   output external delay
                                            399.750031   data required time
---------------------------------------------------------------------------------------------
                                            399.750031   data required time
                                             -0.860319   data arrival time
---------------------------------------------------------------------------------------------
                                            398.889679   slack (MET)


Startpoint: _157_ (rising edge-triggered flip-flop clocked by clk)
Endpoint: adc_out[4] (output port clocked by clk)
Path Group: clk
Path Type: max

Fanout         Cap        Slew       Delay        Time   Description
---------------------------------------------------------------------------------------------
                      0.150000    0.000000    0.000000   clock clk (rise edge)
                                  0.000000    0.000000   clock network delay (ideal)
                      0.150000    0.000000    0.000000 ^ _157_/CLK (sky130_fd_sc_hd__dfxtp_2)
     2    0.034930    0.291640    0.860319    0.860319 ^ _157_/Q (sky130_fd_sc_hd__dfxtp_2)
                                                         adc_out[4] (net)
                      0.291640    0.000000    0.860319 ^ adc_out[4] (out)
                                              0.860319   data arrival time

                      0.150000  500.000000  500.000000   clock clk (rise edge)
                                  0.000000  500.000000   clock network delay (ideal)
                                 -0.250000  499.750031   clock uncertainty
                                  0.000000  499.750031   clock reconvergence pessimism
                               -100.000000  399.750031   output external delay
                                            399.750031   data required time
---------------------------------------------------------------------------------------------
                                            399.750031   data required time
                                             -0.860319   data arrival time
---------------------------------------------------------------------------------------------
                                            398.889679   slack (MET)


Startpoint: _158_ (rising edge-triggered flip-flop clocked by clk)
Endpoint: adc_out[5] (output port clocked by clk)
Path Group: clk
Path Type: max

Fanout         Cap        Slew       Delay        Time   Description
---------------------------------------------------------------------------------------------
                      0.150000    0.000000    0.000000   clock clk (rise edge)
                                  0.000000    0.000000   clock network delay (ideal)
                      0.150000    0.000000    0.000000 ^ _158_/CLK (sky130_fd_sc_hd__dfxtp_2)
     2    0.034930    0.291640    0.860319    0.860319 ^ _158_/Q (sky130_fd_sc_hd__dfxtp_2)
                                                         adc_out[5] (net)
                      0.291640    0.000000    0.860319 ^ adc_out[5] (out)
                                              0.860319   data arrival time

                      0.150000  500.000000  500.000000   clock clk (rise edge)
                                  0.000000  500.000000   clock network delay (ideal)
                                 -0.250000  499.750031   clock uncertainty
                                  0.000000  499.750031   clock reconvergence pessimism
                               -100.000000  399.750031   output external delay
                                            399.750031   data required time
---------------------------------------------------------------------------------------------
                                            399.750031   data required time
                                             -0.860319   data arrival time
---------------------------------------------------------------------------------------------
                                            398.889679   slack (MET)


Startpoint: _159_ (rising edge-triggered flip-flop clocked by clk)
Endpoint: adc_out[6] (output port clocked by clk)
Path Group: clk
Path Type: max

Fanout         Cap        Slew       Delay        Time   Description
---------------------------------------------------------------------------------------------
                      0.150000    0.000000    0.000000   clock clk (rise edge)
                                  0.000000    0.000000   clock network delay (ideal)
                      0.150000    0.000000    0.000000 ^ _159_/CLK (sky130_fd_sc_hd__dfxtp_2)
     2    0.034930    0.291640    0.860319    0.860319 ^ _159_/Q (sky130_fd_sc_hd__dfxtp_2)
                                                         adc_out[6] (net)
                      0.291640    0.000000    0.860319 ^ adc_out[6] (out)
                                              0.860319   data arrival time

                      0.150000  500.000000  500.000000   clock clk (rise edge)
                                  0.000000  500.000000   clock network delay (ideal)
                                 -0.250000  499.750031   clock uncertainty
                                  0.000000  499.750031   clock reconvergence pessimism
                               -100.000000  399.750031   output external delay
                                            399.750031   data required time
---------------------------------------------------------------------------------------------
                                            399.750031   data required time
                                             -0.860319   data arrival time
---------------------------------------------------------------------------------------------
                                            398.889679   slack (MET)


Startpoint: _160_ (rising edge-triggered flip-flop clocked by clk)
Endpoint: adc_out[7] (output port clocked by clk)
Path Group: clk
Path Type: max

Fanout         Cap        Slew       Delay        Time   Description
---------------------------------------------------------------------------------------------
                      0.150000    0.000000    0.000000   clock clk (rise edge)
                                  0.000000    0.000000   clock network delay (ideal)
                      0.150000    0.000000    0.000000 ^ _160_/CLK (sky130_fd_sc_hd__dfxtp_2)
     2    0.034930    0.291640    0.860319    0.860319 ^ _160_/Q (sky130_fd_sc_hd__dfxtp_2)
                                                         adc_out[7] (net)
                      0.291640    0.000000    0.860319 ^ adc_out[7] (out)
                                              0.860319   data arrival time

                      0.150000  500.000000  500.000000   clock clk (rise edge)
                                  0.000000  500.000000   clock network delay (ideal)
                                 -0.250000  499.750031   clock uncertainty
                                  0.000000  499.750031   clock reconvergence pessimism
                               -100.000000  399.750031   output external delay
                                            399.750031   data required time
---------------------------------------------------------------------------------------------
                                            399.750031   data required time
                                             -0.860319   data arrival time
---------------------------------------------------------------------------------------------
                                            398.889679   slack (MET)


Startpoint: rst_n (input port clocked by clk)
Endpoint: _153_ (rising edge-triggered flip-flop clocked by clk)
Path Group: clk
Path Type: max

Fanout         Cap        Slew       Delay        Time   Description
---------------------------------------------------------------------------------------------
                      0.150000    0.000000    0.000000   clock clk (rise edge)
                                  0.000000    0.000000   clock network delay (ideal)
                                100.000000  100.000000 ^ input external delay
    11    0.027006    0.201491    0.136517  100.136513 ^ rst_n (in)
                                                         rst_n (net)
                      0.201491    0.000000  100.136513 ^ _088_/C1 (sky130_fd_sc_hd__o211a_2)
     1    0.001537    0.068756    0.374627  100.511139 ^ _088_/X (sky130_fd_sc_hd__o211a_2)
                                                         _002_ (net)
                      0.068756    0.000000  100.511139 ^ _153_/D (sky130_fd_sc_hd__dfxtp_2)
                                            100.511139   data arrival time

                      0.150000  500.000000  500.000000   clock clk (rise edge)
                                  0.000000  500.000000   clock network delay (ideal)
                                 -0.250000  499.750031   clock uncertainty
                                  0.000000  499.750031   clock reconvergence pessimism
                                            499.750031 ^ _153_/CLK (sky130_fd_sc_hd__dfxtp_2)
                                 -0.126851  499.623138   library setup time
                                            499.623138   data required time
---------------------------------------------------------------------------------------------
                                            499.623138   data required time
                                           -100.511139   data arrival time
---------------------------------------------------------------------------------------------
                                            399.112000   slack (MET)


Startpoint: rst_n (input port clocked by clk)
Endpoint: _154_ (rising edge-triggered flip-flop clocked by clk)
Path Group: clk
Path Type: max

Fanout         Cap        Slew       Delay        Time   Description
---------------------------------------------------------------------------------------------
                      0.150000    0.000000    0.000000   clock clk (rise edge)
                                  0.000000    0.000000   clock network delay (ideal)
                                100.000000  100.000000 ^ input external delay
    11    0.027006    0.201491    0.136517  100.136513 ^ rst_n (in)
                                                         rst_n (net)
                      0.201491    0.000000  100.136513 ^ _090_/C1 (sky130_fd_sc_hd__o211a_2)
     1    0.001537    0.068685    0.374627  100.511139 ^ _090_/X (sky130_fd_sc_hd__o211a_2)
                                                         _003_ (net)
                      0.068685    0.000000  100.511139 ^ _154_/D (sky130_fd_sc_hd__dfxtp_2)
                                            100.511139   data arrival time

                      0.150000  500.000000  500.000000   clock clk (rise edge)
                                  0.000000  500.000000   clock network delay (ideal)
                                 -0.250000  499.750031   clock uncertainty
                                  0.000000  499.750031   clock reconvergence pessimism
                                            499.750031 ^ _154_/CLK (sky130_fd_sc_hd__dfxtp_2)
                                 -0.126832  499.623199   library setup time
                                            499.623199   data required time
---------------------------------------------------------------------------------------------
                                            499.623199   data required time
                                           -100.511139   data arrival time
---------------------------------------------------------------------------------------------
                                            399.112061   slack (MET)


Startpoint: rst_n (input port clocked by clk)
Endpoint: _155_ (rising edge-triggered flip-flop clocked by clk)
Path Group: clk
Path Type: max

Fanout         Cap        Slew       Delay        Time   Description
---------------------------------------------------------------------------------------------
                      0.150000    0.000000    0.000000   clock clk (rise edge)
                                  0.000000    0.000000   clock network delay (ideal)
                                100.000000  100.000000 ^ input external delay
    11    0.027006    0.201491    0.136517  100.136513 ^ rst_n (in)
                                                         rst_n (net)
                      0.201491    0.000000  100.136513 ^ _092_/C1 (sky130_fd_sc_hd__o211a_2)
     1    0.001537    0.068753    0.374627  100.511139 ^ _092_/X (sky130_fd_sc_hd__o211a_2)
                                                         _004_ (net)
                      0.068753    0.000000  100.511139 ^ _155_/D (sky130_fd_sc_hd__dfxtp_2)
                                            100.511139   data arrival time

                      0.150000  500.000000  500.000000   clock clk (rise edge)
                                  0.000000  500.000000   clock network delay (ideal)
                                 -0.250000  499.750031   clock uncertainty
                                  0.000000  499.750031   clock reconvergence pessimism
                                            499.750031 ^ _155_/CLK (sky130_fd_sc_hd__dfxtp_2)
                                 -0.126850  499.623138   library setup time
                                            499.623138   data required time
---------------------------------------------------------------------------------------------
                                            499.623138   data required time
                                           -100.511139   data arrival time
---------------------------------------------------------------------------------------------
                                            399.112000   slack (MET)


Startpoint: rst_n (input port clocked by clk)
Endpoint: _156_ (rising edge-triggered flip-flop clocked by clk)
Path Group: clk
Path Type: max

Fanout         Cap        Slew       Delay        Time   Description
---------------------------------------------------------------------------------------------
                      0.150000    0.000000    0.000000   clock clk (rise edge)
                                  0.000000    0.000000   clock network delay (ideal)
                                100.000000  100.000000 ^ input external delay
    11    0.027006    0.201491    0.136517  100.136513 ^ rst_n (in)
                                                         rst_n (net)
                      0.201491    0.000000  100.136513 ^ _094_/C1 (sky130_fd_sc_hd__o211a_2)
     1    0.001537    0.068685    0.374627  100.511139 ^ _094_/X (sky130_fd_sc_hd__o211a_2)
                                                         _005_ (net)
                      0.068685    0.000000  100.511139 ^ _156_/D (sky130_fd_sc_hd__dfxtp_2)
                                            100.511139   data arrival time

                      0.150000  500.000000  500.000000   clock clk (rise edge)
                                  0.000000  500.000000   clock network delay (ideal)
                                 -0.250000  499.750031   clock uncertainty
                                  0.000000  499.750031   clock reconvergence pessimism
                                            499.750031 ^ _156_/CLK (sky130_fd_sc_hd__dfxtp_2)
                                 -0.126832  499.623199   library setup time
                                            499.623199   data required time
---------------------------------------------------------------------------------------------
                                            499.623199   data required time
                                           -100.511139   data arrival time
---------------------------------------------------------------------------------------------
                                            399.112061   slack (MET)


Startpoint: rst_n (input port clocked by clk)
Endpoint: _157_ (rising edge-triggered flip-flop clocked by clk)
Path Group: clk
Path Type: max

Fanout         Cap        Slew       Delay        Time   Description
---------------------------------------------------------------------------------------------
                      0.150000    0.000000    0.000000   clock clk (rise edge)
                                  0.000000    0.000000   clock network delay (ideal)
                                100.000000  100.000000 ^ input external delay
    11    0.027006    0.201491    0.136517  100.136513 ^ rst_n (in)
                                                         rst_n (net)
                      0.201491    0.000000  100.136513 ^ _096_/C1 (sky130_fd_sc_hd__o211a_2)
     1    0.001537    0.068685    0.374627  100.511139 ^ _096_/X (sky130_fd_sc_hd__o211a_2)
                                                         _006_ (net)
                      0.068685    0.000000  100.511139 ^ _157_/D (sky130_fd_sc_hd__dfxtp_2)
                                            100.511139   data arrival time

                      0.150000  500.000000  500.000000   clock clk (rise edge)
                                  0.000000  500.000000   clock network delay (ideal)
                                 -0.250000  499.750031   clock uncertainty
                                  0.000000  499.750031   clock reconvergence pessimism
                                            499.750031 ^ _157_/CLK (sky130_fd_sc_hd__dfxtp_2)
                                 -0.126832  499.623199   library setup time
                                            499.623199   data required time
---------------------------------------------------------------------------------------------
                                            499.623199   data required time
                                           -100.511139   data arrival time
---------------------------------------------------------------------------------------------
                                            399.112061   slack (MET)


Startpoint: rst_n (input port clocked by clk)
Endpoint: _158_ (rising edge-triggered flip-flop clocked by clk)
Path Group: clk
Path Type: max

Fanout         Cap        Slew       Delay        Time   Description
---------------------------------------------------------------------------------------------
                      0.150000    0.000000    0.000000   clock clk (rise edge)
                                  0.000000    0.000000   clock network delay (ideal)
                                100.000000  100.000000 ^ input external delay
    11    0.027006    0.201491    0.136517  100.136513 ^ rst_n (in)
                                                         rst_n (net)
                      0.201491    0.000000  100.136513 ^ _098_/C1 (sky130_fd_sc_hd__o211a_2)
     1    0.001537    0.068685    0.374627  100.511139 ^ _098_/X (sky130_fd_sc_hd__o211a_2)
                                                         _007_ (net)
                      0.068685    0.000000  100.511139 ^ _158_/D (sky130_fd_sc_hd__dfxtp_2)
                                            100.511139   data arrival time

                      0.150000  500.000000  500.000000   clock clk (rise edge)
                                  0.000000  500.000000   clock network delay (ideal)
                                 -0.250000  499.750031   clock uncertainty
                                  0.000000  499.750031   clock reconvergence pessimism
                                            499.750031 ^ _158_/CLK (sky130_fd_sc_hd__dfxtp_2)
                                 -0.126832  499.623199   library setup time
                                            499.623199   data required time
---------------------------------------------------------------------------------------------
                                            499.623199   data required time
                                           -100.511139   data arrival time
---------------------------------------------------------------------------------------------
                                            399.112061   slack (MET)


Startpoint: rst_n (input port clocked by clk)
Endpoint: _159_ (rising edge-triggered flip-flop clocked by clk)
Path Group: clk
Path Type: max

Fanout         Cap        Slew       Delay        Time   Description
---------------------------------------------------------------------------------------------
                      0.150000    0.000000    0.000000   clock clk (rise edge)
                                  0.000000    0.000000   clock network delay (ideal)
                                100.000000  100.000000 ^ input external delay
    11    0.027006    0.201491    0.136517  100.136513 ^ rst_n (in)
                                                         rst_n (net)
                      0.201491    0.000000  100.136513 ^ _100_/C1 (sky130_fd_sc_hd__o211a_2)
     1    0.001537    0.068753    0.374627  100.511139 ^ _100_/X (sky130_fd_sc_hd__o211a_2)
                                                         _008_ (net)
                      0.068753    0.000000  100.511139 ^ _159_/D (sky130_fd_sc_hd__dfxtp_2)
                                            100.511139   data arrival time

                      0.150000  500.000000  500.000000   clock clk (rise edge)
                                  0.000000  500.000000   clock network delay (ideal)
                                 -0.250000  499.750031   clock uncertainty
                                  0.000000  499.750031   clock reconvergence pessimism
                                            499.750031 ^ _159_/CLK (sky130_fd_sc_hd__dfxtp_2)
                                 -0.126850  499.623138   library setup time
                                            499.623138   data required time
---------------------------------------------------------------------------------------------
                                            499.623138   data required time
                                           -100.511139   data arrival time
---------------------------------------------------------------------------------------------
                                            399.112000   slack (MET)


Startpoint: rst_n (input port clocked by clk)
Endpoint: _160_ (rising edge-triggered flip-flop clocked by clk)
Path Group: clk
Path Type: max

Fanout         Cap        Slew       Delay        Time   Description
---------------------------------------------------------------------------------------------
                      0.150000    0.000000    0.000000   clock clk (rise edge)
                                  0.000000    0.000000   clock network delay (ideal)
                                100.000000  100.000000 ^ input external delay
    11    0.027006    0.201491    0.136517  100.136513 ^ rst_n (in)
                                                         rst_n (net)
                      0.201491    0.000000  100.136513 ^ _102_/C1 (sky130_fd_sc_hd__o211a_2)
     1    0.001537    0.068685    0.374627  100.511139 ^ _102_/X (sky130_fd_sc_hd__o211a_2)
                                                         _009_ (net)
                      0.068685    0.000000  100.511139 ^ _160_/D (sky130_fd_sc_hd__dfxtp_2)
                                            100.511139   data arrival time

                      0.150000  500.000000  500.000000   clock clk (rise edge)
                                  0.000000  500.000000   clock network delay (ideal)
                                 -0.250000  499.750031   clock uncertainty
                                  0.000000  499.750031   clock reconvergence pessimism
                                            499.750031 ^ _160_/CLK (sky130_fd_sc_hd__dfxtp_2)
                                 -0.126832  499.623199   library setup time
                                            499.623199   data required time
---------------------------------------------------------------------------------------------
                                            499.623199   data required time
                                           -100.511139   data arrival time
---------------------------------------------------------------------------------------------
                                            399.112061   slack (MET)



