
 /----------------------------------------------------------------------------\
 |  yosys -- Yosys Open SYnthesis Suite                                       |
 |  Copyright (C) 2012 - 2024  Claire Xenia Wolf <claire@yosyshq.com>         |
 |  Distributed under an ISC-like license, type "license" to see terms        |
 \----------------------------------------------------------------------------/
 Yosys 0.46 (git sha1 e97731b9dda91fa5fa53ed87df7c34163ba59a41, clang++ 17.0.6 -fPIC -O3)
Loaded SDC plugin

1. Executing Liberty frontend: /usr/local/share/pdk/ciel/sky130/versions/0fe599b2afb6708d281543108caf8310912f54af/sky130A/libs.ref/sky130_fd_sc_hd/lib/sky130_fd_sc_hd__tt_025C_1v80.lib
Imported 428 cell types from liberty file.
[INFO] Using SDC file '/home/dt/Documents/madvlsi/final/schematics/controller/librelane/runs/RUN_2025-12-16_17-02-26/06-yosys-synthesis/synthesis.abc.sdc' for ABC…

2. Executing Verilog-2005 frontend: /home/dt/Documents/madvlsi/final/schematics/controller/librelane/controller.v
Parsing SystemVerilog input from `/home/dt/Documents/madvlsi/final/schematics/controller/librelane/controller.v' to AST representation.
Storing AST representation for module `$abstract\controller'.
Successfully finished Verilog frontend.

3. Executing HIERARCHY pass (managing design hierarchy).

4. Executing AST frontend in derive mode using pre-parsed AST for module `\controller'.
Generating RTLIL representation for module `\controller'.

4.1. Analyzing design hierarchy..
Top module:  \controller

4.2. Analyzing design hierarchy..
Top module:  \controller
Removing unused module `$abstract\controller'.
Removed 1 unused modules.
Renaming module controller to controller.

5. Generating Graphviz representation of design.
Writing dot description to `/home/dt/Documents/madvlsi/final/schematics/controller/librelane/runs/RUN_2025-12-16_17-02-26/06-yosys-synthesis/hierarchy.dot'.
Dumping module controller to page 1.

6. Executing TRIBUF pass.

7. Executing HIERARCHY pass (managing design hierarchy).

7.1. Analyzing design hierarchy..
Top module:  \controller

7.2. Analyzing design hierarchy..
Top module:  \controller
Removed 0 unused modules.

8. Executing PROC_CLEAN pass (remove empty switches from decision trees).
Cleaned up 0 empty switches.

9. Executing PROC_RMDEAD pass (remove dead branches from decision trees).
Marked 1 switch rules as full_case in process $proc$/home/dt/Documents/madvlsi/final/schematics/controller/librelane/controller.v:59$60 in module controller.
Removed 1 dead cases from process $proc$/home/dt/Documents/madvlsi/final/schematics/controller/librelane/controller.v:26$6 in module controller.
Marked 5 switch rules as full_case in process $proc$/home/dt/Documents/madvlsi/final/schematics/controller/librelane/controller.v:26$6 in module controller.
Removed a total of 1 dead cases.

10. Executing PROC_PRUNE pass (remove redundant assignments in processes).
Removed 1 redundant assignment.
Promoted 5 assignments to connections.

11. Executing PROC_INIT pass (extract init attributes).

12. Executing PROC_ARST pass (detect async resets in processes).

13. Executing PROC_ROM pass (convert switches to ROMs).
Converted 0 switches.
<suppressed ~6 debug messages>

14. Executing PROC_MUX pass (convert decision trees to multiplexers).
Creating decoders for process `\controller.$proc$/home/dt/Documents/madvlsi/final/schematics/controller/librelane/controller.v:59$60'.
     1/1: $0\comparator_clk[0:0]
Creating decoders for process `\controller.$proc$/home/dt/Documents/madvlsi/final/schematics/controller/librelane/controller.v:26$6'.
     1/19: $5$lookahead\sar_reg$5[7:0]$49
     2/19: $4$bitselwrite$pos$/home/dt/Documents/madvlsi/final/schematics/controller/librelane/controller.v:52$3[31:0]$48
     3/19: $4$lookahead\sar_reg$5[7:0]$27
     4/19: $4$bitselwrite$pos$/home/dt/Documents/madvlsi/final/schematics/controller/librelane/controller.v:46$1[31:0]$25
     5/19: $4$bitselwrite$pos$/home/dt/Documents/madvlsi/final/schematics/controller/librelane/controller.v:48$2[31:0]$26
     6/19: $3$lookahead\sar_reg$5[7:0]$24
     7/19: $3$bitselwrite$pos$/home/dt/Documents/madvlsi/final/schematics/controller/librelane/controller.v:52$3[31:0]$23
     8/19: $3$bitselwrite$pos$/home/dt/Documents/madvlsi/final/schematics/controller/librelane/controller.v:48$2[31:0]$22
     9/19: $3$bitselwrite$pos$/home/dt/Documents/madvlsi/final/schematics/controller/librelane/controller.v:46$1[31:0]$21
    10/19: $2$lookahead\sar_reg$5[7:0]$20
    11/19: $2$bitselwrite$pos$/home/dt/Documents/madvlsi/final/schematics/controller/librelane/controller.v:52$3[31:0]$19
    12/19: $2$bitselwrite$pos$/home/dt/Documents/madvlsi/final/schematics/controller/librelane/controller.v:48$2[31:0]$18
    13/19: $2$bitselwrite$pos$/home/dt/Documents/madvlsi/final/schematics/controller/librelane/controller.v:46$1[31:0]$17
    14/19: $1$lookahead\sar_reg$5[7:0]$15
    15/19: $1$bitselwrite$pos$/home/dt/Documents/madvlsi/final/schematics/controller/librelane/controller.v:52$3[31:0]$14
    16/19: $1$bitselwrite$pos$/home/dt/Documents/madvlsi/final/schematics/controller/librelane/controller.v:48$2[31:0]$13
    17/19: $1$bitselwrite$pos$/home/dt/Documents/madvlsi/final/schematics/controller/librelane/controller.v:46$1[31:0]$12
    18/19: $0\count[3:0]
    19/19: $0\adc_out[7:0]

15. Executing PROC_DLATCH pass (convert process syncs to latches).

16. Executing PROC_DFF pass (convert process syncs to FFs).
Creating register for signal `\controller.\comparator_clk' using process `\controller.$proc$/home/dt/Documents/madvlsi/final/schematics/controller/librelane/controller.v:59$60'.
  created $dff cell `$procdff$213' with negative edge clock.
Creating register for signal `\controller.\adc_out' using process `\controller.$proc$/home/dt/Documents/madvlsi/final/schematics/controller/librelane/controller.v:26$6'.
  created $dff cell `$procdff$214' with positive edge clock.
Creating register for signal `\controller.\sar_reg' using process `\controller.$proc$/home/dt/Documents/madvlsi/final/schematics/controller/librelane/controller.v:26$6'.
  created $dff cell `$procdff$215' with positive edge clock.
Creating register for signal `\controller.\count' using process `\controller.$proc$/home/dt/Documents/madvlsi/final/schematics/controller/librelane/controller.v:26$6'.
  created $dff cell `$procdff$216' with positive edge clock.
Creating register for signal `\controller.$bitselwrite$pos$/home/dt/Documents/madvlsi/final/schematics/controller/librelane/controller.v:46$1' using process `\controller.$proc$/home/dt/Documents/madvlsi/final/schematics/controller/librelane/controller.v:26$6'.
  created $dff cell `$procdff$217' with positive edge clock.
Creating register for signal `\controller.$bitselwrite$pos$/home/dt/Documents/madvlsi/final/schematics/controller/librelane/controller.v:48$2' using process `\controller.$proc$/home/dt/Documents/madvlsi/final/schematics/controller/librelane/controller.v:26$6'.
  created $dff cell `$procdff$218' with positive edge clock.
Creating register for signal `\controller.$bitselwrite$pos$/home/dt/Documents/madvlsi/final/schematics/controller/librelane/controller.v:52$3' using process `\controller.$proc$/home/dt/Documents/madvlsi/final/schematics/controller/librelane/controller.v:26$6'.
  created $dff cell `$procdff$219' with positive edge clock.
Creating register for signal `\controller.$lookahead\sar_reg$5' using process `\controller.$proc$/home/dt/Documents/madvlsi/final/schematics/controller/librelane/controller.v:26$6'.
  created $dff cell `$procdff$220' with positive edge clock.

17. Executing PROC_MEMWR pass (convert process memory writes to cells).

18. Executing PROC_CLEAN pass (remove empty switches from decision trees).
Found and cleaned up 1 empty switch in `\controller.$proc$/home/dt/Documents/madvlsi/final/schematics/controller/librelane/controller.v:59$60'.
Removing empty process `controller.$proc$/home/dt/Documents/madvlsi/final/schematics/controller/librelane/controller.v:59$60'.
Found and cleaned up 5 empty switches in `\controller.$proc$/home/dt/Documents/madvlsi/final/schematics/controller/librelane/controller.v:26$6'.
Removing empty process `controller.$proc$/home/dt/Documents/madvlsi/final/schematics/controller/librelane/controller.v:26$6'.
Cleaned up 6 empty switches.

19. Executing CHECK pass (checking for obvious problems).
Checking module controller...
Found and reported 0 problems.

20. Executing OPT_EXPR pass (perform const folding).
Optimizing module controller.
<suppressed ~23 debug messages>

21. Executing FLATTEN pass (flatten design).

22. Executing OPT_EXPR pass (perform const folding).
Optimizing module controller.

23. Executing OPT_CLEAN pass (remove unused cells and wires).
Finding unused cells or wires in module \controller..
Removed 38 unused cells and 114 unused wires.
<suppressed ~39 debug messages>

24. Executing OPT_EXPR pass (perform const folding).
Optimizing module controller.

25. Executing OPT_MERGE pass (detect identical cells).
Finding identical cells in module `\controller'.
<suppressed ~39 debug messages>
Removed a total of 13 cells.

26. Executing OPT_MUXTREE pass (detect dead branches in mux trees).
Running muxtree optimizer on module \controller..
  Creating internal representation of mux trees.
  Evaluating internal representation of mux trees.
  Analyzing evaluation results.
    dead port 1/2 on $mux $procmux$130.
    dead port 2/2 on $mux $procmux$133.
    dead port 2/2 on $mux $procmux$166.
    dead port 2/2 on $mux $procmux$70.
    dead port 1/2 on $mux $procmux$73.
    dead port 2/2 on $mux $procmux$76.
Removed 6 multiplexer ports.
<suppressed ~5 debug messages>

27. Executing OPT_REDUCE pass (consolidate $*mux and $reduce_* inputs).
  Optimizing cells in module \controller.
Performed a total of 0 changes.

28. Executing OPT_MERGE pass (detect identical cells).
Finding identical cells in module `\controller'.
Removed a total of 0 cells.

29. Executing OPT_DFF pass (perform DFF optimizations).

30. Executing OPT_CLEAN pass (remove unused cells and wires).
Finding unused cells or wires in module \controller..
Removed 0 unused cells and 19 unused wires.
<suppressed ~1 debug messages>

31. Executing OPT_EXPR pass (perform const folding).
Optimizing module controller.

32. Rerunning OPT passes. (Maybe there is more to do…)

33. Executing OPT_MUXTREE pass (detect dead branches in mux trees).
Running muxtree optimizer on module \controller..
  Creating internal representation of mux trees.
  Evaluating internal representation of mux trees.
  Analyzing evaluation results.
Removed 0 multiplexer ports.
<suppressed ~5 debug messages>

34. Executing OPT_REDUCE pass (consolidate $*mux and $reduce_* inputs).
  Optimizing cells in module \controller.
Performed a total of 0 changes.

35. Executing OPT_MERGE pass (detect identical cells).
Finding identical cells in module `\controller'.
Removed a total of 0 cells.

36. Executing OPT_DFF pass (perform DFF optimizations).

37. Executing OPT_CLEAN pass (remove unused cells and wires).
Finding unused cells or wires in module \controller..

38. Executing OPT_EXPR pass (perform const folding).
Optimizing module controller.

39. Executing FSM pass (extract and optimize FSM).

39.1. Executing FSM_DETECT pass (finding FSMs in design).

39.2. Executing FSM_EXTRACT pass (extracting FSM from design).

39.3. Executing FSM_OPT pass (simple optimizations of FSMs).

39.4. Executing OPT_CLEAN pass (remove unused cells and wires).
Finding unused cells or wires in module \controller..

39.5. Executing FSM_OPT pass (simple optimizations of FSMs).

39.6. Executing FSM_RECODE pass (re-assigning FSM state encoding).

39.7. Executing FSM_INFO pass (dumping all available information on FSM cells).

39.8. Executing FSM_MAP pass (mapping FSMs to basic logic).

40. Executing OPT_EXPR pass (perform const folding).
Optimizing module controller.

41. Executing OPT_MERGE pass (detect identical cells).
Finding identical cells in module `\controller'.
Removed a total of 0 cells.

42. Executing OPT_MUXTREE pass (detect dead branches in mux trees).
Running muxtree optimizer on module \controller..
  Creating internal representation of mux trees.
  Evaluating internal representation of mux trees.
  Analyzing evaluation results.
Removed 0 multiplexer ports.
<suppressed ~5 debug messages>

43. Executing OPT_REDUCE pass (consolidate $*mux and $reduce_* inputs).
  Optimizing cells in module \controller.
Performed a total of 0 changes.

44. Executing OPT_MERGE pass (detect identical cells).
Finding identical cells in module `\controller'.
Removed a total of 0 cells.

45. Executing OPT_DFF pass (perform DFF optimizations).
Adding SRST signal on $procdff$216 ($dff) from module controller (D = $procmux$199_Y, Q = \count, rval = 4'0000).
Adding EN signal on $auto$ff.cc:266:slice$221 ($sdff) from module controller (D = $add$/home/dt/Documents/madvlsi/final/schematics/controller/librelane/controller.v:46$28_Y [3:0], Q = \count).
Adding SRST signal on $procdff$215 ($dff) from module controller (D = $3$lookahead\sar_reg$5[7:0]$24, Q = \sar_reg, rval = 8'10000000).
Adding EN signal on $auto$ff.cc:266:slice$227 ($sdff) from module controller (D = $5$lookahead\sar_reg$5[7:0]$49, Q = \sar_reg).
Adding SRST signal on $procdff$214 ($dff) from module controller (D = $procmux$208_Y, Q = \adc_out, rval = 8'00000000).
Adding EN signal on $auto$ff.cc:266:slice$233 ($sdff) from module controller (D = \sar_reg, Q = \adc_out).
Adding SRST signal on $procdff$213 ($dff) from module controller (D = $logic_not$/home/dt/Documents/madvlsi/final/schematics/controller/librelane/controller.v:67$62_Y, Q = \comparator_clk, rval = 1'0).

46. Executing OPT_CLEAN pass (remove unused cells and wires).
Finding unused cells or wires in module \controller..
Removed 9 unused cells and 9 unused wires.
<suppressed ~10 debug messages>

47. Executing OPT_EXPR pass (perform const folding).
Optimizing module controller.

48. Rerunning OPT passes. (Maybe there is more to do…)

49. Executing OPT_MUXTREE pass (detect dead branches in mux trees).
Running muxtree optimizer on module \controller..
  Creating internal representation of mux trees.
  Evaluating internal representation of mux trees.
  Analyzing evaluation results.
Removed 0 multiplexer ports.
<suppressed ~2 debug messages>

50. Executing OPT_REDUCE pass (consolidate $*mux and $reduce_* inputs).
  Optimizing cells in module \controller.
Performed a total of 0 changes.

51. Executing OPT_MERGE pass (detect identical cells).
Finding identical cells in module `\controller'.
<suppressed ~6 debug messages>
Removed a total of 2 cells.

52. Executing OPT_DFF pass (perform DFF optimizations).

53. Executing OPT_CLEAN pass (remove unused cells and wires).
Finding unused cells or wires in module \controller..
Removed 0 unused cells and 2 unused wires.
<suppressed ~1 debug messages>

54. Executing OPT_EXPR pass (perform const folding).
Optimizing module controller.

55. Rerunning OPT passes. (Maybe there is more to do…)

56. Executing OPT_MUXTREE pass (detect dead branches in mux trees).
Running muxtree optimizer on module \controller..
  Creating internal representation of mux trees.
  Evaluating internal representation of mux trees.
  Analyzing evaluation results.
Removed 0 multiplexer ports.
<suppressed ~2 debug messages>

57. Executing OPT_REDUCE pass (consolidate $*mux and $reduce_* inputs).
  Optimizing cells in module \controller.
Performed a total of 0 changes.

58. Executing OPT_MERGE pass (detect identical cells).
Finding identical cells in module `\controller'.
Removed a total of 0 cells.

59. Executing OPT_DFF pass (perform DFF optimizations).

60. Executing OPT_CLEAN pass (remove unused cells and wires).
Finding unused cells or wires in module \controller..

61. Executing OPT_EXPR pass (perform const folding).
Optimizing module controller.

62. Executing WREDUCE pass (reducing word size of cells).
Removed top 31 bits (of 32) from port B of cell controller.$add$/home/dt/Documents/madvlsi/final/schematics/controller/librelane/controller.v:46$28 ($add).
Removed top 27 bits (of 32) from port Y of cell controller.$add$/home/dt/Documents/madvlsi/final/schematics/controller/librelane/controller.v:46$28 ($add).
Removed top 28 bits (of 32) from port A of cell controller.$sub$/home/dt/Documents/madvlsi/final/schematics/controller/librelane/controller.v:46$29 ($sub).
Removed top 27 bits (of 32) from port B of cell controller.$sub$/home/dt/Documents/madvlsi/final/schematics/controller/librelane/controller.v:46$29 ($sub).
Removed top 26 bits (of 32) from port Y of cell controller.$sub$/home/dt/Documents/madvlsi/final/schematics/controller/librelane/controller.v:46$29 ($sub).
Converting cell controller.$neg$/home/dt/Documents/madvlsi/final/schematics/controller/librelane/controller.v:0$30 ($neg) from signed to unsigned.
Removed top 1 bits (of 33) from port A of cell controller.$neg$/home/dt/Documents/madvlsi/final/schematics/controller/librelane/controller.v:0$30 ($neg).
Removed top 24 bits (of 32) from port Y of cell controller.$or$/home/dt/Documents/madvlsi/final/schematics/controller/librelane/controller.v:0$36 ($or).
Removed top 24 bits (of 32) from port A of cell controller.$or$/home/dt/Documents/madvlsi/final/schematics/controller/librelane/controller.v:0$36 ($or).
Removed top 24 bits (of 32) from port B of cell controller.$or$/home/dt/Documents/madvlsi/final/schematics/controller/librelane/controller.v:0$36 ($or).
Removed top 24 bits (of 32) from port Y of cell controller.$or$/home/dt/Documents/madvlsi/final/schematics/controller/librelane/controller.v:0$45 ($or).
Removed top 24 bits (of 32) from port A of cell controller.$or$/home/dt/Documents/madvlsi/final/schematics/controller/librelane/controller.v:0$45 ($or).
Removed top 24 bits (of 32) from port B of cell controller.$or$/home/dt/Documents/madvlsi/final/schematics/controller/librelane/controller.v:0$45 ($or).
Removed top 30 bits (of 32) from port B of cell controller.$add$/home/dt/Documents/madvlsi/final/schematics/controller/librelane/controller.v:50$46 ($add).
Removed top 27 bits (of 32) from port Y of cell controller.$add$/home/dt/Documents/madvlsi/final/schematics/controller/librelane/controller.v:50$46 ($add).
Removed top 27 bits (of 32) from port A of cell controller.$ne$/home/dt/Documents/madvlsi/final/schematics/controller/librelane/controller.v:50$47 ($ne).
Removed top 28 bits (of 32) from port B of cell controller.$ne$/home/dt/Documents/madvlsi/final/schematics/controller/librelane/controller.v:50$47 ($ne).
Removed top 28 bits (of 32) from port A of cell controller.$sub$/home/dt/Documents/madvlsi/final/schematics/controller/librelane/controller.v:52$51 ($sub).
Removed top 27 bits (of 32) from port B of cell controller.$sub$/home/dt/Documents/madvlsi/final/schematics/controller/librelane/controller.v:52$51 ($sub).
Removed top 26 bits (of 32) from port Y of cell controller.$sub$/home/dt/Documents/madvlsi/final/schematics/controller/librelane/controller.v:52$51 ($sub).
Converting cell controller.$neg$/home/dt/Documents/madvlsi/final/schematics/controller/librelane/controller.v:0$52 ($neg) from signed to unsigned.
Removed top 1 bits (of 33) from port A of cell controller.$neg$/home/dt/Documents/madvlsi/final/schematics/controller/librelane/controller.v:0$52 ($neg).
Removed top 24 bits (of 32) from port Y of cell controller.$or$/home/dt/Documents/madvlsi/final/schematics/controller/librelane/controller.v:0$58 ($or).
Removed top 24 bits (of 32) from port A of cell controller.$or$/home/dt/Documents/madvlsi/final/schematics/controller/librelane/controller.v:0$58 ($or).
Removed top 24 bits (of 32) from port B of cell controller.$or$/home/dt/Documents/madvlsi/final/schematics/controller/librelane/controller.v:0$58 ($or).
Removed top 24 bits (of 32) from port Y of cell controller.$and$/home/dt/Documents/madvlsi/final/schematics/controller/librelane/controller.v:0$33 ($and).
Removed top 24 bits (of 32) from port B of cell controller.$and$/home/dt/Documents/madvlsi/final/schematics/controller/librelane/controller.v:0$33 ($and).
Removed top 24 bits (of 32) from port Y of cell controller.$shift$/home/dt/Documents/madvlsi/final/schematics/controller/librelane/controller.v:0$35 ($shift).
Removed top 24 bits (of 32) from port Y of cell controller.$and$/home/dt/Documents/madvlsi/final/schematics/controller/librelane/controller.v:0$55 ($and).
Removed top 24 bits (of 32) from port B of cell controller.$and$/home/dt/Documents/madvlsi/final/schematics/controller/librelane/controller.v:0$55 ($and).
Removed top 24 bits (of 32) from port Y of cell controller.$not$/home/dt/Documents/madvlsi/final/schematics/controller/librelane/controller.v:0$32 ($not).
Removed top 24 bits (of 32) from port A of cell controller.$not$/home/dt/Documents/madvlsi/final/schematics/controller/librelane/controller.v:0$32 ($not).
Removed top 24 bits (of 32) from port Y of cell controller.$not$/home/dt/Documents/madvlsi/final/schematics/controller/librelane/controller.v:0$54 ($not).
Removed top 24 bits (of 32) from port A of cell controller.$not$/home/dt/Documents/madvlsi/final/schematics/controller/librelane/controller.v:0$54 ($not).
Removed top 24 bits (of 32) from port Y of cell controller.$shift$/home/dt/Documents/madvlsi/final/schematics/controller/librelane/controller.v:0$31 ($shift).
Removed top 24 bits (of 32) from port Y of cell controller.$shift$/home/dt/Documents/madvlsi/final/schematics/controller/librelane/controller.v:0$53 ($shift).
Removed top 27 bits (of 32) from wire controller.$add$/home/dt/Documents/madvlsi/final/schematics/controller/librelane/controller.v:46$28_Y.
Removed top 27 bits (of 32) from wire controller.$add$/home/dt/Documents/madvlsi/final/schematics/controller/librelane/controller.v:50$46_Y.
Removed top 24 bits (of 32) from wire controller.$and$/home/dt/Documents/madvlsi/final/schematics/controller/librelane/controller.v:0$33_Y.
Removed top 24 bits (of 32) from wire controller.$and$/home/dt/Documents/madvlsi/final/schematics/controller/librelane/controller.v:0$55_Y.
Removed top 24 bits (of 32) from wire controller.$not$/home/dt/Documents/madvlsi/final/schematics/controller/librelane/controller.v:0$32_Y.
Removed top 24 bits (of 32) from wire controller.$not$/home/dt/Documents/madvlsi/final/schematics/controller/librelane/controller.v:0$54_Y.
Removed top 24 bits (of 32) from wire controller.$or$/home/dt/Documents/madvlsi/final/schematics/controller/librelane/controller.v:0$36_Y.
Removed top 24 bits (of 32) from wire controller.$or$/home/dt/Documents/madvlsi/final/schematics/controller/librelane/controller.v:0$45_Y.
Removed top 24 bits (of 32) from wire controller.$or$/home/dt/Documents/madvlsi/final/schematics/controller/librelane/controller.v:0$58_Y.

63. Executing PEEPOPT pass (run peephole optimizers).

64. Executing OPT_CLEAN pass (remove unused cells and wires).
Finding unused cells or wires in module \controller..
Removed 0 unused cells and 9 unused wires.
<suppressed ~1 debug messages>

65. Executing ALUMACC pass (create $alu and $macc cells).
Extracting $alu and $macc cells in module controller:
  creating $macc model for $add$/home/dt/Documents/madvlsi/final/schematics/controller/librelane/controller.v:46$28 ($add).
  creating $macc model for $add$/home/dt/Documents/madvlsi/final/schematics/controller/librelane/controller.v:50$46 ($add).
  creating $macc model for $neg$/home/dt/Documents/madvlsi/final/schematics/controller/librelane/controller.v:0$30 ($neg).
  creating $macc model for $neg$/home/dt/Documents/madvlsi/final/schematics/controller/librelane/controller.v:0$52 ($neg).
  creating $macc model for $sub$/home/dt/Documents/madvlsi/final/schematics/controller/librelane/controller.v:46$29 ($sub).
  creating $macc model for $sub$/home/dt/Documents/madvlsi/final/schematics/controller/librelane/controller.v:52$51 ($sub).
  creating $alu model for $macc $sub$/home/dt/Documents/madvlsi/final/schematics/controller/librelane/controller.v:52$51.
  creating $alu model for $macc $sub$/home/dt/Documents/madvlsi/final/schematics/controller/librelane/controller.v:46$29.
  creating $alu model for $macc $neg$/home/dt/Documents/madvlsi/final/schematics/controller/librelane/controller.v:0$52.
  creating $alu model for $macc $neg$/home/dt/Documents/madvlsi/final/schematics/controller/librelane/controller.v:0$30.
  creating $alu model for $macc $add$/home/dt/Documents/madvlsi/final/schematics/controller/librelane/controller.v:50$46.
  creating $alu model for $macc $add$/home/dt/Documents/madvlsi/final/schematics/controller/librelane/controller.v:46$28.
  creating $alu cell for $add$/home/dt/Documents/madvlsi/final/schematics/controller/librelane/controller.v:46$28: $auto$alumacc.cc:485:replace_alu$245
  creating $alu cell for $add$/home/dt/Documents/madvlsi/final/schematics/controller/librelane/controller.v:50$46: $auto$alumacc.cc:485:replace_alu$248
  creating $alu cell for $neg$/home/dt/Documents/madvlsi/final/schematics/controller/librelane/controller.v:0$30: $auto$alumacc.cc:485:replace_alu$251
  creating $alu cell for $neg$/home/dt/Documents/madvlsi/final/schematics/controller/librelane/controller.v:0$52: $auto$alumacc.cc:485:replace_alu$254
  creating $alu cell for $sub$/home/dt/Documents/madvlsi/final/schematics/controller/librelane/controller.v:46$29: $auto$alumacc.cc:485:replace_alu$257
  creating $alu cell for $sub$/home/dt/Documents/madvlsi/final/schematics/controller/librelane/controller.v:52$51: $auto$alumacc.cc:485:replace_alu$260
  created 6 $alu and 0 $macc cells.

66. Executing SHARE pass (SAT-based resource sharing).

67. Executing OPT_EXPR pass (perform const folding).
Optimizing module controller.

68. Executing OPT_MERGE pass (detect identical cells).
Finding identical cells in module `\controller'.
Removed a total of 0 cells.

69. Executing OPT_MUXTREE pass (detect dead branches in mux trees).
Running muxtree optimizer on module \controller..
  Creating internal representation of mux trees.
  Evaluating internal representation of mux trees.
  Analyzing evaluation results.
Removed 0 multiplexer ports.
<suppressed ~2 debug messages>

70. Executing OPT_REDUCE pass (consolidate $*mux and $reduce_* inputs).
  Optimizing cells in module \controller.
Performed a total of 0 changes.

71. Executing OPT_MERGE pass (detect identical cells).
Finding identical cells in module `\controller'.
Removed a total of 0 cells.

72. Executing OPT_DFF pass (perform DFF optimizations).

73. Executing OPT_CLEAN pass (remove unused cells and wires).
Finding unused cells or wires in module \controller..

74. Executing OPT_EXPR pass (perform const folding).
Optimizing module controller.

75. Executing MEMORY pass.

75.1. Executing OPT_MEM pass (optimize memories).
Performed a total of 0 transformations.

75.2. Executing OPT_MEM_PRIORITY pass (removing unnecessary memory write priority relations).
Performed a total of 0 transformations.

75.3. Executing OPT_MEM_FEEDBACK pass (finding memory read-to-write feedback paths).

75.4. Executing MEMORY_BMUX2ROM pass (converting muxes to ROMs).

75.5. Executing MEMORY_DFF pass (merging $dff cells to $memrd).

75.6. Executing OPT_CLEAN pass (remove unused cells and wires).
Finding unused cells or wires in module \controller..

75.7. Executing MEMORY_SHARE pass (consolidating $memrd/$memwr cells).

75.8. Executing OPT_MEM_WIDEN pass (optimize memories where all ports are wide).
Performed a total of 0 transformations.

75.9. Executing OPT_CLEAN pass (remove unused cells and wires).
Finding unused cells or wires in module \controller..

75.10. Executing MEMORY_COLLECT pass (generating $mem cells).

76. Executing OPT_CLEAN pass (remove unused cells and wires).
Finding unused cells or wires in module \controller..

77. Executing OPT_EXPR pass (perform const folding).
Optimizing module controller.
<suppressed ~6 debug messages>

78. Executing OPT_MERGE pass (detect identical cells).
Finding identical cells in module `\controller'.
Removed a total of 0 cells.

79. Executing OPT_DFF pass (perform DFF optimizations).

80. Executing OPT_CLEAN pass (remove unused cells and wires).
Finding unused cells or wires in module \controller..
Removed 1 unused cells and 4 unused wires.
<suppressed ~2 debug messages>

81. Executing MEMORY_MAP pass (converting memories to logic and flip-flops).

82. Executing OPT_EXPR pass (perform const folding).
Optimizing module controller.

83. Executing OPT_MERGE pass (detect identical cells).
Finding identical cells in module `\controller'.
Removed a total of 0 cells.

84. Executing OPT_MUXTREE pass (detect dead branches in mux trees).
Running muxtree optimizer on module \controller..
  Creating internal representation of mux trees.
  Evaluating internal representation of mux trees.
  Analyzing evaluation results.
Removed 0 multiplexer ports.
<suppressed ~2 debug messages>

85. Executing OPT_REDUCE pass (consolidate $*mux and $reduce_* inputs).
  Optimizing cells in module \controller.
Performed a total of 0 changes.

86. Executing OPT_MERGE pass (detect identical cells).
Finding identical cells in module `\controller'.
Removed a total of 0 cells.

87. Executing OPT_SHARE pass.
    Found cells that share an operand and can be merged by moving the $mux $procmux$91 in front of them:
        $or$/home/dt/Documents/madvlsi/final/schematics/controller/librelane/controller.v:0$36
        $or$/home/dt/Documents/madvlsi/final/schematics/controller/librelane/controller.v:0$45

88. Executing OPT_DFF pass (perform DFF optimizations).

89. Executing OPT_CLEAN pass (remove unused cells and wires).
Finding unused cells or wires in module \controller..
Removed 0 unused cells and 2 unused wires.
<suppressed ~1 debug messages>

90. Executing OPT_EXPR pass (perform const folding).
Optimizing module controller.
<suppressed ~1 debug messages>

91. Rerunning OPT passes. (Maybe there is more to do…)

92. Executing OPT_MUXTREE pass (detect dead branches in mux trees).
Running muxtree optimizer on module \controller..
  Creating internal representation of mux trees.
  Evaluating internal representation of mux trees.
  Analyzing evaluation results.
Removed 0 multiplexer ports.
<suppressed ~2 debug messages>

93. Executing OPT_REDUCE pass (consolidate $*mux and $reduce_* inputs).
  Optimizing cells in module \controller.
Performed a total of 0 changes.

94. Executing OPT_MERGE pass (detect identical cells).
Finding identical cells in module `\controller'.
Removed a total of 0 cells.

95. Executing OPT_SHARE pass.

96. Executing OPT_DFF pass (perform DFF optimizations).

97. Executing OPT_CLEAN pass (remove unused cells and wires).
Finding unused cells or wires in module \controller..
Removed 0 unused cells and 1 unused wires.
<suppressed ~1 debug messages>

98. Executing OPT_EXPR pass (perform const folding).
Optimizing module controller.

99. Rerunning OPT passes. (Maybe there is more to do…)

100. Executing OPT_MUXTREE pass (detect dead branches in mux trees).
Running muxtree optimizer on module \controller..
  Creating internal representation of mux trees.
  Evaluating internal representation of mux trees.
  Analyzing evaluation results.
Removed 0 multiplexer ports.
<suppressed ~2 debug messages>

101. Executing OPT_REDUCE pass (consolidate $*mux and $reduce_* inputs).
  Optimizing cells in module \controller.
Performed a total of 0 changes.

102. Executing OPT_MERGE pass (detect identical cells).
Finding identical cells in module `\controller'.
Removed a total of 0 cells.

103. Executing OPT_SHARE pass.

104. Executing OPT_DFF pass (perform DFF optimizations).

105. Executing OPT_CLEAN pass (remove unused cells and wires).
Finding unused cells or wires in module \controller..

106. Executing OPT_EXPR pass (perform const folding).
Optimizing module controller.

107. Executing TECHMAP pass (map to technology primitives).

107.1. Executing Verilog-2005 frontend: /nix/store/9r0bh7sp051dpm8km8bqlb028anpd3v3-yosys/bin/../share/yosys/techmap.v
Parsing Verilog input from `/nix/store/9r0bh7sp051dpm8km8bqlb028anpd3v3-yosys/bin/../share/yosys/techmap.v' to AST representation.
Generating RTLIL representation for module `\_90_simplemap_bool_ops'.
Generating RTLIL representation for module `\_90_simplemap_reduce_ops'.
Generating RTLIL representation for module `\_90_simplemap_logic_ops'.
Generating RTLIL representation for module `\_90_simplemap_compare_ops'.
Generating RTLIL representation for module `\_90_simplemap_various'.
Generating RTLIL representation for module `\_90_simplemap_registers'.
Generating RTLIL representation for module `\_90_shift_ops_shr_shl_sshl_sshr'.
Generating RTLIL representation for module `\_90_shift_shiftx'.
Generating RTLIL representation for module `\_90_fa'.
Generating RTLIL representation for module `\_90_lcu_brent_kung'.
Generating RTLIL representation for module `\_90_alu'.
Generating RTLIL representation for module `\_90_macc'.
Generating RTLIL representation for module `\_90_alumacc'.
Generating RTLIL representation for module `\$__div_mod_u'.
Generating RTLIL representation for module `\$__div_mod_trunc'.
Generating RTLIL representation for module `\_90_div'.
Generating RTLIL representation for module `\_90_mod'.
Generating RTLIL representation for module `\$__div_mod_floor'.
Generating RTLIL representation for module `\_90_divfloor'.
Generating RTLIL representation for module `\_90_modfloor'.
Generating RTLIL representation for module `\_90_pow'.
Generating RTLIL representation for module `\_90_pmux'.
Generating RTLIL representation for module `\_90_demux'.
Generating RTLIL representation for module `\_90_lut'.
Successfully finished Verilog frontend.

107.2. Continuing TECHMAP pass.
Using extmapper simplemap for cells of type $not.
Using extmapper simplemap for cells of type $eq.
Using template $paramod$bfceb922395790c0ce92e9f9b5b428d4fc72cc30\_90_alu for cells of type $alu.
Using template $paramod$653d0dc5a667330298513325d0bd1def0e6c1128\_90_alu for cells of type $alu.
Using template $paramod$99501223b6f7e5af250351eeb57edb5403a5ad0b\_90_alu for cells of type $alu.
Using template $paramod$943564b9366bbc392bf4bbc801aa0a2d7742a4e0\_90_alu for cells of type $alu.
Using template $paramod$constmap:51fb3526f3621c6ba109a6fa670766d42e57f474$paramod$3a55d5cb0043d442f8310a0b82c3ba1d6d3f1032\_90_shift_shiftx for cells of type $shift.
Using extmapper simplemap for cells of type $and.
Using extmapper simplemap for cells of type $reduce_or.
Analyzing pattern of constant bits for this cell:
  Constant input on bit 0 of port A: 1'0
Creating constmapped module `$paramod$constmap:9142eda5b8d4816217539d08a829525d6270721e$paramod$3a55d5cb0043d442f8310a0b82c3ba1d6d3f1032\_90_shift_shiftx'.

107.16. Executing OPT_MUXTREE pass (detect dead branches in mux trees).
Running muxtree optimizer on module $paramod$constmap:9142eda5b8d4816217539d08a829525d6270721e$paramod$3a55d5cb0043d442f8310a0b82c3ba1d6d3f1032\_90_shift_shiftx..
  Creating internal representation of mux trees.
  Evaluating internal representation of mux trees.
  Analyzing evaluation results.
    dead port 2/2 on $mux $procmux$435.
    dead port 2/2 on $mux $procmux$429.
    dead port 2/2 on $mux $procmux$423.
    dead port 2/2 on $mux $procmux$417.
Removed 4 multiplexer ports.
<suppressed ~394 debug messages>

107.17. Executing OPT_EXPR pass (perform const folding).
Optimizing module $paramod$constmap:9142eda5b8d4816217539d08a829525d6270721e$paramod$3a55d5cb0043d442f8310a0b82c3ba1d6d3f1032\_90_shift_shiftx.
<suppressed ~36 debug messages>
Removed 55 unused cells and 71 unused wires.
Using template $paramod$constmap:9142eda5b8d4816217539d08a829525d6270721e$paramod$3a55d5cb0043d442f8310a0b82c3ba1d6d3f1032\_90_shift_shiftx for cells of type $shift.
Using extmapper simplemap for cells of type $or.
Using extmapper simplemap for cells of type $sdff.
Using extmapper simplemap for cells of type $ne.
Using extmapper simplemap for cells of type $logic_not.
Using extmapper simplemap for cells of type $mux.
Using extmapper simplemap for cells of type $sdffe.
Using extmapper simplemap for cells of type $xor.
Using template $paramod\_90_lcu_brent_kung\WIDTH=32'00000000000000000000000000000100 for cells of type $lcu.
Using extmapper simplemap for cells of type $pos.
Using template $paramod\_90_lcu_brent_kung\WIDTH=32'00000000000000000000000000000110 for cells of type $lcu.
Using template $paramod\_90_lcu_brent_kung\WIDTH=32'00000000000000000000000000100001 for cells of type $lcu.
Using template $paramod\_90_lcu_brent_kung\WIDTH=32'00000000000000000000000000000101 for cells of type $lcu.
No more expansions possible.
<suppressed ~1001 debug messages>

108. Executing OPT_EXPR pass (perform const folding).
Optimizing module controller.
<suppressed ~840 debug messages>

109. Executing OPT_MERGE pass (detect identical cells).
Finding identical cells in module `\controller'.
<suppressed ~372 debug messages>
Removed a total of 124 cells.

110. Executing OPT_DFF pass (perform DFF optimizations).

111. Executing OPT_CLEAN pass (remove unused cells and wires).
Finding unused cells or wires in module \controller..
Removed 23 unused cells and 529 unused wires.
<suppressed ~24 debug messages>

112. Executing OPT_EXPR pass (perform const folding).
Optimizing module controller.

113. Executing OPT_MERGE pass (detect identical cells).
Finding identical cells in module `\controller'.
Removed a total of 0 cells.

114. Executing OPT_DFF pass (perform DFF optimizations).

115. Executing OPT_CLEAN pass (remove unused cells and wires).
Finding unused cells or wires in module \controller..

116. Executing ABC pass (technology mapping using ABC).

116.1. Extracting gate netlist of module `\controller' to `<abc-temp-dir>/input.blif'..
Extracted 318 gates and 334 wires to a netlist network with 15 inputs and 23 outputs.

116.1.1. Executing ABC.
Running ABC command: "/nix/store/6l3aj1gi4lja8z5s4lan2k2cfz9mqkrz-yosys-abc/bin/abc" -s -f <abc-temp-dir>/abc.script 2>&1
ABC: ABC command line: "source <abc-temp-dir>/abc.script".
ABC: 
ABC: + read_blif <abc-temp-dir>/input.blif 
ABC: + read_library <abc-temp-dir>/stdcells.genlib 
ABC: Entered genlib library with 13 gates from file "<abc-temp-dir>/stdcells.genlib".
ABC: + strash 
ABC: + dretime 
ABC: + map 
ABC: + write_blif <abc-temp-dir>/output.blif 

116.1.2. Re-integrating ABC results.
ABC RESULTS:              NAND cells:        2
ABC RESULTS:              XNOR cells:        3
ABC RESULTS:               NOR cells:        2
ABC RESULTS:               AND cells:        4
ABC RESULTS:             ORNOT cells:        7
ABC RESULTS:            ANDNOT cells:       38
ABC RESULTS:                OR cells:       40
ABC RESULTS:               MUX cells:       16
ABC RESULTS:               XOR cells:       16
ABC RESULTS:               NOT cells:       18
ABC RESULTS:        internal signals:      296
ABC RESULTS:           input signals:       15
ABC RESULTS:          output signals:       23
Removing temp directory.

117. Executing OPT pass (performing simple optimizations).

117.1. Executing OPT_EXPR pass (perform const folding).
Optimizing module controller.
<suppressed ~8 debug messages>

117.2. Executing OPT_MERGE pass (detect identical cells).
Finding identical cells in module `\controller'.
<suppressed ~6 debug messages>
Removed a total of 2 cells.

117.3. Executing OPT_DFF pass (perform DFF optimizations).

117.4. Executing OPT_CLEAN pass (remove unused cells and wires).
Finding unused cells or wires in module \controller..
Removed 1 unused cells and 170 unused wires.
<suppressed ~2 debug messages>

117.5. Finished fast OPT passes.

118. Executing HIERARCHY pass (managing design hierarchy).

118.1. Analyzing design hierarchy..
Top module:  \controller

118.2. Analyzing design hierarchy..
Top module:  \controller
Removed 0 unused modules.

119. Executing CHECK pass (checking for obvious problems).
Checking module controller...
Found and reported 0 problems.

120. Printing statistics.

=== controller ===

   Number of wires:                135
   Number of wire bits:            181
   Number of public wires:           9
   Number of public wire bits:      40
   Number of ports:                  7
   Number of port bits:             28
   Number of memories:               0
   Number of memory bits:            0
   Number of processes:              0
   Number of cells:                164
     $_ANDNOT_                      37
     $_AND_                          4
     $_MUX_                         16
     $_NAND_                         1
     $_NOR_                          2
     $_NOT_                         17
     $_ORNOT_                        7
     $_OR_                          40
     $_SDFFE_PN0P_                   8
     $_SDFFE_PP0P_                  11
     $_SDFFE_PP1P_                   1
     $_SDFF_NN0_                     1
     $_XNOR_                         3
     $_XOR_                         16

121. Generating Graphviz representation of design.
Writing dot description to `/home/dt/Documents/madvlsi/final/schematics/controller/librelane/runs/RUN_2025-12-16_17-02-26/06-yosys-synthesis/primitive_techmap.dot'.
Dumping module controller to page 1.

122. Executing OPT pass (performing simple optimizations).

122.1. Executing OPT_EXPR pass (perform const folding).
Optimizing module controller.

122.2. Executing OPT_MERGE pass (detect identical cells).
Finding identical cells in module `\controller'.
Removed a total of 0 cells.

122.3. Executing OPT_MUXTREE pass (detect dead branches in mux trees).
Running muxtree optimizer on module \controller..
  Creating internal representation of mux trees.
  No muxes found in this module.
Removed 0 multiplexer ports.

122.4. Executing OPT_REDUCE pass (consolidate $*mux and $reduce_* inputs).
  Optimizing cells in module \controller.
Performed a total of 0 changes.

122.5. Executing OPT_MERGE pass (detect identical cells).
Finding identical cells in module `\controller'.
Removed a total of 0 cells.

122.6. Executing OPT_DFF pass (perform DFF optimizations).

122.7. Executing OPT_CLEAN pass (remove unused cells and wires).
Finding unused cells or wires in module \controller..

122.8. Executing OPT_EXPR pass (perform const folding).
Optimizing module controller.

122.9. Finished OPT passes. (There is nothing left to do.)

123. Executing OPT_CLEAN pass (remove unused cells and wires).
Finding unused cells or wires in module \controller..
Removed 0 unused cells and 1 unused wires.
<suppressed ~1 debug messages>
{
   "creator": "Yosys 0.46 (git sha1 e97731b9dda91fa5fa53ed87df7c34163ba59a41, clang++ 17.0.6 -fPIC -O3)",
   "invocation": "stat -json -liberty /home/dt/Documents/madvlsi/final/schematics/controller/librelane/runs/RUN_2025-12-16_17-02-26/tmp/d682b85ad0e2475aa5c417992df4cc40.lib ",
   "modules": {
      "\\controller": {
         "num_wires":         134,
         "num_wire_bits":     173,
         "num_pub_wires":     8,
         "num_pub_wire_bits": 32,
         "num_ports":         7,
         "num_port_bits":     28,
         "num_memories":      0,
         "num_memory_bits":   0,
         "num_processes":     0,
         "num_cells":         164,
         "num_cells_by_type": {
            "$_ANDNOT_": 37,
            "$_AND_": 4,
            "$_MUX_": 16,
            "$_NAND_": 1,
            "$_NOR_": 2,
            "$_NOT_": 17,
            "$_ORNOT_": 7,
            "$_OR_": 40,
            "$_SDFFE_PN0P_": 8,
            "$_SDFFE_PP0P_": 11,
            "$_SDFFE_PP1P_": 1,
            "$_SDFF_NN0_": 1,
            "$_XNOR_": 3,
            "$_XOR_": 16
         }
      }
   },
      "design": {
         "num_wires":         134,
         "num_wire_bits":     173,
         "num_pub_wires":     8,
         "num_pub_wire_bits": 32,
         "num_ports":         7,
         "num_port_bits":     28,
         "num_memories":      0,
         "num_memory_bits":   0,
         "num_processes":     0,
         "num_cells":         164,
         "num_cells_by_type": {
            "$_ANDNOT_": 37,
            "$_AND_": 4,
            "$_MUX_": 16,
            "$_NAND_": 1,
            "$_NOR_": 2,
            "$_NOT_": 17,
            "$_ORNOT_": 7,
            "$_OR_": 40,
            "$_SDFFE_PN0P_": 8,
            "$_SDFFE_PP0P_": 11,
            "$_SDFFE_PP1P_": 1,
            "$_SDFF_NN0_": 1,
            "$_XNOR_": 3,
            "$_XOR_": 16
         }
      }
}

124. Printing statistics.

=== controller ===

   Number of wires:                134
   Number of wire bits:            173
   Number of public wires:           8
   Number of public wire bits:      32
   Number of ports:                  7
   Number of port bits:             28
   Number of memories:               0
   Number of memory bits:            0
   Number of processes:              0
   Number of cells:                164
     $_ANDNOT_                      37
     $_AND_                          4
     $_MUX_                         16
     $_NAND_                         1
     $_NOR_                          2
     $_NOT_                         17
     $_ORNOT_                        7
     $_OR_                          40
     $_SDFFE_PN0P_                   8
     $_SDFFE_PP0P_                  11
     $_SDFFE_PP1P_                   1
     $_SDFF_NN0_                     1
     $_XNOR_                         3
     $_XOR_                         16

   Area for cell type $_NOT_ is unknown!
   Area for cell type $_AND_ is unknown!
   Area for cell type $_NAND_ is unknown!
   Area for cell type $_OR_ is unknown!
   Area for cell type $_NOR_ is unknown!
   Area for cell type $_XOR_ is unknown!
   Area for cell type $_XNOR_ is unknown!
   Area for cell type $_ANDNOT_ is unknown!
   Area for cell type $_ORNOT_ is unknown!
   Area for cell type $_MUX_ is unknown!
   Area for cell type $_SDFF_NN0_ is unknown!
   Area for cell type $_SDFFE_PN0P_ is unknown!
   Area for cell type $_SDFFE_PP0P_ is unknown!
   Area for cell type $_SDFFE_PP1P_ is unknown!

[INFO] Applying tri-state buffer mapping from '/usr/local/share/pdk/ciel/sky130/versions/0fe599b2afb6708d281543108caf8310912f54af/sky130A/libs.tech/openlane/sky130_fd_sc_hd/tribuff_map.v'…

125. Executing TECHMAP pass (map to technology primitives).

125.1. Executing Verilog-2005 frontend: /usr/local/share/pdk/ciel/sky130/versions/0fe599b2afb6708d281543108caf8310912f54af/sky130A/libs.tech/openlane/sky130_fd_sc_hd/tribuff_map.v
Parsing Verilog input from `/usr/local/share/pdk/ciel/sky130/versions/0fe599b2afb6708d281543108caf8310912f54af/sky130A/libs.tech/openlane/sky130_fd_sc_hd/tribuff_map.v' to AST representation.
Generating RTLIL representation for module `\$_TBUF_'.
Successfully finished Verilog frontend.

125.2. Continuing TECHMAP pass.
No more expansions possible.
<suppressed ~3 debug messages>

126. Executing SIMPLEMAP pass (map simple cells to gate primitives).
[INFO] Applying latch mapping from '/usr/local/share/pdk/ciel/sky130/versions/0fe599b2afb6708d281543108caf8310912f54af/sky130A/libs.tech/openlane/sky130_fd_sc_hd/latch_map.v'…

127. Executing TECHMAP pass (map to technology primitives).

127.1. Executing Verilog-2005 frontend: /usr/local/share/pdk/ciel/sky130/versions/0fe599b2afb6708d281543108caf8310912f54af/sky130A/libs.tech/openlane/sky130_fd_sc_hd/latch_map.v
Parsing Verilog input from `/usr/local/share/pdk/ciel/sky130/versions/0fe599b2afb6708d281543108caf8310912f54af/sky130A/libs.tech/openlane/sky130_fd_sc_hd/latch_map.v' to AST representation.
Generating RTLIL representation for module `\$_DLATCH_P_'.
Generating RTLIL representation for module `\$_DLATCH_N_'.
Successfully finished Verilog frontend.

127.2. Continuing TECHMAP pass.
No more expansions possible.
<suppressed ~4 debug messages>

128. Executing SIMPLEMAP pass (map simple cells to gate primitives).

129. Executing DFFLIBMAP pass (mapping DFF cells to sequential cells from liberty file).
  cell sky130_fd_sc_hd__dfxtp_2 (noninv, pins=3, area=21.27) is a direct match for cell type $_DFF_P_.
  cell sky130_fd_sc_hd__dfrtp_2 (noninv, pins=4, area=26.28) is a direct match for cell type $_DFF_PN0_.
  cell sky130_fd_sc_hd__dfstp_2 (noninv, pins=4, area=26.28) is a direct match for cell type $_DFF_PN1_.
  cell sky130_fd_sc_hd__dfbbn_2 (noninv, pins=6, area=35.03) is a direct match for cell type $_DFFSR_NNN_.
  final dff cell mappings:
    unmapped dff cell: $_DFF_N_
    \sky130_fd_sc_hd__dfxtp_2 _DFF_P_ (.CLK( C), .D( D), .Q( Q));
    unmapped dff cell: $_DFF_NN0_
    unmapped dff cell: $_DFF_NN1_
    unmapped dff cell: $_DFF_NP0_
    unmapped dff cell: $_DFF_NP1_
    \sky130_fd_sc_hd__dfrtp_2 _DFF_PN0_ (.CLK( C), .D( D), .Q( Q), .RESET_B( R));
    \sky130_fd_sc_hd__dfstp_2 _DFF_PN1_ (.CLK( C), .D( D), .Q( Q), .SET_B( R));
    unmapped dff cell: $_DFF_PP0_
    unmapped dff cell: $_DFF_PP1_
    \sky130_fd_sc_hd__dfbbn_2 _DFFSR_NNN_ (.CLK_N( C), .D( D), .Q( Q), .Q_N(~Q), .RESET_B( R), .SET_B( S));
    unmapped dff cell: $_DFFSR_NNP_
    unmapped dff cell: $_DFFSR_NPN_
    unmapped dff cell: $_DFFSR_NPP_
    unmapped dff cell: $_DFFSR_PNN_
    unmapped dff cell: $_DFFSR_PNP_
    unmapped dff cell: $_DFFSR_PPN_
    unmapped dff cell: $_DFFSR_PPP_

129.1. Executing DFFLEGALIZE pass (convert FFs to types supported by the target).
Mapping DFF cells in module `\controller':
  mapped 21 $_DFF_P_ cells to \sky130_fd_sc_hd__dfxtp_2 cells.
{
   "creator": "Yosys 0.46 (git sha1 e97731b9dda91fa5fa53ed87df7c34163ba59a41, clang++ 17.0.6 -fPIC -O3)",
   "invocation": "stat -json -liberty /home/dt/Documents/madvlsi/final/schematics/controller/librelane/runs/RUN_2025-12-16_17-02-26/tmp/d682b85ad0e2475aa5c417992df4cc40.lib ",
   "modules": {
      "\\controller": {
         "num_wires":         176,
         "num_wire_bits":     215,
         "num_pub_wires":     8,
         "num_pub_wire_bits": 32,
         "num_ports":         7,
         "num_port_bits":     28,
         "num_memories":      0,
         "num_memory_bits":   0,
         "num_processes":     0,
         "num_cells":         206,
         "area":              446.678400,
         "num_cells_by_type": {
            "$_ANDNOT_": 37,
            "$_AND_": 4,
            "$_MUX_": 57,
            "$_NAND_": 1,
            "$_NOR_": 2,
            "$_NOT_": 18,
            "$_ORNOT_": 7,
            "$_OR_": 40,
            "$_XNOR_": 3,
            "$_XOR_": 16,
            "sky130_fd_sc_hd__dfxtp_2": 21
         }
      }
   },
      "design": {
         "num_wires":         176,
         "num_wire_bits":     215,
         "num_pub_wires":     8,
         "num_pub_wire_bits": 32,
         "num_ports":         7,
         "num_port_bits":     28,
         "num_memories":      0,
         "num_memory_bits":   0,
         "num_processes":     0,
         "num_cells":         206,
         "area":              446.678400,
         "num_cells_by_type": {
            "$_ANDNOT_": 37,
            "$_AND_": 4,
            "$_MUX_": 57,
            "$_NAND_": 1,
            "$_NOR_": 2,
            "$_NOT_": 18,
            "$_ORNOT_": 7,
            "$_OR_": 40,
            "$_XNOR_": 3,
            "$_XOR_": 16,
            "sky130_fd_sc_hd__dfxtp_2": 21
         }
      }
}

130. Printing statistics.

=== controller ===

   Number of wires:                176
   Number of wire bits:            215
   Number of public wires:           8
   Number of public wire bits:      32
   Number of ports:                  7
   Number of port bits:             28
   Number of memories:               0
   Number of memory bits:            0
   Number of processes:              0
   Number of cells:                206
     $_ANDNOT_                      37
     $_AND_                          4
     $_MUX_                         57
     $_NAND_                         1
     $_NOR_                          2
     $_NOT_                         18
     $_ORNOT_                        7
     $_OR_                          40
     $_XNOR_                         3
     $_XOR_                         16
     sky130_fd_sc_hd__dfxtp_2       21

   Area for cell type $_NOT_ is unknown!
   Area for cell type $_AND_ is unknown!
   Area for cell type $_NAND_ is unknown!
   Area for cell type $_OR_ is unknown!
   Area for cell type $_NOR_ is unknown!
   Area for cell type $_XOR_ is unknown!
   Area for cell type $_XNOR_ is unknown!
   Area for cell type $_ANDNOT_ is unknown!
   Area for cell type $_ORNOT_ is unknown!
   Area for cell type $_MUX_ is unknown!

   Chip area for module '\controller': 446.678400
     of which used for sequential elements: 446.678400 (100.00%)

[INFO] Using generated ABC script '/home/dt/Documents/madvlsi/final/schematics/controller/librelane/runs/RUN_2025-12-16_17-02-26/06-yosys-synthesis/AREA_0.abc'…

131. Executing ABC pass (technology mapping using ABC).

131.1. Extracting gate netlist of module `\controller' to `/tmp/yosys-abc-dbYgBQ/input.blif'..
Extracted 185 gates and 211 wires to a netlist network with 24 inputs and 30 outputs.

131.1.1. Executing ABC.
Running ABC command: "/nix/store/6l3aj1gi4lja8z5s4lan2k2cfz9mqkrz-yosys-abc/bin/abc" -s -f /tmp/yosys-abc-dbYgBQ/abc.script 2>&1
ABC: ABC command line: "source /tmp/yosys-abc-dbYgBQ/abc.script".
ABC: 
ABC: + read_blif /tmp/yosys-abc-dbYgBQ/input.blif 
ABC: + read_lib -w /home/dt/Documents/madvlsi/final/schematics/controller/librelane/runs/RUN_2025-12-16_17-02-26/tmp/d682b85ad0e2475aa5c417992df4cc40.lib 
ABC: Parsing finished successfully.  Parsing time =     0.02 sec
ABC: Scl_LibertyReadGenlib() skipped sequential cell "sky130_fd_sc_hd__dfbbn_2".
ABC: Scl_LibertyReadGenlib() skipped sequential cell "sky130_fd_sc_hd__dfrbp_2".
ABC: Scl_LibertyReadGenlib() skipped sequential cell "sky130_fd_sc_hd__dfrtp_2".
ABC: Scl_LibertyReadGenlib() skipped sequential cell "sky130_fd_sc_hd__dfrtp_4".
ABC: Scl_LibertyReadGenlib() skipped sequential cell "sky130_fd_sc_hd__dfsbp_2".
ABC: Scl_LibertyReadGenlib() skipped sequential cell "sky130_fd_sc_hd__dfstp_2".
ABC: Scl_LibertyReadGenlib() skipped sequential cell "sky130_fd_sc_hd__dfstp_4".
ABC: Scl_LibertyReadGenlib() skipped sequential cell "sky130_fd_sc_hd__dfxbp_2".
ABC: Scl_LibertyReadGenlib() skipped sequential cell "sky130_fd_sc_hd__dfxtp_2".
ABC: Scl_LibertyReadGenlib() skipped sequential cell "sky130_fd_sc_hd__dfxtp_4".
ABC: Scl_LibertyReadGenlib() skipped sequential cell "sky130_fd_sc_hd__dlxtn_1".
ABC: Scl_LibertyReadGenlib() skipped sequential cell "sky130_fd_sc_hd__dlxtn_2".
ABC: Scl_LibertyReadGenlib() skipped sequential cell "sky130_fd_sc_hd__dlxtn_4".
ABC: Scl_LibertyReadGenlib() skipped sequential cell "sky130_fd_sc_hd__dlxtp_1".
ABC: Scl_LibertyReadGenlib() skipped three-state cell "sky130_fd_sc_hd__ebufn_2".
ABC: Scl_LibertyReadGenlib() skipped three-state cell "sky130_fd_sc_hd__ebufn_4".
ABC: Scl_LibertyReadGenlib() skipped three-state cell "sky130_fd_sc_hd__ebufn_8".
ABC: Library "sky130_fd_sc_hd__tt_025C_1v80" from "/home/dt/Documents/madvlsi/final/schematics/controller/librelane/runs/RUN_2025-12-16_17-02-26/tmp/d682b85ad0e2475aa5c417992df4cc40.lib" has 175 cells (17 skipped: 14 seq; 3 tri-state; 0 no func; 0 dont_use).  Time =     0.03 sec
ABC: Memory =    9.54 MB. Time =     0.03 sec
ABC: Warning: Detected 2 multi-output gates (for example, "sky130_fd_sc_hd__fa_1").
ABC: + read_constr -v /home/dt/Documents/madvlsi/final/schematics/controller/librelane/runs/RUN_2025-12-16_17-02-26/06-yosys-synthesis/synthesis.abc.sdc 
ABC: Setting driving cell to be "sky130_fd_sc_hd__inv_2/Y".
ABC: Setting output load to be 33.442001.
ABC: + source /home/dt/Documents/madvlsi/final/schematics/controller/librelane/runs/RUN_2025-12-16_17-02-26/06-yosys-synthesis/AREA_0.abc 
ABC: Error: The network is combinational.
ABC: Cannot find the default PI driving cell (sky130_fd_sc_hd__inv_2/Y) in the library.
ABC: WireLoad = "none"  Gates =     80 ( 15.0 %)   Cap = 15.4 ff (  1.9 %)   Area =      659.38 ( 85.0 %)   Delay =  1295.25 ps  (  6.2 %)               
ABC: Path  0 --       3 : 0    9 pi                      A =   0.00  Df =   0.0   -0.0 ps  S =   0.0 ps  Cin =  0.0 ff  Cout =  27.7 ff  Cmax =   0.0 ff  G =    0  
ABC: Path  1 --      69 : 4   10 sky130_fd_sc_hd__or4b_2 A =  10.01  Df = 763.6 -496.7 ps  S = 175.8 ps  Cin =  1.5 ff  Cout =  26.1 ff  Cmax = 265.5 ff  G = 1665  
ABC: Path  2 --      86 : 2    7 sky130_fd_sc_hd__and2_2 A =   7.51  Df =1041.2 -567.3 ps  S =  90.4 ps  Cin =  1.5 ff  Cout =  14.2 ff  Cmax = 303.0 ff  G =  942  
ABC: Path  3 --     128 : 3    1 sky130_fd_sc_hd__and3_2 A =   7.51  Df =1295.2 -530.6 ps  S = 182.1 ps  Cin =  1.5 ff  Cout =  33.4 ff  Cmax = 309.5 ff  G = 2252  
ABC: Start-point = pi2 (\count [2]).  End-point = po26 ($auto$rtlil.cc:2739:MuxGate$2476).
ABC: netlist                       : i/o =   24/   30  lat =    0  nd =    80  edge =    224  area =659.43  delay = 3.00  lev = 3
ABC: + write_blif /tmp/yosys-abc-dbYgBQ/output.blif 

131.1.2. Re-integrating ABC results.
ABC RESULTS:   sky130_fd_sc_hd__inv_2 cells:       12
ABC RESULTS:   sky130_fd_sc_hd__nor4b_2 cells:        1
ABC RESULTS:   sky130_fd_sc_hd__or4b_2 cells:        1
ABC RESULTS:   sky130_fd_sc_hd__nand4_2 cells:        1
ABC RESULTS:   sky130_fd_sc_hd__and2b_2 cells:        3
ABC RESULTS:   sky130_fd_sc_hd__and3b_2 cells:        1
ABC RESULTS:   sky130_fd_sc_hd__o2111a_2 cells:        1
ABC RESULTS:   sky130_fd_sc_hd__nor3b_2 cells:        1
ABC RESULTS:   sky130_fd_sc_hd__and4bb_2 cells:        2
ABC RESULTS:   sky130_fd_sc_hd__nor2_2 cells:        1
ABC RESULTS:   sky130_fd_sc_hd__a32o_2 cells:        1
ABC RESULTS:   sky130_fd_sc_hd__o21a_2 cells:        3
ABC RESULTS:   sky130_fd_sc_hd__or3b_2 cells:        1
ABC RESULTS:   sky130_fd_sc_hd__or4_2 cells:        2
ABC RESULTS:   sky130_fd_sc_hd__nand3_2 cells:        3
ABC RESULTS:   sky130_fd_sc_hd__a31oi_2 cells:        3
ABC RESULTS:   sky130_fd_sc_hd__o41a_2 cells:        2
ABC RESULTS:   sky130_fd_sc_hd__and2_2 cells:        3
ABC RESULTS:   sky130_fd_sc_hd__o211a_2 cells:        9
ABC RESULTS:   sky130_fd_sc_hd__o31a_2 cells:        2
ABC RESULTS:   sky130_fd_sc_hd__a211o_2 cells:        1
ABC RESULTS:   sky130_fd_sc_hd__or2_2 cells:       10
ABC RESULTS:   sky130_fd_sc_hd__a21o_2 cells:        4
ABC RESULTS:   sky130_fd_sc_hd__and3_2 cells:        4
ABC RESULTS:   sky130_fd_sc_hd__nand2_2 cells:        5
ABC RESULTS:   sky130_fd_sc_hd__a21oi_2 cells:        3
ABC RESULTS:        internal signals:      157
ABC RESULTS:           input signals:       24
ABC RESULTS:          output signals:       30
Removing temp directory.

132. Executing SETUNDEF pass (replace undef values with defined constants).

133. Executing HILOMAP pass (mapping to constant drivers).

134. Executing SPLITNETS pass (splitting up multi-bit signals).

135. Executing OPT_CLEAN pass (remove unused cells and wires).
Finding unused cells or wires in module \controller..
Removed 1 unused cells and 216 unused wires.
<suppressed ~2 debug messages>

136. Executing INSBUF pass (insert buffer cells for connected wires).

137. Executing CHECK pass (checking for obvious problems).
Checking module controller...
Found and reported 0 problems.
{
   "creator": "Yosys 0.46 (git sha1 e97731b9dda91fa5fa53ed87df7c34163ba59a41, clang++ 17.0.6 -fPIC -O3)",
   "invocation": "stat -json -liberty /home/dt/Documents/madvlsi/final/schematics/controller/librelane/runs/RUN_2025-12-16_17-02-26/tmp/d682b85ad0e2475aa5c417992df4cc40.lib ",
   "modules": {
      "\\controller": {
         "num_wires":         83,
         "num_wire_bits":     104,
         "num_pub_wires":     11,
         "num_pub_wire_bits": 32,
         "num_ports":         7,
         "num_port_bits":     28,
         "num_memories":      0,
         "num_memory_bits":   0,
         "num_processes":     0,
         "num_cells":         101,
         "area":              1106.060800,
         "num_cells_by_type": {
            "sky130_fd_sc_hd__a211o_2": 1,
            "sky130_fd_sc_hd__a21o_2": 4,
            "sky130_fd_sc_hd__a21oi_2": 3,
            "sky130_fd_sc_hd__a31oi_2": 3,
            "sky130_fd_sc_hd__a32o_2": 1,
            "sky130_fd_sc_hd__and2_2": 3,
            "sky130_fd_sc_hd__and2b_2": 3,
            "sky130_fd_sc_hd__and3_2": 4,
            "sky130_fd_sc_hd__and3b_2": 1,
            "sky130_fd_sc_hd__and4bb_2": 2,
            "sky130_fd_sc_hd__dfxtp_2": 21,
            "sky130_fd_sc_hd__inv_2": 12,
            "sky130_fd_sc_hd__nand2_2": 5,
            "sky130_fd_sc_hd__nand3_2": 3,
            "sky130_fd_sc_hd__nand4_2": 1,
            "sky130_fd_sc_hd__nor2_2": 1,
            "sky130_fd_sc_hd__nor3b_2": 1,
            "sky130_fd_sc_hd__nor4b_2": 1,
            "sky130_fd_sc_hd__o2111a_2": 1,
            "sky130_fd_sc_hd__o211a_2": 9,
            "sky130_fd_sc_hd__o21a_2": 3,
            "sky130_fd_sc_hd__o31a_2": 2,
            "sky130_fd_sc_hd__o41a_2": 2,
            "sky130_fd_sc_hd__or2_2": 10,
            "sky130_fd_sc_hd__or3b_2": 1,
            "sky130_fd_sc_hd__or4_2": 2,
            "sky130_fd_sc_hd__or4b_2": 1
         }
      }
   },
      "design": {
         "num_wires":         83,
         "num_wire_bits":     104,
         "num_pub_wires":     11,
         "num_pub_wire_bits": 32,
         "num_ports":         7,
         "num_port_bits":     28,
         "num_memories":      0,
         "num_memory_bits":   0,
         "num_processes":     0,
         "num_cells":         101,
         "area":              1106.060800,
         "num_cells_by_type": {
            "sky130_fd_sc_hd__a211o_2": 1,
            "sky130_fd_sc_hd__a21o_2": 4,
            "sky130_fd_sc_hd__a21oi_2": 3,
            "sky130_fd_sc_hd__a31oi_2": 3,
            "sky130_fd_sc_hd__a32o_2": 1,
            "sky130_fd_sc_hd__and2_2": 3,
            "sky130_fd_sc_hd__and2b_2": 3,
            "sky130_fd_sc_hd__and3_2": 4,
            "sky130_fd_sc_hd__and3b_2": 1,
            "sky130_fd_sc_hd__and4bb_2": 2,
            "sky130_fd_sc_hd__dfxtp_2": 21,
            "sky130_fd_sc_hd__inv_2": 12,
            "sky130_fd_sc_hd__nand2_2": 5,
            "sky130_fd_sc_hd__nand3_2": 3,
            "sky130_fd_sc_hd__nand4_2": 1,
            "sky130_fd_sc_hd__nor2_2": 1,
            "sky130_fd_sc_hd__nor3b_2": 1,
            "sky130_fd_sc_hd__nor4b_2": 1,
            "sky130_fd_sc_hd__o2111a_2": 1,
            "sky130_fd_sc_hd__o211a_2": 9,
            "sky130_fd_sc_hd__o21a_2": 3,
            "sky130_fd_sc_hd__o31a_2": 2,
            "sky130_fd_sc_hd__o41a_2": 2,
            "sky130_fd_sc_hd__or2_2": 10,
            "sky130_fd_sc_hd__or3b_2": 1,
            "sky130_fd_sc_hd__or4_2": 2,
            "sky130_fd_sc_hd__or4b_2": 1
         }
      }
}

138. Printing statistics.

=== controller ===

   Number of wires:                 83
   Number of wire bits:            104
   Number of public wires:          11
   Number of public wire bits:      32
   Number of ports:                  7
   Number of port bits:             28
   Number of memories:               0
   Number of memory bits:            0
   Number of processes:              0
   Number of cells:                101
     sky130_fd_sc_hd__a211o_2        1
     sky130_fd_sc_hd__a21o_2         4
     sky130_fd_sc_hd__a21oi_2        3
     sky130_fd_sc_hd__a31oi_2        3
     sky130_fd_sc_hd__a32o_2         1
     sky130_fd_sc_hd__and2_2         3
     sky130_fd_sc_hd__and2b_2        3
     sky130_fd_sc_hd__and3_2         4
     sky130_fd_sc_hd__and3b_2        1
     sky130_fd_sc_hd__and4bb_2       2
     sky130_fd_sc_hd__dfxtp_2       21
     sky130_fd_sc_hd__inv_2         12
     sky130_fd_sc_hd__nand2_2        5
     sky130_fd_sc_hd__nand3_2        3
     sky130_fd_sc_hd__nand4_2        1
     sky130_fd_sc_hd__nor2_2         1
     sky130_fd_sc_hd__nor3b_2        1
     sky130_fd_sc_hd__nor4b_2        1
     sky130_fd_sc_hd__o2111a_2       1
     sky130_fd_sc_hd__o211a_2        9
     sky130_fd_sc_hd__o21a_2         3
     sky130_fd_sc_hd__o31a_2         2
     sky130_fd_sc_hd__o41a_2         2
     sky130_fd_sc_hd__or2_2         10
     sky130_fd_sc_hd__or3b_2         1
     sky130_fd_sc_hd__or4_2          2
     sky130_fd_sc_hd__or4b_2         1

   Chip area for module '\controller': 1106.060800
     of which used for sequential elements: 446.678400 (40.38%)

139. Executing Verilog backend.
Dumping module `\controller'.

140. Executing JSON backend.
