Reading timing models for corner nom_tt_025C_1v80…
Reading timing library for the 'nom_tt_025C_1v80' corner at '/usr/local/share/pdk/ciel/sky130/versions/0fe599b2afb6708d281543108caf8310912f54af/sky130A/libs.ref/sky130_fd_sc_hd/lib/sky130_fd_sc_hd__tt_025C_1v80.lib'…
Reading timing models for corner nom_ff_n40C_1v95…
Reading timing library for the 'nom_ff_n40C_1v95' corner at '/usr/local/share/pdk/ciel/sky130/versions/0fe599b2afb6708d281543108caf8310912f54af/sky130A/libs.ref/sky130_fd_sc_hd/lib/sky130_fd_sc_hd__ff_n40C_1v95.lib'…
Reading timing models for corner nom_ss_100C_1v60…
Reading timing library for the 'nom_ss_100C_1v60' corner at '/usr/local/share/pdk/ciel/sky130/versions/0fe599b2afb6708d281543108caf8310912f54af/sky130A/libs.ref/sky130_fd_sc_hd/lib/sky130_fd_sc_hd__ss_100C_1v60.lib'…
Reading OpenROAD database at '/home/dt/Documents/madvlsi/final/schematics/controller/librelane/runs/RUN_2025-12-16_17-02-26/27-openroad-globalplacement/controller.odb'…
Reading design constraints file at '/nix/store/pqxyc4xmydcs5adig47yyc29r3svp5nx-python3-3.11.9-env/lib/python3.11/site-packages/librelane/scripts/base.sdc'…
[INFO] Using clock clk…
[INFO] Setting output delay to: 10
[INFO] Setting input delay to: 10
[INFO] Setting load to: 0.033442
[INFO] Setting clock uncertainty to: 0.25
[INFO] Setting clock transition to: 0.1499999999999999944488848768742172978818416595458984375
[INFO] Setting timing derate to: 5%
[INFO] Setting RC values…
[INFO RSZ-0027] Inserted 2 input buffers.
[INFO RSZ-0028] Inserted 25 output buffers.
[INFO RSZ-0058] Using max wire length 5786um.
Iteration | Resized | Buffers | Nets repaired | Remaining
---------------------------------------------------------
        0 |       0 |       0 |             0 |       131
       10 |       9 |       0 |             0 |       121
       20 |      19 |       0 |             0 |       111
       30 |      29 |       0 |             0 |       101
       40 |      39 |       0 |             0 |        91
       50 |      48 |       0 |             0 |        81
       60 |      56 |       0 |             0 |        71
       70 |      66 |       0 |             0 |        61
       80 |      75 |       2 |             2 |        51
       90 |      76 |       2 |             2 |        41
      100 |      86 |       2 |             2 |        31
      110 |      98 |       6 |             5 |        21
      120 |     108 |       6 |             5 |        11
      130 |     114 |       7 |             6 |         1
    final |     114 |       7 |             6 |         0
---------------------------------------------------------
[INFO RSZ-0034] Found 1 slew violations.
[INFO RSZ-0035] Found 5 fanout violations.
[INFO RSZ-0038] Inserted 7 buffers in 6 nets.
[INFO RSZ-0039] Resized 114 instances.
Placement Analysis
---------------------------------
total displacement        247.6 u
average displacement        1.2 u
max displacement            6.9 u
original HPWL            3080.8 u
legalized HPWL           3209.3 u
delta HPWL                    4 %

[INFO DPL-0020] Mirrored 55 instances
[INFO DPL-0021] HPWL before            3209.3 u
[INFO DPL-0022] HPWL after             3133.7 u
[INFO DPL-0023] HPWL delta               -2.4 %
[INFO] Setting RC values…
Setting global connections for newly added cells…
[INFO] Setting global connections...
Updating metrics…
Cell type report:                       Count       Area
  Fill cell                                20      75.07
  Tap cell                                 60      75.07
  Timing Repair Buffer                     34     165.16
  Inverter                                 12      45.04
  Sequential cell                          21     421.65
  Multi-Input combinational cell           68     518.00
  Total                                   215    1300.00
Writing OpenROAD database to '/home/dt/Documents/madvlsi/final/schematics/controller/librelane/runs/RUN_2025-12-16_17-02-26/31-openroad-repairdesignpostgpl/controller.odb'…
Writing netlist to '/home/dt/Documents/madvlsi/final/schematics/controller/librelane/runs/RUN_2025-12-16_17-02-26/31-openroad-repairdesignpostgpl/controller.nl.v'…
Writing powered netlist to '/home/dt/Documents/madvlsi/final/schematics/controller/librelane/runs/RUN_2025-12-16_17-02-26/31-openroad-repairdesignpostgpl/controller.pnl.v'…
Writing layout to '/home/dt/Documents/madvlsi/final/schematics/controller/librelane/runs/RUN_2025-12-16_17-02-26/31-openroad-repairdesignpostgpl/controller.def'…
Writing timing constraints to '/home/dt/Documents/madvlsi/final/schematics/controller/librelane/runs/RUN_2025-12-16_17-02-26/31-openroad-repairdesignpostgpl/controller.sdc'…
