Reading OpenROAD database at '/home/dt/Documents/madvlsi/final/schematics/controller/librelane/runs/RUN_2025-12-16_17-04-06/41-openroad-repairantennas/1-diodeinsertion/controller.odb'…
Reading library file at '/usr/local/share/pdk/ciel/sky130/versions/0fe599b2afb6708d281543108caf8310912f54af/sky130A/libs.ref/sky130_fd_sc_hd/lib/sky130_fd_sc_hd__tt_025C_1v80.lib'…
Reading design constraints file at '/nix/store/pqxyc4xmydcs5adig47yyc29r3svp5nx-python3-3.11.9-env/lib/python3.11/site-packages/librelane/scripts/base.sdc'…
[INFO] Using clock clk…
[INFO] Setting output delay to: 50
[INFO] Setting input delay to: 50
[INFO] Setting load to: 0.033442
[INFO] Setting clock uncertainty to: 0.25
[INFO] Setting clock transition to: 0.1499999999999999944488848768742172978818416595458984375
[INFO] Setting timing derate to: 5%
[INFO ORD-0030] Using 20 thread(s).
[INFO DRT-0149] Reading tech and libs.
[WARNING DRT-0349] LEF58_ENCLOSURE with no CUTCLASS is not supported. Skipping for layer mcon
[WARNING DRT-0349] LEF58_ENCLOSURE with no CUTCLASS is not supported. Skipping for layer mcon
[WARNING DRT-0349] LEF58_ENCLOSURE with no CUTCLASS is not supported. Skipping for layer via
[WARNING DRT-0349] LEF58_ENCLOSURE with no CUTCLASS is not supported. Skipping for layer via
[WARNING DRT-0349] LEF58_ENCLOSURE with no CUTCLASS is not supported. Skipping for layer via2
[WARNING DRT-0349] LEF58_ENCLOSURE with no CUTCLASS is not supported. Skipping for layer via2
[WARNING DRT-0349] LEF58_ENCLOSURE with no CUTCLASS is not supported. Skipping for layer via3
[WARNING DRT-0349] LEF58_ENCLOSURE with no CUTCLASS is not supported. Skipping for layer via3
[WARNING DRT-0349] LEF58_ENCLOSURE with no CUTCLASS is not supported. Skipping for layer via4
[WARNING DRT-0349] LEF58_ENCLOSURE with no CUTCLASS is not supported. Skipping for layer via4

Units:                1000
Number of layers:     13
Number of macros:     441
Number of vias:       28
Number of viarulegen: 25

[INFO DRT-0150] Reading design.

Design:                   controller
Die area:                 ( 0 0 ) ( 145000 50000 )
Number of track patterns: 12
Number of DEF vias:       0
Number of components:     228
Number of terminals:      30
Number of snets:          2
Number of nets:           150

[INFO DRT-0167] List of default vias:
  Layer via
    default via: M1M2_PR
  Layer via2
    default via: M2M3_PR
  Layer via3
    default via: M3M4_PR
  Layer via4
    default via: M4M5_PR
[INFO DRT-0162] Library cell analysis.
[INFO DRT-0163] Instance analysis.
[INFO DRT-0164] Number of unique instances = 74.
[INFO DRT-0168] Init region query.
[INFO DRT-0024]   Complete FR_MASTERSLICE.
[INFO DRT-0024]   Complete licon.
[INFO DRT-0024]   Complete li1.
[INFO DRT-0024]   Complete mcon.
[INFO DRT-0024]   Complete met1.
[INFO DRT-0024]   Complete via.
[INFO DRT-0024]   Complete met2.
[INFO DRT-0024]   Complete via2.
[INFO DRT-0024]   Complete met3.
[INFO DRT-0024]   Complete via3.
[INFO DRT-0024]   Complete met4.
[INFO DRT-0024]   Complete via4.
[INFO DRT-0024]   Complete met5.
[INFO DRT-0033] FR_MASTERSLICE shape region query size = 0.
[INFO DRT-0033] licon shape region query size = 0.
[INFO DRT-0033] li1 shape region query size = 4844.
[INFO DRT-0033] mcon shape region query size = 0.
[INFO DRT-0033] met1 shape region query size = 646.
[INFO DRT-0033] via shape region query size = 55.
[INFO DRT-0033] met2 shape region query size = 49.
[INFO DRT-0033] via2 shape region query size = 44.
[INFO DRT-0033] met3 shape region query size = 45.
[INFO DRT-0033] via3 shape region query size = 44.
[INFO DRT-0033] met4 shape region query size = 15.
[INFO DRT-0033] via4 shape region query size = 0.
[INFO DRT-0033] met5 shape region query size = 0.
[INFO DRT-0165] Start pin access.
[INFO DRT-0078]   Complete 234 pins.
[INFO DRT-0081]   Complete 68 unique inst patterns.
[INFO DRT-0084]   Complete 99 groups.
#scanned instances     = 228
#unique  instances     = 74
#stdCellGenAp          = 1890
#stdCellValidPlanarAp  = 0
#stdCellValidViaAp     = 1490
#stdCellPinNoAp        = 0
#stdCellPinCnt         = 460
#instTermValidViaApCnt = 0
#macroGenAp            = 0
#macroValidPlanarAp    = 0
#macroValidViaAp       = 0
#macroNoAp             = 0
[INFO DRT-0166] Complete pin access.
[INFO DRT-0267] cpu time = 00:00:05, elapsed time = 00:00:00, memory = 141.09 (MB), peak = 141.09 (MB)

[INFO DRT-0157] Number of guides:     972

[INFO DRT-0169] Post process guides.
[INFO DRT-0176] GCELLGRID X 0 DO 21 STEP 6900 ;
[INFO DRT-0177] GCELLGRID Y 0 DO 7 STEP 6900 ;
[INFO DRT-0028]   Complete FR_MASTERSLICE.
[INFO DRT-0028]   Complete licon.
[INFO DRT-0028]   Complete li1.
[INFO DRT-0028]   Complete mcon.
[INFO DRT-0028]   Complete met1.
[INFO DRT-0028]   Complete via.
[INFO DRT-0028]   Complete met2.
[INFO DRT-0028]   Complete via2.
[INFO DRT-0028]   Complete met3.
[INFO DRT-0028]   Complete via3.
[INFO DRT-0028]   Complete met4.
[INFO DRT-0028]   Complete via4.
[INFO DRT-0028]   Complete met5.
[INFO DRT-0178] Init guide query.
[INFO DRT-0035]   Complete FR_MASTERSLICE (guide).
[INFO DRT-0035]   Complete licon (guide).
[INFO DRT-0035]   Complete li1 (guide).
[INFO DRT-0035]   Complete mcon (guide).
[INFO DRT-0035]   Complete met1 (guide).
[INFO DRT-0035]   Complete via (guide).
[INFO DRT-0035]   Complete met2 (guide).
[INFO DRT-0035]   Complete via2 (guide).
[INFO DRT-0035]   Complete met3 (guide).
[INFO DRT-0035]   Complete via3 (guide).
[INFO DRT-0035]   Complete met4 (guide).
[INFO DRT-0035]   Complete via4 (guide).
[INFO DRT-0035]   Complete met5 (guide).
[INFO DRT-0036] FR_MASTERSLICE guide region query size = 0.
[INFO DRT-0036] licon guide region query size = 0.
[INFO DRT-0036] li1 guide region query size = 374.
[INFO DRT-0036] mcon guide region query size = 0.
[INFO DRT-0036] met1 guide region query size = 268.
[INFO DRT-0036] via guide region query size = 0.
[INFO DRT-0036] met2 guide region query size = 128.
[INFO DRT-0036] via2 guide region query size = 0.
[INFO DRT-0036] met3 guide region query size = 16.
[INFO DRT-0036] via3 guide region query size = 0.
[INFO DRT-0036] met4 guide region query size = 0.
[INFO DRT-0036] via4 guide region query size = 0.
[INFO DRT-0036] met5 guide region query size = 0.
[INFO DRT-0179] Init gr pin query.
[INFO DRT-0245] skipped writing guide updates to database.
[INFO DRT-0185] Post process initialize RPin region query.
[INFO DRT-0181] Start track assignment.
[INFO DRT-0184] Done with 502 vertical wires in 1 frboxes and 284 horizontal wires in 1 frboxes.
[INFO DRT-0186] Done with 18 vertical wires in 1 frboxes and 87 horizontal wires in 1 frboxes.
[INFO DRT-0182] Complete track assignment.
[INFO DRT-0267] cpu time = 00:00:00, elapsed time = 00:00:00, memory = 142.84 (MB), peak = 142.84 (MB)
[INFO DRT-0187] Start routing data preparation.
[INFO DRT-0267] cpu time = 00:00:00, elapsed time = 00:00:00, memory = 142.84 (MB), peak = 142.84 (MB)
[INFO DRT-0194] Start detail routing.
[INFO DRT-0195] Start 0th optimization iteration.
    Completing 10% with 0 violations.
    elapsed time = 00:00:00, memory = 157.16 (MB).
    Completing 20% with 0 violations.
    elapsed time = 00:00:00, memory = 151.63 (MB).
    Completing 30% with 21 violations.
    elapsed time = 00:00:00, memory = 159.95 (MB).
[INFO DRT-0199]   Number of violations = 99.
Viol/Layer        met1   met2   met3
Metal Spacing       16      1      5
Recheck             18      3      0
Short               56      0      0
[INFO DRT-0267] cpu time = 00:00:01, elapsed time = 00:00:01, memory = 512.14 (MB), peak = 512.14 (MB)
Total wire length = 3699 um.
Total wire length on LAYER li1 = 0 um.
Total wire length on LAYER met1 = 2268 um.
Total wire length on LAYER met2 = 1159 um.
Total wire length on LAYER met3 = 271 um.
Total wire length on LAYER met4 = 0 um.
Total wire length on LAYER met5 = 0 um.
Total number of vias = 920.
Up-via summary (total 920):

----------------------
 FR_MASTERSLICE      0
            li1    460
           met1    438
           met2     22
           met3      0
           met4      0
----------------------
                   920


[INFO DRT-0195] Start 1st optimization iteration.
    Completing 10% with 99 violations.
    elapsed time = 00:00:00, memory = 521.48 (MB).
    Completing 20% with 99 violations.
    elapsed time = 00:00:00, memory = 526.38 (MB).
    Completing 30% with 81 violations.
    elapsed time = 00:00:00, memory = 529.21 (MB).
    Completing 40% with 81 violations.
    elapsed time = 00:00:00, memory = 529.98 (MB).
    Completing 50% with 81 violations.
    elapsed time = 00:00:00, memory = 531.77 (MB).
    Completing 60% with 81 violations.
    elapsed time = 00:00:00, memory = 531.77 (MB).
    Completing 70% with 24 violations.
    elapsed time = 00:00:00, memory = 259.31 (MB).
    Completing 80% with 24 violations.
    elapsed time = 00:00:00, memory = 259.31 (MB).
[INFO DRT-0199]   Number of violations = 21.
Viol/Layer        met1   met2   met3
Metal Spacing       11      1      5
Short                4      0      0
[INFO DRT-0267] cpu time = 00:00:01, elapsed time = 00:00:01, memory = 531.26 (MB), peak = 531.77 (MB)
Total wire length = 3681 um.
Total wire length on LAYER li1 = 0 um.
Total wire length on LAYER met1 = 2270 um.
Total wire length on LAYER met2 = 1150 um.
Total wire length on LAYER met3 = 260 um.
Total wire length on LAYER met4 = 0 um.
Total wire length on LAYER met5 = 0 um.
Total number of vias = 916.
Up-via summary (total 916):

----------------------
 FR_MASTERSLICE      0
            li1    460
           met1    437
           met2     19
           met3      0
           met4      0
----------------------
                   916


[INFO DRT-0195] Start 2nd optimization iteration.
    Completing 10% with 21 violations.
    elapsed time = 00:00:00, memory = 531.26 (MB).
    Completing 20% with 21 violations.
    elapsed time = 00:00:00, memory = 531.26 (MB).
    Completing 30% with 21 violations.
    elapsed time = 00:00:00, memory = 531.26 (MB).
    Completing 40% with 21 violations.
    elapsed time = 00:00:00, memory = 549.55 (MB).
    Completing 50% with 22 violations.
    elapsed time = 00:00:00, memory = 549.55 (MB).
    Completing 60% with 22 violations.
    elapsed time = 00:00:00, memory = 549.55 (MB).
    Completing 70% with 20 violations.
    elapsed time = 00:00:00, memory = 284.00 (MB).
    Completing 80% with 20 violations.
    elapsed time = 00:00:00, memory = 284.00 (MB).
[INFO DRT-0199]   Number of violations = 28.
Viol/Layer        met1   met3
Metal Spacing        3      4
Short               21      0
[INFO DRT-0267] cpu time = 00:00:00, elapsed time = 00:00:00, memory = 555.67 (MB), peak = 555.67 (MB)
Total wire length = 3662 um.
Total wire length on LAYER li1 = 0 um.
Total wire length on LAYER met1 = 2257 um.
Total wire length on LAYER met2 = 1147 um.
Total wire length on LAYER met3 = 256 um.
Total wire length on LAYER met4 = 0 um.
Total wire length on LAYER met5 = 0 um.
Total number of vias = 926.
Up-via summary (total 926):

----------------------
 FR_MASTERSLICE      0
            li1    460
           met1    446
           met2     20
           met3      0
           met4      0
----------------------
                   926


[INFO DRT-0195] Start 3rd optimization iteration.
    Completing 10% with 28 violations.
    elapsed time = 00:00:00, memory = 555.67 (MB).
    Completing 20% with 28 violations.
    elapsed time = 00:00:00, memory = 555.67 (MB).
    Completing 30% with 24 violations.
    elapsed time = 00:00:00, memory = 556.70 (MB).
[INFO DRT-0199]   Number of violations = 5.
Viol/Layer        met1
Short                5
[INFO DRT-0267] cpu time = 00:00:00, elapsed time = 00:00:00, memory = 556.70 (MB), peak = 556.70 (MB)
Total wire length = 3661 um.
Total wire length on LAYER li1 = 0 um.
Total wire length on LAYER met1 = 2171 um.
Total wire length on LAYER met2 = 1148 um.
Total wire length on LAYER met3 = 341 um.
Total wire length on LAYER met4 = 0 um.
Total wire length on LAYER met5 = 0 um.
Total number of vias = 942.
Up-via summary (total 942):

----------------------
 FR_MASTERSLICE      0
            li1    460
           met1    450
           met2     32
           met3      0
           met4      0
----------------------
                   942


[INFO DRT-0195] Start 4th optimization iteration.
    Completing 10% with 5 violations.
    elapsed time = 00:00:00, memory = 556.70 (MB).
    Completing 20% with 5 violations.
    elapsed time = 00:00:00, memory = 556.70 (MB).
    Completing 30% with 5 violations.
    elapsed time = 00:00:00, memory = 556.70 (MB).
    Completing 40% with 5 violations.
    elapsed time = 00:00:00, memory = 556.70 (MB).
    Completing 50% with 5 violations.
    elapsed time = 00:00:00, memory = 556.70 (MB).
    Completing 60% with 5 violations.
    elapsed time = 00:00:00, memory = 556.70 (MB).
    Completing 70% with 5 violations.
    elapsed time = 00:00:00, memory = 281.01 (MB).
    Completing 80% with 5 violations.
    elapsed time = 00:00:00, memory = 281.01 (MB).
[INFO DRT-0199]   Number of violations = 5.
Viol/Layer        met1   met2
Metal Spacing        2      1
Short                2      0
[INFO DRT-0267] cpu time = 00:00:00, elapsed time = 00:00:00, memory = 555.93 (MB), peak = 556.70 (MB)
Total wire length = 3657 um.
Total wire length on LAYER li1 = 0 um.
Total wire length on LAYER met1 = 2169 um.
Total wire length on LAYER met2 = 1146 um.
Total wire length on LAYER met3 = 341 um.
Total wire length on LAYER met4 = 0 um.
Total wire length on LAYER met5 = 0 um.
Total number of vias = 940.
Up-via summary (total 940):

----------------------
 FR_MASTERSLICE      0
            li1    460
           met1    448
           met2     32
           met3      0
           met4      0
----------------------
                   940


[INFO DRT-0195] Start 5th optimization iteration.
    Completing 10% with 5 violations.
    elapsed time = 00:00:00, memory = 555.93 (MB).
    Completing 20% with 5 violations.
    elapsed time = 00:00:00, memory = 568.10 (MB).
    Completing 30% with 2 violations.
    elapsed time = 00:00:00, memory = 568.10 (MB).
    Completing 40% with 2 violations.
    elapsed time = 00:00:00, memory = 568.10 (MB).
    Completing 50% with 2 violations.
    elapsed time = 00:00:00, memory = 568.10 (MB).
    Completing 60% with 2 violations.
    elapsed time = 00:00:00, memory = 568.10 (MB).
    Completing 70% with 2 violations.
    elapsed time = 00:00:00, memory = 295.32 (MB).
    Completing 80% with 2 violations.
    elapsed time = 00:00:00, memory = 295.32 (MB).
[INFO DRT-0199]   Number of violations = 2.
Viol/Layer        met1
Short                2
[INFO DRT-0267] cpu time = 00:00:00, elapsed time = 00:00:00, memory = 568.10 (MB), peak = 568.10 (MB)
Total wire length = 3657 um.
Total wire length on LAYER li1 = 0 um.
Total wire length on LAYER met1 = 2170 um.
Total wire length on LAYER met2 = 1145 um.
Total wire length on LAYER met3 = 341 um.
Total wire length on LAYER met4 = 0 um.
Total wire length on LAYER met5 = 0 um.
Total number of vias = 939.
Up-via summary (total 939):

----------------------
 FR_MASTERSLICE      0
            li1    460
           met1    447
           met2     32
           met3      0
           met4      0
----------------------
                   939


[INFO DRT-0195] Start 6th optimization iteration.
    Completing 10% with 2 violations.
    elapsed time = 00:00:00, memory = 568.10 (MB).
    Completing 20% with 2 violations.
    elapsed time = 00:00:00, memory = 568.10 (MB).
    Completing 30% with 2 violations.
    elapsed time = 00:00:00, memory = 568.10 (MB).
    Completing 40% with 2 violations.
    elapsed time = 00:00:00, memory = 571.19 (MB).
    Completing 50% with 0 violations.
    elapsed time = 00:00:00, memory = 571.19 (MB).
    Completing 60% with 0 violations.
    elapsed time = 00:00:00, memory = 571.19 (MB).
    Completing 70% with 0 violations.
    elapsed time = 00:00:00, memory = 510.20 (MB).
    Completing 80% with 0 violations.
    elapsed time = 00:00:00, memory = 510.20 (MB).
[INFO DRT-0199]   Number of violations = 0.
[INFO DRT-0267] cpu time = 00:00:00, elapsed time = 00:00:00, memory = 571.02 (MB), peak = 571.19 (MB)
Total wire length = 3663 um.
Total wire length on LAYER li1 = 0 um.
Total wire length on LAYER met1 = 2169 um.
Total wire length on LAYER met2 = 1151 um.
Total wire length on LAYER met3 = 342 um.
Total wire length on LAYER met4 = 0 um.
Total wire length on LAYER met5 = 0 um.
Total number of vias = 943.
Up-via summary (total 943):

----------------------
 FR_MASTERSLICE      0
            li1    460
           met1    450
           met2     33
           met3      0
           met4      0
----------------------
                   943


[INFO DRT-0198] Complete detail routing.
Total wire length = 3663 um.
Total wire length on LAYER li1 = 0 um.
Total wire length on LAYER met1 = 2169 um.
Total wire length on LAYER met2 = 1151 um.
Total wire length on LAYER met3 = 342 um.
Total wire length on LAYER met4 = 0 um.
Total wire length on LAYER met5 = 0 um.
Total number of vias = 943.
Up-via summary (total 943):

----------------------
 FR_MASTERSLICE      0
            li1    460
           met1    450
           met2     33
           met3      0
           met4      0
----------------------
                   943


[INFO DRT-0267] cpu time = 00:00:04, elapsed time = 00:00:04, memory = 571.02 (MB), peak = 571.19 (MB)

[INFO DRT-0180] Post processing.
Setting global connections for newly added cells…
[INFO] Setting global connections...
Updating metrics…
Cell type report:                       Count       Area
  Fill cell                                20      75.07
  Tap cell                                 60      75.07
  Clock buffer                              3      75.07
  Timing Repair Buffer                     43     248.99
  Inverter                                 11      41.29
  Clock inverter                            2      11.26
  Sequential cell                          21     421.65
  Multi-Input combinational cell           68     518.00
  Total                                   228    1466.41
Writing OpenROAD database to '/home/dt/Documents/madvlsi/final/schematics/controller/librelane/runs/RUN_2025-12-16_17-04-06/43-openroad-detailedrouting/controller.odb'…
Writing netlist to '/home/dt/Documents/madvlsi/final/schematics/controller/librelane/runs/RUN_2025-12-16_17-04-06/43-openroad-detailedrouting/controller.nl.v'…
Writing powered netlist to '/home/dt/Documents/madvlsi/final/schematics/controller/librelane/runs/RUN_2025-12-16_17-04-06/43-openroad-detailedrouting/controller.pnl.v'…
Writing layout to '/home/dt/Documents/madvlsi/final/schematics/controller/librelane/runs/RUN_2025-12-16_17-04-06/43-openroad-detailedrouting/controller.def'…
Writing timing constraints to '/home/dt/Documents/madvlsi/final/schematics/controller/librelane/runs/RUN_2025-12-16_17-04-06/43-openroad-detailedrouting/controller.sdc'…
