Clock: clk
Sources: clk 
Generated: no
Virtual: no
Propagated: no
Period: 250.000000

===========================================================================
report_clock_properties
============================================================================
Clock                   Period          Waveform
----------------------------------------------------
clk                 250.000000    0.000000125.000000

===========================================================================
report_clock_latency
============================================================================
Clock clk
rise -> rise
    min     max
0.000000 0.000000 source latency
0.134472         network latency _153_/CLK
        0.134472 network latency _153_/CLK
---------------
0.134472 0.134472 latency
        0.000000 skew

rise -> fall
    min     max
0.000000 0.000000 source latency
0.168674         network latency _152_/CLK
        0.168674 network latency _152_/CLK
---------------
0.168674 0.168674 latency
        0.000000 skew

fall -> rise
    min     max
0.000000 0.000000 source latency
0.110504         network latency _152_/CLK
        0.110504 network latency _152_/CLK
---------------
0.110504 0.110504 latency
        0.000000 skew

fall -> fall
    min     max
0.000000 0.000000 source latency
0.061021         network latency _153_/CLK
        0.061021 network latency _153_/CLK
---------------
0.061021 0.061021 latency
        0.000000 skew



===========================================================================
report_clock_min_period
============================================================================
clk period_min = 1.95 fmax = 513.72
