
===========================================================================
report_checks -unconstrained
===========================================================================
======================= nom_ff_n40C_1v95 Corner ===================================

Startpoint: _152_ (rising edge-triggered flip-flop clocked by clk')
Endpoint: comparator_clk (output port clocked by clk)
Path Group: clk
Path Type: max

Fanout         Cap        Slew       Delay        Time   Description
---------------------------------------------------------------------------------------------
                      0.150000  250.000000  250.000000   clock clk' (rise edge)
                                  0.000000  250.000000   clock network delay (ideal)
                      0.150000    0.000000  250.000000 ^ _152_/CLK (sky130_fd_sc_hd__dfxtp_2)
    12    0.061417    0.235802    0.367720  250.367722 ^ _152_/Q (sky130_fd_sc_hd__dfxtp_2)
                                                         comparator_clk (net)
                      0.235802    0.000000  250.367722 ^ comparator_clk (out)
                                            250.367722   data arrival time

                      0.150000  500.000000  500.000000   clock clk (rise edge)
                                  0.000000  500.000000   clock network delay (ideal)
                                 -0.250000  499.750031   clock uncertainty
                                  0.000000  499.750031   clock reconvergence pessimism
                               -100.000000  399.750031   output external delay
                                            399.750031   data required time
---------------------------------------------------------------------------------------------
                                            399.750031   data required time
                                           -250.367722   data arrival time
---------------------------------------------------------------------------------------------
                                            149.382294   slack (MET)




===========================================================================
report_checks --slack_max -0.01
============================================================================
======================= nom_ff_n40C_1v95 Corner ===================================

No paths found.


===========================================================================
 report_check_types -max_slew -max_cap -max_fanout -violators
============================================================================
======================= nom_ff_n40C_1v95 Corner ===================================

max fanout

Pin                                   Limit Fanout  Slack
---------------------------------------------------------
_170_/Q                                  10     15     -5 (VIOLATED)
_169_/Q                                  10     13     -3 (VIOLATED)
_172_/Q                                  10     12     -2 (VIOLATED)
rst_n                                    10     11        (VIOLATED)
_152_/Q                                  10     11        (VIOLATED)



===========================================================================
report_parasitic_annotation -report_unannotated
============================================================================
Found 104 unannotated drivers.
 clk
 comp
 rst_n
 _072_/Y
 _073_/Y
 _074_/Y
 _075_/Y
 _076_/Y
 _077_/Y
 _078_/Y
 _079_/Y
 _080_/Y
 _081_/Y
 _082_/Y
 _083_/Y
 _084_/X
 _085_/Y
 _086_/X
 _087_/X
 _088_/X
 _089_/X
 _090_/X
 _091_/X
 _092_/X
 _093_/X
 _094_/X
 _095_/X
 _096_/X
 _097_/X
 _098_/X
 _099_/X
 _100_/X
 _101_/X
 _102_/X
 _103_/X
 _104_/Y
 _105_/Y
 _106_/X
 _107_/Y
 _108_/X
 _109_/Y
 _110_/X
 _111_/X
 _112_/X
 _113_/X
 _114_/X
 _115_/X
 _116_/X
 _117_/X
 _118_/X
 _119_/Y
 _120_/Y
 _121_/X
 _122_/Y
 _123_/X
 _124_/X
 _125_/X
 _126_/Y
 _127_/Y
 _128_/X
 _129_/X
 _130_/X
 _131_/Y
 _132_/X
 _133_/Y
 _134_/X
 _135_/X
 _136_/Y
 _137_/Y
 _138_/X
 _139_/X
 _140_/X
 _141_/X
 _142_/Y
 _143_/X
 _144_/X
 _145_/X
 _146_/X
 _147_/X
 _148_/Y
 _149_/X
 _150_/Y
 _151_/Y
 _152_/Q
 _153_/Q
 _154_/Q
 _155_/Q
 _156_/Q
 _157_/Q
 _158_/Q
 _159_/Q
 _160_/Q
 _161_/Q
 _162_/Q
 _163_/Q
 _164_/Q
 _165_/Q
 _166_/Q
 _167_/Q
 _168_/Q
 _169_/Q
 _170_/Q
 _171_/Q
 _172_/Q
Found 0 partially unannotated drivers.

===========================================================================
max slew violation count 0
max fanout violation count 5
max cap violation count 0
============================================================================

===========================================================================
check_setup -verbose -unconstrained_endpoints -multiple_clock -no_clock -no_input_delay -loops -generated_clocks
===========================================================================
