
===========================================================================
report_checks -path_delay min (Hold)
============================================================================
======================= nom_ff_n40C_1v95 Corner ===================================

Startpoint: _172_ (rising edge-triggered flip-flop clocked by clk)
Endpoint: _172_ (rising edge-triggered flip-flop clocked by clk)
Path Group: clk
Path Type: min

Fanout         Cap        Slew       Delay        Time   Description
---------------------------------------------------------------------------------------------
                      0.150000    0.000000    0.000000   clock clk (rise edge)
                                  0.000000    0.000000   clock network delay (ideal)
                      0.150000    0.000000    0.000000 ^ _172_/CLK (sky130_fd_sc_hd__dfxtp_2)
    12    0.025627    0.050779    0.254437    0.254437 v _172_/Q (sky130_fd_sc_hd__dfxtp_2)
                                                         count[3] (net)
                      0.050779    0.000000    0.254437 v _150_/A (sky130_fd_sc_hd__nand2_2)
     1    0.005062    0.031642    0.046862    0.301299 ^ _150_/Y (sky130_fd_sc_hd__nand2_2)
                                                         _045_ (net)
                      0.031642    0.000000    0.301299 ^ _151_/A2 (sky130_fd_sc_hd__a21oi_2)
     1    0.001783    0.017054    0.025481    0.326780 v _151_/Y (sky130_fd_sc_hd__a21oi_2)
                                                         _021_ (net)
                      0.017054    0.000000    0.326780 v _172_/D (sky130_fd_sc_hd__dfxtp_2)
                                              0.326780   data arrival time

                      0.150000    0.000000    0.000000   clock clk (rise edge)
                                  0.000000    0.000000   clock network delay (ideal)
                                  0.250000    0.250000   clock uncertainty
                                  0.000000    0.250000   clock reconvergence pessimism
                                              0.250000 ^ _172_/CLK (sky130_fd_sc_hd__dfxtp_2)
                                 -0.018315    0.231685   library hold time
                                              0.231685   data required time
---------------------------------------------------------------------------------------------
                                              0.231685   data required time
                                             -0.326780   data arrival time
---------------------------------------------------------------------------------------------
                                              0.095095   slack (MET)


Startpoint: _162_ (rising edge-triggered flip-flop clocked by clk)
Endpoint: _154_ (rising edge-triggered flip-flop clocked by clk)
Path Group: clk
Path Type: min

Fanout         Cap        Slew       Delay        Time   Description
---------------------------------------------------------------------------------------------
                      0.150000    0.000000    0.000000   clock clk (rise edge)
                                  0.000000    0.000000   clock network delay (ideal)
                      0.150000    0.000000    0.000000 ^ _162_/CLK (sky130_fd_sc_hd__dfxtp_2)
     3    0.040657    0.158710    0.314643    0.314643 ^ _162_/Q (sky130_fd_sc_hd__dfxtp_2)
                                                         dac_in[1] (net)
                      0.158710    0.000000    0.314643 ^ _090_/A1 (sky130_fd_sc_hd__o211a_2)
     1    0.001748    0.022367    0.107526    0.422169 ^ _090_/X (sky130_fd_sc_hd__o211a_2)
                                                         _003_ (net)
                      0.022367    0.000000    0.422169 ^ _154_/D (sky130_fd_sc_hd__dfxtp_2)
                                              0.422169   data arrival time

                      0.150000    0.000000    0.000000   clock clk (rise edge)
                                  0.000000    0.000000   clock network delay (ideal)
                                  0.250000    0.250000   clock uncertainty
                                  0.000000    0.250000   clock reconvergence pessimism
                                              0.250000 ^ _154_/CLK (sky130_fd_sc_hd__dfxtp_2)
                                 -0.013860    0.236140   library hold time
                                              0.236140   data required time
---------------------------------------------------------------------------------------------
                                              0.236140   data required time
                                             -0.422169   data arrival time
---------------------------------------------------------------------------------------------
                                              0.186028   slack (MET)


Startpoint: _164_ (rising edge-triggered flip-flop clocked by clk)
Endpoint: _156_ (rising edge-triggered flip-flop clocked by clk)
Path Group: clk
Path Type: min

Fanout         Cap        Slew       Delay        Time   Description
---------------------------------------------------------------------------------------------
                      0.150000    0.000000    0.000000   clock clk (rise edge)
                                  0.000000    0.000000   clock network delay (ideal)
                      0.150000    0.000000    0.000000 ^ _164_/CLK (sky130_fd_sc_hd__dfxtp_2)
     3    0.040657    0.158710    0.314643    0.314643 ^ _164_/Q (sky130_fd_sc_hd__dfxtp_2)
                                                         dac_in[3] (net)
                      0.158710    0.000000    0.314643 ^ _094_/A1 (sky130_fd_sc_hd__o211a_2)
     1    0.001748    0.022367    0.107526    0.422169 ^ _094_/X (sky130_fd_sc_hd__o211a_2)
                                                         _005_ (net)
                      0.022367    0.000000    0.422169 ^ _156_/D (sky130_fd_sc_hd__dfxtp_2)
                                              0.422169   data arrival time

                      0.150000    0.000000    0.000000   clock clk (rise edge)
                                  0.000000    0.000000   clock network delay (ideal)
                                  0.250000    0.250000   clock uncertainty
                                  0.000000    0.250000   clock reconvergence pessimism
                                              0.250000 ^ _156_/CLK (sky130_fd_sc_hd__dfxtp_2)
                                 -0.013860    0.236140   library hold time
                                              0.236140   data required time
---------------------------------------------------------------------------------------------
                                              0.236140   data required time
                                             -0.422169   data arrival time
---------------------------------------------------------------------------------------------
                                              0.186028   slack (MET)


Startpoint: _165_ (rising edge-triggered flip-flop clocked by clk)
Endpoint: _157_ (rising edge-triggered flip-flop clocked by clk)
Path Group: clk
Path Type: min

Fanout         Cap        Slew       Delay        Time   Description
---------------------------------------------------------------------------------------------
                      0.150000    0.000000    0.000000   clock clk (rise edge)
                                  0.000000    0.000000   clock network delay (ideal)
                      0.150000    0.000000    0.000000 ^ _165_/CLK (sky130_fd_sc_hd__dfxtp_2)
     3    0.040657    0.158710    0.314643    0.314643 ^ _165_/Q (sky130_fd_sc_hd__dfxtp_2)
                                                         dac_in[4] (net)
                      0.158710    0.000000    0.314643 ^ _096_/A1 (sky130_fd_sc_hd__o211a_2)
     1    0.001748    0.022367    0.107526    0.422169 ^ _096_/X (sky130_fd_sc_hd__o211a_2)
                                                         _006_ (net)
                      0.022367    0.000000    0.422169 ^ _157_/D (sky130_fd_sc_hd__dfxtp_2)
                                              0.422169   data arrival time

                      0.150000    0.000000    0.000000   clock clk (rise edge)
                                  0.000000    0.000000   clock network delay (ideal)
                                  0.250000    0.250000   clock uncertainty
                                  0.000000    0.250000   clock reconvergence pessimism
                                              0.250000 ^ _157_/CLK (sky130_fd_sc_hd__dfxtp_2)
                                 -0.013860    0.236140   library hold time
                                              0.236140   data required time
---------------------------------------------------------------------------------------------
                                              0.236140   data required time
                                             -0.422169   data arrival time
---------------------------------------------------------------------------------------------
                                              0.186028   slack (MET)


Startpoint: _166_ (rising edge-triggered flip-flop clocked by clk)
Endpoint: _158_ (rising edge-triggered flip-flop clocked by clk)
Path Group: clk
Path Type: min

Fanout         Cap        Slew       Delay        Time   Description
---------------------------------------------------------------------------------------------
                      0.150000    0.000000    0.000000   clock clk (rise edge)
                                  0.000000    0.000000   clock network delay (ideal)
                      0.150000    0.000000    0.000000 ^ _166_/CLK (sky130_fd_sc_hd__dfxtp_2)
     3    0.040657    0.158710    0.314643    0.314643 ^ _166_/Q (sky130_fd_sc_hd__dfxtp_2)
                                                         dac_in[5] (net)
                      0.158710    0.000000    0.314643 ^ _098_/A1 (sky130_fd_sc_hd__o211a_2)
     1    0.001748    0.022367    0.107526    0.422169 ^ _098_/X (sky130_fd_sc_hd__o211a_2)
                                                         _007_ (net)
                      0.022367    0.000000    0.422169 ^ _158_/D (sky130_fd_sc_hd__dfxtp_2)
                                              0.422169   data arrival time

                      0.150000    0.000000    0.000000   clock clk (rise edge)
                                  0.000000    0.000000   clock network delay (ideal)
                                  0.250000    0.250000   clock uncertainty
                                  0.000000    0.250000   clock reconvergence pessimism
                                              0.250000 ^ _158_/CLK (sky130_fd_sc_hd__dfxtp_2)
                                 -0.013860    0.236140   library hold time
                                              0.236140   data required time
---------------------------------------------------------------------------------------------
                                              0.236140   data required time
                                             -0.422169   data arrival time
---------------------------------------------------------------------------------------------
                                              0.186028   slack (MET)


Startpoint: _168_ (rising edge-triggered flip-flop clocked by clk)
Endpoint: _160_ (rising edge-triggered flip-flop clocked by clk)
Path Group: clk
Path Type: min

Fanout         Cap        Slew       Delay        Time   Description
---------------------------------------------------------------------------------------------
                      0.150000    0.000000    0.000000   clock clk (rise edge)
                                  0.000000    0.000000   clock network delay (ideal)
                      0.150000    0.000000    0.000000 ^ _168_/CLK (sky130_fd_sc_hd__dfxtp_2)
     3    0.040657    0.158710    0.314643    0.314643 ^ _168_/Q (sky130_fd_sc_hd__dfxtp_2)
                                                         dac_in[7] (net)
                      0.158710    0.000000    0.314643 ^ _102_/A1 (sky130_fd_sc_hd__o211a_2)
     1    0.001748    0.022367    0.107526    0.422169 ^ _102_/X (sky130_fd_sc_hd__o211a_2)
                                                         _009_ (net)
                      0.022367    0.000000    0.422169 ^ _160_/D (sky130_fd_sc_hd__dfxtp_2)
                                              0.422169   data arrival time

                      0.150000    0.000000    0.000000   clock clk (rise edge)
                                  0.000000    0.000000   clock network delay (ideal)
                                  0.250000    0.250000   clock uncertainty
                                  0.000000    0.250000   clock reconvergence pessimism
                                              0.250000 ^ _160_/CLK (sky130_fd_sc_hd__dfxtp_2)
                                 -0.013860    0.236140   library hold time
                                              0.236140   data required time
---------------------------------------------------------------------------------------------
                                              0.236140   data required time
                                             -0.422169   data arrival time
---------------------------------------------------------------------------------------------
                                              0.186028   slack (MET)


Startpoint: _172_ (rising edge-triggered flip-flop clocked by clk)
Endpoint: _162_ (rising edge-triggered flip-flop clocked by clk)
Path Group: clk
Path Type: min

Fanout         Cap        Slew       Delay        Time   Description
---------------------------------------------------------------------------------------------
                      0.150000    0.000000    0.000000   clock clk (rise edge)
                                  0.000000    0.000000   clock network delay (ideal)
                      0.150000    0.000000    0.000000 ^ _172_/CLK (sky130_fd_sc_hd__dfxtp_2)
    12    0.028016    0.112131    0.282169    0.282169 ^ _172_/Q (sky130_fd_sc_hd__dfxtp_2)
                                                         count[3] (net)
                      0.112131    0.000000    0.282169 ^ _118_/A (sky130_fd_sc_hd__or4_2)
     1    0.004517    0.026706    0.096408    0.378577 ^ _118_/X (sky130_fd_sc_hd__or4_2)
                                                         _023_ (net)
                      0.026706    0.000000    0.378577 ^ _120_/A2 (sky130_fd_sc_hd__a31oi_2)
     1    0.001783    0.022210    0.037812    0.416389 v _120_/Y (sky130_fd_sc_hd__a31oi_2)
                                                         _011_ (net)
                      0.022210    0.000000    0.416389 v _162_/D (sky130_fd_sc_hd__dfxtp_2)
                                              0.416389   data arrival time

                      0.150000    0.000000    0.000000   clock clk (rise edge)
                                  0.000000    0.000000   clock network delay (ideal)
                                  0.250000    0.250000   clock uncertainty
                                  0.000000    0.250000   clock reconvergence pessimism
                                              0.250000 ^ _162_/CLK (sky130_fd_sc_hd__dfxtp_2)
                                 -0.020033    0.229967   library hold time
                                              0.229967   data required time
---------------------------------------------------------------------------------------------
                                              0.229967   data required time
                                             -0.416389   data arrival time
---------------------------------------------------------------------------------------------
                                              0.186422   slack (MET)


Startpoint: _172_ (rising edge-triggered flip-flop clocked by clk)
Endpoint: _166_ (rising edge-triggered flip-flop clocked by clk)
Path Group: clk
Path Type: min

Fanout         Cap        Slew       Delay        Time   Description
---------------------------------------------------------------------------------------------
                      0.150000    0.000000    0.000000   clock clk (rise edge)
                                  0.000000    0.000000   clock network delay (ideal)
                      0.150000    0.000000    0.000000 ^ _172_/CLK (sky130_fd_sc_hd__dfxtp_2)
    12    0.028016    0.112131    0.282169    0.282169 ^ _172_/Q (sky130_fd_sc_hd__dfxtp_2)
                                                         count[3] (net)
                      0.112131    0.000000    0.282169 ^ _135_/A (sky130_fd_sc_hd__or4_2)
     1    0.004517    0.026706    0.096408    0.378577 ^ _135_/X (sky130_fd_sc_hd__or4_2)
                                                         _036_ (net)
                      0.026706    0.000000    0.378577 ^ _137_/A2 (sky130_fd_sc_hd__a31oi_2)
     1    0.001783    0.022210    0.037812    0.416389 v _137_/Y (sky130_fd_sc_hd__a31oi_2)
                                                         _015_ (net)
                      0.022210    0.000000    0.416389 v _166_/D (sky130_fd_sc_hd__dfxtp_2)
                                              0.416389   data arrival time

                      0.150000    0.000000    0.000000   clock clk (rise edge)
                                  0.000000    0.000000   clock network delay (ideal)
                                  0.250000    0.250000   clock uncertainty
                                  0.000000    0.250000   clock reconvergence pessimism
                                              0.250000 ^ _166_/CLK (sky130_fd_sc_hd__dfxtp_2)
                                 -0.020033    0.229967   library hold time
                                              0.229967   data required time
---------------------------------------------------------------------------------------------
                                              0.229967   data required time
                                             -0.416389   data arrival time
---------------------------------------------------------------------------------------------
                                              0.186422   slack (MET)


Startpoint: _163_ (rising edge-triggered flip-flop clocked by clk)
Endpoint: _155_ (rising edge-triggered flip-flop clocked by clk)
Path Group: clk
Path Type: min

Fanout         Cap        Slew       Delay        Time   Description
---------------------------------------------------------------------------------------------
                      0.150000    0.000000    0.000000   clock clk (rise edge)
                                  0.000000    0.000000   clock network delay (ideal)
                      0.150000    0.000000    0.000000 ^ _163_/CLK (sky130_fd_sc_hd__dfxtp_2)
     4    0.043170    0.167970    0.321099    0.321099 ^ _163_/Q (sky130_fd_sc_hd__dfxtp_2)
                                                         dac_in[2] (net)
                      0.167970    0.000000    0.321099 ^ _092_/A1 (sky130_fd_sc_hd__o211a_2)
     1    0.001748    0.022367    0.108153    0.429252 ^ _092_/X (sky130_fd_sc_hd__o211a_2)
                                                         _004_ (net)
                      0.022367    0.000000    0.429252 ^ _155_/D (sky130_fd_sc_hd__dfxtp_2)
                                              0.429252   data arrival time

                      0.150000    0.000000    0.000000   clock clk (rise edge)
                                  0.000000    0.000000   clock network delay (ideal)
                                  0.250000    0.250000   clock uncertainty
                                  0.000000    0.250000   clock reconvergence pessimism
                                              0.250000 ^ _155_/CLK (sky130_fd_sc_hd__dfxtp_2)
                                 -0.013860    0.236140   library hold time
                                              0.236140   data required time
---------------------------------------------------------------------------------------------
                                              0.236140   data required time
                                             -0.429252   data arrival time
---------------------------------------------------------------------------------------------
                                              0.193112   slack (MET)


Startpoint: _167_ (rising edge-triggered flip-flop clocked by clk)
Endpoint: _159_ (rising edge-triggered flip-flop clocked by clk)
Path Group: clk
Path Type: min

Fanout         Cap        Slew       Delay        Time   Description
---------------------------------------------------------------------------------------------
                      0.150000    0.000000    0.000000   clock clk (rise edge)
                                  0.000000    0.000000   clock network delay (ideal)
                      0.150000    0.000000    0.000000 ^ _167_/CLK (sky130_fd_sc_hd__dfxtp_2)
     4    0.043170    0.167970    0.321099    0.321099 ^ _167_/Q (sky130_fd_sc_hd__dfxtp_2)
                                                         dac_in[6] (net)
                      0.167970    0.000000    0.321099 ^ _100_/A1 (sky130_fd_sc_hd__o211a_2)
     1    0.001748    0.022367    0.108153    0.429252 ^ _100_/X (sky130_fd_sc_hd__o211a_2)
                                                         _008_ (net)
                      0.022367    0.000000    0.429252 ^ _159_/D (sky130_fd_sc_hd__dfxtp_2)
                                              0.429252   data arrival time

                      0.150000    0.000000    0.000000   clock clk (rise edge)
                                  0.000000    0.000000   clock network delay (ideal)
                                  0.250000    0.250000   clock uncertainty
                                  0.000000    0.250000   clock reconvergence pessimism
                                              0.250000 ^ _159_/CLK (sky130_fd_sc_hd__dfxtp_2)
                                 -0.013860    0.236140   library hold time
                                              0.236140   data required time
---------------------------------------------------------------------------------------------
                                              0.236140   data required time
                                             -0.429252   data arrival time
---------------------------------------------------------------------------------------------
                                              0.193112   slack (MET)


Startpoint: _161_ (rising edge-triggered flip-flop clocked by clk)
Endpoint: _153_ (rising edge-triggered flip-flop clocked by clk)
Path Group: clk
Path Type: min

Fanout         Cap        Slew       Delay        Time   Description
---------------------------------------------------------------------------------------------
                      0.150000    0.000000    0.000000   clock clk (rise edge)
                                  0.000000    0.000000   clock network delay (ideal)
                      0.150000    0.000000    0.000000 ^ _161_/CLK (sky130_fd_sc_hd__dfxtp_2)
     4    0.043257    0.168293    0.321321    0.321321 ^ _161_/Q (sky130_fd_sc_hd__dfxtp_2)
                                                         dac_in[0] (net)
                      0.168293    0.000000    0.321321 ^ _088_/A1 (sky130_fd_sc_hd__o211a_2)
     1    0.001748    0.022367    0.108175    0.429496 ^ _088_/X (sky130_fd_sc_hd__o211a_2)
                                                         _002_ (net)
                      0.022367    0.000000    0.429496 ^ _153_/D (sky130_fd_sc_hd__dfxtp_2)
                                              0.429496   data arrival time

                      0.150000    0.000000    0.000000   clock clk (rise edge)
                                  0.000000    0.000000   clock network delay (ideal)
                                  0.250000    0.250000   clock uncertainty
                                  0.000000    0.250000   clock reconvergence pessimism
                                              0.250000 ^ _153_/CLK (sky130_fd_sc_hd__dfxtp_2)
                                 -0.013860    0.236140   library hold time
                                              0.236140   data required time
---------------------------------------------------------------------------------------------
                                              0.236140   data required time
                                             -0.429496   data arrival time
---------------------------------------------------------------------------------------------
                                              0.193356   slack (MET)


Startpoint: _171_ (rising edge-triggered flip-flop clocked by clk)
Endpoint: _171_ (rising edge-triggered flip-flop clocked by clk)
Path Group: clk
Path Type: min

Fanout         Cap        Slew       Delay        Time   Description
---------------------------------------------------------------------------------------------
                      0.150000    0.000000    0.000000   clock clk (rise edge)
                                  0.000000    0.000000   clock network delay (ideal)
                      0.150000    0.000000    0.000000 ^ _171_/CLK (sky130_fd_sc_hd__dfxtp_2)
     9    0.025504    0.050608    0.254277    0.254277 v _171_/Q (sky130_fd_sc_hd__dfxtp_2)
                                                         count[2] (net)
                      0.050608    0.000000    0.254277 v _109_/B (sky130_fd_sc_hd__nand4_2)
     4    0.010396    0.064019    0.081232    0.335509 ^ _109_/Y (sky130_fd_sc_hd__nand4_2)
                                                         _065_ (net)
                      0.064019    0.000000    0.335509 ^ _149_/B (sky130_fd_sc_hd__and3_2)
     1    0.001748    0.024181    0.097466    0.432975 ^ _149_/X (sky130_fd_sc_hd__and3_2)
                                                         _020_ (net)
                      0.024181    0.000000    0.432975 ^ _171_/D (sky130_fd_sc_hd__dfxtp_2)
                                              0.432975   data arrival time

                      0.150000    0.000000    0.000000   clock clk (rise edge)
                                  0.000000    0.000000   clock network delay (ideal)
                                  0.250000    0.250000   clock uncertainty
                                  0.000000    0.250000   clock reconvergence pessimism
                                              0.250000 ^ _171_/CLK (sky130_fd_sc_hd__dfxtp_2)
                                 -0.013986    0.236014   library hold time
                                              0.236014   data required time
---------------------------------------------------------------------------------------------
                                              0.236014   data required time
                                             -0.432975   data arrival time
---------------------------------------------------------------------------------------------
                                              0.196961   slack (MET)


Startpoint: _170_ (rising edge-triggered flip-flop clocked by clk)
Endpoint: _170_ (rising edge-triggered flip-flop clocked by clk)
Path Group: clk
Path Type: min

Fanout         Cap        Slew       Delay        Time   Description
---------------------------------------------------------------------------------------------
                      0.150000    0.000000    0.000000   clock clk (rise edge)
                                  0.000000    0.000000   clock network delay (ideal)
                      0.150000    0.000000    0.000000 ^ _170_/CLK (sky130_fd_sc_hd__dfxtp_2)
    15    0.036623    0.066055    0.268765    0.268765 v _170_/Q (sky130_fd_sc_hd__dfxtp_2)
                                                         count[1] (net)
                      0.066055    0.000000    0.268765 v _107_/B (sky130_fd_sc_hd__nand3_2)
     3    0.007927    0.051886    0.071016    0.339782 ^ _107_/Y (sky130_fd_sc_hd__nand3_2)
                                                         _063_ (net)
                      0.051886    0.000000    0.339782 ^ _147_/B (sky130_fd_sc_hd__and3_2)
     1    0.001748    0.024137    0.094662    0.434443 ^ _147_/X (sky130_fd_sc_hd__and3_2)
                                                         _019_ (net)
                      0.024137    0.000000    0.434443 ^ _170_/D (sky130_fd_sc_hd__dfxtp_2)
                                              0.434443   data arrival time

                      0.150000    0.000000    0.000000   clock clk (rise edge)
                                  0.000000    0.000000   clock network delay (ideal)
                                  0.250000    0.250000   clock uncertainty
                                  0.000000    0.250000   clock reconvergence pessimism
                                              0.250000 ^ _170_/CLK (sky130_fd_sc_hd__dfxtp_2)
                                 -0.013983    0.236017   library hold time
                                              0.236017   data required time
---------------------------------------------------------------------------------------------
                                              0.236017   data required time
                                             -0.434443   data arrival time
---------------------------------------------------------------------------------------------
                                              0.198426   slack (MET)


Startpoint: _172_ (rising edge-triggered flip-flop clocked by clk)
Endpoint: _161_ (rising edge-triggered flip-flop clocked by clk)
Path Group: clk
Path Type: min

Fanout         Cap        Slew       Delay        Time   Description
---------------------------------------------------------------------------------------------
                      0.150000    0.000000    0.000000   clock clk (rise edge)
                                  0.000000    0.000000   clock network delay (ideal)
                      0.150000    0.000000    0.000000 ^ _172_/CLK (sky130_fd_sc_hd__dfxtp_2)
    12    0.028016    0.112131    0.282169    0.282169 ^ _172_/Q (sky130_fd_sc_hd__dfxtp_2)
                                                         count[3] (net)
                      0.112131    0.000000    0.282169 ^ _111_/A1 (sky130_fd_sc_hd__o21a_2)
     1    0.002440    0.019957    0.087178    0.369346 ^ _111_/X (sky130_fd_sc_hd__o21a_2)
                                                         _067_ (net)
                      0.019957    0.000000    0.369346 ^ _115_/A1 (sky130_fd_sc_hd__o21a_2)
     1    0.001748    0.017016    0.066651    0.435998 ^ _115_/X (sky130_fd_sc_hd__o21a_2)
                                                         _010_ (net)
                      0.017016    0.000000    0.435998 ^ _161_/D (sky130_fd_sc_hd__dfxtp_2)
                                              0.435998   data arrival time

                      0.150000    0.000000    0.000000   clock clk (rise edge)
                                  0.000000    0.000000   clock network delay (ideal)
                                  0.250000    0.250000   clock uncertainty
                                  0.000000    0.250000   clock reconvergence pessimism
                                              0.250000 ^ _161_/CLK (sky130_fd_sc_hd__dfxtp_2)
                                 -0.013488    0.236512   library hold time
                                              0.236512   data required time
---------------------------------------------------------------------------------------------
                                              0.236512   data required time
                                             -0.435998   data arrival time
---------------------------------------------------------------------------------------------
                                              0.199485   slack (MET)


Startpoint: _169_ (rising edge-triggered flip-flop clocked by clk)
Endpoint: _169_ (rising edge-triggered flip-flop clocked by clk)
Path Group: clk
Path Type: min

Fanout         Cap        Slew       Delay        Time   Description
---------------------------------------------------------------------------------------------
                      0.150000    0.000000    0.000000   clock clk (rise edge)
                                  0.000000    0.000000   clock network delay (ideal)
                      0.150000    0.000000    0.000000 ^ _169_/CLK (sky130_fd_sc_hd__dfxtp_2)
    13    0.036334    0.065654    0.268389    0.268389 v _169_/Q (sky130_fd_sc_hd__dfxtp_2)
                                                         count[0] (net)
                      0.065654    0.000000    0.268389 v _105_/B (sky130_fd_sc_hd__nand2_2)
     5    0.009638    0.055199    0.071917    0.340305 ^ _105_/Y (sky130_fd_sc_hd__nand2_2)
                                                         _061_ (net)
                      0.055199    0.000000    0.340305 ^ _145_/B (sky130_fd_sc_hd__and3_2)
     1    0.001748    0.024155    0.095446    0.435751 ^ _145_/X (sky130_fd_sc_hd__and3_2)
                                                         _018_ (net)
                      0.024155    0.000000    0.435751 ^ _169_/D (sky130_fd_sc_hd__dfxtp_2)
                                              0.435751   data arrival time

                      0.150000    0.000000    0.000000   clock clk (rise edge)
                                  0.000000    0.000000   clock network delay (ideal)
                                  0.250000    0.250000   clock uncertainty
                                  0.000000    0.250000   clock reconvergence pessimism
                                              0.250000 ^ _169_/CLK (sky130_fd_sc_hd__dfxtp_2)
                                 -0.013984    0.236016   library hold time
                                              0.236016   data required time
---------------------------------------------------------------------------------------------
                                              0.236016   data required time
                                             -0.435751   data arrival time
---------------------------------------------------------------------------------------------
                                              0.199735   slack (MET)


Startpoint: _171_ (rising edge-triggered flip-flop clocked by clk)
Endpoint: _165_ (rising edge-triggered flip-flop clocked by clk)
Path Group: clk
Path Type: min

Fanout         Cap        Slew       Delay        Time   Description
---------------------------------------------------------------------------------------------
                      0.150000    0.000000    0.000000   clock clk (rise edge)
                                  0.000000    0.000000   clock network delay (ideal)
                      0.150000    0.000000    0.000000 ^ _171_/CLK (sky130_fd_sc_hd__dfxtp_2)
     9    0.028097    0.112429    0.282377    0.282377 ^ _171_/Q (sky130_fd_sc_hd__dfxtp_2)
                                                         count[2] (net)
                      0.112429    0.000000    0.282377 ^ _127_/B (sky130_fd_sc_hd__nor2_2)
     8    0.022795    0.056879    0.058941    0.341317 v _127_/Y (sky130_fd_sc_hd__nor2_2)
                                                         _030_ (net)
                      0.056879    0.000000    0.341317 v _131_/B (sky130_fd_sc_hd__nand2_2)
     1    0.004517    0.029743    0.054886    0.396203 ^ _131_/Y (sky130_fd_sc_hd__nand2_2)
                                                         _033_ (net)
                      0.029743    0.000000    0.396203 ^ _133_/A2 (sky130_fd_sc_hd__a31oi_2)
     1    0.001783    0.022210    0.038397    0.434601 v _133_/Y (sky130_fd_sc_hd__a31oi_2)
                                                         _014_ (net)
                      0.022210    0.000000    0.434601 v _165_/D (sky130_fd_sc_hd__dfxtp_2)
                                              0.434601   data arrival time

                      0.150000    0.000000    0.000000   clock clk (rise edge)
                                  0.000000    0.000000   clock network delay (ideal)
                                  0.250000    0.250000   clock uncertainty
                                  0.000000    0.250000   clock reconvergence pessimism
                                              0.250000 ^ _165_/CLK (sky130_fd_sc_hd__dfxtp_2)
                                 -0.020033    0.229967   library hold time
                                              0.229967   data required time
---------------------------------------------------------------------------------------------
                                              0.229967   data required time
                                             -0.434601   data arrival time
---------------------------------------------------------------------------------------------
                                              0.204634   slack (MET)


Startpoint: _152_ (rising edge-triggered flip-flop clocked by clk')
Endpoint: _152_ (rising edge-triggered flip-flop clocked by clk')
Path Group: clk
Path Type: min

Fanout         Cap        Slew       Delay        Time   Description
---------------------------------------------------------------------------------------------
                      0.150000  250.000000  250.000000   clock clk' (rise edge)
                                  0.000000  250.000000   clock network delay (ideal)
                      0.150000    0.000000  250.000000 ^ _152_/CLK (sky130_fd_sc_hd__dfxtp_2)
    12    0.059871    0.099773    0.296666  250.296677 v _152_/Q (sky130_fd_sc_hd__dfxtp_2)
                                                         comparator_clk (net)
                      0.099773    0.000000  250.296677 v _084_/A_N (sky130_fd_sc_hd__and2b_2)
     1    0.001748    0.020636    0.147907  250.444580 ^ _084_/X (sky130_fd_sc_hd__and2b_2)
                                                         _001_ (net)
                      0.020636    0.000000  250.444580 ^ _152_/D (sky130_fd_sc_hd__dfxtp_2)
                                            250.444580   data arrival time

                      0.150000  250.000000  250.000000   clock clk' (rise edge)
                                  0.000000  250.000000   clock network delay (ideal)
                                  0.250000  250.250000   clock uncertainty
                                  0.000000  250.250000   clock reconvergence pessimism
                                            250.250000 ^ _152_/CLK (sky130_fd_sc_hd__dfxtp_2)
                                 -0.013739  250.236282   library hold time
                                            250.236282   data required time
---------------------------------------------------------------------------------------------
                                            250.236282   data required time
                                           -250.444580   data arrival time
---------------------------------------------------------------------------------------------
                                              0.208303   slack (MET)


Startpoint: _171_ (rising edge-triggered flip-flop clocked by clk)
Endpoint: _167_ (rising edge-triggered flip-flop clocked by clk)
Path Group: clk
Path Type: min

Fanout         Cap        Slew       Delay        Time   Description
---------------------------------------------------------------------------------------------
                      0.150000    0.000000    0.000000   clock clk (rise edge)
                                  0.000000    0.000000   clock network delay (ideal)
                      0.150000    0.000000    0.000000 ^ _171_/CLK (sky130_fd_sc_hd__dfxtp_2)
     9    0.028097    0.112429    0.282377    0.282377 ^ _171_/Q (sky130_fd_sc_hd__dfxtp_2)
                                                         count[2] (net)
                      0.112429    0.000000    0.282377 ^ _138_/A2 (sky130_fd_sc_hd__o41a_2)
     1    0.002520    0.019714    0.094275    0.376652 ^ _138_/X (sky130_fd_sc_hd__o41a_2)
                                                         _038_ (net)
                      0.019714    0.000000    0.376652 ^ _141_/A1 (sky130_fd_sc_hd__o31a_2)
     1    0.001748    0.018621    0.073557    0.450208 ^ _141_/X (sky130_fd_sc_hd__o31a_2)
                                                         _016_ (net)
                      0.018621    0.000000    0.450208 ^ _167_/D (sky130_fd_sc_hd__dfxtp_2)
                                              0.450208   data arrival time

                      0.150000    0.000000    0.000000   clock clk (rise edge)
                                  0.000000    0.000000   clock network delay (ideal)
                                  0.250000    0.250000   clock uncertainty
                                  0.000000    0.250000   clock reconvergence pessimism
                                              0.250000 ^ _167_/CLK (sky130_fd_sc_hd__dfxtp_2)
                                 -0.013599    0.236401   library hold time
                                              0.236401   data required time
---------------------------------------------------------------------------------------------
                                              0.236401   data required time
                                             -0.450208   data arrival time
---------------------------------------------------------------------------------------------
                                              0.213808   slack (MET)


Startpoint: _172_ (rising edge-triggered flip-flop clocked by clk)
Endpoint: _163_ (rising edge-triggered flip-flop clocked by clk)
Path Group: clk
Path Type: min

Fanout         Cap        Slew       Delay        Time   Description
---------------------------------------------------------------------------------------------
                      0.150000    0.000000    0.000000   clock clk (rise edge)
                                  0.000000    0.000000   clock network delay (ideal)
                      0.150000    0.000000    0.000000 ^ _172_/CLK (sky130_fd_sc_hd__dfxtp_2)
    12    0.028016    0.112131    0.282169    0.282169 ^ _172_/Q (sky130_fd_sc_hd__dfxtp_2)
                                                         count[3] (net)
                      0.112131    0.000000    0.282169 ^ _121_/A1 (sky130_fd_sc_hd__o41a_2)
     1    0.002520    0.019714    0.098051    0.380220 ^ _121_/X (sky130_fd_sc_hd__o41a_2)
                                                         _025_ (net)
                      0.019714    0.000000    0.380220 ^ _125_/A1 (sky130_fd_sc_hd__o31a_2)
     1    0.001748    0.018621    0.073557    0.453776 ^ _125_/X (sky130_fd_sc_hd__o31a_2)
                                                         _012_ (net)
                      0.018621    0.000000    0.453776 ^ _163_/D (sky130_fd_sc_hd__dfxtp_2)
                                              0.453776   data arrival time

                      0.150000    0.000000    0.000000   clock clk (rise edge)
                                  0.000000    0.000000   clock network delay (ideal)
                                  0.250000    0.250000   clock uncertainty
                                  0.000000    0.250000   clock reconvergence pessimism
                                              0.250000 ^ _163_/CLK (sky130_fd_sc_hd__dfxtp_2)
                                 -0.013599    0.236401   library hold time
                                              0.236401   data required time
---------------------------------------------------------------------------------------------
                                              0.236401   data required time
                                             -0.453776   data arrival time
---------------------------------------------------------------------------------------------
                                              0.217375   slack (MET)


Startpoint: _171_ (rising edge-triggered flip-flop clocked by clk)
Endpoint: _168_ (rising edge-triggered flip-flop clocked by clk)
Path Group: clk
Path Type: min

Fanout         Cap        Slew       Delay        Time   Description
---------------------------------------------------------------------------------------------
                      0.150000    0.000000    0.000000   clock clk (rise edge)
                                  0.000000    0.000000   clock network delay (ideal)
                      0.150000    0.000000    0.000000 ^ _171_/CLK (sky130_fd_sc_hd__dfxtp_2)
     9    0.028097    0.112429    0.282377    0.282377 ^ _171_/Q (sky130_fd_sc_hd__dfxtp_2)
                                                         count[2] (net)
                      0.112429    0.000000    0.282377 ^ _127_/B (sky130_fd_sc_hd__nor2_2)
     8    0.022795    0.056879    0.058941    0.341317 v _127_/Y (sky130_fd_sc_hd__nor2_2)
                                                         _030_ (net)
                      0.056879    0.000000    0.341317 v _142_/A2 (sky130_fd_sc_hd__a21oi_2)
     1    0.002556    0.041470    0.091089    0.432407 ^ _142_/Y (sky130_fd_sc_hd__a21oi_2)
                                                         _041_ (net)
                      0.041470    0.000000    0.432407 ^ _143_/B1 (sky130_fd_sc_hd__a211o_2)
     1    0.001748    0.014723    0.054522    0.486929 ^ _143_/X (sky130_fd_sc_hd__a211o_2)
                                                         _017_ (net)
                      0.014723    0.000000    0.486929 ^ _168_/D (sky130_fd_sc_hd__dfxtp_2)
                                              0.486929   data arrival time

                      0.150000    0.000000    0.000000   clock clk (rise edge)
                                  0.000000    0.000000   clock network delay (ideal)
                                  0.250000    0.250000   clock uncertainty
                                  0.000000    0.250000   clock reconvergence pessimism
                                              0.250000 ^ _168_/CLK (sky130_fd_sc_hd__dfxtp_2)
                                 -0.013328    0.236672   library hold time
                                              0.236672   data required time
---------------------------------------------------------------------------------------------
                                              0.236672   data required time
                                             -0.486929   data arrival time
---------------------------------------------------------------------------------------------
                                              0.250257   slack (MET)


Startpoint: _169_ (rising edge-triggered flip-flop clocked by clk)
Endpoint: _164_ (rising edge-triggered flip-flop clocked by clk)
Path Group: clk
Path Type: min

Fanout         Cap        Slew       Delay        Time   Description
---------------------------------------------------------------------------------------------
                      0.150000    0.000000    0.000000   clock clk (rise edge)
                                  0.000000    0.000000   clock network delay (ideal)
                      0.150000    0.000000    0.000000 ^ _169_/CLK (sky130_fd_sc_hd__dfxtp_2)
    13    0.040402    0.157770    0.313988    0.313988 ^ _169_/Q (sky130_fd_sc_hd__dfxtp_2)
                                                         count[0] (net)
                      0.157770    0.000000    0.313988 ^ _122_/B (sky130_fd_sc_hd__nor3b_2)
     5    0.014083    0.042568    0.055411    0.369399 v _122_/Y (sky130_fd_sc_hd__nor3b_2)
                                                         _026_ (net)
                      0.042568    0.000000    0.369399 v _126_/A2 (sky130_fd_sc_hd__a21oi_2)
     1    0.002440    0.040831    0.084814    0.454213 ^ _126_/Y (sky130_fd_sc_hd__a21oi_2)
                                                         _029_ (net)
                      0.040831    0.000000    0.454213 ^ _129_/A1 (sky130_fd_sc_hd__o21a_2)
     1    0.001748    0.017016    0.071420    0.525633 ^ _129_/X (sky130_fd_sc_hd__o21a_2)
                                                         _013_ (net)
                      0.017016    0.000000    0.525633 ^ _164_/D (sky130_fd_sc_hd__dfxtp_2)
                                              0.525633   data arrival time

                      0.150000    0.000000    0.000000   clock clk (rise edge)
                                  0.000000    0.000000   clock network delay (ideal)
                                  0.250000    0.250000   clock uncertainty
                                  0.000000    0.250000   clock reconvergence pessimism
                                              0.250000 ^ _164_/CLK (sky130_fd_sc_hd__dfxtp_2)
                                 -0.013488    0.236512   library hold time
                                              0.236512   data required time
---------------------------------------------------------------------------------------------
                                              0.236512   data required time
                                             -0.525633   data arrival time
---------------------------------------------------------------------------------------------
                                              0.289121   slack (MET)


Startpoint: _153_ (rising edge-triggered flip-flop clocked by clk)
Endpoint: adc_out[0] (output port clocked by clk)
Path Group: clk
Path Type: min

Fanout         Cap        Slew       Delay        Time   Description
---------------------------------------------------------------------------------------------
                      0.150000    0.000000    0.000000   clock clk (rise edge)
                                  0.000000    0.000000   clock network delay (ideal)
                      0.150000    0.000000    0.000000 ^ _153_/CLK (sky130_fd_sc_hd__dfxtp_2)
     2    0.034948    0.063728    0.266583    0.266583 v _153_/Q (sky130_fd_sc_hd__dfxtp_2)
                                                         adc_out[0] (net)
                      0.063728    0.000000    0.266583 v adc_out[0] (out)
                                              0.266583   data arrival time

                      0.150000    0.000000    0.000000   clock clk (rise edge)
                                  0.000000    0.000000   clock network delay (ideal)
                                  0.250000    0.250000   clock uncertainty
                                  0.000000    0.250000   clock reconvergence pessimism
                               -100.000000  -99.750000   output external delay
                                            -99.750000   data required time
---------------------------------------------------------------------------------------------
                                            -99.750000   data required time
                                             -0.266583   data arrival time
---------------------------------------------------------------------------------------------
                                            100.016579   slack (MET)


Startpoint: _154_ (rising edge-triggered flip-flop clocked by clk)
Endpoint: adc_out[1] (output port clocked by clk)
Path Group: clk
Path Type: min

Fanout         Cap        Slew       Delay        Time   Description
---------------------------------------------------------------------------------------------
                      0.150000    0.000000    0.000000   clock clk (rise edge)
                                  0.000000    0.000000   clock network delay (ideal)
                      0.150000    0.000000    0.000000 ^ _154_/CLK (sky130_fd_sc_hd__dfxtp_2)
     2    0.034948    0.063728    0.266583    0.266583 v _154_/Q (sky130_fd_sc_hd__dfxtp_2)
                                                         adc_out[1] (net)
                      0.063728    0.000000    0.266583 v adc_out[1] (out)
                                              0.266583   data arrival time

                      0.150000    0.000000    0.000000   clock clk (rise edge)
                                  0.000000    0.000000   clock network delay (ideal)
                                  0.250000    0.250000   clock uncertainty
                                  0.000000    0.250000   clock reconvergence pessimism
                               -100.000000  -99.750000   output external delay
                                            -99.750000   data required time
---------------------------------------------------------------------------------------------
                                            -99.750000   data required time
                                             -0.266583   data arrival time
---------------------------------------------------------------------------------------------
                                            100.016579   slack (MET)


Startpoint: _155_ (rising edge-triggered flip-flop clocked by clk)
Endpoint: adc_out[2] (output port clocked by clk)
Path Group: clk
Path Type: min

Fanout         Cap        Slew       Delay        Time   Description
---------------------------------------------------------------------------------------------
                      0.150000    0.000000    0.000000   clock clk (rise edge)
                                  0.000000    0.000000   clock network delay (ideal)
                      0.150000    0.000000    0.000000 ^ _155_/CLK (sky130_fd_sc_hd__dfxtp_2)
     2    0.034948    0.063728    0.266583    0.266583 v _155_/Q (sky130_fd_sc_hd__dfxtp_2)
                                                         adc_out[2] (net)
                      0.063728    0.000000    0.266583 v adc_out[2] (out)
                                              0.266583   data arrival time

                      0.150000    0.000000    0.000000   clock clk (rise edge)
                                  0.000000    0.000000   clock network delay (ideal)
                                  0.250000    0.250000   clock uncertainty
                                  0.000000    0.250000   clock reconvergence pessimism
                               -100.000000  -99.750000   output external delay
                                            -99.750000   data required time
---------------------------------------------------------------------------------------------
                                            -99.750000   data required time
                                             -0.266583   data arrival time
---------------------------------------------------------------------------------------------
                                            100.016579   slack (MET)


Startpoint: _156_ (rising edge-triggered flip-flop clocked by clk)
Endpoint: adc_out[3] (output port clocked by clk)
Path Group: clk
Path Type: min

Fanout         Cap        Slew       Delay        Time   Description
---------------------------------------------------------------------------------------------
                      0.150000    0.000000    0.000000   clock clk (rise edge)
                                  0.000000    0.000000   clock network delay (ideal)
                      0.150000    0.000000    0.000000 ^ _156_/CLK (sky130_fd_sc_hd__dfxtp_2)
     2    0.034948    0.063728    0.266583    0.266583 v _156_/Q (sky130_fd_sc_hd__dfxtp_2)
                                                         adc_out[3] (net)
                      0.063728    0.000000    0.266583 v adc_out[3] (out)
                                              0.266583   data arrival time

                      0.150000    0.000000    0.000000   clock clk (rise edge)
                                  0.000000    0.000000   clock network delay (ideal)
                                  0.250000    0.250000   clock uncertainty
                                  0.000000    0.250000   clock reconvergence pessimism
                               -100.000000  -99.750000   output external delay
                                            -99.750000   data required time
---------------------------------------------------------------------------------------------
                                            -99.750000   data required time
                                             -0.266583   data arrival time
---------------------------------------------------------------------------------------------
                                            100.016579   slack (MET)


Startpoint: _157_ (rising edge-triggered flip-flop clocked by clk)
Endpoint: adc_out[4] (output port clocked by clk)
Path Group: clk
Path Type: min

Fanout         Cap        Slew       Delay        Time   Description
---------------------------------------------------------------------------------------------
                      0.150000    0.000000    0.000000   clock clk (rise edge)
                                  0.000000    0.000000   clock network delay (ideal)
                      0.150000    0.000000    0.000000 ^ _157_/CLK (sky130_fd_sc_hd__dfxtp_2)
     2    0.034948    0.063728    0.266583    0.266583 v _157_/Q (sky130_fd_sc_hd__dfxtp_2)
                                                         adc_out[4] (net)
                      0.063728    0.000000    0.266583 v adc_out[4] (out)
                                              0.266583   data arrival time

                      0.150000    0.000000    0.000000   clock clk (rise edge)
                                  0.000000    0.000000   clock network delay (ideal)
                                  0.250000    0.250000   clock uncertainty
                                  0.000000    0.250000   clock reconvergence pessimism
                               -100.000000  -99.750000   output external delay
                                            -99.750000   data required time
---------------------------------------------------------------------------------------------
                                            -99.750000   data required time
                                             -0.266583   data arrival time
---------------------------------------------------------------------------------------------
                                            100.016579   slack (MET)


Startpoint: _158_ (rising edge-triggered flip-flop clocked by clk)
Endpoint: adc_out[5] (output port clocked by clk)
Path Group: clk
Path Type: min

Fanout         Cap        Slew       Delay        Time   Description
---------------------------------------------------------------------------------------------
                      0.150000    0.000000    0.000000   clock clk (rise edge)
                                  0.000000    0.000000   clock network delay (ideal)
                      0.150000    0.000000    0.000000 ^ _158_/CLK (sky130_fd_sc_hd__dfxtp_2)
     2    0.034948    0.063728    0.266583    0.266583 v _158_/Q (sky130_fd_sc_hd__dfxtp_2)
                                                         adc_out[5] (net)
                      0.063728    0.000000    0.266583 v adc_out[5] (out)
                                              0.266583   data arrival time

                      0.150000    0.000000    0.000000   clock clk (rise edge)
                                  0.000000    0.000000   clock network delay (ideal)
                                  0.250000    0.250000   clock uncertainty
                                  0.000000    0.250000   clock reconvergence pessimism
                               -100.000000  -99.750000   output external delay
                                            -99.750000   data required time
---------------------------------------------------------------------------------------------
                                            -99.750000   data required time
                                             -0.266583   data arrival time
---------------------------------------------------------------------------------------------
                                            100.016579   slack (MET)


Startpoint: _159_ (rising edge-triggered flip-flop clocked by clk)
Endpoint: adc_out[6] (output port clocked by clk)
Path Group: clk
Path Type: min

Fanout         Cap        Slew       Delay        Time   Description
---------------------------------------------------------------------------------------------
                      0.150000    0.000000    0.000000   clock clk (rise edge)
                                  0.000000    0.000000   clock network delay (ideal)
                      0.150000    0.000000    0.000000 ^ _159_/CLK (sky130_fd_sc_hd__dfxtp_2)
     2    0.034948    0.063728    0.266583    0.266583 v _159_/Q (sky130_fd_sc_hd__dfxtp_2)
                                                         adc_out[6] (net)
                      0.063728    0.000000    0.266583 v adc_out[6] (out)
                                              0.266583   data arrival time

                      0.150000    0.000000    0.000000   clock clk (rise edge)
                                  0.000000    0.000000   clock network delay (ideal)
                                  0.250000    0.250000   clock uncertainty
                                  0.000000    0.250000   clock reconvergence pessimism
                               -100.000000  -99.750000   output external delay
                                            -99.750000   data required time
---------------------------------------------------------------------------------------------
                                            -99.750000   data required time
                                             -0.266583   data arrival time
---------------------------------------------------------------------------------------------
                                            100.016579   slack (MET)


Startpoint: _160_ (rising edge-triggered flip-flop clocked by clk)
Endpoint: adc_out[7] (output port clocked by clk)
Path Group: clk
Path Type: min

Fanout         Cap        Slew       Delay        Time   Description
---------------------------------------------------------------------------------------------
                      0.150000    0.000000    0.000000   clock clk (rise edge)
                                  0.000000    0.000000   clock network delay (ideal)
                      0.150000    0.000000    0.000000 ^ _160_/CLK (sky130_fd_sc_hd__dfxtp_2)
     2    0.034948    0.063728    0.266583    0.266583 v _160_/Q (sky130_fd_sc_hd__dfxtp_2)
                                                         adc_out[7] (net)
                      0.063728    0.000000    0.266583 v adc_out[7] (out)
                                              0.266583   data arrival time

                      0.150000    0.000000    0.000000   clock clk (rise edge)
                                  0.000000    0.000000   clock network delay (ideal)
                                  0.250000    0.250000   clock uncertainty
                                  0.000000    0.250000   clock reconvergence pessimism
                               -100.000000  -99.750000   output external delay
                                            -99.750000   data required time
---------------------------------------------------------------------------------------------
                                            -99.750000   data required time
                                             -0.266583   data arrival time
---------------------------------------------------------------------------------------------
                                            100.016579   slack (MET)


Startpoint: _162_ (rising edge-triggered flip-flop clocked by clk)
Endpoint: dac_in[1] (output port clocked by clk)
Path Group: clk
Path Type: min

Fanout         Cap        Slew       Delay        Time   Description
---------------------------------------------------------------------------------------------
                      0.150000    0.000000    0.000000   clock clk (rise edge)
                                  0.000000    0.000000   clock network delay (ideal)
                      0.150000    0.000000    0.000000 ^ _162_/CLK (sky130_fd_sc_hd__dfxtp_2)
     3    0.040028    0.070786    0.273202    0.273202 v _162_/Q (sky130_fd_sc_hd__dfxtp_2)
                                                         dac_in[1] (net)
                      0.070786    0.000000    0.273202 v dac_in[1] (out)
                                              0.273202   data arrival time

                      0.150000    0.000000    0.000000   clock clk (rise edge)
                                  0.000000    0.000000   clock network delay (ideal)
                                  0.250000    0.250000   clock uncertainty
                                  0.000000    0.250000   clock reconvergence pessimism
                               -100.000000  -99.750000   output external delay
                                            -99.750000   data required time
---------------------------------------------------------------------------------------------
                                            -99.750000   data required time
                                             -0.273202   data arrival time
---------------------------------------------------------------------------------------------
                                            100.023201   slack (MET)


Startpoint: _164_ (rising edge-triggered flip-flop clocked by clk)
Endpoint: dac_in[3] (output port clocked by clk)
Path Group: clk
Path Type: min

Fanout         Cap        Slew       Delay        Time   Description
---------------------------------------------------------------------------------------------
                      0.150000    0.000000    0.000000   clock clk (rise edge)
                                  0.000000    0.000000   clock network delay (ideal)
                      0.150000    0.000000    0.000000 ^ _164_/CLK (sky130_fd_sc_hd__dfxtp_2)
     3    0.040028    0.070786    0.273202    0.273202 v _164_/Q (sky130_fd_sc_hd__dfxtp_2)
                                                         dac_in[3] (net)
                      0.070786    0.000000    0.273202 v dac_in[3] (out)
                                              0.273202   data arrival time

                      0.150000    0.000000    0.000000   clock clk (rise edge)
                                  0.000000    0.000000   clock network delay (ideal)
                                  0.250000    0.250000   clock uncertainty
                                  0.000000    0.250000   clock reconvergence pessimism
                               -100.000000  -99.750000   output external delay
                                            -99.750000   data required time
---------------------------------------------------------------------------------------------
                                            -99.750000   data required time
                                             -0.273202   data arrival time
---------------------------------------------------------------------------------------------
                                            100.023201   slack (MET)


Startpoint: _165_ (rising edge-triggered flip-flop clocked by clk)
Endpoint: dac_in[4] (output port clocked by clk)
Path Group: clk
Path Type: min

Fanout         Cap        Slew       Delay        Time   Description
---------------------------------------------------------------------------------------------
                      0.150000    0.000000    0.000000   clock clk (rise edge)
                                  0.000000    0.000000   clock network delay (ideal)
                      0.150000    0.000000    0.000000 ^ _165_/CLK (sky130_fd_sc_hd__dfxtp_2)
     3    0.040028    0.070786    0.273202    0.273202 v _165_/Q (sky130_fd_sc_hd__dfxtp_2)
                                                         dac_in[4] (net)
                      0.070786    0.000000    0.273202 v dac_in[4] (out)
                                              0.273202   data arrival time

                      0.150000    0.000000    0.000000   clock clk (rise edge)
                                  0.000000    0.000000   clock network delay (ideal)
                                  0.250000    0.250000   clock uncertainty
                                  0.000000    0.250000   clock reconvergence pessimism
                               -100.000000  -99.750000   output external delay
                                            -99.750000   data required time
---------------------------------------------------------------------------------------------
                                            -99.750000   data required time
                                             -0.273202   data arrival time
---------------------------------------------------------------------------------------------
                                            100.023201   slack (MET)


Startpoint: _166_ (rising edge-triggered flip-flop clocked by clk)
Endpoint: dac_in[5] (output port clocked by clk)
Path Group: clk
Path Type: min

Fanout         Cap        Slew       Delay        Time   Description
---------------------------------------------------------------------------------------------
                      0.150000    0.000000    0.000000   clock clk (rise edge)
                                  0.000000    0.000000   clock network delay (ideal)
                      0.150000    0.000000    0.000000 ^ _166_/CLK (sky130_fd_sc_hd__dfxtp_2)
     3    0.040028    0.070786    0.273202    0.273202 v _166_/Q (sky130_fd_sc_hd__dfxtp_2)
                                                         dac_in[5] (net)
                      0.070786    0.000000    0.273202 v dac_in[5] (out)
                                              0.273202   data arrival time

                      0.150000    0.000000    0.000000   clock clk (rise edge)
                                  0.000000    0.000000   clock network delay (ideal)
                                  0.250000    0.250000   clock uncertainty
                                  0.000000    0.250000   clock reconvergence pessimism
                               -100.000000  -99.750000   output external delay
                                            -99.750000   data required time
---------------------------------------------------------------------------------------------
                                            -99.750000   data required time
                                             -0.273202   data arrival time
---------------------------------------------------------------------------------------------
                                            100.023201   slack (MET)


Startpoint: _168_ (rising edge-triggered flip-flop clocked by clk)
Endpoint: dac_in[7] (output port clocked by clk)
Path Group: clk
Path Type: min

Fanout         Cap        Slew       Delay        Time   Description
---------------------------------------------------------------------------------------------
                      0.150000    0.000000    0.000000   clock clk (rise edge)
                                  0.000000    0.000000   clock network delay (ideal)
                      0.150000    0.000000    0.000000 ^ _168_/CLK (sky130_fd_sc_hd__dfxtp_2)
     3    0.040028    0.070786    0.273202    0.273202 v _168_/Q (sky130_fd_sc_hd__dfxtp_2)
                                                         dac_in[7] (net)
                      0.070786    0.000000    0.273202 v dac_in[7] (out)
                                              0.273202   data arrival time

                      0.150000    0.000000    0.000000   clock clk (rise edge)
                                  0.000000    0.000000   clock network delay (ideal)
                                  0.250000    0.250000   clock uncertainty
                                  0.000000    0.250000   clock reconvergence pessimism
                               -100.000000  -99.750000   output external delay
                                            -99.750000   data required time
---------------------------------------------------------------------------------------------
                                            -99.750000   data required time
                                             -0.273202   data arrival time
---------------------------------------------------------------------------------------------
                                            100.023201   slack (MET)


Startpoint: _163_ (rising edge-triggered flip-flop clocked by clk)
Endpoint: dac_in[2] (output port clocked by clk)
Path Group: clk
Path Type: min

Fanout         Cap        Slew       Delay        Time   Description
---------------------------------------------------------------------------------------------
                      0.150000    0.000000    0.000000   clock clk (rise edge)
                                  0.000000    0.000000   clock network delay (ideal)
                      0.150000    0.000000    0.000000 ^ _163_/CLK (sky130_fd_sc_hd__dfxtp_2)
     4    0.042315    0.073963    0.276182    0.276182 v _163_/Q (sky130_fd_sc_hd__dfxtp_2)
                                                         dac_in[2] (net)
                      0.073963    0.000000    0.276182 v dac_in[2] (out)
                                              0.276182   data arrival time

                      0.150000    0.000000    0.000000   clock clk (rise edge)
                                  0.000000    0.000000   clock network delay (ideal)
                                  0.250000    0.250000   clock uncertainty
                                  0.000000    0.250000   clock reconvergence pessimism
                               -100.000000  -99.750000   output external delay
                                            -99.750000   data required time
---------------------------------------------------------------------------------------------
                                            -99.750000   data required time
                                             -0.276182   data arrival time
---------------------------------------------------------------------------------------------
                                            100.026184   slack (MET)


Startpoint: _167_ (rising edge-triggered flip-flop clocked by clk)
Endpoint: dac_in[6] (output port clocked by clk)
Path Group: clk
Path Type: min

Fanout         Cap        Slew       Delay        Time   Description
---------------------------------------------------------------------------------------------
                      0.150000    0.000000    0.000000   clock clk (rise edge)
                                  0.000000    0.000000   clock network delay (ideal)
                      0.150000    0.000000    0.000000 ^ _167_/CLK (sky130_fd_sc_hd__dfxtp_2)
     4    0.042315    0.073963    0.276182    0.276182 v _167_/Q (sky130_fd_sc_hd__dfxtp_2)
                                                         dac_in[6] (net)
                      0.073963    0.000000    0.276182 v dac_in[6] (out)
                                              0.276182   data arrival time

                      0.150000    0.000000    0.000000   clock clk (rise edge)
                                  0.000000    0.000000   clock network delay (ideal)
                                  0.250000    0.250000   clock uncertainty
                                  0.000000    0.250000   clock reconvergence pessimism
                               -100.000000  -99.750000   output external delay
                                            -99.750000   data required time
---------------------------------------------------------------------------------------------
                                            -99.750000   data required time
                                             -0.276182   data arrival time
---------------------------------------------------------------------------------------------
                                            100.026184   slack (MET)


Startpoint: _161_ (rising edge-triggered flip-flop clocked by clk)
Endpoint: dac_in[0] (output port clocked by clk)
Path Group: clk
Path Type: min

Fanout         Cap        Slew       Delay        Time   Description
---------------------------------------------------------------------------------------------
                      0.150000    0.000000    0.000000   clock clk (rise edge)
                                  0.000000    0.000000   clock network delay (ideal)
                      0.150000    0.000000    0.000000 ^ _161_/CLK (sky130_fd_sc_hd__dfxtp_2)
     4    0.042401    0.074083    0.276294    0.276294 v _161_/Q (sky130_fd_sc_hd__dfxtp_2)
                                                         dac_in[0] (net)
                      0.074083    0.000000    0.276294 v dac_in[0] (out)
                                              0.276294   data arrival time

                      0.150000    0.000000    0.000000   clock clk (rise edge)
                                  0.000000    0.000000   clock network delay (ideal)
                                  0.250000    0.250000   clock uncertainty
                                  0.000000    0.250000   clock reconvergence pessimism
                               -100.000000  -99.750000   output external delay
                                            -99.750000   data required time
---------------------------------------------------------------------------------------------
                                            -99.750000   data required time
                                             -0.276294   data arrival time
---------------------------------------------------------------------------------------------
                                            100.026291   slack (MET)


Startpoint: _163_ (rising edge-triggered flip-flop clocked by clk)
Endpoint: dac_in_n[2] (output port clocked by clk)
Path Group: clk
Path Type: min

Fanout         Cap        Slew       Delay        Time   Description
---------------------------------------------------------------------------------------------
                      0.150000    0.000000    0.000000   clock clk (rise edge)
                                  0.000000    0.000000   clock network delay (ideal)
                      0.150000    0.000000    0.000000 ^ _163_/CLK (sky130_fd_sc_hd__dfxtp_2)
     4    0.042315    0.073963    0.276182    0.276182 v _163_/Q (sky130_fd_sc_hd__dfxtp_2)
                                                         dac_in[2] (net)
                      0.073963    0.000000    0.276182 v _079_/A (sky130_fd_sc_hd__inv_2)
     1    0.033442    0.119966    0.117760    0.393942 ^ _079_/Y (sky130_fd_sc_hd__inv_2)
                                                         dac_in_n[2] (net)
                      0.119966    0.000000    0.393942 ^ dac_in_n[2] (out)
                                              0.393942   data arrival time

                      0.150000    0.000000    0.000000   clock clk (rise edge)
                                  0.000000    0.000000   clock network delay (ideal)
                                  0.250000    0.250000   clock uncertainty
                                  0.000000    0.250000   clock reconvergence pessimism
                               -100.000000  -99.750000   output external delay
                                            -99.750000   data required time
---------------------------------------------------------------------------------------------
                                            -99.750000   data required time
                                             -0.393942   data arrival time
---------------------------------------------------------------------------------------------
                                            100.143936   slack (MET)


Startpoint: _167_ (rising edge-triggered flip-flop clocked by clk)
Endpoint: dac_in_n[6] (output port clocked by clk)
Path Group: clk
Path Type: min

Fanout         Cap        Slew       Delay        Time   Description
---------------------------------------------------------------------------------------------
                      0.150000    0.000000    0.000000   clock clk (rise edge)
                                  0.000000    0.000000   clock network delay (ideal)
                      0.150000    0.000000    0.000000 ^ _167_/CLK (sky130_fd_sc_hd__dfxtp_2)
     4    0.042315    0.073963    0.276182    0.276182 v _167_/Q (sky130_fd_sc_hd__dfxtp_2)
                                                         dac_in[6] (net)
                      0.073963    0.000000    0.276182 v _075_/A (sky130_fd_sc_hd__inv_2)
     1    0.033442    0.119966    0.117760    0.393942 ^ _075_/Y (sky130_fd_sc_hd__inv_2)
                                                         dac_in_n[6] (net)
                      0.119966    0.000000    0.393942 ^ dac_in_n[6] (out)
                                              0.393942   data arrival time

                      0.150000    0.000000    0.000000   clock clk (rise edge)
                                  0.000000    0.000000   clock network delay (ideal)
                                  0.250000    0.250000   clock uncertainty
                                  0.000000    0.250000   clock reconvergence pessimism
                               -100.000000  -99.750000   output external delay
                                            -99.750000   data required time
---------------------------------------------------------------------------------------------
                                            -99.750000   data required time
                                             -0.393942   data arrival time
---------------------------------------------------------------------------------------------
                                            100.143936   slack (MET)


Startpoint: _161_ (rising edge-triggered flip-flop clocked by clk)
Endpoint: dac_in_n[0] (output port clocked by clk)
Path Group: clk
Path Type: min

Fanout         Cap        Slew       Delay        Time   Description
---------------------------------------------------------------------------------------------
                      0.150000    0.000000    0.000000   clock clk (rise edge)
                                  0.000000    0.000000   clock network delay (ideal)
                      0.150000    0.000000    0.000000 ^ _161_/CLK (sky130_fd_sc_hd__dfxtp_2)
     4    0.042401    0.074083    0.276294    0.276294 v _161_/Q (sky130_fd_sc_hd__dfxtp_2)
                                                         dac_in[0] (net)
                      0.074083    0.000000    0.276294 v _081_/A (sky130_fd_sc_hd__inv_2)
     1    0.033442    0.119973    0.117809    0.394103 ^ _081_/Y (sky130_fd_sc_hd__inv_2)
                                                         dac_in_n[0] (net)
                      0.119973    0.000000    0.394103 ^ dac_in_n[0] (out)
                                              0.394103   data arrival time

                      0.150000    0.000000    0.000000   clock clk (rise edge)
                                  0.000000    0.000000   clock network delay (ideal)
                                  0.250000    0.250000   clock uncertainty
                                  0.000000    0.250000   clock reconvergence pessimism
                               -100.000000  -99.750000   output external delay
                                            -99.750000   data required time
---------------------------------------------------------------------------------------------
                                            -99.750000   data required time
                                             -0.394103   data arrival time
---------------------------------------------------------------------------------------------
                                            100.144104   slack (MET)


Startpoint: _162_ (rising edge-triggered flip-flop clocked by clk)
Endpoint: dac_in_n[1] (output port clocked by clk)
Path Group: clk
Path Type: min

Fanout         Cap        Slew       Delay        Time   Description
---------------------------------------------------------------------------------------------
                      0.150000    0.000000    0.000000   clock clk (rise edge)
                                  0.000000    0.000000   clock network delay (ideal)
                      0.150000    0.000000    0.000000 ^ _162_/CLK (sky130_fd_sc_hd__dfxtp_2)
     3    0.040657    0.158710    0.314643    0.314643 ^ _162_/Q (sky130_fd_sc_hd__dfxtp_2)
                                                         dac_in[1] (net)
                      0.158710    0.000000    0.314643 ^ _080_/A (sky130_fd_sc_hd__inv_2)
     2    0.035731    0.079496    0.080333    0.394976 v _080_/Y (sky130_fd_sc_hd__inv_2)
                                                         dac_in_n[1] (net)
                      0.079496    0.000000    0.394976 v dac_in_n[1] (out)
                                              0.394976   data arrival time

                      0.150000    0.000000    0.000000   clock clk (rise edge)
                                  0.000000    0.000000   clock network delay (ideal)
                                  0.250000    0.250000   clock uncertainty
                                  0.000000    0.250000   clock reconvergence pessimism
                               -100.000000  -99.750000   output external delay
                                            -99.750000   data required time
---------------------------------------------------------------------------------------------
                                            -99.750000   data required time
                                             -0.394976   data arrival time
---------------------------------------------------------------------------------------------
                                            100.144974   slack (MET)


Startpoint: _165_ (rising edge-triggered flip-flop clocked by clk)
Endpoint: dac_in_n[4] (output port clocked by clk)
Path Group: clk
Path Type: min

Fanout         Cap        Slew       Delay        Time   Description
---------------------------------------------------------------------------------------------
                      0.150000    0.000000    0.000000   clock clk (rise edge)
                                  0.000000    0.000000   clock network delay (ideal)
                      0.150000    0.000000    0.000000 ^ _165_/CLK (sky130_fd_sc_hd__dfxtp_2)
     3    0.040657    0.158710    0.314643    0.314643 ^ _165_/Q (sky130_fd_sc_hd__dfxtp_2)
                                                         dac_in[4] (net)
                      0.158710    0.000000    0.314643 ^ _077_/A (sky130_fd_sc_hd__inv_2)
     2    0.035731    0.079496    0.080333    0.394976 v _077_/Y (sky130_fd_sc_hd__inv_2)
                                                         dac_in_n[4] (net)
                      0.079496    0.000000    0.394976 v dac_in_n[4] (out)
                                              0.394976   data arrival time

                      0.150000    0.000000    0.000000   clock clk (rise edge)
                                  0.000000    0.000000   clock network delay (ideal)
                                  0.250000    0.250000   clock uncertainty
                                  0.000000    0.250000   clock reconvergence pessimism
                               -100.000000  -99.750000   output external delay
                                            -99.750000   data required time
---------------------------------------------------------------------------------------------
                                            -99.750000   data required time
                                             -0.394976   data arrival time
---------------------------------------------------------------------------------------------
                                            100.144974   slack (MET)


Startpoint: _166_ (rising edge-triggered flip-flop clocked by clk)
Endpoint: dac_in_n[5] (output port clocked by clk)
Path Group: clk
Path Type: min

Fanout         Cap        Slew       Delay        Time   Description
---------------------------------------------------------------------------------------------
                      0.150000    0.000000    0.000000   clock clk (rise edge)
                                  0.000000    0.000000   clock network delay (ideal)
                      0.150000    0.000000    0.000000 ^ _166_/CLK (sky130_fd_sc_hd__dfxtp_2)
     3    0.040657    0.158710    0.314643    0.314643 ^ _166_/Q (sky130_fd_sc_hd__dfxtp_2)
                                                         dac_in[5] (net)
                      0.158710    0.000000    0.314643 ^ _076_/A (sky130_fd_sc_hd__inv_2)
     2    0.035731    0.079496    0.080333    0.394976 v _076_/Y (sky130_fd_sc_hd__inv_2)
                                                         dac_in_n[5] (net)
                      0.079496    0.000000    0.394976 v dac_in_n[5] (out)
                                              0.394976   data arrival time

                      0.150000    0.000000    0.000000   clock clk (rise edge)
                                  0.000000    0.000000   clock network delay (ideal)
                                  0.250000    0.250000   clock uncertainty
                                  0.000000    0.250000   clock reconvergence pessimism
                               -100.000000  -99.750000   output external delay
                                            -99.750000   data required time
---------------------------------------------------------------------------------------------
                                            -99.750000   data required time
                                             -0.394976   data arrival time
---------------------------------------------------------------------------------------------
                                            100.144974   slack (MET)


Startpoint: _164_ (rising edge-triggered flip-flop clocked by clk)
Endpoint: dac_in_n[3] (output port clocked by clk)
Path Group: clk
Path Type: min

Fanout         Cap        Slew       Delay        Time   Description
---------------------------------------------------------------------------------------------
                      0.150000    0.000000    0.000000   clock clk (rise edge)
                                  0.000000    0.000000   clock network delay (ideal)
                      0.150000    0.000000    0.000000 ^ _164_/CLK (sky130_fd_sc_hd__dfxtp_2)
     3    0.040657    0.158710    0.314643    0.314643 ^ _164_/Q (sky130_fd_sc_hd__dfxtp_2)
                                                         dac_in[3] (net)
                      0.158710    0.000000    0.314643 ^ _078_/A (sky130_fd_sc_hd__inv_2)
     2    0.037657    0.081876    0.083570    0.398213 v _078_/Y (sky130_fd_sc_hd__inv_2)
                                                         dac_in_n[3] (net)
                      0.081876    0.000000    0.398213 v dac_in_n[3] (out)
                                              0.398213   data arrival time

                      0.150000    0.000000    0.000000   clock clk (rise edge)
                                  0.000000    0.000000   clock network delay (ideal)
                                  0.250000    0.250000   clock uncertainty
                                  0.000000    0.250000   clock reconvergence pessimism
                               -100.000000  -99.750000   output external delay
                                            -99.750000   data required time
---------------------------------------------------------------------------------------------
                                            -99.750000   data required time
                                             -0.398213   data arrival time
---------------------------------------------------------------------------------------------
                                            100.148216   slack (MET)


Startpoint: _168_ (rising edge-triggered flip-flop clocked by clk)
Endpoint: dac_in_n[7] (output port clocked by clk)
Path Group: clk
Path Type: min

Fanout         Cap        Slew       Delay        Time   Description
---------------------------------------------------------------------------------------------
                      0.150000    0.000000    0.000000   clock clk (rise edge)
                                  0.000000    0.000000   clock network delay (ideal)
                      0.150000    0.000000    0.000000 ^ _168_/CLK (sky130_fd_sc_hd__dfxtp_2)
     3    0.040657    0.158710    0.314643    0.314643 ^ _168_/Q (sky130_fd_sc_hd__dfxtp_2)
                                                         dac_in[7] (net)
                      0.158710    0.000000    0.314643 ^ _074_/A (sky130_fd_sc_hd__inv_2)
     2    0.037657    0.081876    0.083570    0.398213 v _074_/Y (sky130_fd_sc_hd__inv_2)
                                                         dac_in_n[7] (net)
                      0.081876    0.000000    0.398213 v dac_in_n[7] (out)
                                              0.398213   data arrival time

                      0.150000    0.000000    0.000000   clock clk (rise edge)
                                  0.000000    0.000000   clock network delay (ideal)
                                  0.250000    0.250000   clock uncertainty
                                  0.000000    0.250000   clock reconvergence pessimism
                               -100.000000  -99.750000   output external delay
                                            -99.750000   data required time
---------------------------------------------------------------------------------------------
                                            -99.750000   data required time
                                             -0.398213   data arrival time
---------------------------------------------------------------------------------------------
                                            100.148216   slack (MET)


Startpoint: _152_ (rising edge-triggered flip-flop clocked by clk')
Endpoint: comparator_clk (output port clocked by clk)
Path Group: clk
Path Type: min

Fanout         Cap        Slew       Delay        Time   Description
---------------------------------------------------------------------------------------------
                      0.150000  250.000000  250.000000   clock clk' (rise edge)
                                  0.000000  250.000000   clock network delay (ideal)
                      0.150000    0.000000  250.000000 ^ _152_/CLK (sky130_fd_sc_hd__dfxtp_2)
    12    0.059871    0.099773    0.296666  250.296677 v _152_/Q (sky130_fd_sc_hd__dfxtp_2)
                                                         comparator_clk (net)
                      0.099773    0.000000  250.296677 v comparator_clk (out)
                                            250.296677   data arrival time

                      0.150000    0.000000    0.000000   clock clk (rise edge)
                                  0.000000    0.000000   clock network delay (ideal)
                                  0.250000    0.250000   clock uncertainty
                                  0.000000    0.250000   clock reconvergence pessimism
                               -100.000000  -99.750000   output external delay
                                            -99.750000   data required time
---------------------------------------------------------------------------------------------
                                            -99.750000   data required time
                                           -250.296677   data arrival time
---------------------------------------------------------------------------------------------
                                            350.046661   slack (MET)



