Clock: clk
Sources: clk 
Generated: no
Virtual: yes
Propagated: no
Period: 250.000000

===========================================================================
report_clock_properties
============================================================================
Clock                   Period          Waveform
----------------------------------------------------
clk                 250.000000    0.000000125.000000

===========================================================================
report_clock_latency
============================================================================
Clock clk
rise -> rise
    min     max
0.000000 0.000000 source latency
0.578318         network latency _165_/CLK
        0.580498 network latency _171_/CLK
---------------
0.578318 0.580498 latency
        0.002180 skew

rise -> fall
    min     max
0.000000 0.000000 source latency
0.637351         network latency _152_/CLK
        0.637351 network latency _152_/CLK
---------------
0.637351 0.637351 latency
        0.000000 skew

fall -> rise
    min     max
0.000000 0.000000 source latency
0.639034         network latency _152_/CLK
        0.639034 network latency _152_/CLK
---------------
0.639034 0.639034 latency
        0.000000 skew

fall -> fall
    min     max
0.000000 0.000000 source latency
0.572754         network latency _165_/CLK
        0.573863 network latency _171_/CLK
---------------
0.572754 0.573863 latency
        0.001108 skew



===========================================================================
report_clock_min_period
============================================================================
clk period_min = 4.39 fmax = 227.54
