
===========================================================================
 report_power
============================================================================
======================= nom_ss_100C_1v60 Corner ===================================

Group                    Internal    Switching      Leakage        Total
                            Power        Power        Power        Power (Watts)
------------------------------------------------------------------------
Sequential           2.665592e-06 8.094156e-08 2.895736e-07 3.036108e-06  42.4%
Combinational        2.452468e-07 4.848077e-07 5.882586e-07 1.318313e-06  18.4%
Clock                1.784851e-06 9.605350e-07 6.227631e-08 2.807662e-06  39.2%
Macro                0.000000e+00 0.000000e+00 0.000000e+00 0.000000e+00   0.0%
Pad                  0.000000e+00 0.000000e+00 0.000000e+00 0.000000e+00   0.0%
------------------------------------------------------------------------
Total                4.695690e-06 1.526284e-06 9.401082e-07 7.162083e-06 100.0%
                            65.6%        21.3%        13.1%

