Clock: clk
Sources: clk 
Generated: no
Virtual: yes
Propagated: no
Period: 500.000000

===========================================================================
report_clock_properties
============================================================================
Clock                   Period          Waveform
----------------------------------------------------
clk                 500.000000    0.000000250.000000

===========================================================================
report_clock_latency
============================================================================
Clock clk
rise -> rise
    min     max
0.000000 0.000000 source latency
0.560628         network latency _157_/CLK
        0.564420 network latency _172_/CLK
---------------
0.560628 0.564420 latency
        0.003792 skew

rise -> fall
    min     max
0.000000 0.000000 source latency
0.617863         network latency _152_/CLK
        0.617863 network latency _152_/CLK
---------------
0.617863 0.617863 latency
        0.000000 skew

fall -> rise
    min     max
0.000000 0.000000 source latency
0.625874         network latency _152_/CLK
        0.625874 network latency _152_/CLK
---------------
0.625874 0.625874 latency
        0.000000 skew

fall -> fall
    min     max
0.000000 0.000000 source latency
0.561869         network latency _157_/CLK
        0.564285 network latency _172_/CLK
---------------
0.561869 0.564285 latency
        0.002416 skew



===========================================================================
report_clock_min_period
============================================================================
clk period_min = 4.65 fmax = 215.19
