
===========================================================================
 report_power
============================================================================
======================= min_ss_100C_1v60 Corner ===================================

Group                    Internal    Switching      Leakage        Total
                            Power        Power        Power        Power (Watts)
------------------------------------------------------------------------
Sequential           1.332163e-06 3.566821e-08 2.909328e-07 1.658764e-06  40.8%
Combinational        1.241909e-07 2.307549e-07 6.121849e-07 9.671306e-07  23.8%
Clock                8.936362e-07 4.880000e-07 6.228606e-08 1.443922e-06  35.5%
Macro                0.000000e+00 0.000000e+00 0.000000e+00 0.000000e+00   0.0%
Pad                  0.000000e+00 0.000000e+00 0.000000e+00 0.000000e+00   0.0%
------------------------------------------------------------------------
Total                2.349990e-06 7.544230e-07 9.654036e-07 4.069817e-06 100.0%
                            57.7%        18.5%        23.7%

