Clock: clk
Sources: clk 
Generated: no
Virtual: yes
Propagated: no
Period: 50.000000

===========================================================================
report_clock_properties
============================================================================
Clock                   Period          Waveform
----------------------------------------------------
clk                  50.000000    0.000000 25.000000

===========================================================================
report_clock_latency
============================================================================
Clock clk
rise -> rise
    min     max
0.000000 0.000000 source latency
0.346718         network latency _112_/CLK
        0.347540 network latency _119_/CLK
---------------
0.346718 0.347540 latency
        0.000822 skew

fall -> fall
    min     max
0.000000 0.000000 source latency
0.326036         network latency _112_/CLK
        0.326805 network latency _119_/CLK
---------------
0.326036 0.326805 latency
        0.000769 skew



===========================================================================
report_clock_min_period
============================================================================
clk period_min = 2.80 fmax = 356.88
