Clock: clk
Sources: clk 
Generated: no
Virtual: yes
Propagated: no
Period: 500.000000

===========================================================================
report_clock_properties
============================================================================
Clock                   Period          Waveform
----------------------------------------------------
clk                 500.000000    0.000000250.000000

===========================================================================
report_clock_latency
============================================================================
Clock clk
rise -> rise
    min     max
0.000000 0.000000 source latency
0.323719         network latency _157_/CLK
        0.325753 network latency _172_/CLK
---------------
0.323719 0.325753 latency
        0.002034 skew

rise -> fall
    min     max
0.000000 0.000000 source latency
0.350634         network latency _152_/CLK
        0.350634 network latency _152_/CLK
---------------
0.350634 0.350634 latency
        0.000000 skew

fall -> rise
    min     max
0.000000 0.000000 source latency
0.352713         network latency _152_/CLK
        0.352713 network latency _152_/CLK
---------------
0.352713 0.352713 latency
        0.000000 skew

fall -> fall
    min     max
0.000000 0.000000 source latency
0.314287         network latency _157_/CLK
        0.315424 network latency _162_/CLK
---------------
0.314287 0.315424 latency
        0.001137 skew



===========================================================================
report_clock_min_period
============================================================================
clk period_min = 2.49 fmax = 402.07
