┏━━━━━━━━━━━━━━━━━━━━━━┳━━━━━━━━━━┳━━━━━━━━━━┳━━━━━━━━━━┳━━━━━━━━━━┳━━━━━━━━━━━┳━━━━━━━━━━┳━━━━━━━━━━━┳━━━━━━━━━━┳━━━━━━━━━━━┳━━━━━━━━━━┳━━━━━━━━━━━┳━━━━━━━━━━┓
┃                      ┃ Hold     ┃ Reg to   ┃          ┃          ┃ of which  ┃ Setup    ┃           ┃          ┃           ┃ of which ┃           ┃          ┃
┃                      ┃ Worst    ┃ Reg      ┃          ┃ Hold Vio ┃ reg to    ┃ Worst    ┃ Reg to    ┃ Setup    ┃ Setup Vio ┃ reg to   ┃ Max Cap   ┃ Max Slew ┃
┃ Corner/Group         ┃ Slack    ┃ Paths    ┃ Hold TNS ┃ Count    ┃ reg       ┃ Slack    ┃ Reg Paths ┃ TNS      ┃ Count     ┃ reg      ┃ Violatio… ┃ Violati… ┃
┡━━━━━━━━━━━━━━━━━━━━━━╇━━━━━━━━━━╇━━━━━━━━━━╇━━━━━━━━━━╇━━━━━━━━━━╇━━━━━━━━━━━╇━━━━━━━━━━╇━━━━━━━━━━━╇━━━━━━━━━━╇━━━━━━━━━━━╇━━━━━━━━━━╇━━━━━━━━━━━╇━━━━━━━━━━┩
│ Overall              │ 0.1136   │ 0.1136   │ 0.0000   │ 0        │ 0         │ 147.8228 │ 246.5418  │ 0.0000   │ 0         │ 0        │ 0         │ 5        │
│ nom_tt_025C_1v80     │ 0.3145   │ 0.3145   │ 0.0000   │ 0        │ 0         │ 148.7204 │ 248.1749  │ 0.0000   │ 0         │ 0        │ 0         │ 0        │
│ nom_ss_100C_1v60     │ 0.8646   │ 0.8646   │ 0.0000   │ 0        │ 0         │ 147.8414 │ 246.5770  │ 0.0000   │ 0         │ 0        │ 0         │ 5        │
│ nom_ff_n40C_1v95     │ 0.1165   │ 0.1165   │ 0.0000   │ 0        │ 0         │ 149.0645 │ 248.7597  │ 0.0000   │ 0         │ 0        │ 0         │ 0        │
│ min_tt_025C_1v80     │ 0.3103   │ 0.3103   │ 0.0000   │ 0        │ 0         │ 148.7409 │ 248.2036  │ 0.0000   │ 0         │ 0        │ 0         │ 0        │
│ min_ss_100C_1v60     │ 0.8562   │ 0.8562   │ 0.0000   │ 0        │ 0         │ 147.8775 │ 246.6361  │ 0.0000   │ 0         │ 0        │ 0         │ 5        │
│ min_ff_n40C_1v95     │ 0.1136   │ 0.1136   │ 0.0000   │ 0        │ 0         │ 149.0777 │ 248.7778  │ 0.0000   │ 0         │ 0        │ 0         │ 0        │
│ max_tt_025C_1v80     │ 0.3187   │ 0.3187   │ 0.0000   │ 0        │ 0         │ 148.7094 │ 248.1580  │ 0.0000   │ 0         │ 0        │ 0         │ 0        │
│ max_ss_100C_1v60     │ 0.8727   │ 0.8727   │ 0.0000   │ 0        │ 0         │ 147.8228 │ 246.5418  │ 0.0000   │ 0         │ 0        │ 0         │ 5        │
│ max_ff_n40C_1v95     │ 0.1194   │ 0.1194   │ 0.0000   │ 0        │ 0         │ 149.0565 │ 248.7487  │ 0.0000   │ 0         │ 0        │ 0         │ 0        │
└──────────────────────┴──────────┴──────────┴──────────┴──────────┴───────────┴──────────┴───────────┴──────────┴───────────┴──────────┴───────────┴──────────┘
