                                                                       Cells by Function                                                                        
┏━━━━━━━━━━━━━━━━━━━━━━━━━━━━━━━━━━━━━━━━━━━━━━━━━━━━━━━━━━━━━━━━━━━━━━━━━━━━━━━━━━━━━━━━━━━━━━━━━━━━━━━━━━━━━━━━━━━━━━━━━━━━━━━━┳━━━━━━━━━━━━━━━━━━━━━━━━━━━━━┓
┃ Cell Function                                                                                                                  ┃ Count                       ┃
┡━━━━━━━━━━━━━━━━━━━━━━━━━━━━━━━━━━━━━━━━━━━━━━━━━━━━━━━━━━━━━━━━━━━━━━━━━━━━━━━━━━━━━━━━━━━━━━━━━━━━━━━━━━━━━━━━━━━━━━━━━━━━━━━━╇━━━━━━━━━━━━━━━━━━━━━━━━━━━━━┩
│ sky130_ef_sc_hd__decap                                                                                                         │ 97                          │
│ sky130_fd_sc_hd__a211o                                                                                                         │ 1                           │
│ sky130_fd_sc_hd__a21o                                                                                                          │ 4                           │
│ sky130_fd_sc_hd__a21oi                                                                                                         │ 3                           │
│ sky130_fd_sc_hd__a31oi                                                                                                         │ 3                           │
│ sky130_fd_sc_hd__a32o                                                                                                          │ 1                           │
│ sky130_fd_sc_hd__and2                                                                                                          │ 3                           │
│ sky130_fd_sc_hd__and2b                                                                                                         │ 3                           │
│ sky130_fd_sc_hd__and3                                                                                                          │ 4                           │
│ sky130_fd_sc_hd__and3b                                                                                                         │ 1                           │
│ sky130_fd_sc_hd__and4bb                                                                                                        │ 2                           │
│ sky130_fd_sc_hd__buf                                                                                                           │ 32                          │
│ sky130_fd_sc_hd__clkbuf                                                                                                        │ 5                           │
│ sky130_fd_sc_hd__clkinvlp                                                                                                      │ 1                           │
│ sky130_fd_sc_hd__decap                                                                                                         │ 117                         │
│ sky130_fd_sc_hd__dfxtp                                                                                                         │ 21                          │
│ sky130_fd_sc_hd__dlygate4sd3                                                                                                   │ 8                           │
│ sky130_fd_sc_hd__fill                                                                                                          │ 65                          │
│ sky130_fd_sc_hd__inv                                                                                                           │ 12                          │
│ sky130_fd_sc_hd__nand2                                                                                                         │ 5                           │
│ sky130_fd_sc_hd__nand3                                                                                                         │ 3                           │
│ sky130_fd_sc_hd__nand4                                                                                                         │ 1                           │
│ sky130_fd_sc_hd__nor2                                                                                                          │ 1                           │
│ sky130_fd_sc_hd__nor3b                                                                                                         │ 1                           │
│ sky130_fd_sc_hd__nor4b                                                                                                         │ 1                           │
│ sky130_fd_sc_hd__o2111a                                                                                                        │ 1                           │
│ sky130_fd_sc_hd__o211a                                                                                                         │ 9                           │
│ sky130_fd_sc_hd__o21a                                                                                                          │ 3                           │
│ sky130_fd_sc_hd__o31a                                                                                                          │ 2                           │
│ sky130_fd_sc_hd__o41a                                                                                                          │ 2                           │
│ sky130_fd_sc_hd__or2                                                                                                           │ 10                          │
│ sky130_fd_sc_hd__or3b                                                                                                          │ 1                           │
│ sky130_fd_sc_hd__or4                                                                                                           │ 2                           │
│ sky130_fd_sc_hd__or4b                                                                                                          │ 1                           │
│ sky130_fd_sc_hd__tapvpwrvgnd                                                                                                   │ 60                          │
└────────────────────────────────────────────────────────────────────────────────────────────────────────────────────────────────┴─────────────────────────────┘
