Clock: clk
Sources: clk 
Generated: no
Virtual: yes
Propagated: no
Period: 500.000000

===========================================================================
report_clock_properties
============================================================================
Clock                   Period          Waveform
----------------------------------------------------
clk                 500.000000    0.000000250.000000

===========================================================================
report_clock_latency
============================================================================
Clock clk
rise -> rise
    min     max
0.000000 0.000000 source latency
0.224531         network latency _157_/CLK
        0.226235 network latency _172_/CLK
---------------
0.224531 0.226235 latency
        0.001705 skew

rise -> fall
    min     max
0.000000 0.000000 source latency
0.238335         network latency _152_/CLK
        0.238335 network latency _152_/CLK
---------------
0.238335 0.238335 latency
        0.000000 skew

fall -> rise
    min     max
0.000000 0.000000 source latency
0.241045         network latency _152_/CLK
        0.241045 network latency _152_/CLK
---------------
0.241045 0.241045 latency
        0.000000 skew

fall -> fall
    min     max
0.000000 0.000000 source latency
0.213589         network latency _157_/CLK
        0.214527 network latency _172_/CLK
---------------
0.213589 0.214527 latency
        0.000938 skew



===========================================================================
report_clock_min_period
============================================================================
clk period_min = 1.67 fmax = 598.56
