
===========================================================================
report_checks -unconstrained
===========================================================================
======================= max_ss_100C_1v60 Corner ===================================

Startpoint: _152_ (rising edge-triggered flip-flop clocked by clk')
Endpoint: comparator_clk (output port clocked by clk)
Path Group: clk
Path Type: max

Fanout         Cap        Slew       Delay        Time   Description
---------------------------------------------------------------------------------------------
                                250.000000  250.000000   clock clk' (rise edge)
                                  0.000000  250.000000   clock source latency
     1    0.015264    0.068965    0.047578  250.047577 v clk (in)
                                                         clk (net)
                      0.068976    0.000000  250.047577 v clkbuf_0_clk/A (sky130_fd_sc_hd__clkbuf_16)
     2    0.016883    0.054502    0.252840  250.300430 v clkbuf_0_clk/X (sky130_fd_sc_hd__clkbuf_16)
                                                         clknet_0_clk (net)
                      0.054502    0.000739  250.301163 v clkbuf_1_0__f_clk/A (sky130_fd_sc_hd__clkbuf_16)
    12    0.037064    0.073987    0.269182  250.570343 v clkbuf_1_0__f_clk/X (sky130_fd_sc_hd__clkbuf_16)
                                                         clknet_1_0__leaf_clk (net)
                      0.074075    0.002274  250.572617 v _083__1/A (sky130_fd_sc_hd__inv_2)
     1    0.002311    0.033437    0.065768  250.638382 ^ _083__1/Y (sky130_fd_sc_hd__inv_2)
                                                         net35 (net)
                      0.033437    0.000142  250.638535 ^ _152_/CLK (sky130_fd_sc_hd__dfxtp_1)
     3    0.023205    0.352655    0.820194  251.458725 ^ _152_/Q (sky130_fd_sc_hd__dfxtp_1)
                                                         net11 (net)
                      0.352657    0.001478  251.460205 ^ output11/A (sky130_fd_sc_hd__buf_2)
     1    0.034354    0.273863    0.465349  251.925552 ^ output11/X (sky130_fd_sc_hd__buf_2)
                                                         comparator_clk (net)
                      0.273869    0.001620  251.927170 ^ comparator_clk (out)
                                            251.927170   data arrival time

                                500.000000  500.000000   clock clk (rise edge)
                                  0.000000  500.000000   clock network delay (propagated)
                                 -0.250000  499.750031   clock uncertainty
                                  0.000000  499.750031   clock reconvergence pessimism
                               -100.000000  399.750031   output external delay
                                            399.750031   data required time
---------------------------------------------------------------------------------------------
                                            399.750031   data required time
                                           -251.927170   data arrival time
---------------------------------------------------------------------------------------------
                                            147.822845   slack (MET)




===========================================================================
report_checks --slack_max -0.01
============================================================================
======================= max_ss_100C_1v60 Corner ===================================

No paths found.


===========================================================================
 report_check_types -max_slew -max_cap -max_fanout -violators
============================================================================
======================= max_ss_100C_1v60 Corner ===================================

max slew

Pin                                        Limit        Slew       Slack
------------------------------------------------------------------------
_085_/Y                                 0.750000    1.202292   -0.452292 (VIOLATED)
_091_/B                                 0.750000    1.202292   -0.452292 (VIOLATED)
_095_/B                                 0.750000    1.202292   -0.452292 (VIOLATED)
_097_/B                                 0.750000    1.202292   -0.452292 (VIOLATED)
wire29/A                                0.750000    1.202292   -0.452292 (VIOLATED)

max fanout

Pin                                   Limit Fanout  Slack
---------------------------------------------------------
clkbuf_1_0__f_clk/X                      10     12     -2 (VIOLATED)



===========================================================================
report_parasitic_annotation -report_unannotated
============================================================================
Found 1 unannotated drivers.
 clkload0/Y
Found 0 partially unannotated drivers.

===========================================================================
max slew violation count 5
max fanout violation count 1
max cap violation count 0
============================================================================

===========================================================================
check_setup -verbose -unconstrained_endpoints -multiple_clock -no_clock -no_input_delay -loops -generated_clocks
===========================================================================
