Clock: clk
Sources: clk 
Generated: no
Virtual: yes
Propagated: no
Period: 500.000000

===========================================================================
report_clock_properties
============================================================================
Clock                   Period          Waveform
----------------------------------------------------
clk                 500.000000    0.000000250.000000

===========================================================================
report_clock_latency
============================================================================
Clock clk
rise -> rise
    min     max
0.000000 0.000000 source latency
0.574938         network latency _157_/CLK
        0.579285 network latency _172_/CLK
---------------
0.574938 0.579285 latency
        0.004347 skew

rise -> fall
    min     max
0.000000 0.000000 source latency
0.634258         network latency _152_/CLK
        0.634258 network latency _152_/CLK
---------------
0.634258 0.634258 latency
        0.000000 skew

fall -> rise
    min     max
0.000000 0.000000 source latency
0.638522         network latency _152_/CLK
        0.638522 network latency _152_/CLK
---------------
0.638522 0.638522 latency
        0.000000 skew

fall -> fall
    min     max
0.000000 0.000000 source latency
0.571987         network latency _157_/CLK
        0.574829 network latency _172_/CLK
---------------
0.571987 0.574829 latency
        0.002842 skew



===========================================================================
report_clock_min_period
============================================================================
clk period_min = 4.80 fmax = 208.12
