
===========================================================================
 report_power
============================================================================
======================= max_ss_100C_1v60 Corner ===================================

Group                    Internal    Switching      Leakage        Total
                            Power        Power        Power        Power (Watts)
------------------------------------------------------------------------
Sequential           1.330704e-06 3.852809e-08 2.909328e-07 1.660165e-06  40.4%
Combinational        1.241238e-07 2.400566e-07 6.121849e-07 9.763653e-07  23.7%
Clock                8.963012e-07 5.169121e-07 6.228606e-08 1.475499e-06  35.9%
Macro                0.000000e+00 0.000000e+00 0.000000e+00 0.000000e+00   0.0%
Pad                  0.000000e+00 0.000000e+00 0.000000e+00 0.000000e+00   0.0%
------------------------------------------------------------------------
Total                2.351129e-06 7.954968e-07 9.654036e-07 4.112030e-06 100.0%
                            57.2%        19.3%        23.5%

