Clock: clk
Sources: clk 
Generated: no
Virtual: yes
Propagated: no
Period: 250.000000

===========================================================================
report_clock_properties
============================================================================
Clock                   Period          Waveform
----------------------------------------------------
clk                 250.000000    0.000000125.000000

===========================================================================
report_clock_latency
============================================================================
Clock clk
rise -> rise
    min     max
0.000000 0.000000 source latency
0.334256         network latency _165_/CLK
        0.335830 network latency _171_/CLK
---------------
0.334256 0.335830 latency
        0.001573 skew

rise -> fall
    min     max
0.000000 0.000000 source latency
0.362528         network latency _152_/CLK
        0.362528 network latency _152_/CLK
---------------
0.362528 0.362528 latency
        0.000000 skew

fall -> rise
    min     max
0.000000 0.000000 source latency
0.360160         network latency _152_/CLK
        0.360160 network latency _152_/CLK
---------------
0.360160 0.360160 latency
        0.000000 skew

fall -> fall
    min     max
0.000000 0.000000 source latency
0.320171         network latency _165_/CLK
        0.321137 network latency _171_/CLK
---------------
0.320171 0.321137 latency
        0.000966 skew



===========================================================================
report_clock_min_period
============================================================================
clk period_min = 2.31 fmax = 432.59
