Reading OpenROAD database at '/home/dt/Documents/madvlsi/final/schematics/controller/librelane/runs/RUN_2025-12-18_16-33-14/25-odb-customioplacement/controller.odb'…
Reading library file at '/usr/local/share/pdk/ciel/sky130/versions/0fe599b2afb6708d281543108caf8310912f54af/sky130A/libs.ref/sky130_fd_sc_hd/lib/sky130_fd_sc_hd__tt_025C_1v80.lib'…
Reading design constraints file at '/nix/store/pqxyc4xmydcs5adig47yyc29r3svp5nx-python3-3.11.9-env/lib/python3.11/site-packages/librelane/scripts/base.sdc'…
[INFO] Using clock clk…
[INFO] Setting output delay to: 100
[INFO] Setting input delay to: 100
[INFO] Setting load to: 0.033442
[INFO] Setting clock uncertainty to: 0.25
[INFO] Setting clock transition to: 0.1499999999999999944488848768742172978818416595458984375
[INFO] Setting timing derate to: 5%
[INFO] Setting RC values…
[INFO] Setting signal min routing layer to: met1 and clock min routing layer to met1. 
[INFO] Setting signal max routing layer to: met4 and clock max routing layer to met4. 
+ global_placement -density 0.424399 -timing_driven -routability_driven -pad_right 0 -pad_left 0 -init_wirelength_coef 0.25
[INFO GPL-0002] DBU: 1000
[INFO GPL-0003] SiteSize: (  0.460  2.720 ) um
[INFO GPL-0004] CoreBBox: (  5.520 10.880 ) ( 139.380 38.080 ) um
[INFO GPL-0006] NumInstances:               181
[INFO GPL-0007] NumPlaceInstances:          101
[INFO GPL-0008] NumFixedInstances:           80
[INFO GPL-0009] NumDummyInstances:            0
[INFO GPL-0010] NumNets:                    104
[INFO GPL-0011] NumPins:                    395
[INFO GPL-0012] DieBBox:  (  0.000  0.000 ) ( 145.000 50.000 ) um
[INFO GPL-0013] CoreBBox: (  5.520 10.880 ) ( 139.380 38.080 ) um
[INFO GPL-0016] CoreArea:              3640.992 um^2
[INFO GPL-0017] NonPlaceInstsArea:      150.144 um^2
[INFO GPL-0018] PlaceInstsArea:        1106.061 um^2
[INFO GPL-0019] Util:                    31.685 %
[INFO GPL-0020] StdInstsArea:          1106.061 um^2
[INFO GPL-0021] MacroInstsArea:           0.000 um^2
[InitialPlace]  Iter: 1 CG residual: 0.00000010 HPWL: 4376595
[InitialPlace]  Iter: 2 CG residual: 0.00000010 HPWL: 2575294
[InitialPlace]  Iter: 3 CG residual: 0.00000010 HPWL: 2449887
[InitialPlace]  Iter: 4 CG residual: 0.00000008 HPWL: 2344527
[InitialPlace]  Iter: 5 CG residual: 0.00000009 HPWL: 2295385
[INFO GPL-0031] FillerInit:NumGCells:       136
[INFO GPL-0032] FillerInit:NumGNets:        104
[INFO GPL-0033] FillerInit:NumGPins:        395
[INFO GPL-0023] TargetDensity:            0.424
[INFO GPL-0024] AvrgPlaceInstArea:       10.951 um^2
[INFO GPL-0025] IdealBinArea:            25.804 um^2
[INFO GPL-0026] IdealBinCnt:                141
[INFO GPL-0027] TotalBinArea:          3640.992 um^2
[INFO GPL-0028] BinCnt:        16      4
[INFO GPL-0029] BinSize: (  8.367  6.800 )
[INFO GPL-0030] NumBins: 64
[NesterovSolve] Iter:    1 overflow: 0.794 HPWL: 1974803
[INFO GPL-0100] Timing-driven: executing resizer for reweighting nets.
[INFO GPL-0101] Timing-driven: worst slack 1.49e-07
[INFO GPL-0103] Timing-driven: weighted 10 nets.
[NesterovSolve] Iter:   10 overflow: 0.662 HPWL: 2116652
[NesterovSolve] Iter:   20 overflow: 0.645 HPWL: 2139075
[NesterovSolve] Iter:   30 overflow: 0.637 HPWL: 2150453
[NesterovSolve] Iter:   40 overflow: 0.642 HPWL: 2141277
[NesterovSolve] Iter:   50 overflow: 0.645 HPWL: 2140093
[NesterovSolve] Iter:   60 overflow: 0.640 HPWL: 2144004
[NesterovSolve] Iter:   70 overflow: 0.640 HPWL: 2144155
[NesterovSolve] Iter:   80 overflow: 0.642 HPWL: 2142490
[NesterovSolve] Iter:   90 overflow: 0.642 HPWL: 2142868
[NesterovSolve] Iter:  100 overflow: 0.640 HPWL: 2144462
[NesterovSolve] Iter:  110 overflow: 0.639 HPWL: 2145223
[NesterovSolve] Iter:  120 overflow: 0.639 HPWL: 2146049
[NesterovSolve] Iter:  130 overflow: 0.637 HPWL: 2148402
[INFO GPL-0100] Timing-driven: executing resizer for reweighting nets.
[INFO GPL-0101] Timing-driven: worst slack 1.49e-07
[INFO GPL-0103] Timing-driven: weighted 9 nets.
[NesterovSolve] Iter:  140 overflow: 0.634 HPWL: 2152294
[NesterovSolve] Iter:  150 overflow: 0.631 HPWL: 2157413
[NesterovSolve] Iter:  160 overflow: 0.629 HPWL: 2165177
[NesterovSolve] Iter:  170 overflow: 0.627 HPWL: 2176521
[NesterovSolve] Iter:  180 overflow: 0.621 HPWL: 2193963
[NesterovSolve] Iter:  190 overflow: 0.607 HPWL: 2218152
[NesterovSolve] Snapshot saved at iter = 193
[NesterovSolve] Iter:  200 overflow: 0.578 HPWL: 2233738
[NesterovSolve] Iter:  210 overflow: 0.549 HPWL: 2252759
[NesterovSolve] Iter:  220 overflow: 0.522 HPWL: 2278161
[NesterovSolve] Iter:  230 overflow: 0.489 HPWL: 2299870
[INFO GPL-0100] Timing-driven: executing resizer for reweighting nets.
[INFO GPL-0101] Timing-driven: worst slack 1.49e-07
[INFO GPL-0103] Timing-driven: weighted 10 nets.
[NesterovSolve] Iter:  240 overflow: 0.456 HPWL: 2315458
[NesterovSolve] Iter:  250 overflow: 0.419 HPWL: 2339676
[NesterovSolve] Iter:  260 overflow: 0.378 HPWL: 2375031
[NesterovSolve] Iter:  270 overflow: 0.329 HPWL: 2381346
[INFO GPL-0075] Routability numCall: 1 inflationIterCnt: 1 bloatIterCnt: 0
[INFO GPL-0036] TileBBox: (    0    0 ) ( 6900 6900 ) DBU
[INFO GPL-0038] TileCnt:      21    7
[INFO GPL-0040] NumTiles: 147
[INFO GPL-0081] TotalRouteOverflow: 0
[INFO GPL-0082] OverflowTileCnt: 0
[INFO GPL-0083] 0.5%RC: 0.8223708271980286
[INFO GPL-0084] 1.0%RC: 0.7771219611167908
[INFO GPL-0085] 2.0%RC: 0.760278602441152
[INFO GPL-0086] 5.0%RC: 0.7091853469610214
[INFO GPL-0087] FinalRC: 0.7997464
[INFO GPL-0077] FinalRC lower than targetRC(1.01), routability not needed.
[NesterovSolve] Iter:  280 overflow: 0.280 HPWL: 2405047
[INFO GPL-0100] Timing-driven: executing resizer for reweighting nets.
[INFO GPL-0101] Timing-driven: worst slack 1.49e-07
[INFO GPL-0103] Timing-driven: weighted 10 nets.
[NesterovSolve] Iter:  290 overflow: 0.242 HPWL: 2422603
[NesterovSolve] Iter:  300 overflow: 0.207 HPWL: 2435560
[INFO GPL-0100] Timing-driven: executing resizer for reweighting nets.
[INFO GPL-0101] Timing-driven: worst slack 1.49e-07
[INFO GPL-0103] Timing-driven: weighted 10 nets.
[NesterovSolve] Iter:  310 overflow: 0.186 HPWL: 2460776
[NesterovSolve] Iter:  320 overflow: 0.160 HPWL: 2481681
[INFO GPL-0100] Timing-driven: executing resizer for reweighting nets.
[INFO GPL-0101] Timing-driven: worst slack 1.49e-07
[INFO GPL-0103] Timing-driven: weighted 10 nets.
[NesterovSolve] Iter:  330 overflow: 0.125 HPWL: 2495899
[NesterovSolve] Iter:  340 overflow: 0.106 HPWL: 2507745
[NesterovSolve] Finished with Overflow: 0.098778
[INFO] Setting RC values…
Setting global connections for newly added cells…
[INFO] Setting global connections...
Updating metrics…
Cell type report:                       Count       Area
  Fill cell                                20      75.07
  Tap cell                                 60      75.07
  Inverter                                 12      45.04
  Sequential cell                          21     446.68
  Multi-Input combinational cell           68     614.34
  Total                                   181    1256.20
Writing OpenROAD database to '/home/dt/Documents/madvlsi/final/schematics/controller/librelane/runs/RUN_2025-12-18_16-33-14/27-openroad-globalplacement/controller.odb'…
Writing netlist to '/home/dt/Documents/madvlsi/final/schematics/controller/librelane/runs/RUN_2025-12-18_16-33-14/27-openroad-globalplacement/controller.nl.v'…
Writing powered netlist to '/home/dt/Documents/madvlsi/final/schematics/controller/librelane/runs/RUN_2025-12-18_16-33-14/27-openroad-globalplacement/controller.pnl.v'…
Writing layout to '/home/dt/Documents/madvlsi/final/schematics/controller/librelane/runs/RUN_2025-12-18_16-33-14/27-openroad-globalplacement/controller.def'…
Writing timing constraints to '/home/dt/Documents/madvlsi/final/schematics/controller/librelane/runs/RUN_2025-12-18_16-33-14/27-openroad-globalplacement/controller.sdc'…
