Reading OpenROAD database at '/home/dt/Documents/madvlsi/final/schematics/controller/librelane/runs/RUN_2025-12-16_17-02-26/20-openroad-generatepdn/controller.odb'…
Reading library file at '/usr/local/share/pdk/ciel/sky130/versions/0fe599b2afb6708d281543108caf8310912f54af/sky130A/libs.ref/sky130_fd_sc_hd/lib/sky130_fd_sc_hd__tt_025C_1v80.lib'…
Reading design constraints file at '/nix/store/pqxyc4xmydcs5adig47yyc29r3svp5nx-python3-3.11.9-env/lib/python3.11/site-packages/librelane/scripts/base.sdc'…
[INFO] Using clock clk…
[INFO] Setting output delay to: 10
[INFO] Setting input delay to: 10
[INFO] Setting load to: 0.033442
[INFO] Setting clock uncertainty to: 0.25
[INFO] Setting clock transition to: 0.1499999999999999944488848768742172978818416595458984375
[INFO] Setting timing derate to: 5%
+ global_placement -density 0.424399 -skip_io -pad_right 0 -pad_left 0 -init_wirelength_coef 0.25
[INFO GPL-0002] DBU: 1000
[INFO GPL-0003] SiteSize: (  0.460  2.720 ) um
[INFO GPL-0004] CoreBBox: (  5.520 10.880 ) ( 139.380 38.080 ) um
[INFO GPL-0006] NumInstances:               181
[INFO GPL-0007] NumPlaceInstances:          101
[INFO GPL-0008] NumFixedInstances:           80
[INFO GPL-0009] NumDummyInstances:            0
[INFO GPL-0010] NumNets:                    104
[INFO GPL-0011] NumPins:                    367
[INFO GPL-0012] DieBBox:  (  0.000  0.000 ) ( 145.000 50.000 ) um
[INFO GPL-0013] CoreBBox: (  5.520 10.880 ) ( 139.380 38.080 ) um
[INFO GPL-0016] CoreArea:              3640.992 um^2
[INFO GPL-0017] NonPlaceInstsArea:      150.144 um^2
[INFO GPL-0018] PlaceInstsArea:        1106.061 um^2
[INFO GPL-0019] Util:                    31.685 %
[INFO GPL-0020] StdInstsArea:          1106.061 um^2
[INFO GPL-0021] MacroInstsArea:           0.000 um^2
[INFO GPL-0031] FillerInit:NumGCells:       136
[INFO GPL-0032] FillerInit:NumGNets:        104
[INFO GPL-0033] FillerInit:NumGPins:        367
[INFO GPL-0023] TargetDensity:            0.424
[INFO GPL-0024] AvrgPlaceInstArea:       10.951 um^2
[INFO GPL-0025] IdealBinArea:            25.804 um^2
[INFO GPL-0026] IdealBinCnt:                141
[INFO GPL-0027] TotalBinArea:          3640.992 um^2
[INFO GPL-0028] BinCnt:        16      4
[INFO GPL-0029] BinSize: (  8.367  6.800 )
[INFO GPL-0030] NumBins: 64
[NesterovSolve] Iter:    1 overflow: 0.914 HPWL: 285274
[NesterovSolve] Iter:   10 overflow: 0.913 HPWL: 224969
[NesterovSolve] Iter:   20 overflow: 0.913 HPWL: 224452
[NesterovSolve] Iter:   30 overflow: 0.913 HPWL: 224406
[NesterovSolve] Iter:   40 overflow: 0.913 HPWL: 224466
[NesterovSolve] Iter:   50 overflow: 0.913 HPWL: 224626
[NesterovSolve] Iter:   60 overflow: 0.913 HPWL: 225041
[NesterovSolve] Iter:   70 overflow: 0.913 HPWL: 225766
[NesterovSolve] Iter:   80 overflow: 0.913 HPWL: 227430
[NesterovSolve] Iter:   90 overflow: 0.913 HPWL: 230378
[NesterovSolve] Iter:  100 overflow: 0.912 HPWL: 234998
[NesterovSolve] Iter:  110 overflow: 0.910 HPWL: 241046
[NesterovSolve] Iter:  120 overflow: 0.900 HPWL: 245771
[NesterovSolve] Iter:  130 overflow: 0.871 HPWL: 240723
[NesterovSolve] Iter:  140 overflow: 0.871 HPWL: 232373
[NesterovSolve] Iter:  150 overflow: 0.871 HPWL: 241301
[NesterovSolve] Iter:  160 overflow: 0.871 HPWL: 254499
[NesterovSolve] Iter:  170 overflow: 0.863 HPWL: 311988
[NesterovSolve] Iter:  180 overflow: 0.826 HPWL: 364387
[NesterovSolve] Iter:  190 overflow: 0.784 HPWL: 471802
[NesterovSolve] Iter:  200 overflow: 0.759 HPWL: 605920
[NesterovSolve] Iter:  210 overflow: 0.694 HPWL: 715258
[NesterovSolve] Iter:  220 overflow: 0.632 HPWL: 774218
[NesterovSolve] Iter:  230 overflow: 0.581 HPWL: 877467
[NesterovSolve] Iter:  240 overflow: 0.532 HPWL: 972672
[NesterovSolve] Iter:  250 overflow: 0.477 HPWL: 1060007
[NesterovSolve] Iter:  260 overflow: 0.419 HPWL: 1149044
[NesterovSolve] Iter:  270 overflow: 0.367 HPWL: 1266105
[NesterovSolve] Iter:  280 overflow: 0.322 HPWL: 1348835
[NesterovSolve] Iter:  290 overflow: 0.276 HPWL: 1409927
[NesterovSolve] Iter:  300 overflow: 0.233 HPWL: 1466513
[NesterovSolve] Iter:  310 overflow: 0.199 HPWL: 1487938
[NesterovSolve] Iter:  320 overflow: 0.163 HPWL: 1518117
[NesterovSolve] Iter:  330 overflow: 0.123 HPWL: 1521576
[NesterovSolve] Iter:  340 overflow: 0.103 HPWL: 1529592
[NesterovSolve] Finished with Overflow: 0.098982
[INFO] Setting RC values…
Setting global connections for newly added cells…
[INFO] Setting global connections...
Updating metrics…
Cell type report:                       Count       Area
  Fill cell                                20      75.07
  Tap cell                                 60      75.07
  Inverter                                 12      45.04
  Sequential cell                          21     446.68
  Multi-Input combinational cell           68     614.34
  Total                                   181    1256.20
Writing OpenROAD database to '/home/dt/Documents/madvlsi/final/schematics/controller/librelane/runs/RUN_2025-12-16_17-02-26/23-openroad-globalplacementskipio/controller.odb'…
Writing netlist to '/home/dt/Documents/madvlsi/final/schematics/controller/librelane/runs/RUN_2025-12-16_17-02-26/23-openroad-globalplacementskipio/controller.nl.v'…
Writing powered netlist to '/home/dt/Documents/madvlsi/final/schematics/controller/librelane/runs/RUN_2025-12-16_17-02-26/23-openroad-globalplacementskipio/controller.pnl.v'…
Writing layout to '/home/dt/Documents/madvlsi/final/schematics/controller/librelane/runs/RUN_2025-12-16_17-02-26/23-openroad-globalplacementskipio/controller.def'…
Writing timing constraints to '/home/dt/Documents/madvlsi/final/schematics/controller/librelane/runs/RUN_2025-12-16_17-02-26/23-openroad-globalplacementskipio/controller.sdc'…
