[WARNING ORD-0039] .openroad ignored with -python
Top-level design name: controller
Block boundaries: 0 0 145000 50000
Horizontal Tracks Origin: 340, Count: 73, Step: 680
Vertical Tracks Origin: 230, Count: 315, Step: 460
Placement details for the N side
Virtual pin count:  0
Actual pin count:  16
Total pin count:  16
Tracks count:  315
Tracks per pin:  19
Used tracks count:  286
Unused track count:  29
Starting track index:  14
Placement details for the E side
Virtual pin count:  0
Actual pin count:  9
Total pin count:  9
Tracks count:  37
Tracks per pin:  4
Used tracks count:  33
Unused track count:  4
Starting track index:  2
Placement details for the W side
Virtual pin count:  0
Actual pin count:  3
Total pin count:  3
Tracks count:  37
Tracks per pin:  12
Used tracks count:  25
Unused track count:  12
Starting track index:  6
