[INFO PSM-0040] All shapes on net VDD are connected.
########## IR report #################
Net              : VDD
Corner           : nom_tt_025C_1v80
Supply voltage   : 1.80e+00 V
Worstcase voltage: 1.80e+00 V
Average voltage  : 1.80e+00 V
Average IR drop  : 8.78e-06 V
Worstcase IR drop: 3.83e-05 V
Percentage drop  : 0.00 %
######################################
[INFO PSM-0040] All shapes on net GND are connected.
########## IR report #################
Net              : GND
Corner           : nom_tt_025C_1v80
Supply voltage   : 0.00e+00 V
Worstcase voltage: 3.65e-05 V
Average voltage  : 8.16e-06 V
Average IR drop  : 8.16e-06 V
Worstcase IR drop: 3.65e-05 V
Percentage drop  : 0.00 %
######################################
