Clock: clk
Sources: clk 
Generated: no
Virtual: yes
Propagated: no
Period: 50.000000

===========================================================================
report_clock_properties
============================================================================
Clock                   Period          Waveform
----------------------------------------------------
clk                  50.000000    0.000000 25.000000

===========================================================================
report_clock_latency
============================================================================
Clock clk
rise -> rise
    min     max
0.000000 0.000000 source latency
0.331265         network latency _165_/CLK
        0.332593 network latency _164_/CLK
---------------
0.331265 0.332593 latency
        0.001328 skew

rise -> fall
    min     max
0.000000 0.000000 source latency
0.357949         network latency _152_/CLK
        0.357949 network latency _152_/CLK
---------------
0.357949 0.357949 latency
        0.000000 skew

fall -> rise
    min     max
0.000000 0.000000 source latency
0.356527         network latency _152_/CLK
        0.356527 network latency _152_/CLK
---------------
0.356527 0.356527 latency
        0.000000 skew

fall -> fall
    min     max
0.000000 0.000000 source latency
0.318355         network latency _165_/CLK
        0.319085 network latency _164_/CLK
---------------
0.318355 0.319085 latency
        0.000730 skew



===========================================================================
report_clock_min_period
============================================================================
clk period_min = 2.31 fmax = 433.02
