
===========================================================================
report_checks -unconstrained
===========================================================================
======================= nom_tt_025C_1v80 Corner ===================================

Startpoint: rst_n (input port clocked by clk)
Endpoint: _119_ (rising edge-triggered flip-flop clocked by clk)
Path Group: clk
Path Type: max

Fanout         Cap        Slew       Delay        Time   Description
---------------------------------------------------------------------------------------------
                                  0.000000    0.000000   clock clk (rise edge)
                                  0.000000    0.000000   clock network delay (propagated)
                                 10.000000   10.000000 ^ input external delay
     1    0.003353    0.022126    0.012261   10.012261 ^ rst_n (in)
                                                         rst_n (net)
                      0.022126    0.000000   10.012261 ^ input2/A (sky130_fd_sc_hd__clkbuf_2)
     5    0.033572    0.184634    0.194680   10.206942 ^ input2/X (sky130_fd_sc_hd__clkbuf_2)
                                                         net2 (net)
                      0.184721    0.003304   10.210245 ^ _053_/A (sky130_fd_sc_hd__inv_2)
     2    0.005308    0.041886    0.052012   10.262258 v _053_/Y (sky130_fd_sc_hd__inv_2)
                                                         _021_ (net)
                      0.041886    0.000120   10.262377 v _091_/A (sky130_fd_sc_hd__or2_4)
     8    0.036369    0.087666    0.299286   10.561663 v _091_/X (sky130_fd_sc_hd__or2_4)
                                                         _049_ (net)
                      0.087702    0.001664   10.563327 v _097_/S (sky130_fd_sc_hd__mux2_1)
     1    0.002353    0.052691    0.314802   10.878128 v _097_/X (sky130_fd_sc_hd__mux2_1)
                                                         _015_ (net)
                      0.052691    0.000068   10.878196 v hold2/A (sky130_fd_sc_hd__dlygate4sd3_1)
     1    0.002601    0.051747    0.549353   11.427548 v hold2/X (sky130_fd_sc_hd__dlygate4sd3_1)
                                                         net23 (net)
                      0.051747    0.000079   11.427628 v _119_/D (sky130_fd_sc_hd__dfxtp_1)
                                             11.427628   data arrival time

                                 50.000000   50.000000   clock clk (rise edge)
                                  0.000000   50.000000   clock source latency
     1    0.021897    0.104267    0.072184   50.072182 ^ clk (in)
                                                         clk (net)
                      0.104306    0.000000   50.072182 ^ clkbuf_0_clk/A (sky130_fd_sc_hd__clkbuf_16)
     2    0.018415    0.040548    0.145647   50.217831 ^ clkbuf_0_clk/X (sky130_fd_sc_hd__clkbuf_16)
                                                         clknet_0_clk (net)
                      0.040558    0.000309   50.218140 ^ clkbuf_1_1__f_clk/A (sky130_fd_sc_hd__clkbuf_16)
    11    0.034731    0.055057    0.136229   50.354366 ^ clkbuf_1_1__f_clk/X (sky130_fd_sc_hd__clkbuf_16)
                                                         clknet_1_1__leaf_clk (net)
                      0.055097    0.001076   50.355442 ^ _119_/CLK (sky130_fd_sc_hd__dfxtp_1)
                                 -0.250000   50.105442   clock uncertainty
                                  0.000000   50.105442   clock reconvergence pessimism
                                 -0.111132   49.994312   library setup time
                                             49.994312   data required time
---------------------------------------------------------------------------------------------
                                             49.994312   data required time
                                            -11.427628   data arrival time
---------------------------------------------------------------------------------------------
                                             38.566685   slack (MET)




===========================================================================
report_checks --slack_max -0.01
============================================================================
======================= nom_tt_025C_1v80 Corner ===================================

No paths found.


===========================================================================
 report_check_types -max_slew -max_cap -max_fanout -violators
============================================================================
======================= nom_tt_025C_1v80 Corner ===================================

max fanout

Pin                                   Limit Fanout  Slack
---------------------------------------------------------
clkbuf_1_1__f_clk/X                      10     11        (VIOLATED)



===========================================================================
report_parasitic_annotation -report_unannotated
============================================================================
Found 1 unannotated drivers.
 clkload0/X
Found 0 partially unannotated drivers.

===========================================================================
max slew violation count 0
max fanout violation count 1
max cap violation count 0
============================================================================

===========================================================================
check_setup -verbose -unconstrained_endpoints -multiple_clock -no_clock -no_input_delay -loops -generated_clocks
===========================================================================
