Clock: clk
Sources: clk 
Generated: no
Virtual: yes
Propagated: no
Period: 50.000000

===========================================================================
report_clock_properties
============================================================================
Clock                   Period          Waveform
----------------------------------------------------
clk                  50.000000    0.000000 25.000000

===========================================================================
report_clock_latency
============================================================================
Clock clk
rise -> rise
    min     max
0.000000 0.000000 source latency
0.599359         network latency _112_/CLK
        0.600197 network latency _119_/CLK
---------------
0.599359 0.600197 latency
        0.000838 skew

fall -> fall
    min     max
0.000000 0.000000 source latency
0.584521         network latency _112_/CLK
        0.585482 network latency _119_/CLK
---------------
0.584521 0.585482 latency
        0.000961 skew



===========================================================================
report_clock_min_period
============================================================================
clk period_min = 5.73 fmax = 174.60
