130. Printing statistics.

=== controller ===

   Number of wires:                176
   Number of wire bits:            215
   Number of public wires:           8
   Number of public wire bits:      32
   Number of ports:                  7
   Number of port bits:             28
   Number of memories:               0
   Number of memory bits:            0
   Number of processes:              0
   Number of cells:                206
     $_ANDNOT_                      37
     $_AND_                          4
     $_MUX_                         57
     $_NAND_                         1
     $_NOR_                          2
     $_NOT_                         18
     $_ORNOT_                        7
     $_OR_                          40
     $_XNOR_                         3
     $_XOR_                         16
     sky130_fd_sc_hd__dfxtp_2       21

   Area for cell type $_NOT_ is unknown!
   Area for cell type $_AND_ is unknown!
   Area for cell type $_NAND_ is unknown!
   Area for cell type $_OR_ is unknown!
   Area for cell type $_NOR_ is unknown!
   Area for cell type $_XOR_ is unknown!
   Area for cell type $_XNOR_ is unknown!
   Area for cell type $_ANDNOT_ is unknown!
   Area for cell type $_ORNOT_ is unknown!
   Area for cell type $_MUX_ is unknown!

   Chip area for module '\controller': 446.678400
     of which used for sequential elements: 446.678400 (100.00%)

