124. Printing statistics.

=== controller ===

   Number of wires:                134
   Number of wire bits:            173
   Number of public wires:           8
   Number of public wire bits:      32
   Number of ports:                  7
   Number of port bits:             28
   Number of memories:               0
   Number of memory bits:            0
   Number of processes:              0
   Number of cells:                164
     $_ANDNOT_                      37
     $_AND_                          4
     $_MUX_                         16
     $_NAND_                         1
     $_NOR_                          2
     $_NOT_                         17
     $_ORNOT_                        7
     $_OR_                          40
     $_SDFFE_PN0P_                   8
     $_SDFFE_PP0P_                  11
     $_SDFFE_PP1P_                   1
     $_SDFF_NN0_                     1
     $_XNOR_                         3
     $_XOR_                         16

   Area for cell type $_NOT_ is unknown!
   Area for cell type $_AND_ is unknown!
   Area for cell type $_NAND_ is unknown!
   Area for cell type $_OR_ is unknown!
   Area for cell type $_NOR_ is unknown!
   Area for cell type $_XOR_ is unknown!
   Area for cell type $_XNOR_ is unknown!
   Area for cell type $_ANDNOT_ is unknown!
   Area for cell type $_ORNOT_ is unknown!
   Area for cell type $_MUX_ is unknown!
   Area for cell type $_SDFF_NN0_ is unknown!
   Area for cell type $_SDFFE_PN0P_ is unknown!
   Area for cell type $_SDFFE_PP0P_ is unknown!
   Area for cell type $_SDFFE_PP1P_ is unknown!

