138. Printing statistics.

=== controller ===

   Number of wires:                 83
   Number of wire bits:            104
   Number of public wires:          11
   Number of public wire bits:      32
   Number of ports:                  7
   Number of port bits:             28
   Number of memories:               0
   Number of memory bits:            0
   Number of processes:              0
   Number of cells:                101
     sky130_fd_sc_hd__a211o_2        1
     sky130_fd_sc_hd__a21o_2         4
     sky130_fd_sc_hd__a21oi_2        3
     sky130_fd_sc_hd__a31oi_2        3
     sky130_fd_sc_hd__a32o_2         1
     sky130_fd_sc_hd__and2_2         3
     sky130_fd_sc_hd__and2b_2        3
     sky130_fd_sc_hd__and3_2         4
     sky130_fd_sc_hd__and3b_2        1
     sky130_fd_sc_hd__and4bb_2       2
     sky130_fd_sc_hd__dfxtp_2       21
     sky130_fd_sc_hd__inv_2         12
     sky130_fd_sc_hd__nand2_2        5
     sky130_fd_sc_hd__nand3_2        3
     sky130_fd_sc_hd__nand4_2        1
     sky130_fd_sc_hd__nor2_2         1
     sky130_fd_sc_hd__nor3b_2        1
     sky130_fd_sc_hd__nor4b_2        1
     sky130_fd_sc_hd__o2111a_2       1
     sky130_fd_sc_hd__o211a_2        9
     sky130_fd_sc_hd__o21a_2         3
     sky130_fd_sc_hd__o31a_2         2
     sky130_fd_sc_hd__o41a_2         2
     sky130_fd_sc_hd__or2_2         10
     sky130_fd_sc_hd__or3b_2         1
     sky130_fd_sc_hd__or4_2          2
     sky130_fd_sc_hd__or4b_2         1

   Chip area for module '\controller': 1106.060800
     of which used for sequential elements: 446.678400 (40.38%)

