Clock: clk
Sources: clk 
Generated: no
Virtual: yes
Propagated: no
Period: 250.000000

===========================================================================
report_clock_properties
============================================================================
Clock                   Period          Waveform
----------------------------------------------------
clk                 250.000000    0.000000125.000000

===========================================================================
report_clock_latency
============================================================================
Clock clk
rise -> rise
    min     max
0.000000 0.000000 source latency
0.235246         network latency _165_/CLK
        0.237511 network latency _171_/CLK
---------------
0.235246 0.237511 latency
        0.002265 skew

rise -> fall
    min     max
0.000000 0.000000 source latency
0.250604         network latency _152_/CLK
        0.250604 network latency _152_/CLK
---------------
0.250604 0.250604 latency
        0.000000 skew

fall -> rise
    min     max
0.000000 0.000000 source latency
0.249457         network latency _152_/CLK
        0.249457 network latency _152_/CLK
---------------
0.249457 0.249457 latency
        0.000000 skew

fall -> fall
    min     max
0.000000 0.000000 source latency
0.220098         network latency _165_/CLK
        0.221831 network latency _171_/CLK
---------------
0.220098 0.221831 latency
        0.001734 skew



===========================================================================
report_clock_min_period
============================================================================
clk period_min = 1.57 fmax = 636.28
