Clock: clk
Sources: clk 
Generated: no
Virtual: yes
Propagated: no
Period: 500.000000

===========================================================================
report_clock_properties
============================================================================
Clock                   Period          Waveform
----------------------------------------------------
clk                 500.000000    0.000000250.000000

===========================================================================
report_clock_latency
============================================================================
Clock clk
rise -> rise
    min     max
0.000000 0.000000 source latency
0.321408         network latency _166_/CLK
        0.322737 network latency _172_/CLK
---------------
0.321408 0.322737 latency
        0.001329 skew

rise -> fall
    min     max
0.000000 0.000000 source latency
0.348728         network latency _152_/CLK
        0.348728 network latency _152_/CLK
---------------
0.348728 0.348728 latency
        0.000000 skew

fall -> rise
    min     max
0.000000 0.000000 source latency
0.351463         network latency _152_/CLK
        0.351463 network latency _152_/CLK
---------------
0.351463 0.351463 latency
        0.000000 skew

fall -> fall
    min     max
0.000000 0.000000 source latency
0.312724         network latency _166_/CLK
        0.313435 network latency _153_/CLK
---------------
0.312724 0.313435 latency
        0.000711 skew



===========================================================================
report_clock_min_period
============================================================================
clk period_min = 2.42 fmax = 413.96
