
===========================================================================
report_checks -unconstrained
===========================================================================
======================= max_tt_025C_1v80 Corner ===================================

Startpoint: _152_ (rising edge-triggered flip-flop clocked by clk')
Endpoint: comparator_clk (output port clocked by clk)
Path Group: clk
Path Type: max

Fanout         Cap        Slew       Delay        Time   Description
---------------------------------------------------------------------------------------------
                                 25.000000   25.000000   clock clk' (rise edge)
                                  0.000000   25.000000   clock source latency
     1    0.016911    0.039436    0.027622   25.027622 v clk (in)
                                                         clk (net)
                      0.039457    0.000000   25.027622 v clkbuf_0_clk/A (sky130_fd_sc_hd__clkbuf_16)
     2    0.017046    0.033480    0.142007   25.169628 v clkbuf_0_clk/X (sky130_fd_sc_hd__clkbuf_16)
                                                         clknet_0_clk (net)
                      0.033480    0.000638   25.170267 v clkbuf_1_1__f_clk/A (sky130_fd_sc_hd__clkbuf_16)
    12    0.038418    0.045407    0.153364   25.323629 v clkbuf_1_1__f_clk/X (sky130_fd_sc_hd__clkbuf_16)
                                                         clknet_1_1__leaf_clk (net)
                      0.045505    0.001480   25.325109 v _083__1/A (sky130_fd_sc_hd__inv_2)
     1    0.002413    0.021862    0.038980   25.364090 ^ _083__1/Y (sky130_fd_sc_hd__inv_2)
                                                         net35 (net)
                      0.021863    0.000163   25.364254 ^ _152_/CLK (sky130_fd_sc_hd__dfxtp_1)
     3    0.015299    0.150517    0.372200   25.736454 ^ _152_/Q (sky130_fd_sc_hd__dfxtp_1)
                                                         net11 (net)
                      0.150520    0.000941   25.737394 ^ output11/A (sky130_fd_sc_hd__buf_2)
     1    0.035467    0.176430    0.237311   25.974707 ^ output11/X (sky130_fd_sc_hd__buf_2)
                                                         comparator_clk (net)
                      0.176450    0.001927   25.976633 ^ comparator_clk (out)
                                             25.976633   data arrival time

                                 50.000000   50.000000   clock clk (rise edge)
                                  0.000000   50.000000   clock network delay (propagated)
                                 -0.250000   49.749996   clock uncertainty
                                  0.000000   49.749996   clock reconvergence pessimism
                                -10.000000   39.749996   output external delay
                                             39.749996   data required time
---------------------------------------------------------------------------------------------
                                             39.749996   data required time
                                            -25.976633   data arrival time
---------------------------------------------------------------------------------------------
                                             13.773363   slack (MET)




===========================================================================
report_checks --slack_max -0.01
============================================================================
======================= max_tt_025C_1v80 Corner ===================================

No paths found.


===========================================================================
 report_check_types -max_slew -max_cap -max_fanout -violators
============================================================================
======================= max_tt_025C_1v80 Corner ===================================

max slew

Pin                                        Limit        Slew       Slack
------------------------------------------------------------------------
_089_/B                                 0.750000    0.788076   -0.038076 (VIOLATED)
_101_/B                                 0.750000    0.788076   -0.038076 (VIOLATED)
max_cap29/A                             0.750000    0.788076   -0.038076 (VIOLATED)
_093_/B                                 0.750000    0.788075   -0.038075 (VIOLATED)
_085_/Y                                 0.750000    0.788074   -0.038074 (VIOLATED)

max fanout

Pin                                   Limit Fanout  Slack
---------------------------------------------------------
clkbuf_1_1__f_clk/X                      10     12     -2 (VIOLATED)



===========================================================================
report_parasitic_annotation -report_unannotated
============================================================================
Found 1 unannotated drivers.
 clkload0/Y
Found 0 partially unannotated drivers.

===========================================================================
max slew violation count 5
max fanout violation count 1
max cap violation count 0
============================================================================

===========================================================================
check_setup -verbose -unconstrained_endpoints -multiple_clock -no_clock -no_input_delay -loops -generated_clocks
===========================================================================
