Clock: clk
Sources: clk 
Generated: no
Virtual: yes
Propagated: no
Period: 50.000000

===========================================================================
report_clock_properties
============================================================================
Clock                   Period          Waveform
----------------------------------------------------
clk                  50.000000    0.000000 25.000000

===========================================================================
report_clock_latency
============================================================================
Clock clk
rise -> rise
    min     max
0.000000 0.000000 source latency
0.340908         network latency _165_/CLK
        0.343560 network latency _164_/CLK
---------------
0.340908 0.343560 latency
        0.002652 skew

rise -> fall
    min     max
0.000000 0.000000 source latency
0.368700         network latency _152_/CLK
        0.368700 network latency _152_/CLK
---------------
0.368700 0.368700 latency
        0.000000 skew

fall -> rise
    min     max
0.000000 0.000000 source latency
0.364254         network latency _152_/CLK
        0.364254 network latency _152_/CLK
---------------
0.364254 0.364254 latency
        0.000000 skew

fall -> fall
    min     max
0.000000 0.000000 source latency
0.324597         network latency _165_/CLK
        0.326626 network latency _164_/CLK
---------------
0.324597 0.326626 latency
        0.002029 skew



===========================================================================
report_clock_min_period
============================================================================
clk period_min = 2.35 fmax = 425.78
