Clock: clk
Sources: clk 
Generated: no
Virtual: yes
Propagated: no
Period: 250.000000

===========================================================================
report_clock_properties
============================================================================
Clock                   Period          Waveform
----------------------------------------------------
clk                 250.000000    0.000000125.000000

===========================================================================
report_clock_latency
============================================================================
Clock clk
rise -> rise
    min     max
0.000000 0.000000 source latency
0.339094         network latency _165_/CLK
        0.341304 network latency _171_/CLK
---------------
0.339094 0.341304 latency
        0.002210 skew

rise -> fall
    min     max
0.000000 0.000000 source latency
0.368058         network latency _152_/CLK
        0.368058 network latency _152_/CLK
---------------
0.368058 0.368058 latency
        0.000000 skew

fall -> rise
    min     max
0.000000 0.000000 source latency
0.364224         network latency _152_/CLK
        0.364224 network latency _152_/CLK
---------------
0.364224 0.364224 latency
        0.000000 skew

fall -> fall
    min     max
0.000000 0.000000 source latency
0.323354         network latency _165_/CLK
        0.324960 network latency _171_/CLK
---------------
0.323354 0.324960 latency
        0.001606 skew



===========================================================================
report_clock_min_period
============================================================================
clk period_min = 2.33 fmax = 429.53
