
===========================================================================
 report_power
============================================================================
======================= max_tt_025C_1v80 Corner ===================================

Group                    Internal    Switching      Leakage        Total
                            Power        Power        Power        Power (Watts)
------------------------------------------------------------------------
Sequential           3.432603e-06 1.062457e-07 1.708741e-10 3.539019e-06  44.5%
Combinational        3.015977e-07 6.273643e-07 5.051586e-10 9.294671e-07  11.7%
Clock                2.182996e-06 1.295417e-06 4.301702e-10 3.478844e-06  43.8%
Macro                0.000000e+00 0.000000e+00 0.000000e+00 0.000000e+00   0.0%
Pad                  0.000000e+00 0.000000e+00 0.000000e+00 0.000000e+00   0.0%
------------------------------------------------------------------------
Total                5.917197e-06 2.029027e-06 1.106203e-09 7.947330e-06 100.0%
                            74.5%        25.5%         0.0%

