
===========================================================================
report_checks -path_delay max (Setup)
============================================================================
======================= nom_ff_n40C_1v95 Corner ===================================

Startpoint: _152_ (rising edge-triggered flip-flop clocked by clk')
Endpoint: comparator_clk (output port clocked by clk)
Path Group: clk
Path Type: max

Fanout         Cap        Slew       Delay        Time   Description
---------------------------------------------------------------------------------------------
                      0.150000   25.000000   25.000000   clock clk' (rise edge)
                                  0.000000   25.000000   clock network delay (ideal)
                      0.150000    0.000000   25.000000 ^ _152_/CLK (sky130_fd_sc_hd__dfxtp_2)
    12    0.061417    0.235802    0.367715   25.367714 ^ _152_/Q (sky130_fd_sc_hd__dfxtp_2)
                                                         comparator_clk (net)
                      0.235802    0.000000   25.367714 ^ comparator_clk (out)
                                             25.367714   data arrival time

                      0.150000   50.000000   50.000000   clock clk (rise edge)
                                  0.000000   50.000000   clock network delay (ideal)
                                 -0.250000   49.749996   clock uncertainty
                                  0.000000   49.749996   clock reconvergence pessimism
                                -10.000000   39.749996   output external delay
                                             39.749996   data required time
---------------------------------------------------------------------------------------------
                                             39.749996   data required time
                                            -25.367714   data arrival time
---------------------------------------------------------------------------------------------
                                             14.382282   slack (MET)


Startpoint: rst_n (input port clocked by clk)
Endpoint: _152_ (rising edge-triggered flip-flop clocked by clk')
Path Group: clk
Path Type: max

Fanout         Cap        Slew       Delay        Time   Description
---------------------------------------------------------------------------------------------
                      0.150000    0.000000    0.000000   clock clk (rise edge)
                                  0.000000    0.000000   clock network delay (ideal)
                                 10.000000   10.000000 v input external delay
    11    0.026268    0.041446    0.027924   10.027925 v rst_n (in)
                                                         rst_n (net)
                      0.041446    0.000000   10.027925 v _084_/B (sky130_fd_sc_hd__and2b_2)
     1    0.001783    0.024020    0.113932   10.141856 v _084_/X (sky130_fd_sc_hd__and2b_2)
                                                         _001_ (net)
                      0.024020    0.000000   10.141856 v _152_/D (sky130_fd_sc_hd__dfxtp_2)
                                             10.141856   data arrival time

                      0.150000   25.000000   25.000000   clock clk' (rise edge)
                                  0.000000   25.000000   clock network delay (ideal)
                                 -0.250000   24.750000   clock uncertainty
                                  0.000000   24.750000   clock reconvergence pessimism
                                             24.750000 ^ _152_/CLK (sky130_fd_sc_hd__dfxtp_2)
                                 -0.057033   24.692966   library setup time
                                             24.692966   data required time
---------------------------------------------------------------------------------------------
                                             24.692966   data required time
                                            -10.141856   data arrival time
---------------------------------------------------------------------------------------------
                                             14.551110   slack (MET)


Startpoint: _152_ (rising edge-triggered flip-flop clocked by clk')
Endpoint: _163_ (rising edge-triggered flip-flop clocked by clk)
Path Group: clk
Path Type: max

Fanout         Cap        Slew       Delay        Time   Description
---------------------------------------------------------------------------------------------
                      0.150000   25.000000   25.000000   clock clk' (rise edge)
                                  0.000000   25.000000   clock network delay (ideal)
                      0.150000    0.000000   25.000000 ^ _152_/CLK (sky130_fd_sc_hd__dfxtp_2)
    12    0.061417    0.235802    0.367715   25.367714 ^ _152_/Q (sky130_fd_sc_hd__dfxtp_2)
                                                         comparator_clk (net)
                      0.235802    0.000000   25.367714 ^ _105_/A (sky130_fd_sc_hd__nand2_2)
     5    0.008403    0.064337    0.042331   25.410044 v _105_/Y (sky130_fd_sc_hd__nand2_2)
                                                         _061_ (net)
                      0.064337    0.000000   25.410044 v _121_/A4 (sky130_fd_sc_hd__o41a_2)
     1    0.002252    0.042391    0.217613   25.627657 v _121_/X (sky130_fd_sc_hd__o41a_2)
                                                         _025_ (net)
                      0.042391    0.000000   25.627657 v _125_/A1 (sky130_fd_sc_hd__o31a_2)
     1    0.001783    0.033648    0.200334   25.827991 v _125_/X (sky130_fd_sc_hd__o31a_2)
                                                         _012_ (net)
                      0.033648    0.000000   25.827991 v _163_/D (sky130_fd_sc_hd__dfxtp_2)
                                             25.827991   data arrival time

                      0.150000   50.000000   50.000000   clock clk (rise edge)
                                  0.000000   50.000000   clock network delay (ideal)
                                 -0.250000   49.749996   clock uncertainty
                                  0.000000   49.749996   clock reconvergence pessimism
                                             49.749996 ^ _163_/CLK (sky130_fd_sc_hd__dfxtp_2)
                                 -0.060454   49.689545   library setup time
                                             49.689545   data required time
---------------------------------------------------------------------------------------------
                                             49.689545   data required time
                                            -25.827991   data arrival time
---------------------------------------------------------------------------------------------
                                             23.861553   slack (MET)


Startpoint: _152_ (rising edge-triggered flip-flop clocked by clk')
Endpoint: _167_ (rising edge-triggered flip-flop clocked by clk)
Path Group: clk
Path Type: max

Fanout         Cap        Slew       Delay        Time   Description
---------------------------------------------------------------------------------------------
                      0.150000   25.000000   25.000000   clock clk' (rise edge)
                                  0.000000   25.000000   clock network delay (ideal)
                      0.150000    0.000000   25.000000 ^ _152_/CLK (sky130_fd_sc_hd__dfxtp_2)
    12    0.061417    0.235802    0.367715   25.367714 ^ _152_/Q (sky130_fd_sc_hd__dfxtp_2)
                                                         comparator_clk (net)
                      0.235802    0.000000   25.367714 ^ _105_/A (sky130_fd_sc_hd__nand2_2)
     5    0.008403    0.064337    0.042331   25.410044 v _105_/Y (sky130_fd_sc_hd__nand2_2)
                                                         _061_ (net)
                      0.064337    0.000000   25.410044 v _138_/A4 (sky130_fd_sc_hd__o41a_2)
     1    0.002252    0.042367    0.217613   25.627657 v _138_/X (sky130_fd_sc_hd__o41a_2)
                                                         _038_ (net)
                      0.042367    0.000000   25.627657 v _141_/A1 (sky130_fd_sc_hd__o31a_2)
     1    0.001783    0.033634    0.200325   25.827982 v _141_/X (sky130_fd_sc_hd__o31a_2)
                                                         _016_ (net)
                      0.033634    0.000000   25.827982 v _167_/D (sky130_fd_sc_hd__dfxtp_2)
                                             25.827982   data arrival time

                      0.150000   50.000000   50.000000   clock clk (rise edge)
                                  0.000000   50.000000   clock network delay (ideal)
                                 -0.250000   49.749996   clock uncertainty
                                  0.000000   49.749996   clock reconvergence pessimism
                                             49.749996 ^ _167_/CLK (sky130_fd_sc_hd__dfxtp_2)
                                 -0.060449   49.689548   library setup time
                                             49.689548   data required time
---------------------------------------------------------------------------------------------
                                             49.689548   data required time
                                            -25.827982   data arrival time
---------------------------------------------------------------------------------------------
                                             23.861567   slack (MET)


Startpoint: _152_ (rising edge-triggered flip-flop clocked by clk')
Endpoint: _162_ (rising edge-triggered flip-flop clocked by clk)
Path Group: clk
Path Type: max

Fanout         Cap        Slew       Delay        Time   Description
---------------------------------------------------------------------------------------------
                      0.150000   25.000000   25.000000   clock clk' (rise edge)
                                  0.000000   25.000000   clock network delay (ideal)
                      0.150000    0.000000   25.000000 ^ _152_/CLK (sky130_fd_sc_hd__dfxtp_2)
    12    0.061417    0.235802    0.367715   25.367714 ^ _152_/Q (sky130_fd_sc_hd__dfxtp_2)
                                                         comparator_clk (net)
                      0.235802    0.000000   25.367714 ^ _105_/A (sky130_fd_sc_hd__nand2_2)
     5    0.008403    0.064337    0.042331   25.410044 v _105_/Y (sky130_fd_sc_hd__nand2_2)
                                                         _061_ (net)
                      0.064337    0.000000   25.410044 v _118_/D (sky130_fd_sc_hd__or4_2)
     1    0.004154    0.069665    0.307155   25.717199 v _118_/X (sky130_fd_sc_hd__or4_2)
                                                         _023_ (net)
                      0.069665    0.000000   25.717199 v _120_/A2 (sky130_fd_sc_hd__a31oi_2)
     1    0.001748    0.080116    0.109679   25.826880 ^ _120_/Y (sky130_fd_sc_hd__a31oi_2)
                                                         _011_ (net)
                      0.080116    0.000000   25.826880 ^ _162_/D (sky130_fd_sc_hd__dfxtp_2)
                                             25.826880   data arrival time

                      0.150000   50.000000   50.000000   clock clk (rise edge)
                                  0.000000   50.000000   clock network delay (ideal)
                                 -0.250000   49.749996   clock uncertainty
                                  0.000000   49.749996   clock reconvergence pessimism
                                             49.749996 ^ _162_/CLK (sky130_fd_sc_hd__dfxtp_2)
                                 -0.032118   49.717880   library setup time
                                             49.717880   data required time
---------------------------------------------------------------------------------------------
                                             49.717880   data required time
                                            -25.826880   data arrival time
---------------------------------------------------------------------------------------------
                                             23.891003   slack (MET)


Startpoint: _152_ (rising edge-triggered flip-flop clocked by clk')
Endpoint: _166_ (rising edge-triggered flip-flop clocked by clk)
Path Group: clk
Path Type: max

Fanout         Cap        Slew       Delay        Time   Description
---------------------------------------------------------------------------------------------
                      0.150000   25.000000   25.000000   clock clk' (rise edge)
                                  0.000000   25.000000   clock network delay (ideal)
                      0.150000    0.000000   25.000000 ^ _152_/CLK (sky130_fd_sc_hd__dfxtp_2)
    12    0.061417    0.235802    0.367715   25.367714 ^ _152_/Q (sky130_fd_sc_hd__dfxtp_2)
                                                         comparator_clk (net)
                      0.235802    0.000000   25.367714 ^ _105_/A (sky130_fd_sc_hd__nand2_2)
     5    0.008403    0.064337    0.042331   25.410044 v _105_/Y (sky130_fd_sc_hd__nand2_2)
                                                         _061_ (net)
                      0.064337    0.000000   25.410044 v _135_/D (sky130_fd_sc_hd__or4_2)
     1    0.004154    0.069665    0.307155   25.717199 v _135_/X (sky130_fd_sc_hd__or4_2)
                                                         _036_ (net)
                      0.069665    0.000000   25.717199 v _137_/A2 (sky130_fd_sc_hd__a31oi_2)
     1    0.001748    0.080127    0.109679   25.826880 ^ _137_/Y (sky130_fd_sc_hd__a31oi_2)
                                                         _015_ (net)
                      0.080127    0.000000   25.826880 ^ _166_/D (sky130_fd_sc_hd__dfxtp_2)
                                             25.826880   data arrival time

                      0.150000   50.000000   50.000000   clock clk (rise edge)
                                  0.000000   50.000000   clock network delay (ideal)
                                 -0.250000   49.749996   clock uncertainty
                                  0.000000   49.749996   clock reconvergence pessimism
                                             49.749996 ^ _166_/CLK (sky130_fd_sc_hd__dfxtp_2)
                                 -0.032119   49.717876   library setup time
                                             49.717876   data required time
---------------------------------------------------------------------------------------------
                                             49.717876   data required time
                                            -25.826880   data arrival time
---------------------------------------------------------------------------------------------
                                             23.890999   slack (MET)


Startpoint: _152_ (rising edge-triggered flip-flop clocked by clk')
Endpoint: _168_ (rising edge-triggered flip-flop clocked by clk)
Path Group: clk
Path Type: max

Fanout         Cap        Slew       Delay        Time   Description
---------------------------------------------------------------------------------------------
                      0.150000   25.000000   25.000000   clock clk' (rise edge)
                                  0.000000   25.000000   clock network delay (ideal)
                      0.150000    0.000000   25.000000 ^ _152_/CLK (sky130_fd_sc_hd__dfxtp_2)
    12    0.061417    0.235802    0.367715   25.367714 ^ _152_/Q (sky130_fd_sc_hd__dfxtp_2)
                                                         comparator_clk (net)
                      0.235802    0.000000   25.367714 ^ _122_/C_N (sky130_fd_sc_hd__nor3b_2)
     5    0.015315    0.217649    0.221707   25.589420 ^ _122_/Y (sky130_fd_sc_hd__nor3b_2)
                                                         _026_ (net)
                      0.217649    0.000000   25.589420 ^ _142_/A1 (sky130_fd_sc_hd__a21oi_2)
     1    0.002261    0.045386    0.025079   25.614500 v _142_/Y (sky130_fd_sc_hd__a21oi_2)
                                                         _041_ (net)
                      0.045386    0.000000   25.614500 v _143_/B1 (sky130_fd_sc_hd__a211o_2)
     1    0.001783    0.030803    0.137987   25.752487 v _143_/X (sky130_fd_sc_hd__a211o_2)
                                                         _017_ (net)
                      0.030803    0.000000   25.752487 v _168_/D (sky130_fd_sc_hd__dfxtp_2)
                                             25.752487   data arrival time

                      0.150000   50.000000   50.000000   clock clk (rise edge)
                                  0.000000   50.000000   clock network delay (ideal)
                                 -0.250000   49.749996   clock uncertainty
                                  0.000000   49.749996   clock reconvergence pessimism
                                             49.749996 ^ _168_/CLK (sky130_fd_sc_hd__dfxtp_2)
                                 -0.059443   49.690552   library setup time
                                             49.690552   data required time
---------------------------------------------------------------------------------------------
                                             49.690552   data required time
                                            -25.752487   data arrival time
---------------------------------------------------------------------------------------------
                                             23.938066   slack (MET)


Startpoint: _152_ (rising edge-triggered flip-flop clocked by clk')
Endpoint: _164_ (rising edge-triggered flip-flop clocked by clk)
Path Group: clk
Path Type: max

Fanout         Cap        Slew       Delay        Time   Description
---------------------------------------------------------------------------------------------
                      0.150000   25.000000   25.000000   clock clk' (rise edge)
                                  0.000000   25.000000   clock network delay (ideal)
                      0.150000    0.000000   25.000000 ^ _152_/CLK (sky130_fd_sc_hd__dfxtp_2)
    12    0.061417    0.235802    0.367715   25.367714 ^ _152_/Q (sky130_fd_sc_hd__dfxtp_2)
                                                         comparator_clk (net)
                      0.235802    0.000000   25.367714 ^ _122_/C_N (sky130_fd_sc_hd__nor3b_2)
     5    0.015315    0.217649    0.221707   25.589420 ^ _122_/Y (sky130_fd_sc_hd__nor3b_2)
                                                         _026_ (net)
                      0.217649    0.000000   25.589420 ^ _126_/A2 (sky130_fd_sc_hd__a21oi_2)
     1    0.002229    0.042671    0.032363   25.621784 v _126_/Y (sky130_fd_sc_hd__a21oi_2)
                                                         _029_ (net)
                      0.042671    0.000000   25.621784 v _129_/A1 (sky130_fd_sc_hd__o21a_2)
     1    0.001783    0.022608    0.125821   25.747606 v _129_/X (sky130_fd_sc_hd__o21a_2)
                                                         _013_ (net)
                      0.022608    0.000000   25.747606 v _164_/D (sky130_fd_sc_hd__dfxtp_2)
                                             25.747606   data arrival time

                      0.150000   50.000000   50.000000   clock clk (rise edge)
                                  0.000000   50.000000   clock network delay (ideal)
                                 -0.250000   49.749996   clock uncertainty
                                  0.000000   49.749996   clock reconvergence pessimism
                                             49.749996 ^ _164_/CLK (sky130_fd_sc_hd__dfxtp_2)
                                 -0.056531   49.693466   library setup time
                                             49.693466   data required time
---------------------------------------------------------------------------------------------
                                             49.693466   data required time
                                            -25.747606   data arrival time
---------------------------------------------------------------------------------------------
                                             23.945862   slack (MET)


Startpoint: _152_ (rising edge-triggered flip-flop clocked by clk')
Endpoint: _165_ (rising edge-triggered flip-flop clocked by clk)
Path Group: clk
Path Type: max

Fanout         Cap        Slew       Delay        Time   Description
---------------------------------------------------------------------------------------------
                      0.150000   25.000000   25.000000   clock clk' (rise edge)
                                  0.000000   25.000000   clock network delay (ideal)
                      0.150000    0.000000   25.000000 ^ _152_/CLK (sky130_fd_sc_hd__dfxtp_2)
    12    0.061417    0.235802    0.367715   25.367714 ^ _152_/Q (sky130_fd_sc_hd__dfxtp_2)
                                                         comparator_clk (net)
                      0.235802    0.000000   25.367714 ^ _107_/A (sky130_fd_sc_hd__nand3_2)
     3    0.007314    0.073938    0.056367   25.424082 v _107_/Y (sky130_fd_sc_hd__nand3_2)
                                                         _063_ (net)
                      0.073938    0.000000   25.424082 v _130_/B (sky130_fd_sc_hd__or3b_2)
     1    0.004355    0.055750    0.265914   25.689995 v _130_/X (sky130_fd_sc_hd__or3b_2)
                                                         _032_ (net)
                      0.055750    0.000000   25.689995 v _133_/A1 (sky130_fd_sc_hd__a31oi_2)
     1    0.001748    0.080109    0.080369   25.770365 ^ _133_/Y (sky130_fd_sc_hd__a31oi_2)
                                                         _014_ (net)
                      0.080109    0.000000   25.770365 ^ _165_/D (sky130_fd_sc_hd__dfxtp_2)
                                             25.770365   data arrival time

                      0.150000   50.000000   50.000000   clock clk (rise edge)
                                  0.000000   50.000000   clock network delay (ideal)
                                 -0.250000   49.749996   clock uncertainty
                                  0.000000   49.749996   clock reconvergence pessimism
                                             49.749996 ^ _165_/CLK (sky130_fd_sc_hd__dfxtp_2)
                                 -0.032118   49.717880   library setup time
                                             49.717880   data required time
---------------------------------------------------------------------------------------------
                                             49.717880   data required time
                                            -25.770365   data arrival time
---------------------------------------------------------------------------------------------
                                             23.947517   slack (MET)


Startpoint: _152_ (rising edge-triggered flip-flop clocked by clk')
Endpoint: _161_ (rising edge-triggered flip-flop clocked by clk)
Path Group: clk
Path Type: max

Fanout         Cap        Slew       Delay        Time   Description
---------------------------------------------------------------------------------------------
                      0.150000   25.000000   25.000000   clock clk' (rise edge)
                                  0.000000   25.000000   clock network delay (ideal)
                      0.150000    0.000000   25.000000 ^ _152_/CLK (sky130_fd_sc_hd__dfxtp_2)
    12    0.061417    0.235802    0.367715   25.367714 ^ _152_/Q (sky130_fd_sc_hd__dfxtp_2)
                                                         comparator_clk (net)
                      0.235802    0.000000   25.367714 ^ _109_/A (sky130_fd_sc_hd__nand4_2)
     4    0.009433    0.096111    0.080705   25.448420 v _109_/Y (sky130_fd_sc_hd__nand4_2)
                                                         _065_ (net)
                      0.096111    0.000000   25.448420 v _111_/A2 (sky130_fd_sc_hd__o21a_2)
     1    0.002229    0.023735    0.137664   25.586082 v _111_/X (sky130_fd_sc_hd__o21a_2)
                                                         _067_ (net)
                      0.023735    0.000000   25.586082 v _115_/A1 (sky130_fd_sc_hd__o21a_2)
     1    0.001783    0.022602    0.119016   25.705099 v _115_/X (sky130_fd_sc_hd__o21a_2)
                                                         _010_ (net)
                      0.022602    0.000000   25.705099 v _161_/D (sky130_fd_sc_hd__dfxtp_2)
                                             25.705099   data arrival time

                      0.150000   50.000000   50.000000   clock clk (rise edge)
                                  0.000000   50.000000   clock network delay (ideal)
                                 -0.250000   49.749996   clock uncertainty
                                  0.000000   49.749996   clock reconvergence pessimism
                                             49.749996 ^ _161_/CLK (sky130_fd_sc_hd__dfxtp_2)
                                 -0.056529   49.693466   library setup time
                                             49.693466   data required time
---------------------------------------------------------------------------------------------
                                             49.693466   data required time
                                            -25.705099   data arrival time
---------------------------------------------------------------------------------------------
                                             23.988367   slack (MET)


Startpoint: _152_ (rising edge-triggered flip-flop clocked by clk')
Endpoint: _172_ (rising edge-triggered flip-flop clocked by clk)
Path Group: clk
Path Type: max

Fanout         Cap        Slew       Delay        Time   Description
---------------------------------------------------------------------------------------------
                      0.150000   25.000000   25.000000   clock clk' (rise edge)
                                  0.000000   25.000000   clock network delay (ideal)
                      0.150000    0.000000   25.000000 ^ _152_/CLK (sky130_fd_sc_hd__dfxtp_2)
    12    0.061417    0.235802    0.367715   25.367714 ^ _152_/Q (sky130_fd_sc_hd__dfxtp_2)
                                                         comparator_clk (net)
                      0.235802    0.000000   25.367714 ^ _109_/A (sky130_fd_sc_hd__nand4_2)
     4    0.009433    0.096111    0.080705   25.448420 v _109_/Y (sky130_fd_sc_hd__nand4_2)
                                                         _065_ (net)
                      0.096111    0.000000   25.448420 v _110_/B (sky130_fd_sc_hd__or2_2)
     1    0.004282    0.040665    0.183038   25.631456 v _110_/X (sky130_fd_sc_hd__or2_2)
                                                         _066_ (net)
                      0.040665    0.000000   25.631456 v _151_/A1 (sky130_fd_sc_hd__a21oi_2)
     1    0.001748    0.051005    0.067928   25.699385 ^ _151_/Y (sky130_fd_sc_hd__a21oi_2)
                                                         _021_ (net)
                      0.051005    0.000000   25.699385 ^ _172_/D (sky130_fd_sc_hd__dfxtp_2)
                                             25.699385   data arrival time

                      0.150000   50.000000   50.000000   clock clk (rise edge)
                                  0.000000   50.000000   clock network delay (ideal)
                                 -0.250000   49.749996   clock uncertainty
                                  0.000000   49.749996   clock reconvergence pessimism
                                             49.749996 ^ _172_/CLK (sky130_fd_sc_hd__dfxtp_2)
                                 -0.029461   49.720535   library setup time
                                             49.720535   data required time
---------------------------------------------------------------------------------------------
                                             49.720535   data required time
                                            -25.699385   data arrival time
---------------------------------------------------------------------------------------------
                                             24.021151   slack (MET)


Startpoint: _152_ (rising edge-triggered flip-flop clocked by clk')
Endpoint: _169_ (rising edge-triggered flip-flop clocked by clk)
Path Group: clk
Path Type: max

Fanout         Cap        Slew       Delay        Time   Description
---------------------------------------------------------------------------------------------
                      0.150000   25.000000   25.000000   clock clk' (rise edge)
                                  0.000000   25.000000   clock network delay (ideal)
                      0.150000    0.000000   25.000000 ^ _152_/CLK (sky130_fd_sc_hd__dfxtp_2)
    12    0.059871    0.099773    0.296676   25.296677 v _152_/Q (sky130_fd_sc_hd__dfxtp_2)
                                                         comparator_clk (net)
                      0.099773    0.000000   25.296677 v _144_/A (sky130_fd_sc_hd__or2_2)
     1    0.001548    0.033334    0.184965   25.481640 v _144_/X (sky130_fd_sc_hd__or2_2)
                                                         _042_ (net)
                      0.033334    0.000000   25.481640 v _145_/C (sky130_fd_sc_hd__and3_2)
     1    0.001783    0.025600    0.122707   25.604347 v _145_/X (sky130_fd_sc_hd__and3_2)
                                                         _018_ (net)
                      0.025600    0.000000   25.604347 v _169_/D (sky130_fd_sc_hd__dfxtp_2)
                                             25.604347   data arrival time

                      0.150000   50.000000   50.000000   clock clk (rise edge)
                                  0.000000   50.000000   clock network delay (ideal)
                                 -0.250000   49.749996   clock uncertainty
                                  0.000000   49.749996   clock reconvergence pessimism
                                             49.749996 ^ _169_/CLK (sky130_fd_sc_hd__dfxtp_2)
                                 -0.057594   49.692406   library setup time
                                             49.692406   data required time
---------------------------------------------------------------------------------------------
                                             49.692406   data required time
                                            -25.604347   data arrival time
---------------------------------------------------------------------------------------------
                                             24.088057   slack (MET)


Startpoint: _152_ (rising edge-triggered flip-flop clocked by clk')
Endpoint: _171_ (rising edge-triggered flip-flop clocked by clk)
Path Group: clk
Path Type: max

Fanout         Cap        Slew       Delay        Time   Description
---------------------------------------------------------------------------------------------
                      0.150000   25.000000   25.000000   clock clk' (rise edge)
                                  0.000000   25.000000   clock network delay (ideal)
                      0.150000    0.000000   25.000000 ^ _152_/CLK (sky130_fd_sc_hd__dfxtp_2)
    12    0.061417    0.235802    0.367715   25.367714 ^ _152_/Q (sky130_fd_sc_hd__dfxtp_2)
                                                         comparator_clk (net)
                      0.235802    0.000000   25.367714 ^ _109_/A (sky130_fd_sc_hd__nand4_2)
     4    0.009433    0.096111    0.080705   25.448420 v _109_/Y (sky130_fd_sc_hd__nand4_2)
                                                         _065_ (net)
                      0.096111    0.000000   25.448420 v _149_/B (sky130_fd_sc_hd__and3_2)
     1    0.001783    0.025636    0.138998   25.587418 v _149_/X (sky130_fd_sc_hd__and3_2)
                                                         _020_ (net)
                      0.025636    0.000000   25.587418 v _171_/D (sky130_fd_sc_hd__dfxtp_2)
                                             25.587418   data arrival time

                      0.150000   50.000000   50.000000   clock clk (rise edge)
                                  0.000000   50.000000   clock network delay (ideal)
                                 -0.250000   49.749996   clock uncertainty
                                  0.000000   49.749996   clock reconvergence pessimism
                                             49.749996 ^ _171_/CLK (sky130_fd_sc_hd__dfxtp_2)
                                 -0.057607   49.692390   library setup time
                                             49.692390   data required time
---------------------------------------------------------------------------------------------
                                             49.692390   data required time
                                            -25.587418   data arrival time
---------------------------------------------------------------------------------------------
                                             24.104973   slack (MET)


Startpoint: _152_ (rising edge-triggered flip-flop clocked by clk')
Endpoint: _170_ (rising edge-triggered flip-flop clocked by clk)
Path Group: clk
Path Type: max

Fanout         Cap        Slew       Delay        Time   Description
---------------------------------------------------------------------------------------------
                      0.150000   25.000000   25.000000   clock clk' (rise edge)
                                  0.000000   25.000000   clock network delay (ideal)
                      0.150000    0.000000   25.000000 ^ _152_/CLK (sky130_fd_sc_hd__dfxtp_2)
    12    0.061417    0.235802    0.367715   25.367714 ^ _152_/Q (sky130_fd_sc_hd__dfxtp_2)
                                                         comparator_clk (net)
                      0.235802    0.000000   25.367714 ^ _107_/A (sky130_fd_sc_hd__nand3_2)
     3    0.007314    0.073938    0.056367   25.424082 v _107_/Y (sky130_fd_sc_hd__nand3_2)
                                                         _063_ (net)
                      0.073938    0.000000   25.424082 v _147_/B (sky130_fd_sc_hd__and3_2)
     1    0.001783    0.025594    0.129759   25.553841 v _147_/X (sky130_fd_sc_hd__and3_2)
                                                         _019_ (net)
                      0.025594    0.000000   25.553841 v _170_/D (sky130_fd_sc_hd__dfxtp_2)
                                             25.553841   data arrival time

                      0.150000   50.000000   50.000000   clock clk (rise edge)
                                  0.000000   50.000000   clock network delay (ideal)
                                 -0.250000   49.749996   clock uncertainty
                                  0.000000   49.749996   clock reconvergence pessimism
                                             49.749996 ^ _170_/CLK (sky130_fd_sc_hd__dfxtp_2)
                                 -0.057592   49.692406   library setup time
                                             49.692406   data required time
---------------------------------------------------------------------------------------------
                                             49.692406   data required time
                                            -25.553841   data arrival time
---------------------------------------------------------------------------------------------
                                             24.138563   slack (MET)


Startpoint: _164_ (rising edge-triggered flip-flop clocked by clk)
Endpoint: dac_in_n[3] (output port clocked by clk)
Path Group: clk
Path Type: max

Fanout         Cap        Slew       Delay        Time   Description
---------------------------------------------------------------------------------------------
                      0.150000    0.000000    0.000000   clock clk (rise edge)
                                  0.000000    0.000000   clock network delay (ideal)
                      0.150000    0.000000    0.000000 ^ _164_/CLK (sky130_fd_sc_hd__dfxtp_2)
     3    0.040028    0.070786    0.273202    0.273202 v _164_/Q (sky130_fd_sc_hd__dfxtp_2)
                                                         dac_in[3] (net)
                      0.070786    0.000000    0.273202 v _078_/A (sky130_fd_sc_hd__inv_2)
     2    0.038206    0.135372    0.127593    0.400795 ^ _078_/Y (sky130_fd_sc_hd__inv_2)
                                                         dac_in_n[3] (net)
                      0.135372    0.000000    0.400795 ^ dac_in_n[3] (out)
                                              0.400795   data arrival time

                      0.150000   50.000000   50.000000   clock clk (rise edge)
                                  0.000000   50.000000   clock network delay (ideal)
                                 -0.250000   49.749996   clock uncertainty
                                  0.000000   49.749996   clock reconvergence pessimism
                                -10.000000   39.749996   output external delay
                                             39.749996   data required time
---------------------------------------------------------------------------------------------
                                             39.749996   data required time
                                             -0.400795   data arrival time
---------------------------------------------------------------------------------------------
                                             39.349201   slack (MET)


Startpoint: _168_ (rising edge-triggered flip-flop clocked by clk)
Endpoint: dac_in_n[7] (output port clocked by clk)
Path Group: clk
Path Type: max

Fanout         Cap        Slew       Delay        Time   Description
---------------------------------------------------------------------------------------------
                      0.150000    0.000000    0.000000   clock clk (rise edge)
                                  0.000000    0.000000   clock network delay (ideal)
                      0.150000    0.000000    0.000000 ^ _168_/CLK (sky130_fd_sc_hd__dfxtp_2)
     3    0.040028    0.070786    0.273202    0.273202 v _168_/Q (sky130_fd_sc_hd__dfxtp_2)
                                                         dac_in[7] (net)
                      0.070786    0.000000    0.273202 v _074_/A (sky130_fd_sc_hd__inv_2)
     2    0.038206    0.135372    0.127593    0.400795 ^ _074_/Y (sky130_fd_sc_hd__inv_2)
                                                         dac_in_n[7] (net)
                      0.135372    0.000000    0.400795 ^ dac_in_n[7] (out)
                                              0.400795   data arrival time

                      0.150000   50.000000   50.000000   clock clk (rise edge)
                                  0.000000   50.000000   clock network delay (ideal)
                                 -0.250000   49.749996   clock uncertainty
                                  0.000000   49.749996   clock reconvergence pessimism
                                -10.000000   39.749996   output external delay
                                             39.749996   data required time
---------------------------------------------------------------------------------------------
                                             39.749996   data required time
                                             -0.400795   data arrival time
---------------------------------------------------------------------------------------------
                                             39.349201   slack (MET)


Startpoint: _161_ (rising edge-triggered flip-flop clocked by clk)
Endpoint: dac_in_n[0] (output port clocked by clk)
Path Group: clk
Path Type: max

Fanout         Cap        Slew       Delay        Time   Description
---------------------------------------------------------------------------------------------
                      0.150000    0.000000    0.000000   clock clk (rise edge)
                                  0.000000    0.000000   clock network delay (ideal)
                      0.150000    0.000000    0.000000 ^ _161_/CLK (sky130_fd_sc_hd__dfxtp_2)
     4    0.043257    0.168293    0.321321    0.321321 ^ _161_/Q (sky130_fd_sc_hd__dfxtp_2)
                                                         dac_in[0] (net)
                      0.168293    0.000000    0.321321 ^ _081_/A (sky130_fd_sc_hd__inv_2)
     1    0.033442    0.078812    0.077405    0.398726 v _081_/Y (sky130_fd_sc_hd__inv_2)
                                                         dac_in_n[0] (net)
                      0.078812    0.000000    0.398726 v dac_in_n[0] (out)
                                              0.398726   data arrival time

                      0.150000   50.000000   50.000000   clock clk (rise edge)
                                  0.000000   50.000000   clock network delay (ideal)
                                 -0.250000   49.749996   clock uncertainty
                                  0.000000   49.749996   clock reconvergence pessimism
                                -10.000000   39.749996   output external delay
                                             39.749996   data required time
---------------------------------------------------------------------------------------------
                                             39.749996   data required time
                                             -0.398726   data arrival time
---------------------------------------------------------------------------------------------
                                             39.351273   slack (MET)


Startpoint: _163_ (rising edge-triggered flip-flop clocked by clk)
Endpoint: dac_in_n[2] (output port clocked by clk)
Path Group: clk
Path Type: max

Fanout         Cap        Slew       Delay        Time   Description
---------------------------------------------------------------------------------------------
                      0.150000    0.000000    0.000000   clock clk (rise edge)
                                  0.000000    0.000000   clock network delay (ideal)
                      0.150000    0.000000    0.000000 ^ _163_/CLK (sky130_fd_sc_hd__dfxtp_2)
     4    0.043170    0.167970    0.321099    0.321099 ^ _163_/Q (sky130_fd_sc_hd__dfxtp_2)
                                                         dac_in[2] (net)
                      0.167970    0.000000    0.321099 ^ _079_/A (sky130_fd_sc_hd__inv_2)
     1    0.033442    0.078739    0.077374    0.398473 v _079_/Y (sky130_fd_sc_hd__inv_2)
                                                         dac_in_n[2] (net)
                      0.078739    0.000000    0.398473 v dac_in_n[2] (out)
                                              0.398473   data arrival time

                      0.150000   50.000000   50.000000   clock clk (rise edge)
                                  0.000000   50.000000   clock network delay (ideal)
                                 -0.250000   49.749996   clock uncertainty
                                  0.000000   49.749996   clock reconvergence pessimism
                                -10.000000   39.749996   output external delay
                                             39.749996   data required time
---------------------------------------------------------------------------------------------
                                             39.749996   data required time
                                             -0.398473   data arrival time
---------------------------------------------------------------------------------------------
                                             39.351524   slack (MET)


Startpoint: _167_ (rising edge-triggered flip-flop clocked by clk)
Endpoint: dac_in_n[6] (output port clocked by clk)
Path Group: clk
Path Type: max

Fanout         Cap        Slew       Delay        Time   Description
---------------------------------------------------------------------------------------------
                      0.150000    0.000000    0.000000   clock clk (rise edge)
                                  0.000000    0.000000   clock network delay (ideal)
                      0.150000    0.000000    0.000000 ^ _167_/CLK (sky130_fd_sc_hd__dfxtp_2)
     4    0.043170    0.167970    0.321099    0.321099 ^ _167_/Q (sky130_fd_sc_hd__dfxtp_2)
                                                         dac_in[6] (net)
                      0.167970    0.000000    0.321099 ^ _075_/A (sky130_fd_sc_hd__inv_2)
     1    0.033442    0.078739    0.077374    0.398473 v _075_/Y (sky130_fd_sc_hd__inv_2)
                                                         dac_in_n[6] (net)
                      0.078739    0.000000    0.398473 v dac_in_n[6] (out)
                                              0.398473   data arrival time

                      0.150000   50.000000   50.000000   clock clk (rise edge)
                                  0.000000   50.000000   clock network delay (ideal)
                                 -0.250000   49.749996   clock uncertainty
                                  0.000000   49.749996   clock reconvergence pessimism
                                -10.000000   39.749996   output external delay
                                             39.749996   data required time
---------------------------------------------------------------------------------------------
                                             39.749996   data required time
                                             -0.398473   data arrival time
---------------------------------------------------------------------------------------------
                                             39.351524   slack (MET)


Startpoint: _162_ (rising edge-triggered flip-flop clocked by clk)
Endpoint: dac_in_n[1] (output port clocked by clk)
Path Group: clk
Path Type: max

Fanout         Cap        Slew       Delay        Time   Description
---------------------------------------------------------------------------------------------
                      0.150000    0.000000    0.000000   clock clk (rise edge)
                                  0.000000    0.000000   clock network delay (ideal)
                      0.150000    0.000000    0.000000 ^ _162_/CLK (sky130_fd_sc_hd__dfxtp_2)
     3    0.040028    0.070786    0.273202    0.273202 v _162_/Q (sky130_fd_sc_hd__dfxtp_2)
                                                         dac_in[1] (net)
                      0.070786    0.000000    0.273202 v _080_/A (sky130_fd_sc_hd__inv_2)
     2    0.036058    0.128343    0.122566    0.395768 ^ _080_/Y (sky130_fd_sc_hd__inv_2)
                                                         dac_in_n[1] (net)
                      0.128343    0.000000    0.395768 ^ dac_in_n[1] (out)
                                              0.395768   data arrival time

                      0.150000   50.000000   50.000000   clock clk (rise edge)
                                  0.000000   50.000000   clock network delay (ideal)
                                 -0.250000   49.749996   clock uncertainty
                                  0.000000   49.749996   clock reconvergence pessimism
                                -10.000000   39.749996   output external delay
                                             39.749996   data required time
---------------------------------------------------------------------------------------------
                                             39.749996   data required time
                                             -0.395768   data arrival time
---------------------------------------------------------------------------------------------
                                             39.354229   slack (MET)


Startpoint: _165_ (rising edge-triggered flip-flop clocked by clk)
Endpoint: dac_in_n[4] (output port clocked by clk)
Path Group: clk
Path Type: max

Fanout         Cap        Slew       Delay        Time   Description
---------------------------------------------------------------------------------------------
                      0.150000    0.000000    0.000000   clock clk (rise edge)
                                  0.000000    0.000000   clock network delay (ideal)
                      0.150000    0.000000    0.000000 ^ _165_/CLK (sky130_fd_sc_hd__dfxtp_2)
     3    0.040028    0.070786    0.273202    0.273202 v _165_/Q (sky130_fd_sc_hd__dfxtp_2)
                                                         dac_in[4] (net)
                      0.070786    0.000000    0.273202 v _077_/A (sky130_fd_sc_hd__inv_2)
     2    0.036058    0.128343    0.122566    0.395768 ^ _077_/Y (sky130_fd_sc_hd__inv_2)
                                                         dac_in_n[4] (net)
                      0.128343    0.000000    0.395768 ^ dac_in_n[4] (out)
                                              0.395768   data arrival time

                      0.150000   50.000000   50.000000   clock clk (rise edge)
                                  0.000000   50.000000   clock network delay (ideal)
                                 -0.250000   49.749996   clock uncertainty
                                  0.000000   49.749996   clock reconvergence pessimism
                                -10.000000   39.749996   output external delay
                                             39.749996   data required time
---------------------------------------------------------------------------------------------
                                             39.749996   data required time
                                             -0.395768   data arrival time
---------------------------------------------------------------------------------------------
                                             39.354229   slack (MET)


Startpoint: _166_ (rising edge-triggered flip-flop clocked by clk)
Endpoint: dac_in_n[5] (output port clocked by clk)
Path Group: clk
Path Type: max

Fanout         Cap        Slew       Delay        Time   Description
---------------------------------------------------------------------------------------------
                      0.150000    0.000000    0.000000   clock clk (rise edge)
                                  0.000000    0.000000   clock network delay (ideal)
                      0.150000    0.000000    0.000000 ^ _166_/CLK (sky130_fd_sc_hd__dfxtp_2)
     3    0.040028    0.070786    0.273202    0.273202 v _166_/Q (sky130_fd_sc_hd__dfxtp_2)
                                                         dac_in[5] (net)
                      0.070786    0.000000    0.273202 v _076_/A (sky130_fd_sc_hd__inv_2)
     2    0.036058    0.128343    0.122566    0.395768 ^ _076_/Y (sky130_fd_sc_hd__inv_2)
                                                         dac_in_n[5] (net)
                      0.128343    0.000000    0.395768 ^ dac_in_n[5] (out)
                                              0.395768   data arrival time

                      0.150000   50.000000   50.000000   clock clk (rise edge)
                                  0.000000   50.000000   clock network delay (ideal)
                                 -0.250000   49.749996   clock uncertainty
                                  0.000000   49.749996   clock reconvergence pessimism
                                -10.000000   39.749996   output external delay
                                             39.749996   data required time
---------------------------------------------------------------------------------------------
                                             39.749996   data required time
                                             -0.395768   data arrival time
---------------------------------------------------------------------------------------------
                                             39.354229   slack (MET)


Startpoint: _161_ (rising edge-triggered flip-flop clocked by clk)
Endpoint: dac_in[0] (output port clocked by clk)
Path Group: clk
Path Type: max

Fanout         Cap        Slew       Delay        Time   Description
---------------------------------------------------------------------------------------------
                      0.150000    0.000000    0.000000   clock clk (rise edge)
                                  0.000000    0.000000   clock network delay (ideal)
                      0.150000    0.000000    0.000000 ^ _161_/CLK (sky130_fd_sc_hd__dfxtp_2)
     4    0.043257    0.168293    0.321321    0.321321 ^ _161_/Q (sky130_fd_sc_hd__dfxtp_2)
                                                         dac_in[0] (net)
                      0.168293    0.000000    0.321321 ^ dac_in[0] (out)
                                              0.321321   data arrival time

                      0.150000   50.000000   50.000000   clock clk (rise edge)
                                  0.000000   50.000000   clock network delay (ideal)
                                 -0.250000   49.749996   clock uncertainty
                                  0.000000   49.749996   clock reconvergence pessimism
                                -10.000000   39.749996   output external delay
                                             39.749996   data required time
---------------------------------------------------------------------------------------------
                                             39.749996   data required time
                                             -0.321321   data arrival time
---------------------------------------------------------------------------------------------
                                             39.428677   slack (MET)


Startpoint: _163_ (rising edge-triggered flip-flop clocked by clk)
Endpoint: dac_in[2] (output port clocked by clk)
Path Group: clk
Path Type: max

Fanout         Cap        Slew       Delay        Time   Description
---------------------------------------------------------------------------------------------
                      0.150000    0.000000    0.000000   clock clk (rise edge)
                                  0.000000    0.000000   clock network delay (ideal)
                      0.150000    0.000000    0.000000 ^ _163_/CLK (sky130_fd_sc_hd__dfxtp_2)
     4    0.043170    0.167970    0.321099    0.321099 ^ _163_/Q (sky130_fd_sc_hd__dfxtp_2)
                                                         dac_in[2] (net)
                      0.167970    0.000000    0.321099 ^ dac_in[2] (out)
                                              0.321099   data arrival time

                      0.150000   50.000000   50.000000   clock clk (rise edge)
                                  0.000000   50.000000   clock network delay (ideal)
                                 -0.250000   49.749996   clock uncertainty
                                  0.000000   49.749996   clock reconvergence pessimism
                                -10.000000   39.749996   output external delay
                                             39.749996   data required time
---------------------------------------------------------------------------------------------
                                             39.749996   data required time
                                             -0.321099   data arrival time
---------------------------------------------------------------------------------------------
                                             39.428898   slack (MET)


Startpoint: _167_ (rising edge-triggered flip-flop clocked by clk)
Endpoint: dac_in[6] (output port clocked by clk)
Path Group: clk
Path Type: max

Fanout         Cap        Slew       Delay        Time   Description
---------------------------------------------------------------------------------------------
                      0.150000    0.000000    0.000000   clock clk (rise edge)
                                  0.000000    0.000000   clock network delay (ideal)
                      0.150000    0.000000    0.000000 ^ _167_/CLK (sky130_fd_sc_hd__dfxtp_2)
     4    0.043170    0.167970    0.321099    0.321099 ^ _167_/Q (sky130_fd_sc_hd__dfxtp_2)
                                                         dac_in[6] (net)
                      0.167970    0.000000    0.321099 ^ dac_in[6] (out)
                                              0.321099   data arrival time

                      0.150000   50.000000   50.000000   clock clk (rise edge)
                                  0.000000   50.000000   clock network delay (ideal)
                                 -0.250000   49.749996   clock uncertainty
                                  0.000000   49.749996   clock reconvergence pessimism
                                -10.000000   39.749996   output external delay
                                             39.749996   data required time
---------------------------------------------------------------------------------------------
                                             39.749996   data required time
                                             -0.321099   data arrival time
---------------------------------------------------------------------------------------------
                                             39.428898   slack (MET)


Startpoint: _162_ (rising edge-triggered flip-flop clocked by clk)
Endpoint: dac_in[1] (output port clocked by clk)
Path Group: clk
Path Type: max

Fanout         Cap        Slew       Delay        Time   Description
---------------------------------------------------------------------------------------------
                      0.150000    0.000000    0.000000   clock clk (rise edge)
                                  0.000000    0.000000   clock network delay (ideal)
                      0.150000    0.000000    0.000000 ^ _162_/CLK (sky130_fd_sc_hd__dfxtp_2)
     3    0.040657    0.158710    0.314643    0.314643 ^ _162_/Q (sky130_fd_sc_hd__dfxtp_2)
                                                         dac_in[1] (net)
                      0.158710    0.000000    0.314643 ^ dac_in[1] (out)
                                              0.314643   data arrival time

                      0.150000   50.000000   50.000000   clock clk (rise edge)
                                  0.000000   50.000000   clock network delay (ideal)
                                 -0.250000   49.749996   clock uncertainty
                                  0.000000   49.749996   clock reconvergence pessimism
                                -10.000000   39.749996   output external delay
                                             39.749996   data required time
---------------------------------------------------------------------------------------------
                                             39.749996   data required time
                                             -0.314643   data arrival time
---------------------------------------------------------------------------------------------
                                             39.435352   slack (MET)


Startpoint: _164_ (rising edge-triggered flip-flop clocked by clk)
Endpoint: dac_in[3] (output port clocked by clk)
Path Group: clk
Path Type: max

Fanout         Cap        Slew       Delay        Time   Description
---------------------------------------------------------------------------------------------
                      0.150000    0.000000    0.000000   clock clk (rise edge)
                                  0.000000    0.000000   clock network delay (ideal)
                      0.150000    0.000000    0.000000 ^ _164_/CLK (sky130_fd_sc_hd__dfxtp_2)
     3    0.040657    0.158710    0.314643    0.314643 ^ _164_/Q (sky130_fd_sc_hd__dfxtp_2)
                                                         dac_in[3] (net)
                      0.158710    0.000000    0.314643 ^ dac_in[3] (out)
                                              0.314643   data arrival time

                      0.150000   50.000000   50.000000   clock clk (rise edge)
                                  0.000000   50.000000   clock network delay (ideal)
                                 -0.250000   49.749996   clock uncertainty
                                  0.000000   49.749996   clock reconvergence pessimism
                                -10.000000   39.749996   output external delay
                                             39.749996   data required time
---------------------------------------------------------------------------------------------
                                             39.749996   data required time
                                             -0.314643   data arrival time
---------------------------------------------------------------------------------------------
                                             39.435352   slack (MET)


Startpoint: _165_ (rising edge-triggered flip-flop clocked by clk)
Endpoint: dac_in[4] (output port clocked by clk)
Path Group: clk
Path Type: max

Fanout         Cap        Slew       Delay        Time   Description
---------------------------------------------------------------------------------------------
                      0.150000    0.000000    0.000000   clock clk (rise edge)
                                  0.000000    0.000000   clock network delay (ideal)
                      0.150000    0.000000    0.000000 ^ _165_/CLK (sky130_fd_sc_hd__dfxtp_2)
     3    0.040657    0.158710    0.314643    0.314643 ^ _165_/Q (sky130_fd_sc_hd__dfxtp_2)
                                                         dac_in[4] (net)
                      0.158710    0.000000    0.314643 ^ dac_in[4] (out)
                                              0.314643   data arrival time

                      0.150000   50.000000   50.000000   clock clk (rise edge)
                                  0.000000   50.000000   clock network delay (ideal)
                                 -0.250000   49.749996   clock uncertainty
                                  0.000000   49.749996   clock reconvergence pessimism
                                -10.000000   39.749996   output external delay
                                             39.749996   data required time
---------------------------------------------------------------------------------------------
                                             39.749996   data required time
                                             -0.314643   data arrival time
---------------------------------------------------------------------------------------------
                                             39.435352   slack (MET)


Startpoint: _166_ (rising edge-triggered flip-flop clocked by clk)
Endpoint: dac_in[5] (output port clocked by clk)
Path Group: clk
Path Type: max

Fanout         Cap        Slew       Delay        Time   Description
---------------------------------------------------------------------------------------------
                      0.150000    0.000000    0.000000   clock clk (rise edge)
                                  0.000000    0.000000   clock network delay (ideal)
                      0.150000    0.000000    0.000000 ^ _166_/CLK (sky130_fd_sc_hd__dfxtp_2)
     3    0.040657    0.158710    0.314643    0.314643 ^ _166_/Q (sky130_fd_sc_hd__dfxtp_2)
                                                         dac_in[5] (net)
                      0.158710    0.000000    0.314643 ^ dac_in[5] (out)
                                              0.314643   data arrival time

                      0.150000   50.000000   50.000000   clock clk (rise edge)
                                  0.000000   50.000000   clock network delay (ideal)
                                 -0.250000   49.749996   clock uncertainty
                                  0.000000   49.749996   clock reconvergence pessimism
                                -10.000000   39.749996   output external delay
                                             39.749996   data required time
---------------------------------------------------------------------------------------------
                                             39.749996   data required time
                                             -0.314643   data arrival time
---------------------------------------------------------------------------------------------
                                             39.435352   slack (MET)


Startpoint: _168_ (rising edge-triggered flip-flop clocked by clk)
Endpoint: dac_in[7] (output port clocked by clk)
Path Group: clk
Path Type: max

Fanout         Cap        Slew       Delay        Time   Description
---------------------------------------------------------------------------------------------
                      0.150000    0.000000    0.000000   clock clk (rise edge)
                                  0.000000    0.000000   clock network delay (ideal)
                      0.150000    0.000000    0.000000 ^ _168_/CLK (sky130_fd_sc_hd__dfxtp_2)
     3    0.040657    0.158710    0.314643    0.314643 ^ _168_/Q (sky130_fd_sc_hd__dfxtp_2)
                                                         dac_in[7] (net)
                      0.158710    0.000000    0.314643 ^ dac_in[7] (out)
                                              0.314643   data arrival time

                      0.150000   50.000000   50.000000   clock clk (rise edge)
                                  0.000000   50.000000   clock network delay (ideal)
                                 -0.250000   49.749996   clock uncertainty
                                  0.000000   49.749996   clock reconvergence pessimism
                                -10.000000   39.749996   output external delay
                                             39.749996   data required time
---------------------------------------------------------------------------------------------
                                             39.749996   data required time
                                             -0.314643   data arrival time
---------------------------------------------------------------------------------------------
                                             39.435352   slack (MET)


Startpoint: _153_ (rising edge-triggered flip-flop clocked by clk)
Endpoint: adc_out[0] (output port clocked by clk)
Path Group: clk
Path Type: max

Fanout         Cap        Slew       Delay        Time   Description
---------------------------------------------------------------------------------------------
                      0.150000    0.000000    0.000000   clock clk (rise edge)
                                  0.000000    0.000000   clock network delay (ideal)
                      0.150000    0.000000    0.000000 ^ _153_/CLK (sky130_fd_sc_hd__dfxtp_2)
     2    0.035111    0.138274    0.300396    0.300396 ^ _153_/Q (sky130_fd_sc_hd__dfxtp_2)
                                                         adc_out[0] (net)
                      0.138274    0.000000    0.300396 ^ adc_out[0] (out)
                                              0.300396   data arrival time

                      0.150000   50.000000   50.000000   clock clk (rise edge)
                                  0.000000   50.000000   clock network delay (ideal)
                                 -0.250000   49.749996   clock uncertainty
                                  0.000000   49.749996   clock reconvergence pessimism
                                -10.000000   39.749996   output external delay
                                             39.749996   data required time
---------------------------------------------------------------------------------------------
                                             39.749996   data required time
                                             -0.300396   data arrival time
---------------------------------------------------------------------------------------------
                                             39.449600   slack (MET)


Startpoint: _154_ (rising edge-triggered flip-flop clocked by clk)
Endpoint: adc_out[1] (output port clocked by clk)
Path Group: clk
Path Type: max

Fanout         Cap        Slew       Delay        Time   Description
---------------------------------------------------------------------------------------------
                      0.150000    0.000000    0.000000   clock clk (rise edge)
                                  0.000000    0.000000   clock network delay (ideal)
                      0.150000    0.000000    0.000000 ^ _154_/CLK (sky130_fd_sc_hd__dfxtp_2)
     2    0.035111    0.138274    0.300396    0.300396 ^ _154_/Q (sky130_fd_sc_hd__dfxtp_2)
                                                         adc_out[1] (net)
                      0.138274    0.000000    0.300396 ^ adc_out[1] (out)
                                              0.300396   data arrival time

                      0.150000   50.000000   50.000000   clock clk (rise edge)
                                  0.000000   50.000000   clock network delay (ideal)
                                 -0.250000   49.749996   clock uncertainty
                                  0.000000   49.749996   clock reconvergence pessimism
                                -10.000000   39.749996   output external delay
                                             39.749996   data required time
---------------------------------------------------------------------------------------------
                                             39.749996   data required time
                                             -0.300396   data arrival time
---------------------------------------------------------------------------------------------
                                             39.449600   slack (MET)


Startpoint: _155_ (rising edge-triggered flip-flop clocked by clk)
Endpoint: adc_out[2] (output port clocked by clk)
Path Group: clk
Path Type: max

Fanout         Cap        Slew       Delay        Time   Description
---------------------------------------------------------------------------------------------
                      0.150000    0.000000    0.000000   clock clk (rise edge)
                                  0.000000    0.000000   clock network delay (ideal)
                      0.150000    0.000000    0.000000 ^ _155_/CLK (sky130_fd_sc_hd__dfxtp_2)
     2    0.035111    0.138274    0.300396    0.300396 ^ _155_/Q (sky130_fd_sc_hd__dfxtp_2)
                                                         adc_out[2] (net)
                      0.138274    0.000000    0.300396 ^ adc_out[2] (out)
                                              0.300396   data arrival time

                      0.150000   50.000000   50.000000   clock clk (rise edge)
                                  0.000000   50.000000   clock network delay (ideal)
                                 -0.250000   49.749996   clock uncertainty
                                  0.000000   49.749996   clock reconvergence pessimism
                                -10.000000   39.749996   output external delay
                                             39.749996   data required time
---------------------------------------------------------------------------------------------
                                             39.749996   data required time
                                             -0.300396   data arrival time
---------------------------------------------------------------------------------------------
                                             39.449600   slack (MET)


Startpoint: _156_ (rising edge-triggered flip-flop clocked by clk)
Endpoint: adc_out[3] (output port clocked by clk)
Path Group: clk
Path Type: max

Fanout         Cap        Slew       Delay        Time   Description
---------------------------------------------------------------------------------------------
                      0.150000    0.000000    0.000000   clock clk (rise edge)
                                  0.000000    0.000000   clock network delay (ideal)
                      0.150000    0.000000    0.000000 ^ _156_/CLK (sky130_fd_sc_hd__dfxtp_2)
     2    0.035111    0.138274    0.300396    0.300396 ^ _156_/Q (sky130_fd_sc_hd__dfxtp_2)
                                                         adc_out[3] (net)
                      0.138274    0.000000    0.300396 ^ adc_out[3] (out)
                                              0.300396   data arrival time

                      0.150000   50.000000   50.000000   clock clk (rise edge)
                                  0.000000   50.000000   clock network delay (ideal)
                                 -0.250000   49.749996   clock uncertainty
                                  0.000000   49.749996   clock reconvergence pessimism
                                -10.000000   39.749996   output external delay
                                             39.749996   data required time
---------------------------------------------------------------------------------------------
                                             39.749996   data required time
                                             -0.300396   data arrival time
---------------------------------------------------------------------------------------------
                                             39.449600   slack (MET)


Startpoint: _157_ (rising edge-triggered flip-flop clocked by clk)
Endpoint: adc_out[4] (output port clocked by clk)
Path Group: clk
Path Type: max

Fanout         Cap        Slew       Delay        Time   Description
---------------------------------------------------------------------------------------------
                      0.150000    0.000000    0.000000   clock clk (rise edge)
                                  0.000000    0.000000   clock network delay (ideal)
                      0.150000    0.000000    0.000000 ^ _157_/CLK (sky130_fd_sc_hd__dfxtp_2)
     2    0.035111    0.138274    0.300396    0.300396 ^ _157_/Q (sky130_fd_sc_hd__dfxtp_2)
                                                         adc_out[4] (net)
                      0.138274    0.000000    0.300396 ^ adc_out[4] (out)
                                              0.300396   data arrival time

                      0.150000   50.000000   50.000000   clock clk (rise edge)
                                  0.000000   50.000000   clock network delay (ideal)
                                 -0.250000   49.749996   clock uncertainty
                                  0.000000   49.749996   clock reconvergence pessimism
                                -10.000000   39.749996   output external delay
                                             39.749996   data required time
---------------------------------------------------------------------------------------------
                                             39.749996   data required time
                                             -0.300396   data arrival time
---------------------------------------------------------------------------------------------
                                             39.449600   slack (MET)


Startpoint: _158_ (rising edge-triggered flip-flop clocked by clk)
Endpoint: adc_out[5] (output port clocked by clk)
Path Group: clk
Path Type: max

Fanout         Cap        Slew       Delay        Time   Description
---------------------------------------------------------------------------------------------
                      0.150000    0.000000    0.000000   clock clk (rise edge)
                                  0.000000    0.000000   clock network delay (ideal)
                      0.150000    0.000000    0.000000 ^ _158_/CLK (sky130_fd_sc_hd__dfxtp_2)
     2    0.035111    0.138274    0.300396    0.300396 ^ _158_/Q (sky130_fd_sc_hd__dfxtp_2)
                                                         adc_out[5] (net)
                      0.138274    0.000000    0.300396 ^ adc_out[5] (out)
                                              0.300396   data arrival time

                      0.150000   50.000000   50.000000   clock clk (rise edge)
                                  0.000000   50.000000   clock network delay (ideal)
                                 -0.250000   49.749996   clock uncertainty
                                  0.000000   49.749996   clock reconvergence pessimism
                                -10.000000   39.749996   output external delay
                                             39.749996   data required time
---------------------------------------------------------------------------------------------
                                             39.749996   data required time
                                             -0.300396   data arrival time
---------------------------------------------------------------------------------------------
                                             39.449600   slack (MET)


Startpoint: _159_ (rising edge-triggered flip-flop clocked by clk)
Endpoint: adc_out[6] (output port clocked by clk)
Path Group: clk
Path Type: max

Fanout         Cap        Slew       Delay        Time   Description
---------------------------------------------------------------------------------------------
                      0.150000    0.000000    0.000000   clock clk (rise edge)
                                  0.000000    0.000000   clock network delay (ideal)
                      0.150000    0.000000    0.000000 ^ _159_/CLK (sky130_fd_sc_hd__dfxtp_2)
     2    0.035111    0.138274    0.300396    0.300396 ^ _159_/Q (sky130_fd_sc_hd__dfxtp_2)
                                                         adc_out[6] (net)
                      0.138274    0.000000    0.300396 ^ adc_out[6] (out)
                                              0.300396   data arrival time

                      0.150000   50.000000   50.000000   clock clk (rise edge)
                                  0.000000   50.000000   clock network delay (ideal)
                                 -0.250000   49.749996   clock uncertainty
                                  0.000000   49.749996   clock reconvergence pessimism
                                -10.000000   39.749996   output external delay
                                             39.749996   data required time
---------------------------------------------------------------------------------------------
                                             39.749996   data required time
                                             -0.300396   data arrival time
---------------------------------------------------------------------------------------------
                                             39.449600   slack (MET)


Startpoint: _160_ (rising edge-triggered flip-flop clocked by clk)
Endpoint: adc_out[7] (output port clocked by clk)
Path Group: clk
Path Type: max

Fanout         Cap        Slew       Delay        Time   Description
---------------------------------------------------------------------------------------------
                      0.150000    0.000000    0.000000   clock clk (rise edge)
                                  0.000000    0.000000   clock network delay (ideal)
                      0.150000    0.000000    0.000000 ^ _160_/CLK (sky130_fd_sc_hd__dfxtp_2)
     2    0.035111    0.138274    0.300396    0.300396 ^ _160_/Q (sky130_fd_sc_hd__dfxtp_2)
                                                         adc_out[7] (net)
                      0.138274    0.000000    0.300396 ^ adc_out[7] (out)
                                              0.300396   data arrival time

                      0.150000   50.000000   50.000000   clock clk (rise edge)
                                  0.000000   50.000000   clock network delay (ideal)
                                 -0.250000   49.749996   clock uncertainty
                                  0.000000   49.749996   clock reconvergence pessimism
                                -10.000000   39.749996   output external delay
                                             39.749996   data required time
---------------------------------------------------------------------------------------------
                                             39.749996   data required time
                                             -0.300396   data arrival time
---------------------------------------------------------------------------------------------
                                             39.449600   slack (MET)


Startpoint: rst_n (input port clocked by clk)
Endpoint: _153_ (rising edge-triggered flip-flop clocked by clk)
Path Group: clk
Path Type: max

Fanout         Cap        Slew       Delay        Time   Description
---------------------------------------------------------------------------------------------
                      0.150000    0.000000    0.000000   clock clk (rise edge)
                                  0.000000    0.000000   clock network delay (ideal)
                                 10.000000   10.000000 ^ input external delay
    11    0.027912    0.099454    0.067103   10.067103 ^ rst_n (in)
                                                         rst_n (net)
                      0.099454    0.000000   10.067103 ^ _088_/C1 (sky130_fd_sc_hd__o211a_2)
     1    0.001748    0.025439    0.086533   10.153636 ^ _088_/X (sky130_fd_sc_hd__o211a_2)
                                                         _002_ (net)
                      0.025439    0.000000   10.153636 ^ _153_/D (sky130_fd_sc_hd__dfxtp_2)
                                             10.153636   data arrival time

                      0.150000   50.000000   50.000000   clock clk (rise edge)
                                  0.000000   50.000000   clock network delay (ideal)
                                 -0.250000   49.749996   clock uncertainty
                                  0.000000   49.749996   clock reconvergence pessimism
                                             49.749996 ^ _153_/CLK (sky130_fd_sc_hd__dfxtp_2)
                                 -0.027128   49.722870   library setup time
                                             49.722870   data required time
---------------------------------------------------------------------------------------------
                                             49.722870   data required time
                                            -10.153636   data arrival time
---------------------------------------------------------------------------------------------
                                             39.569233   slack (MET)


Startpoint: rst_n (input port clocked by clk)
Endpoint: _154_ (rising edge-triggered flip-flop clocked by clk)
Path Group: clk
Path Type: max

Fanout         Cap        Slew       Delay        Time   Description
---------------------------------------------------------------------------------------------
                      0.150000    0.000000    0.000000   clock clk (rise edge)
                                  0.000000    0.000000   clock network delay (ideal)
                                 10.000000   10.000000 ^ input external delay
    11    0.027912    0.099454    0.067103   10.067103 ^ rst_n (in)
                                                         rst_n (net)
                      0.099454    0.000000   10.067103 ^ _090_/C1 (sky130_fd_sc_hd__o211a_2)
     1    0.001748    0.025291    0.086533   10.153636 ^ _090_/X (sky130_fd_sc_hd__o211a_2)
                                                         _003_ (net)
                      0.025291    0.000000   10.153636 ^ _154_/D (sky130_fd_sc_hd__dfxtp_2)
                                             10.153636   data arrival time

                      0.150000   50.000000   50.000000   clock clk (rise edge)
                                  0.000000   50.000000   clock network delay (ideal)
                                 -0.250000   49.749996   clock uncertainty
                                  0.000000   49.749996   clock reconvergence pessimism
                                             49.749996 ^ _154_/CLK (sky130_fd_sc_hd__dfxtp_2)
                                 -0.027114   49.722881   library setup time
                                             49.722881   data required time
---------------------------------------------------------------------------------------------
                                             49.722881   data required time
                                            -10.153636   data arrival time
---------------------------------------------------------------------------------------------
                                             39.569248   slack (MET)


Startpoint: rst_n (input port clocked by clk)
Endpoint: _155_ (rising edge-triggered flip-flop clocked by clk)
Path Group: clk
Path Type: max

Fanout         Cap        Slew       Delay        Time   Description
---------------------------------------------------------------------------------------------
                      0.150000    0.000000    0.000000   clock clk (rise edge)
                                  0.000000    0.000000   clock network delay (ideal)
                                 10.000000   10.000000 ^ input external delay
    11    0.027912    0.099454    0.067103   10.067103 ^ rst_n (in)
                                                         rst_n (net)
                      0.099454    0.000000   10.067103 ^ _092_/C1 (sky130_fd_sc_hd__o211a_2)
     1    0.001748    0.025434    0.086533   10.153636 ^ _092_/X (sky130_fd_sc_hd__o211a_2)
                                                         _004_ (net)
                      0.025434    0.000000   10.153636 ^ _155_/D (sky130_fd_sc_hd__dfxtp_2)
                                             10.153636   data arrival time

                      0.150000   50.000000   50.000000   clock clk (rise edge)
                                  0.000000   50.000000   clock network delay (ideal)
                                 -0.250000   49.749996   clock uncertainty
                                  0.000000   49.749996   clock reconvergence pessimism
                                             49.749996 ^ _155_/CLK (sky130_fd_sc_hd__dfxtp_2)
                                 -0.027127   49.722870   library setup time
                                             49.722870   data required time
---------------------------------------------------------------------------------------------
                                             49.722870   data required time
                                            -10.153636   data arrival time
---------------------------------------------------------------------------------------------
                                             39.569233   slack (MET)


Startpoint: rst_n (input port clocked by clk)
Endpoint: _156_ (rising edge-triggered flip-flop clocked by clk)
Path Group: clk
Path Type: max

Fanout         Cap        Slew       Delay        Time   Description
---------------------------------------------------------------------------------------------
                      0.150000    0.000000    0.000000   clock clk (rise edge)
                                  0.000000    0.000000   clock network delay (ideal)
                                 10.000000   10.000000 ^ input external delay
    11    0.027912    0.099454    0.067103   10.067103 ^ rst_n (in)
                                                         rst_n (net)
                      0.099454    0.000000   10.067103 ^ _094_/C1 (sky130_fd_sc_hd__o211a_2)
     1    0.001748    0.025291    0.086533   10.153636 ^ _094_/X (sky130_fd_sc_hd__o211a_2)
                                                         _005_ (net)
                      0.025291    0.000000   10.153636 ^ _156_/D (sky130_fd_sc_hd__dfxtp_2)
                                             10.153636   data arrival time

                      0.150000   50.000000   50.000000   clock clk (rise edge)
                                  0.000000   50.000000   clock network delay (ideal)
                                 -0.250000   49.749996   clock uncertainty
                                  0.000000   49.749996   clock reconvergence pessimism
                                             49.749996 ^ _156_/CLK (sky130_fd_sc_hd__dfxtp_2)
                                 -0.027114   49.722881   library setup time
                                             49.722881   data required time
---------------------------------------------------------------------------------------------
                                             49.722881   data required time
                                            -10.153636   data arrival time
---------------------------------------------------------------------------------------------
                                             39.569248   slack (MET)


Startpoint: rst_n (input port clocked by clk)
Endpoint: _157_ (rising edge-triggered flip-flop clocked by clk)
Path Group: clk
Path Type: max

Fanout         Cap        Slew       Delay        Time   Description
---------------------------------------------------------------------------------------------
                      0.150000    0.000000    0.000000   clock clk (rise edge)
                                  0.000000    0.000000   clock network delay (ideal)
                                 10.000000   10.000000 ^ input external delay
    11    0.027912    0.099454    0.067103   10.067103 ^ rst_n (in)
                                                         rst_n (net)
                      0.099454    0.000000   10.067103 ^ _096_/C1 (sky130_fd_sc_hd__o211a_2)
     1    0.001748    0.025291    0.086533   10.153636 ^ _096_/X (sky130_fd_sc_hd__o211a_2)
                                                         _006_ (net)
                      0.025291    0.000000   10.153636 ^ _157_/D (sky130_fd_sc_hd__dfxtp_2)
                                             10.153636   data arrival time

                      0.150000   50.000000   50.000000   clock clk (rise edge)
                                  0.000000   50.000000   clock network delay (ideal)
                                 -0.250000   49.749996   clock uncertainty
                                  0.000000   49.749996   clock reconvergence pessimism
                                             49.749996 ^ _157_/CLK (sky130_fd_sc_hd__dfxtp_2)
                                 -0.027114   49.722881   library setup time
                                             49.722881   data required time
---------------------------------------------------------------------------------------------
                                             49.722881   data required time
                                            -10.153636   data arrival time
---------------------------------------------------------------------------------------------
                                             39.569248   slack (MET)


Startpoint: rst_n (input port clocked by clk)
Endpoint: _158_ (rising edge-triggered flip-flop clocked by clk)
Path Group: clk
Path Type: max

Fanout         Cap        Slew       Delay        Time   Description
---------------------------------------------------------------------------------------------
                      0.150000    0.000000    0.000000   clock clk (rise edge)
                                  0.000000    0.000000   clock network delay (ideal)
                                 10.000000   10.000000 ^ input external delay
    11    0.027912    0.099454    0.067103   10.067103 ^ rst_n (in)
                                                         rst_n (net)
                      0.099454    0.000000   10.067103 ^ _098_/C1 (sky130_fd_sc_hd__o211a_2)
     1    0.001748    0.025291    0.086533   10.153636 ^ _098_/X (sky130_fd_sc_hd__o211a_2)
                                                         _007_ (net)
                      0.025291    0.000000   10.153636 ^ _158_/D (sky130_fd_sc_hd__dfxtp_2)
                                             10.153636   data arrival time

                      0.150000   50.000000   50.000000   clock clk (rise edge)
                                  0.000000   50.000000   clock network delay (ideal)
                                 -0.250000   49.749996   clock uncertainty
                                  0.000000   49.749996   clock reconvergence pessimism
                                             49.749996 ^ _158_/CLK (sky130_fd_sc_hd__dfxtp_2)
                                 -0.027114   49.722881   library setup time
                                             49.722881   data required time
---------------------------------------------------------------------------------------------
                                             49.722881   data required time
                                            -10.153636   data arrival time
---------------------------------------------------------------------------------------------
                                             39.569248   slack (MET)


Startpoint: rst_n (input port clocked by clk)
Endpoint: _159_ (rising edge-triggered flip-flop clocked by clk)
Path Group: clk
Path Type: max

Fanout         Cap        Slew       Delay        Time   Description
---------------------------------------------------------------------------------------------
                      0.150000    0.000000    0.000000   clock clk (rise edge)
                                  0.000000    0.000000   clock network delay (ideal)
                                 10.000000   10.000000 ^ input external delay
    11    0.027912    0.099454    0.067103   10.067103 ^ rst_n (in)
                                                         rst_n (net)
                      0.099454    0.000000   10.067103 ^ _100_/C1 (sky130_fd_sc_hd__o211a_2)
     1    0.001748    0.025434    0.086533   10.153636 ^ _100_/X (sky130_fd_sc_hd__o211a_2)
                                                         _008_ (net)
                      0.025434    0.000000   10.153636 ^ _159_/D (sky130_fd_sc_hd__dfxtp_2)
                                             10.153636   data arrival time

                      0.150000   50.000000   50.000000   clock clk (rise edge)
                                  0.000000   50.000000   clock network delay (ideal)
                                 -0.250000   49.749996   clock uncertainty
                                  0.000000   49.749996   clock reconvergence pessimism
                                             49.749996 ^ _159_/CLK (sky130_fd_sc_hd__dfxtp_2)
                                 -0.027127   49.722870   library setup time
                                             49.722870   data required time
---------------------------------------------------------------------------------------------
                                             49.722870   data required time
                                            -10.153636   data arrival time
---------------------------------------------------------------------------------------------
                                             39.569233   slack (MET)


Startpoint: rst_n (input port clocked by clk)
Endpoint: _160_ (rising edge-triggered flip-flop clocked by clk)
Path Group: clk
Path Type: max

Fanout         Cap        Slew       Delay        Time   Description
---------------------------------------------------------------------------------------------
                      0.150000    0.000000    0.000000   clock clk (rise edge)
                                  0.000000    0.000000   clock network delay (ideal)
                                 10.000000   10.000000 ^ input external delay
    11    0.027912    0.099454    0.067103   10.067103 ^ rst_n (in)
                                                         rst_n (net)
                      0.099454    0.000000   10.067103 ^ _102_/C1 (sky130_fd_sc_hd__o211a_2)
     1    0.001748    0.025291    0.086533   10.153636 ^ _102_/X (sky130_fd_sc_hd__o211a_2)
                                                         _009_ (net)
                      0.025291    0.000000   10.153636 ^ _160_/D (sky130_fd_sc_hd__dfxtp_2)
                                             10.153636   data arrival time

                      0.150000   50.000000   50.000000   clock clk (rise edge)
                                  0.000000   50.000000   clock network delay (ideal)
                                 -0.250000   49.749996   clock uncertainty
                                  0.000000   49.749996   clock reconvergence pessimism
                                             49.749996 ^ _160_/CLK (sky130_fd_sc_hd__dfxtp_2)
                                 -0.027114   49.722881   library setup time
                                             49.722881   data required time
---------------------------------------------------------------------------------------------
                                             49.722881   data required time
                                            -10.153636   data arrival time
---------------------------------------------------------------------------------------------
                                             39.569248   slack (MET)



