Clock: clk
Sources: clk 
Generated: no
Virtual: yes
Propagated: no
Period: 50.000000

===========================================================================
report_clock_properties
============================================================================
Clock                   Period          Waveform
----------------------------------------------------
clk                  50.000000    0.000000 25.000000

===========================================================================
report_clock_latency
============================================================================
Clock clk
rise -> rise
    min     max
0.000000 0.000000 source latency
0.236564         network latency _165_/CLK
        0.239264 network latency _164_/CLK
---------------
0.236564 0.239264 latency
        0.002700 skew

rise -> fall
    min     max
0.000000 0.000000 source latency
0.251005         network latency _152_/CLK
        0.251005 network latency _152_/CLK
---------------
0.251005 0.251005 latency
        0.000000 skew

fall -> rise
    min     max
0.000000 0.000000 source latency
0.249353         network latency _152_/CLK
        0.249353 network latency _152_/CLK
---------------
0.249353 0.249353 latency
        0.000000 skew

fall -> fall
    min     max
0.000000 0.000000 source latency
0.220977         network latency _165_/CLK
        0.223135 network latency _164_/CLK
---------------
0.220977 0.223135 latency
        0.002158 skew



===========================================================================
report_clock_min_period
============================================================================
clk period_min = 1.59 fmax = 630.24
