
===========================================================================
 report_power
============================================================================
======================= max_ff_n40C_1v95 Corner ===================================

Group                    Internal    Switching      Leakage        Total
                            Power        Power        Power        Power (Watts)
------------------------------------------------------------------------
Sequential           1.993846e-05 6.365514e-07 3.095524e-10 2.057532e-05  44.3%
Combinational        1.678545e-06 3.762047e-06 9.302996e-10 5.441522e-06  11.7%
Clock                1.247518e-05 7.981258e-06 6.548544e-10 2.045709e-05  44.0%
Macro                0.000000e+00 0.000000e+00 0.000000e+00 0.000000e+00   0.0%
Pad                  0.000000e+00 0.000000e+00 0.000000e+00 0.000000e+00   0.0%
------------------------------------------------------------------------
Total                3.409219e-05 1.237985e-05 1.894707e-09 4.647395e-05 100.0%
                            73.4%        26.6%         0.0%

