
===========================================================================
report_checks -unconstrained
===========================================================================
======================= nom_ss_100C_1v60 Corner ===================================

Startpoint: _152_ (rising edge-triggered flip-flop clocked by clk')
Endpoint: comparator_clk (output port clocked by clk)
Path Group: clk
Path Type: max

Fanout         Cap        Slew       Delay        Time   Description
---------------------------------------------------------------------------------------------
                                 25.000000   25.000000   clock clk' (rise edge)
                                  0.000000   25.000000   clock source latency
     1    0.016364    0.073471    0.050745   25.050745 v clk (in)
                                                         clk (net)
                      0.073477    0.000000   25.050745 v clkbuf_0_clk/A (sky130_fd_sc_hd__clkbuf_16)
     2    0.017036    0.054600    0.255234   25.305979 v clkbuf_0_clk/X (sky130_fd_sc_hd__clkbuf_16)
                                                         clknet_0_clk (net)
                      0.054600    0.000290   25.306269 v clkbuf_1_1__f_clk/A (sky130_fd_sc_hd__clkbuf_16)
    12    0.035921    0.072464    0.268720   25.574987 v clkbuf_1_1__f_clk/X (sky130_fd_sc_hd__clkbuf_16)
                                                         clknet_1_1__leaf_clk (net)
                      0.072467    0.000599   25.575586 v _083__1/A (sky130_fd_sc_hd__inv_2)
     1    0.002202    0.032677    0.064468   25.640055 ^ _083__1/Y (sky130_fd_sc_hd__inv_2)
                                                         net35 (net)
                      0.032677    0.000062   25.640116 ^ _152_/CLK (sky130_fd_sc_hd__dfxtp_1)
     3    0.014508    0.228659    0.731397   26.371513 ^ _152_/Q (sky130_fd_sc_hd__dfxtp_1)
                                                         net11 (net)
                      0.228659    0.000423   26.371937 ^ output11/A (sky130_fd_sc_hd__buf_2)
     1    0.035357    0.280583    0.423073   26.795010 ^ output11/X (sky130_fd_sc_hd__buf_2)
                                                         comparator_clk (net)
                      0.280583    0.000862   26.795872 ^ comparator_clk (out)
                                             26.795872   data arrival time

                                 50.000000   50.000000   clock clk (rise edge)
                                  0.000000   50.000000   clock network delay (propagated)
                                 -0.250000   49.749996   clock uncertainty
                                  0.000000   49.749996   clock reconvergence pessimism
                                -10.000000   39.749996   output external delay
                                             39.749996   data required time
---------------------------------------------------------------------------------------------
                                             39.749996   data required time
                                            -26.795872   data arrival time
---------------------------------------------------------------------------------------------
                                             12.954125   slack (MET)




===========================================================================
report_checks --slack_max -0.01
============================================================================
======================= nom_ss_100C_1v60 Corner ===================================

No paths found.


===========================================================================
 report_check_types -max_slew -max_cap -max_fanout -violators
============================================================================
======================= nom_ss_100C_1v60 Corner ===================================

max slew

Pin                                        Limit        Slew       Slack
------------------------------------------------------------------------
_085_/Y                                 0.750000    1.290406   -0.540406 (VIOLATED)
_089_/B                                 0.750000    1.290406   -0.540406 (VIOLATED)
_093_/B                                 0.750000    1.290406   -0.540406 (VIOLATED)
_101_/B                                 0.750000    1.290406   -0.540406 (VIOLATED)
max_cap29/A                             0.750000    1.290406   -0.540406 (VIOLATED)

max fanout

Pin                                   Limit Fanout  Slack
---------------------------------------------------------
clkbuf_1_1__f_clk/X                      10     12     -2 (VIOLATED)



===========================================================================
report_parasitic_annotation -report_unannotated
============================================================================
Found 1 unannotated drivers.
 clkload0/Y
Found 0 partially unannotated drivers.

===========================================================================
max slew violation count 5
max fanout violation count 1
max cap violation count 0
============================================================================

===========================================================================
check_setup -verbose -unconstrained_endpoints -multiple_clock -no_clock -no_input_delay -loops -generated_clocks
===========================================================================
