Clock: clk
Sources: clk 
Generated: no
Virtual: yes
Propagated: no
Period: 50.000000

===========================================================================
report_clock_properties
============================================================================
Clock                   Period          Waveform
----------------------------------------------------
clk                  50.000000    0.000000 25.000000

===========================================================================
report_clock_latency
============================================================================
Clock clk
rise -> rise
    min     max
0.000000 0.000000 source latency
0.581582         network latency _165_/CLK
        0.583848 network latency _164_/CLK
---------------
0.581582 0.583848 latency
        0.002266 skew

rise -> fall
    min     max
0.000000 0.000000 source latency
0.639437         network latency _152_/CLK
        0.639437 network latency _152_/CLK
---------------
0.639437 0.639437 latency
        0.000000 skew

fall -> rise
    min     max
0.000000 0.000000 source latency
0.640117         network latency _152_/CLK
        0.640117 network latency _152_/CLK
---------------
0.640117 0.640117 latency
        0.000000 skew

fall -> fall
    min     max
0.000000 0.000000 source latency
0.575374         network latency _165_/CLK
        0.576557 network latency _164_/CLK
---------------
0.575374 0.576557 latency
        0.001183 skew



===========================================================================
report_clock_min_period
============================================================================
clk period_min = 4.43 fmax = 225.79
