
===========================================================================
 report_power
============================================================================
======================= nom_ss_100C_1v60 Corner ===================================

Group                    Internal    Switching      Leakage        Total
                            Power        Power        Power        Power (Watts)
------------------------------------------------------------------------
Sequential           1.332026e-05 4.077158e-07 2.895736e-07 1.401755e-05  43.5%
Combinational        1.226277e-06 2.454701e-06 5.838650e-07 4.264843e-06  13.2%
Clock                8.941075e-06 4.966615e-06 6.226641e-08 1.396996e-05  43.3%
Macro                0.000000e+00 0.000000e+00 0.000000e+00 0.000000e+00   0.0%
Pad                  0.000000e+00 0.000000e+00 0.000000e+00 0.000000e+00   0.0%
------------------------------------------------------------------------
Total                2.348762e-05 7.829033e-06 9.357047e-07 3.225236e-05 100.0%
                            72.8%        24.3%         2.9%

