Clock: clk
Sources: clk 
Generated: no
Virtual: yes
Propagated: no
Period: 50.000000

===========================================================================
report_clock_properties
============================================================================
Clock                   Period          Waveform
----------------------------------------------------
clk                  50.000000    0.000000 25.000000

===========================================================================
report_clock_latency
============================================================================
Clock clk
rise -> rise
    min     max
0.000000 0.000000 source latency
0.229583         network latency _165_/CLK
        0.230899 network latency _164_/CLK
---------------
0.229583 0.230899 latency
        0.001315 skew

rise -> fall
    min     max
0.000000 0.000000 source latency
0.243202         network latency _152_/CLK
        0.243202 network latency _152_/CLK
---------------
0.243202 0.243202 latency
        0.000000 skew

fall -> rise
    min     max
0.000000 0.000000 source latency
0.243569         network latency _152_/CLK
        0.243569 network latency _152_/CLK
---------------
0.243569 0.243569 latency
        0.000000 skew

fall -> fall
    min     max
0.000000 0.000000 source latency
0.216341         network latency _165_/CLK
        0.217129 network latency _164_/CLK
---------------
0.216341 0.217129 latency
        0.000789 skew



===========================================================================
report_clock_min_period
============================================================================
clk period_min = 1.56 fmax = 641.41
