
===========================================================================
 report_power
============================================================================
======================= min_ff_n40C_1v95 Corner ===================================

Group                    Internal    Switching      Leakage        Total
                            Power        Power        Power        Power (Watts)
------------------------------------------------------------------------
Sequential           1.995057e-05 5.873869e-07 3.095524e-10 2.053827e-05  44.8%
Combinational        1.675568e-06 3.595577e-06 9.302996e-10 5.272075e-06  11.5%
Clock                1.246449e-05 7.551196e-06 6.548544e-10 2.001634e-05  43.7%
Macro                0.000000e+00 0.000000e+00 0.000000e+00 0.000000e+00   0.0%
Pad                  0.000000e+00 0.000000e+00 0.000000e+00 0.000000e+00   0.0%
------------------------------------------------------------------------
Total                3.409062e-05 1.173416e-05 1.894707e-09 4.582668e-05 100.0%
                            74.4%        25.6%         0.0%

