Clock: clk
Sources: clk 
Generated: no
Virtual: yes
Propagated: no
Period: 500.000000

===========================================================================
report_clock_properties
============================================================================
Clock                   Period          Waveform
----------------------------------------------------
clk                 500.000000    0.000000250.000000

===========================================================================
report_clock_latency
============================================================================
Clock clk
rise -> rise
    min     max
0.000000 0.000000 source latency
0.314786         network latency _166_/CLK
        0.316485 network latency _161_/CLK
---------------
0.314786 0.316485 latency
        0.001699 skew

rise -> fall
    min     max
0.000000 0.000000 source latency
0.340377         network latency _152_/CLK
        0.340377 network latency _152_/CLK
---------------
0.340377 0.340377 latency
        0.000000 skew

fall -> rise
    min     max
0.000000 0.000000 source latency
0.344642         network latency _152_/CLK
        0.344642 network latency _152_/CLK
---------------
0.344642 0.344642 latency
        0.000000 skew

fall -> fall
    min     max
0.000000 0.000000 source latency
0.308233         network latency _166_/CLK
        0.309115 network latency _161_/CLK
---------------
0.308233 0.309115 latency
        0.000881 skew



===========================================================================
report_clock_min_period
============================================================================
clk period_min = 2.32 fmax = 431.96
