Clock: clk
Sources: clk 
Generated: no
Virtual: yes
Propagated: no
Period: 50.000000

===========================================================================
report_clock_properties
============================================================================
Clock                   Period          Waveform
----------------------------------------------------
clk                  50.000000    0.000000 25.000000

===========================================================================
report_clock_latency
============================================================================
Clock clk
rise -> rise
    min     max
0.000000 0.000000 source latency
0.573623         network latency _165_/CLK
        0.575569 network latency _164_/CLK
---------------
0.573623 0.575569 latency
        0.001946 skew

rise -> fall
    min     max
0.000000 0.000000 source latency
0.630553         network latency _152_/CLK
        0.630553 network latency _152_/CLK
---------------
0.630553 0.630553 latency
        0.000000 skew

fall -> rise
    min     max
0.000000 0.000000 source latency
0.633461         network latency _152_/CLK
        0.633461 network latency _152_/CLK
---------------
0.633461 0.633461 latency
        0.000000 skew

fall -> fall
    min     max
0.000000 0.000000 source latency
0.569852         network latency _165_/CLK
        0.570726 network latency _164_/CLK
---------------
0.569852 0.570726 latency
        0.000874 skew



===========================================================================
report_clock_min_period
============================================================================
clk period_min = 4.39 fmax = 227.55
