Clock: clk
Sources: clk 
Generated: no
Virtual: yes
Propagated: no
Period: 500.000000

===========================================================================
report_clock_properties
============================================================================
Clock                   Period          Waveform
----------------------------------------------------
clk                 500.000000    0.000000250.000000

===========================================================================
report_clock_latency
============================================================================
Clock clk
rise -> rise
    min     max
0.000000 0.000000 source latency
0.227578         network latency _157_/CLK
        0.229545 network latency _172_/CLK
---------------
0.227578 0.229545 latency
        0.001967 skew

rise -> fall
    min     max
0.000000 0.000000 source latency
0.241695         network latency _152_/CLK
        0.241695 network latency _152_/CLK
---------------
0.241695 0.241695 latency
        0.000000 skew

fall -> rise
    min     max
0.000000 0.000000 source latency
0.243574         network latency _152_/CLK
        0.243574 network latency _152_/CLK
---------------
0.243574 0.243574 latency
        0.000000 skew

fall -> fall
    min     max
0.000000 0.000000 source latency
0.215636         network latency _157_/CLK
        0.216744 network latency _172_/CLK
---------------
0.215636 0.216744 latency
        0.001108 skew



===========================================================================
report_clock_min_period
============================================================================
clk period_min = 1.70 fmax = 588.13
