Clock: clk
Sources: clk 
Generated: no
Virtual: yes
Propagated: no
Period: 50.000000

===========================================================================
report_clock_properties
============================================================================
Clock                   Period          Waveform
----------------------------------------------------
clk                  50.000000    0.000000 25.000000

===========================================================================
report_clock_latency
============================================================================
Clock clk
rise -> rise
    min     max
0.000000 0.000000 source latency
0.336023         network latency _165_/CLK
        0.337707 network latency _164_/CLK
---------------
0.336023 0.337707 latency
        0.001684 skew

rise -> fall
    min     max
0.000000 0.000000 source latency
0.363138         network latency _152_/CLK
        0.363138 network latency _152_/CLK
---------------
0.363138 0.363138 latency
        0.000000 skew

fall -> rise
    min     max
0.000000 0.000000 source latency
0.360199         network latency _152_/CLK
        0.360199 network latency _152_/CLK
---------------
0.360199 0.360199 latency
        0.000000 skew

fall -> fall
    min     max
0.000000 0.000000 source latency
0.321419         network latency _165_/CLK
        0.322492 network latency _164_/CLK
---------------
0.321419 0.322492 latency
        0.001073 skew



===========================================================================
report_clock_min_period
============================================================================
clk period_min = 2.33 fmax = 429.18
