[WARNING ORD-0039] .openroad ignored with -python
Top-level design name: controller
Block boundaries: 0 0 145000 50000
Horizontal Tracks Origin: 340, Count: 73, Step: 680
Vertical Tracks Origin: 230, Count: 315, Step: 460
Placement details for the N side
Virtual pin count:  0
Actual pin count:  16
Total pin count:  16
Tracks count:  315
Tracks per pin:  19
Used tracks count:  286
Unused track count:  29
Starting track index:  14
Placement details for the E side
Virtual pin count:  0
Actual pin count:  2
Total pin count:  2
Tracks count:  37
Tracks per pin:  18
Used tracks count:  19
Unused track count:  18
Starting track index:  9
Placement details for the W side
Virtual pin count:  0
Actual pin count:  10
Total pin count:  10
Tracks count:  37
Tracks per pin:  3
Used tracks count:  28
Unused track count:  9
Starting track index:  4
