Reading OpenROAD database at '/home/dt/Documents/madvlsi/final/schematics/controller/librelane/runs/RUN_2025-12-18_16-33-14/41-openroad-repairantennas/1-diodeinsertion/controller.odb'…
Reading library file at '/usr/local/share/pdk/ciel/sky130/versions/0fe599b2afb6708d281543108caf8310912f54af/sky130A/libs.ref/sky130_fd_sc_hd/lib/sky130_fd_sc_hd__tt_025C_1v80.lib'…
Reading design constraints file at '/nix/store/pqxyc4xmydcs5adig47yyc29r3svp5nx-python3-3.11.9-env/lib/python3.11/site-packages/librelane/scripts/base.sdc'…
[INFO] Using clock clk…
[INFO] Setting output delay to: 100
[INFO] Setting input delay to: 100
[INFO] Setting load to: 0.033442
[INFO] Setting clock uncertainty to: 0.25
[INFO] Setting clock transition to: 0.1499999999999999944488848768742172978818416595458984375
[INFO] Setting timing derate to: 5%
[INFO ORD-0030] Using 20 thread(s).
[INFO DRT-0149] Reading tech and libs.
[WARNING DRT-0349] LEF58_ENCLOSURE with no CUTCLASS is not supported. Skipping for layer mcon
[WARNING DRT-0349] LEF58_ENCLOSURE with no CUTCLASS is not supported. Skipping for layer mcon
[WARNING DRT-0349] LEF58_ENCLOSURE with no CUTCLASS is not supported. Skipping for layer via
[WARNING DRT-0349] LEF58_ENCLOSURE with no CUTCLASS is not supported. Skipping for layer via
[WARNING DRT-0349] LEF58_ENCLOSURE with no CUTCLASS is not supported. Skipping for layer via2
[WARNING DRT-0349] LEF58_ENCLOSURE with no CUTCLASS is not supported. Skipping for layer via2
[WARNING DRT-0349] LEF58_ENCLOSURE with no CUTCLASS is not supported. Skipping for layer via3
[WARNING DRT-0349] LEF58_ENCLOSURE with no CUTCLASS is not supported. Skipping for layer via3
[WARNING DRT-0349] LEF58_ENCLOSURE with no CUTCLASS is not supported. Skipping for layer via4
[WARNING DRT-0349] LEF58_ENCLOSURE with no CUTCLASS is not supported. Skipping for layer via4

Units:                1000
Number of layers:     13
Number of macros:     441
Number of vias:       28
Number of viarulegen: 25

[INFO DRT-0150] Reading design.

Design:                   controller
Die area:                 ( 0 0 ) ( 145000 50000 )
Number of track patterns: 12
Number of DEF vias:       0
Number of components:     231
Number of terminals:      30
Number of snets:          2
Number of nets:           153

[INFO DRT-0167] List of default vias:
  Layer via
    default via: M1M2_PR
  Layer via2
    default via: M2M3_PR
  Layer via3
    default via: M3M4_PR
  Layer via4
    default via: M4M5_PR
[INFO DRT-0162] Library cell analysis.
[INFO DRT-0163] Instance analysis.
[INFO DRT-0164] Number of unique instances = 78.
[INFO DRT-0168] Init region query.
[INFO DRT-0024]   Complete FR_MASTERSLICE.
[INFO DRT-0024]   Complete licon.
[INFO DRT-0024]   Complete li1.
[INFO DRT-0024]   Complete mcon.
[INFO DRT-0024]   Complete met1.
[INFO DRT-0024]   Complete via.
[INFO DRT-0024]   Complete met2.
[INFO DRT-0024]   Complete via2.
[INFO DRT-0024]   Complete met3.
[INFO DRT-0024]   Complete via3.
[INFO DRT-0024]   Complete met4.
[INFO DRT-0024]   Complete via4.
[INFO DRT-0024]   Complete met5.
[INFO DRT-0033] FR_MASTERSLICE shape region query size = 0.
[INFO DRT-0033] licon shape region query size = 0.
[INFO DRT-0033] li1 shape region query size = 4923.
[INFO DRT-0033] mcon shape region query size = 0.
[INFO DRT-0033] met1 shape region query size = 652.
[INFO DRT-0033] via shape region query size = 55.
[INFO DRT-0033] met2 shape region query size = 49.
[INFO DRT-0033] via2 shape region query size = 44.
[INFO DRT-0033] met3 shape region query size = 45.
[INFO DRT-0033] via3 shape region query size = 44.
[INFO DRT-0033] met4 shape region query size = 15.
[INFO DRT-0033] via4 shape region query size = 0.
[INFO DRT-0033] met5 shape region query size = 0.
[INFO DRT-0165] Start pin access.
[INFO DRT-0078]   Complete 255 pins.
[INFO DRT-0081]   Complete 72 unique inst patterns.
[INFO DRT-0084]   Complete 98 groups.
#scanned instances     = 231
#unique  instances     = 78
#stdCellGenAp          = 2053
#stdCellValidPlanarAp  = 0
#stdCellValidViaAp     = 1618
#stdCellPinNoAp        = 0
#stdCellPinCnt         = 466
#instTermValidViaApCnt = 0
#macroGenAp            = 0
#macroValidPlanarAp    = 0
#macroValidViaAp       = 0
#macroNoAp             = 0
[INFO DRT-0166] Complete pin access.
[INFO DRT-0267] cpu time = 00:00:06, elapsed time = 00:00:00, memory = 143.20 (MB), peak = 143.20 (MB)

[INFO DRT-0157] Number of guides:     973

[INFO DRT-0169] Post process guides.
[INFO DRT-0176] GCELLGRID X 0 DO 21 STEP 6900 ;
[INFO DRT-0177] GCELLGRID Y 0 DO 7 STEP 6900 ;
[INFO DRT-0028]   Complete FR_MASTERSLICE.
[INFO DRT-0028]   Complete licon.
[INFO DRT-0028]   Complete li1.
[INFO DRT-0028]   Complete mcon.
[INFO DRT-0028]   Complete met1.
[INFO DRT-0028]   Complete via.
[INFO DRT-0028]   Complete met2.
[INFO DRT-0028]   Complete via2.
[INFO DRT-0028]   Complete met3.
[INFO DRT-0028]   Complete via3.
[INFO DRT-0028]   Complete met4.
[INFO DRT-0028]   Complete via4.
[INFO DRT-0028]   Complete met5.
[INFO DRT-0178] Init guide query.
[INFO DRT-0035]   Complete FR_MASTERSLICE (guide).
[INFO DRT-0035]   Complete licon (guide).
[INFO DRT-0035]   Complete li1 (guide).
[INFO DRT-0035]   Complete mcon (guide).
[INFO DRT-0035]   Complete met1 (guide).
[INFO DRT-0035]   Complete via (guide).
[INFO DRT-0035]   Complete met2 (guide).
[INFO DRT-0035]   Complete via2 (guide).
[INFO DRT-0035]   Complete met3 (guide).
[INFO DRT-0035]   Complete via3 (guide).
[INFO DRT-0035]   Complete met4 (guide).
[INFO DRT-0035]   Complete via4 (guide).
[INFO DRT-0035]   Complete met5 (guide).
[INFO DRT-0036] FR_MASTERSLICE guide region query size = 0.
[INFO DRT-0036] licon guide region query size = 0.
[INFO DRT-0036] li1 guide region query size = 372.
[INFO DRT-0036] mcon guide region query size = 0.
[INFO DRT-0036] met1 guide region query size = 264.
[INFO DRT-0036] via guide region query size = 0.
[INFO DRT-0036] met2 guide region query size = 124.
[INFO DRT-0036] via2 guide region query size = 0.
[INFO DRT-0036] met3 guide region query size = 17.
[INFO DRT-0036] via3 guide region query size = 0.
[INFO DRT-0036] met4 guide region query size = 0.
[INFO DRT-0036] via4 guide region query size = 0.
[INFO DRT-0036] met5 guide region query size = 0.
[INFO DRT-0179] Init gr pin query.
[INFO DRT-0245] skipped writing guide updates to database.
[INFO DRT-0185] Post process initialize RPin region query.
[INFO DRT-0181] Start track assignment.
[INFO DRT-0184] Done with 496 vertical wires in 1 frboxes and 281 horizontal wires in 1 frboxes.
[INFO DRT-0186] Done with 31 vertical wires in 1 frboxes and 85 horizontal wires in 1 frboxes.
[INFO DRT-0182] Complete track assignment.
[INFO DRT-0267] cpu time = 00:00:00, elapsed time = 00:00:00, memory = 144.75 (MB), peak = 144.75 (MB)
[INFO DRT-0187] Start routing data preparation.
[INFO DRT-0267] cpu time = 00:00:00, elapsed time = 00:00:00, memory = 144.75 (MB), peak = 144.75 (MB)
[INFO DRT-0194] Start detail routing.
[INFO DRT-0195] Start 0th optimization iteration.
    Completing 10% with 0 violations.
    elapsed time = 00:00:00, memory = 161.13 (MB).
    Completing 20% with 0 violations.
    elapsed time = 00:00:00, memory = 154.83 (MB).
    Completing 30% with 24 violations.
    elapsed time = 00:00:00, memory = 163.35 (MB).
[INFO DRT-0199]   Number of violations = 49.
Viol/Layer         li1   met1   met2   met3
Metal Spacing        1     14      0      2
Recheck              0      3      3      0
Short                0     26      0      0
[INFO DRT-0267] cpu time = 00:00:00, elapsed time = 00:00:00, memory = 519.81 (MB), peak = 519.81 (MB)
Total wire length = 3372 um.
Total wire length on LAYER li1 = 0 um.
Total wire length on LAYER met1 = 1891 um.
Total wire length on LAYER met2 = 1091 um.
Total wire length on LAYER met3 = 388 um.
Total wire length on LAYER met4 = 0 um.
Total wire length on LAYER met5 = 0 um.
Total number of vias = 938.
Up-via summary (total 938):

----------------------
 FR_MASTERSLICE      0
            li1    466
           met1    450
           met2     22
           met3      0
           met4      0
----------------------
                   938


[INFO DRT-0195] Start 1st optimization iteration.
    Completing 10% with 49 violations.
    elapsed time = 00:00:00, memory = 529.73 (MB).
    Completing 20% with 49 violations.
    elapsed time = 00:00:00, memory = 529.73 (MB).
    Completing 30% with 23 violations.
    elapsed time = 00:00:00, memory = 529.73 (MB).
    Completing 40% with 23 violations.
    elapsed time = 00:00:00, memory = 529.73 (MB).
    Completing 50% with 24 violations.
    elapsed time = 00:00:00, memory = 529.73 (MB).
    Completing 60% with 24 violations.
    elapsed time = 00:00:00, memory = 529.73 (MB).
    Completing 70% with 6 violations.
    elapsed time = 00:00:00, memory = 257.70 (MB).
    Completing 80% with 6 violations.
    elapsed time = 00:00:00, memory = 257.70 (MB).
[INFO DRT-0199]   Number of violations = 5.
Viol/Layer        met1   met3
Metal Spacing        1      2
Short                2      0
[INFO DRT-0267] cpu time = 00:00:00, elapsed time = 00:00:00, memory = 530.64 (MB), peak = 530.64 (MB)
Total wire length = 3338 um.
Total wire length on LAYER li1 = 0 um.
Total wire length on LAYER met1 = 1885 um.
Total wire length on LAYER met2 = 1065 um.
Total wire length on LAYER met3 = 388 um.
Total wire length on LAYER met4 = 0 um.
Total wire length on LAYER met5 = 0 um.
Total number of vias = 933.
Up-via summary (total 933):

----------------------
 FR_MASTERSLICE      0
            li1    466
           met1    445
           met2     22
           met3      0
           met4      0
----------------------
                   933


[INFO DRT-0195] Start 2nd optimization iteration.
    Completing 10% with 5 violations.
    elapsed time = 00:00:00, memory = 530.64 (MB).
    Completing 20% with 5 violations.
    elapsed time = 00:00:00, memory = 530.64 (MB).
    Completing 30% with 5 violations.
    elapsed time = 00:00:00, memory = 530.64 (MB).
    Completing 40% with 5 violations.
    elapsed time = 00:00:00, memory = 539.72 (MB).
    Completing 50% with 5 violations.
    elapsed time = 00:00:00, memory = 539.72 (MB).
    Completing 60% with 5 violations.
    elapsed time = 00:00:00, memory = 539.72 (MB).
    Completing 70% with 6 violations.
    elapsed time = 00:00:00, memory = 480.29 (MB).
    Completing 80% with 6 violations.
    elapsed time = 00:00:00, memory = 480.29 (MB).
[INFO DRT-0199]   Number of violations = 6.
Viol/Layer        met1   met3
Metal Spacing        1      3
Short                2      0
[INFO DRT-0267] cpu time = 00:00:00, elapsed time = 00:00:00, memory = 541.05 (MB), peak = 541.05 (MB)
Total wire length = 3350 um.
Total wire length on LAYER li1 = 0 um.
Total wire length on LAYER met1 = 1897 um.
Total wire length on LAYER met2 = 1070 um.
Total wire length on LAYER met3 = 382 um.
Total wire length on LAYER met4 = 0 um.
Total wire length on LAYER met5 = 0 um.
Total number of vias = 921.
Up-via summary (total 921):

----------------------
 FR_MASTERSLICE      0
            li1    466
           met1    434
           met2     21
           met3      0
           met4      0
----------------------
                   921


[INFO DRT-0195] Start 3rd optimization iteration.
    Completing 10% with 6 violations.
    elapsed time = 00:00:00, memory = 541.05 (MB).
    Completing 20% with 6 violations.
    elapsed time = 00:00:00, memory = 545.62 (MB).
    Completing 30% with 3 violations.
    elapsed time = 00:00:00, memory = 545.62 (MB).
[INFO DRT-0199]   Number of violations = 0.
[INFO DRT-0267] cpu time = 00:00:00, elapsed time = 00:00:00, memory = 545.88 (MB), peak = 545.88 (MB)
Total wire length = 3340 um.
Total wire length on LAYER li1 = 0 um.
Total wire length on LAYER met1 = 1850 um.
Total wire length on LAYER met2 = 1074 um.
Total wire length on LAYER met3 = 415 um.
Total wire length on LAYER met4 = 0 um.
Total wire length on LAYER met5 = 0 um.
Total number of vias = 926.
Up-via summary (total 926):

----------------------
 FR_MASTERSLICE      0
            li1    466
           met1    437
           met2     23
           met3      0
           met4      0
----------------------
                   926


[INFO DRT-0198] Complete detail routing.
Total wire length = 3340 um.
Total wire length on LAYER li1 = 0 um.
Total wire length on LAYER met1 = 1850 um.
Total wire length on LAYER met2 = 1074 um.
Total wire length on LAYER met3 = 415 um.
Total wire length on LAYER met4 = 0 um.
Total wire length on LAYER met5 = 0 um.
Total number of vias = 926.
Up-via summary (total 926):

----------------------
 FR_MASTERSLICE      0
            li1    466
           met1    437
           met2     23
           met3      0
           met4      0
----------------------
                   926


[INFO DRT-0267] cpu time = 00:00:02, elapsed time = 00:00:02, memory = 545.88 (MB), peak = 545.88 (MB)

[INFO DRT-0180] Post processing.
Setting global connections for newly added cells…
[INFO] Setting global connections...
Updating metrics…
Cell type report:                       Count       Area
  Fill cell                                20      75.07
  Tap cell                                 60      75.07
  Clock buffer                              3      75.07
  Timing Repair Buffer                     46     285.27
  Inverter                                 11      41.29
  Clock inverter                            2      11.26
  Sequential cell                          21     422.91
  Multi-Input combinational cell           68     518.00
  Total                                   231    1503.94
Writing OpenROAD database to '/home/dt/Documents/madvlsi/final/schematics/controller/librelane/runs/RUN_2025-12-18_16-33-14/43-openroad-detailedrouting/controller.odb'…
Writing netlist to '/home/dt/Documents/madvlsi/final/schematics/controller/librelane/runs/RUN_2025-12-18_16-33-14/43-openroad-detailedrouting/controller.nl.v'…
Writing powered netlist to '/home/dt/Documents/madvlsi/final/schematics/controller/librelane/runs/RUN_2025-12-18_16-33-14/43-openroad-detailedrouting/controller.pnl.v'…
Writing layout to '/home/dt/Documents/madvlsi/final/schematics/controller/librelane/runs/RUN_2025-12-18_16-33-14/43-openroad-detailedrouting/controller.def'…
Writing timing constraints to '/home/dt/Documents/madvlsi/final/schematics/controller/librelane/runs/RUN_2025-12-18_16-33-14/43-openroad-detailedrouting/controller.sdc'…
