Clock: clk
Sources: clk 
Generated: no
Virtual: yes
Propagated: no
Period: 500.000000

===========================================================================
report_clock_properties
============================================================================
Clock                   Period          Waveform
----------------------------------------------------
clk                 500.000000    0.000000250.000000

===========================================================================
report_clock_latency
============================================================================
Clock clk
rise -> rise
    min     max
0.000000 0.000000 source latency
0.194178         network latency _153_/CLK
        0.195689 network latency _171_/CLK
---------------
0.194178 0.195689 latency
        0.001511 skew

rise -> fall
    min     max
0.000000 0.000000 source latency
0.232595         network latency _152_/CLK
        0.232595 network latency _152_/CLK
---------------
0.232595 0.232595 latency
        0.000000 skew

fall -> rise
    min     max
0.000000 0.000000 source latency
0.154841         network latency _152_/CLK
        0.154841 network latency _152_/CLK
---------------
0.154841 0.154841 latency
        0.000000 skew

fall -> fall
    min     max
0.000000 0.000000 source latency
0.092228         network latency _153_/CLK
        0.093621 network latency _161_/CLK
---------------
0.092228 0.093621 latency
        0.001393 skew



===========================================================================
report_clock_min_period
============================================================================
clk period_min = 2.03 fmax = 491.97
