Clock: clk
Sources: clk 
Generated: no
Virtual: yes
Propagated: no
Period: 50.000000

===========================================================================
report_clock_properties
============================================================================
Clock                   Period          Waveform
----------------------------------------------------
clk                  50.000000    0.000000 25.000000

===========================================================================
report_clock_latency
============================================================================
Clock clk
rise -> rise
    min     max
0.000000 0.000000 source latency
0.192738         network latency _161_/CLK
        0.194349 network latency _159_/CLK
---------------
0.192738 0.194349 latency
        0.001611 skew

rise -> fall
    min     max
0.000000 0.000000 source latency
0.231462         network latency _152_/CLK
        0.231462 network latency _152_/CLK
---------------
0.231462 0.231462 latency
        0.000000 skew

fall -> rise
    min     max
0.000000 0.000000 source latency
0.154236         network latency _152_/CLK
        0.154236 network latency _152_/CLK
---------------
0.154236 0.154236 latency
        0.000000 skew

fall -> fall
    min     max
0.000000 0.000000 source latency
0.091427         network latency _161_/CLK
        0.092923 network latency _159_/CLK
---------------
0.091427 0.092923 latency
        0.001496 skew



===========================================================================
report_clock_min_period
============================================================================
clk period_min = 2.03 fmax = 493.11
