Clock: clk
Sources: clk 
Generated: no
Virtual: yes
Propagated: no
Period: 250.000000

===========================================================================
report_clock_properties
============================================================================
Clock                   Period          Waveform
----------------------------------------------------
clk                 250.000000    0.000000125.000000

===========================================================================
report_clock_latency
============================================================================
Clock clk
rise -> rise
    min     max
0.000000 0.000000 source latency
0.586233         network latency _165_/CLK
        0.588799 network latency _171_/CLK
---------------
0.586233 0.588799 latency
        0.002566 skew

rise -> fall
    min     max
0.000000 0.000000 source latency
0.646419         network latency _152_/CLK
        0.646419 network latency _152_/CLK
---------------
0.646419 0.646419 latency
        0.000000 skew

fall -> rise
    min     max
0.000000 0.000000 source latency
0.645898         network latency _152_/CLK
        0.645898 network latency _152_/CLK
---------------
0.645898 0.645898 latency
        0.000000 skew

fall -> fall
    min     max
0.000000 0.000000 source latency
0.578254         network latency _165_/CLK
        0.579760 network latency _171_/CLK
---------------
0.578254 0.579760 latency
        0.001506 skew



===========================================================================
report_clock_min_period
============================================================================
clk period_min = 4.42 fmax = 226.15
