Clock: clk
Sources: clk 
Generated: no
Virtual: yes
Propagated: no
Period: 50.000000

===========================================================================
report_clock_properties
============================================================================
Clock                   Period          Waveform
----------------------------------------------------
clk                  50.000000    0.000000 25.000000

===========================================================================
report_clock_latency
============================================================================
Clock clk
rise -> rise
    min     max
0.000000 0.000000 source latency
0.233000         network latency _165_/CLK
        0.234687 network latency _164_/CLK
---------------
0.233000 0.234687 latency
        0.001687 skew

rise -> fall
    min     max
0.000000 0.000000 source latency
0.246905         network latency _152_/CLK
        0.246905 network latency _152_/CLK
---------------
0.246905 0.246905 latency
        0.000000 skew

fall -> rise
    min     max
0.000000 0.000000 source latency
0.246249         network latency _152_/CLK
        0.246249 network latency _152_/CLK
---------------
0.246249 0.246249 latency
        0.000000 skew

fall -> fall
    min     max
0.000000 0.000000 source latency
0.218568         network latency _165_/CLK
        0.219716 network latency _164_/CLK
---------------
0.218568 0.219716 latency
        0.001148 skew



===========================================================================
report_clock_min_period
============================================================================
clk period_min = 1.57 fmax = 635.59
