
===========================================================================
report_checks -path_delay min (Hold)
============================================================================
======================= nom_ss_100C_1v60 Corner ===================================

Startpoint: _172_ (rising edge-triggered flip-flop clocked by clk)
Endpoint: _172_ (rising edge-triggered flip-flop clocked by clk)
Path Group: clk
Path Type: min

Fanout         Cap        Slew       Delay        Time   Description
---------------------------------------------------------------------------------------------
                      0.150000    0.000000    0.000000   clock clk (rise edge)
                                  0.000000    0.000000   clock network delay (ideal)
                      0.150000    0.000000    0.000000 ^ _172_/CLK (sky130_fd_sc_hd__dfxtp_2)
    12    0.024834    0.127535    0.719706    0.719706 v _172_/Q (sky130_fd_sc_hd__dfxtp_2)
                                                         count[3] (net)
                      0.127535    0.000000    0.719706 v _150_/A (sky130_fd_sc_hd__nand2_2)
     1    0.005053    0.070897    0.117161    0.836867 ^ _150_/Y (sky130_fd_sc_hd__nand2_2)
                                                         _045_ (net)
                      0.070897    0.000000    0.836867 ^ _151_/A2 (sky130_fd_sc_hd__a21oi_2)
     1    0.001577    0.052581    0.094059    0.930926 v _151_/Y (sky130_fd_sc_hd__a21oi_2)
                                                         _021_ (net)
                      0.052581    0.000000    0.930926 v _172_/D (sky130_fd_sc_hd__dfxtp_2)
                                              0.930926   data arrival time

                      0.150000    0.000000    0.000000   clock clk (rise edge)
                                  0.000000    0.000000   clock network delay (ideal)
                                  0.250000    0.250000   clock uncertainty
                                  0.000000    0.250000   clock reconvergence pessimism
                                              0.250000 ^ _172_/CLK (sky130_fd_sc_hd__dfxtp_2)
                                 -0.064840    0.185160   library hold time
                                              0.185160   data required time
---------------------------------------------------------------------------------------------
                                              0.185160   data required time
                                             -0.930926   data arrival time
---------------------------------------------------------------------------------------------
                                              0.745766   slack (MET)


Startpoint: _171_ (rising edge-triggered flip-flop clocked by clk)
Endpoint: _162_ (rising edge-triggered flip-flop clocked by clk)
Path Group: clk
Path Type: min

Fanout         Cap        Slew       Delay        Time   Description
---------------------------------------------------------------------------------------------
                      0.150000    0.000000    0.000000   clock clk (rise edge)
                                  0.000000    0.000000   clock network delay (ideal)
                      0.150000    0.000000    0.000000 ^ _171_/CLK (sky130_fd_sc_hd__dfxtp_2)
     9    0.025184    0.128881    0.720817    0.720817 v _171_/Q (sky130_fd_sc_hd__dfxtp_2)
                                                         count[2] (net)
                      0.128881    0.000000    0.720817 v _072_/A (sky130_fd_sc_hd__inv_2)
     4    0.011336    0.100669    0.136476    0.857292 ^ _072_/Y (sky130_fd_sc_hd__inv_2)
                                                         _046_ (net)
                      0.100669    0.000000    0.857292 ^ _118_/B (sky130_fd_sc_hd__or4_2)
     1    0.004533    0.063350    0.213451    1.070744 ^ _118_/X (sky130_fd_sc_hd__or4_2)
                                                         _023_ (net)
                      0.063350    0.000000    1.070744 ^ _120_/A2 (sky130_fd_sc_hd__a31oi_2)
     1    0.001577    0.056919    0.151317    1.222061 v _120_/Y (sky130_fd_sc_hd__a31oi_2)
                                                         _011_ (net)
                      0.056919    0.000000    1.222061 v _162_/D (sky130_fd_sc_hd__dfxtp_2)
                                              1.222061   data arrival time

                      0.150000    0.000000    0.000000   clock clk (rise edge)
                                  0.000000    0.000000   clock network delay (ideal)
                                  0.250000    0.250000   clock uncertainty
                                  0.000000    0.250000   clock reconvergence pessimism
                                              0.250000 ^ _162_/CLK (sky130_fd_sc_hd__dfxtp_2)
                                 -0.066443    0.183557   library hold time
                                              0.183557   data required time
---------------------------------------------------------------------------------------------
                                              0.183557   data required time
                                             -1.222061   data arrival time
---------------------------------------------------------------------------------------------
                                              1.038504   slack (MET)


Startpoint: _172_ (rising edge-triggered flip-flop clocked by clk)
Endpoint: _166_ (rising edge-triggered flip-flop clocked by clk)
Path Group: clk
Path Type: min

Fanout         Cap        Slew       Delay        Time   Description
---------------------------------------------------------------------------------------------
                      0.150000    0.000000    0.000000   clock clk (rise edge)
                                  0.000000    0.000000   clock network delay (ideal)
                      0.150000    0.000000    0.000000 ^ _172_/CLK (sky130_fd_sc_hd__dfxtp_2)
    12    0.026677    0.228869    0.814713    0.814713 ^ _172_/Q (sky130_fd_sc_hd__dfxtp_2)
                                                         count[3] (net)
                      0.228869    0.000000    0.814713 ^ _135_/A (sky130_fd_sc_hd__or4_2)
     1    0.004533    0.063350    0.274298    1.089011 ^ _135_/X (sky130_fd_sc_hd__or4_2)
                                                         _036_ (net)
                      0.063350    0.000000    1.089011 ^ _137_/A2 (sky130_fd_sc_hd__a31oi_2)
     1    0.001577    0.056919    0.151317    1.240329 v _137_/Y (sky130_fd_sc_hd__a31oi_2)
                                                         _015_ (net)
                      0.056919    0.000000    1.240329 v _166_/D (sky130_fd_sc_hd__dfxtp_2)
                                              1.240329   data arrival time

                      0.150000    0.000000    0.000000   clock clk (rise edge)
                                  0.000000    0.000000   clock network delay (ideal)
                                  0.250000    0.250000   clock uncertainty
                                  0.000000    0.250000   clock reconvergence pessimism
                                              0.250000 ^ _166_/CLK (sky130_fd_sc_hd__dfxtp_2)
                                 -0.066443    0.183557   library hold time
                                              0.183557   data required time
---------------------------------------------------------------------------------------------
                                              0.183557   data required time
                                             -1.240329   data arrival time
---------------------------------------------------------------------------------------------
                                              1.056772   slack (MET)


Startpoint: _171_ (rising edge-triggered flip-flop clocked by clk)
Endpoint: _171_ (rising edge-triggered flip-flop clocked by clk)
Path Group: clk
Path Type: min

Fanout         Cap        Slew       Delay        Time   Description
---------------------------------------------------------------------------------------------
                      0.150000    0.000000    0.000000   clock clk (rise edge)
                                  0.000000    0.000000   clock network delay (ideal)
                      0.150000    0.000000    0.000000 ^ _171_/CLK (sky130_fd_sc_hd__dfxtp_2)
     9    0.025184    0.128881    0.720817    0.720817 v _171_/Q (sky130_fd_sc_hd__dfxtp_2)
                                                         count[2] (net)
                      0.128881    0.000000    0.720817 v _109_/B (sky130_fd_sc_hd__nand4_2)
     4    0.010060    0.139315    0.195342    0.916159 ^ _109_/Y (sky130_fd_sc_hd__nand4_2)
                                                         _065_ (net)
                      0.139315    0.000000    0.916159 ^ _149_/B (sky130_fd_sc_hd__and3_2)
     1    0.001537    0.070187    0.350884    1.267043 ^ _149_/X (sky130_fd_sc_hd__and3_2)
                                                         _020_ (net)
                      0.070187    0.000000    1.267043 ^ _171_/D (sky130_fd_sc_hd__dfxtp_2)
                                              1.267043   data arrival time

                      0.150000    0.000000    0.000000   clock clk (rise edge)
                                  0.000000    0.000000   clock network delay (ideal)
                                  0.250000    0.250000   clock uncertainty
                                  0.000000    0.250000   clock reconvergence pessimism
                                              0.250000 ^ _171_/CLK (sky130_fd_sc_hd__dfxtp_2)
                                 -0.059263    0.190737   library hold time
                                              0.190737   data required time
---------------------------------------------------------------------------------------------
                                              0.190737   data required time
                                             -1.267043   data arrival time
---------------------------------------------------------------------------------------------
                                              1.076306   slack (MET)


Startpoint: _169_ (rising edge-triggered flip-flop clocked by clk)
Endpoint: _170_ (rising edge-triggered flip-flop clocked by clk)
Path Group: clk
Path Type: min

Fanout         Cap        Slew       Delay        Time   Description
---------------------------------------------------------------------------------------------
                      0.150000    0.000000    0.000000   clock clk (rise edge)
                                  0.000000    0.000000   clock network delay (ideal)
                      0.150000    0.000000    0.000000 ^ _169_/CLK (sky130_fd_sc_hd__dfxtp_2)
    13    0.035848    0.169869    0.754679    0.754679 v _169_/Q (sky130_fd_sc_hd__dfxtp_2)
                                                         count[0] (net)
                      0.169869    0.000000    0.754679 v _107_/C (sky130_fd_sc_hd__nand3_2)
     3    0.007635    0.109121    0.174802    0.929481 ^ _107_/Y (sky130_fd_sc_hd__nand3_2)
                                                         _063_ (net)
                      0.109121    0.000000    0.929481 ^ _147_/B (sky130_fd_sc_hd__and3_2)
     1    0.001537    0.070237    0.339745    1.269226 ^ _147_/X (sky130_fd_sc_hd__and3_2)
                                                         _019_ (net)
                      0.070237    0.000000    1.269226 ^ _170_/D (sky130_fd_sc_hd__dfxtp_2)
                                              1.269226   data arrival time

                      0.150000    0.000000    0.000000   clock clk (rise edge)
                                  0.000000    0.000000   clock network delay (ideal)
                                  0.250000    0.250000   clock uncertainty
                                  0.000000    0.250000   clock reconvergence pessimism
                                              0.250000 ^ _170_/CLK (sky130_fd_sc_hd__dfxtp_2)
                                 -0.059274    0.190726   library hold time
                                              0.190726   data required time
---------------------------------------------------------------------------------------------
                                              0.190726   data required time
                                             -1.269226   data arrival time
---------------------------------------------------------------------------------------------
                                              1.078501   slack (MET)


Startpoint: _169_ (rising edge-triggered flip-flop clocked by clk)
Endpoint: _169_ (rising edge-triggered flip-flop clocked by clk)
Path Group: clk
Path Type: min

Fanout         Cap        Slew       Delay        Time   Description
---------------------------------------------------------------------------------------------
                      0.150000    0.000000    0.000000   clock clk (rise edge)
                                  0.000000    0.000000   clock network delay (ideal)
                      0.150000    0.000000    0.000000 ^ _169_/CLK (sky130_fd_sc_hd__dfxtp_2)
    13    0.035848    0.169869    0.754679    0.754679 v _169_/Q (sky130_fd_sc_hd__dfxtp_2)
                                                         count[0] (net)
                      0.169869    0.000000    0.754679 v _105_/B (sky130_fd_sc_hd__nand2_2)
     5    0.009156    0.112746    0.176232    0.930910 ^ _105_/Y (sky130_fd_sc_hd__nand2_2)
                                                         _061_ (net)
                      0.112746    0.000000    0.930910 ^ _145_/B (sky130_fd_sc_hd__and3_2)
     1    0.001537    0.070231    0.341083    1.271993 ^ _145_/X (sky130_fd_sc_hd__and3_2)
                                                         _018_ (net)
                      0.070231    0.000000    1.271993 ^ _169_/D (sky130_fd_sc_hd__dfxtp_2)
                                              1.271993   data arrival time

                      0.150000    0.000000    0.000000   clock clk (rise edge)
                                  0.000000    0.000000   clock network delay (ideal)
                                  0.250000    0.250000   clock uncertainty
                                  0.000000    0.250000   clock reconvergence pessimism
                                              0.250000 ^ _169_/CLK (sky130_fd_sc_hd__dfxtp_2)
                                 -0.059273    0.190727   library hold time
                                              0.190727   data required time
---------------------------------------------------------------------------------------------
                                              0.190727   data required time
                                             -1.271993   data arrival time
---------------------------------------------------------------------------------------------
                                              1.081266   slack (MET)


Startpoint: _169_ (rising edge-triggered flip-flop clocked by clk)
Endpoint: _165_ (rising edge-triggered flip-flop clocked by clk)
Path Group: clk
Path Type: min

Fanout         Cap        Slew       Delay        Time   Description
---------------------------------------------------------------------------------------------
                      0.150000    0.000000    0.000000   clock clk (rise edge)
                                  0.000000    0.000000   clock network delay (ideal)
                      0.150000    0.000000    0.000000 ^ _169_/CLK (sky130_fd_sc_hd__dfxtp_2)
    13    0.035848    0.169869    0.754679    0.754679 v _169_/Q (sky130_fd_sc_hd__dfxtp_2)
                                                         count[0] (net)
                      0.169869    0.000000    0.754679 v _107_/C (sky130_fd_sc_hd__nand3_2)
     3    0.007635    0.109121    0.174802    0.929481 ^ _107_/Y (sky130_fd_sc_hd__nand3_2)
                                                         _063_ (net)
                      0.109121    0.000000    0.929481 ^ _130_/B (sky130_fd_sc_hd__or3b_2)
     1    0.004595    0.066732    0.211410    1.140891 ^ _130_/X (sky130_fd_sc_hd__or3b_2)
                                                         _032_ (net)
                      0.066732    0.000000    1.140891 ^ _133_/A1 (sky130_fd_sc_hd__a31oi_2)
     1    0.001577    0.056919    0.131896    1.272787 v _133_/Y (sky130_fd_sc_hd__a31oi_2)
                                                         _014_ (net)
                      0.056919    0.000000    1.272787 v _165_/D (sky130_fd_sc_hd__dfxtp_2)
                                              1.272787   data arrival time

                      0.150000    0.000000    0.000000   clock clk (rise edge)
                                  0.000000    0.000000   clock network delay (ideal)
                                  0.250000    0.250000   clock uncertainty
                                  0.000000    0.250000   clock reconvergence pessimism
                                              0.250000 ^ _165_/CLK (sky130_fd_sc_hd__dfxtp_2)
                                 -0.066443    0.183557   library hold time
                                              0.183557   data required time
---------------------------------------------------------------------------------------------
                                              0.183557   data required time
                                             -1.272787   data arrival time
---------------------------------------------------------------------------------------------
                                              1.089230   slack (MET)


Startpoint: _162_ (rising edge-triggered flip-flop clocked by clk)
Endpoint: _154_ (rising edge-triggered flip-flop clocked by clk)
Path Group: clk
Path Type: min

Fanout         Cap        Slew       Delay        Time   Description
---------------------------------------------------------------------------------------------
                      0.150000    0.000000    0.000000   clock clk (rise edge)
                                  0.000000    0.000000   clock network delay (ideal)
                      0.150000    0.000000    0.000000 ^ _162_/CLK (sky130_fd_sc_hd__dfxtp_2)
     3    0.040067    0.186086    0.768075    0.768075 v _162_/Q (sky130_fd_sc_hd__dfxtp_2)
                                                         dac_in[1] (net)
                      0.186086    0.000000    0.768075 v _090_/A1 (sky130_fd_sc_hd__o211a_2)
     1    0.001577    0.038543    0.513004    1.281079 v _090_/X (sky130_fd_sc_hd__o211a_2)
                                                         _003_ (net)
                      0.038543    0.000000    1.281079 v _154_/D (sky130_fd_sc_hd__dfxtp_2)
                                              1.281079   data arrival time

                      0.150000    0.000000    0.000000   clock clk (rise edge)
                                  0.000000    0.000000   clock network delay (ideal)
                                  0.250000    0.250000   clock uncertainty
                                  0.000000    0.250000   clock reconvergence pessimism
                                              0.250000 ^ _154_/CLK (sky130_fd_sc_hd__dfxtp_2)
                                 -0.059651    0.190349   library hold time
                                              0.190349   data required time
---------------------------------------------------------------------------------------------
                                              0.190349   data required time
                                             -1.281079   data arrival time
---------------------------------------------------------------------------------------------
                                              1.090730   slack (MET)


Startpoint: _164_ (rising edge-triggered flip-flop clocked by clk)
Endpoint: _156_ (rising edge-triggered flip-flop clocked by clk)
Path Group: clk
Path Type: min

Fanout         Cap        Slew       Delay        Time   Description
---------------------------------------------------------------------------------------------
                      0.150000    0.000000    0.000000   clock clk (rise edge)
                                  0.000000    0.000000   clock network delay (ideal)
                      0.150000    0.000000    0.000000 ^ _164_/CLK (sky130_fd_sc_hd__dfxtp_2)
     3    0.040067    0.186086    0.768075    0.768075 v _164_/Q (sky130_fd_sc_hd__dfxtp_2)
                                                         dac_in[3] (net)
                      0.186086    0.000000    0.768075 v _094_/A1 (sky130_fd_sc_hd__o211a_2)
     1    0.001577    0.038543    0.513004    1.281079 v _094_/X (sky130_fd_sc_hd__o211a_2)
                                                         _005_ (net)
                      0.038543    0.000000    1.281079 v _156_/D (sky130_fd_sc_hd__dfxtp_2)
                                              1.281079   data arrival time

                      0.150000    0.000000    0.000000   clock clk (rise edge)
                                  0.000000    0.000000   clock network delay (ideal)
                                  0.250000    0.250000   clock uncertainty
                                  0.000000    0.250000   clock reconvergence pessimism
                                              0.250000 ^ _156_/CLK (sky130_fd_sc_hd__dfxtp_2)
                                 -0.059651    0.190349   library hold time
                                              0.190349   data required time
---------------------------------------------------------------------------------------------
                                              0.190349   data required time
                                             -1.281079   data arrival time
---------------------------------------------------------------------------------------------
                                              1.090730   slack (MET)


Startpoint: _165_ (rising edge-triggered flip-flop clocked by clk)
Endpoint: _157_ (rising edge-triggered flip-flop clocked by clk)
Path Group: clk
Path Type: min

Fanout         Cap        Slew       Delay        Time   Description
---------------------------------------------------------------------------------------------
                      0.150000    0.000000    0.000000   clock clk (rise edge)
                                  0.000000    0.000000   clock network delay (ideal)
                      0.150000    0.000000    0.000000 ^ _165_/CLK (sky130_fd_sc_hd__dfxtp_2)
     3    0.040067    0.186086    0.768075    0.768075 v _165_/Q (sky130_fd_sc_hd__dfxtp_2)
                                                         dac_in[4] (net)
                      0.186086    0.000000    0.768075 v _096_/A1 (sky130_fd_sc_hd__o211a_2)
     1    0.001577    0.038543    0.513004    1.281079 v _096_/X (sky130_fd_sc_hd__o211a_2)
                                                         _006_ (net)
                      0.038543    0.000000    1.281079 v _157_/D (sky130_fd_sc_hd__dfxtp_2)
                                              1.281079   data arrival time

                      0.150000    0.000000    0.000000   clock clk (rise edge)
                                  0.000000    0.000000   clock network delay (ideal)
                                  0.250000    0.250000   clock uncertainty
                                  0.000000    0.250000   clock reconvergence pessimism
                                              0.250000 ^ _157_/CLK (sky130_fd_sc_hd__dfxtp_2)
                                 -0.059651    0.190349   library hold time
                                              0.190349   data required time
---------------------------------------------------------------------------------------------
                                              0.190349   data required time
                                             -1.281079   data arrival time
---------------------------------------------------------------------------------------------
                                              1.090730   slack (MET)


Startpoint: _166_ (rising edge-triggered flip-flop clocked by clk)
Endpoint: _158_ (rising edge-triggered flip-flop clocked by clk)
Path Group: clk
Path Type: min

Fanout         Cap        Slew       Delay        Time   Description
---------------------------------------------------------------------------------------------
                      0.150000    0.000000    0.000000   clock clk (rise edge)
                                  0.000000    0.000000   clock network delay (ideal)
                      0.150000    0.000000    0.000000 ^ _166_/CLK (sky130_fd_sc_hd__dfxtp_2)
     3    0.040067    0.186086    0.768075    0.768075 v _166_/Q (sky130_fd_sc_hd__dfxtp_2)
                                                         dac_in[5] (net)
                      0.186086    0.000000    0.768075 v _098_/A1 (sky130_fd_sc_hd__o211a_2)
     1    0.001577    0.038543    0.513004    1.281079 v _098_/X (sky130_fd_sc_hd__o211a_2)
                                                         _007_ (net)
                      0.038543    0.000000    1.281079 v _158_/D (sky130_fd_sc_hd__dfxtp_2)
                                              1.281079   data arrival time

                      0.150000    0.000000    0.000000   clock clk (rise edge)
                                  0.000000    0.000000   clock network delay (ideal)
                                  0.250000    0.250000   clock uncertainty
                                  0.000000    0.250000   clock reconvergence pessimism
                                              0.250000 ^ _158_/CLK (sky130_fd_sc_hd__dfxtp_2)
                                 -0.059651    0.190349   library hold time
                                              0.190349   data required time
---------------------------------------------------------------------------------------------
                                              0.190349   data required time
                                             -1.281079   data arrival time
---------------------------------------------------------------------------------------------
                                              1.090730   slack (MET)


Startpoint: _168_ (rising edge-triggered flip-flop clocked by clk)
Endpoint: _160_ (rising edge-triggered flip-flop clocked by clk)
Path Group: clk
Path Type: min

Fanout         Cap        Slew       Delay        Time   Description
---------------------------------------------------------------------------------------------
                      0.150000    0.000000    0.000000   clock clk (rise edge)
                                  0.000000    0.000000   clock network delay (ideal)
                      0.150000    0.000000    0.000000 ^ _168_/CLK (sky130_fd_sc_hd__dfxtp_2)
     3    0.040067    0.186086    0.768075    0.768075 v _168_/Q (sky130_fd_sc_hd__dfxtp_2)
                                                         dac_in[7] (net)
                      0.186086    0.000000    0.768075 v _102_/A1 (sky130_fd_sc_hd__o211a_2)
     1    0.001577    0.038543    0.513004    1.281079 v _102_/X (sky130_fd_sc_hd__o211a_2)
                                                         _009_ (net)
                      0.038543    0.000000    1.281079 v _160_/D (sky130_fd_sc_hd__dfxtp_2)
                                              1.281079   data arrival time

                      0.150000    0.000000    0.000000   clock clk (rise edge)
                                  0.000000    0.000000   clock network delay (ideal)
                                  0.250000    0.250000   clock uncertainty
                                  0.000000    0.250000   clock reconvergence pessimism
                                              0.250000 ^ _160_/CLK (sky130_fd_sc_hd__dfxtp_2)
                                 -0.059651    0.190349   library hold time
                                              0.190349   data required time
---------------------------------------------------------------------------------------------
                                              0.190349   data required time
                                             -1.281079   data arrival time
---------------------------------------------------------------------------------------------
                                              1.090730   slack (MET)


Startpoint: _163_ (rising edge-triggered flip-flop clocked by clk)
Endpoint: _155_ (rising edge-triggered flip-flop clocked by clk)
Path Group: clk
Path Type: min

Fanout         Cap        Slew       Delay        Time   Description
---------------------------------------------------------------------------------------------
                      0.150000    0.000000    0.000000   clock clk (rise edge)
                                  0.000000    0.000000   clock network delay (ideal)
                      0.150000    0.000000    0.000000 ^ _163_/CLK (sky130_fd_sc_hd__dfxtp_2)
     4    0.042341    0.194826    0.775296    0.775296 v _163_/Q (sky130_fd_sc_hd__dfxtp_2)
                                                         dac_in[2] (net)
                      0.194826    0.000000    0.775296 v _092_/A1 (sky130_fd_sc_hd__o211a_2)
     1    0.001577    0.038543    0.516756    1.292052 v _092_/X (sky130_fd_sc_hd__o211a_2)
                                                         _004_ (net)
                      0.038543    0.000000    1.292052 v _155_/D (sky130_fd_sc_hd__dfxtp_2)
                                              1.292052   data arrival time

                      0.150000    0.000000    0.000000   clock clk (rise edge)
                                  0.000000    0.000000   clock network delay (ideal)
                                  0.250000    0.250000   clock uncertainty
                                  0.000000    0.250000   clock reconvergence pessimism
                                              0.250000 ^ _155_/CLK (sky130_fd_sc_hd__dfxtp_2)
                                 -0.059651    0.190349   library hold time
                                              0.190349   data required time
---------------------------------------------------------------------------------------------
                                              0.190349   data required time
                                             -1.292052   data arrival time
---------------------------------------------------------------------------------------------
                                              1.101703   slack (MET)


Startpoint: _167_ (rising edge-triggered flip-flop clocked by clk)
Endpoint: _159_ (rising edge-triggered flip-flop clocked by clk)
Path Group: clk
Path Type: min

Fanout         Cap        Slew       Delay        Time   Description
---------------------------------------------------------------------------------------------
                      0.150000    0.000000    0.000000   clock clk (rise edge)
                                  0.000000    0.000000   clock network delay (ideal)
                      0.150000    0.000000    0.000000 ^ _167_/CLK (sky130_fd_sc_hd__dfxtp_2)
     4    0.042341    0.194826    0.775296    0.775296 v _167_/Q (sky130_fd_sc_hd__dfxtp_2)
                                                         dac_in[6] (net)
                      0.194826    0.000000    0.775296 v _100_/A1 (sky130_fd_sc_hd__o211a_2)
     1    0.001577    0.038543    0.516756    1.292052 v _100_/X (sky130_fd_sc_hd__o211a_2)
                                                         _008_ (net)
                      0.038543    0.000000    1.292052 v _159_/D (sky130_fd_sc_hd__dfxtp_2)
                                              1.292052   data arrival time

                      0.150000    0.000000    0.000000   clock clk (rise edge)
                                  0.000000    0.000000   clock network delay (ideal)
                                  0.250000    0.250000   clock uncertainty
                                  0.000000    0.250000   clock reconvergence pessimism
                                              0.250000 ^ _159_/CLK (sky130_fd_sc_hd__dfxtp_2)
                                 -0.059651    0.190349   library hold time
                                              0.190349   data required time
---------------------------------------------------------------------------------------------
                                              0.190349   data required time
                                             -1.292052   data arrival time
---------------------------------------------------------------------------------------------
                                              1.101703   slack (MET)


Startpoint: _161_ (rising edge-triggered flip-flop clocked by clk)
Endpoint: _153_ (rising edge-triggered flip-flop clocked by clk)
Path Group: clk
Path Type: min

Fanout         Cap        Slew       Delay        Time   Description
---------------------------------------------------------------------------------------------
                      0.150000    0.000000    0.000000   clock clk (rise edge)
                                  0.000000    0.000000   clock network delay (ideal)
                      0.150000    0.000000    0.000000 ^ _161_/CLK (sky130_fd_sc_hd__dfxtp_2)
     4    0.042426    0.195153    0.775566    0.775566 v _161_/Q (sky130_fd_sc_hd__dfxtp_2)
                                                         dac_in[0] (net)
                      0.195153    0.000000    0.775566 v _088_/A1 (sky130_fd_sc_hd__o211a_2)
     1    0.001577    0.038543    0.516896    1.292462 v _088_/X (sky130_fd_sc_hd__o211a_2)
                                                         _002_ (net)
                      0.038543    0.000000    1.292462 v _153_/D (sky130_fd_sc_hd__dfxtp_2)
                                              1.292462   data arrival time

                      0.150000    0.000000    0.000000   clock clk (rise edge)
                                  0.000000    0.000000   clock network delay (ideal)
                                  0.250000    0.250000   clock uncertainty
                                  0.000000    0.250000   clock reconvergence pessimism
                                              0.250000 ^ _153_/CLK (sky130_fd_sc_hd__dfxtp_2)
                                 -0.059651    0.190349   library hold time
                                              0.190349   data required time
---------------------------------------------------------------------------------------------
                                              0.190349   data required time
                                             -1.292462   data arrival time
---------------------------------------------------------------------------------------------
                                              1.102113   slack (MET)


Startpoint: _152_ (rising edge-triggered flip-flop clocked by clk')
Endpoint: _152_ (rising edge-triggered flip-flop clocked by clk')
Path Group: clk
Path Type: min

Fanout         Cap        Slew       Delay        Time   Description
---------------------------------------------------------------------------------------------
                      0.150000   25.000000   25.000000   clock clk' (rise edge)
                                  0.000000   25.000000   clock network delay (ideal)
                      0.150000    0.000000   25.000000 ^ _152_/CLK (sky130_fd_sc_hd__dfxtp_2)
    12    0.059167    0.259505    0.828720   25.828720 v _152_/Q (sky130_fd_sc_hd__dfxtp_2)
                                                         comparator_clk (net)
                      0.259505    0.000000   25.828720 v _084_/A_N (sky130_fd_sc_hd__and2b_2)
     1    0.001537    0.054769    0.482348   26.311068 ^ _084_/X (sky130_fd_sc_hd__and2b_2)
                                                         _001_ (net)
                      0.054769    0.000000   26.311068 ^ _152_/D (sky130_fd_sc_hd__dfxtp_2)
                                             26.311068   data arrival time

                      0.150000   25.000000   25.000000   clock clk' (rise edge)
                                  0.000000   25.000000   clock network delay (ideal)
                                  0.250000   25.249998   clock uncertainty
                                  0.000000   25.249998   clock reconvergence pessimism
                                             25.249998 ^ _152_/CLK (sky130_fd_sc_hd__dfxtp_2)
                                 -0.055703   25.194296   library hold time
                                             25.194296   data required time
---------------------------------------------------------------------------------------------
                                             25.194296   data required time
                                            -26.311068   data arrival time
---------------------------------------------------------------------------------------------
                                              1.116773   slack (MET)


Startpoint: _172_ (rising edge-triggered flip-flop clocked by clk)
Endpoint: _161_ (rising edge-triggered flip-flop clocked by clk)
Path Group: clk
Path Type: min

Fanout         Cap        Slew       Delay        Time   Description
---------------------------------------------------------------------------------------------
                      0.150000    0.000000    0.000000   clock clk (rise edge)
                                  0.000000    0.000000   clock network delay (ideal)
                      0.150000    0.000000    0.000000 ^ _172_/CLK (sky130_fd_sc_hd__dfxtp_2)
    12    0.026677    0.228869    0.814713    0.814713 ^ _172_/Q (sky130_fd_sc_hd__dfxtp_2)
                                                         count[3] (net)
                      0.228869    0.000000    0.814713 ^ _111_/A1 (sky130_fd_sc_hd__o21a_2)
     1    0.002436    0.052726    0.306678    1.121391 ^ _111_/X (sky130_fd_sc_hd__o21a_2)
                                                         _067_ (net)
                      0.052726    0.000000    1.121391 ^ _115_/A1 (sky130_fd_sc_hd__o21a_2)
     1    0.001537    0.045622    0.229080    1.350471 ^ _115_/X (sky130_fd_sc_hd__o21a_2)
                                                         _010_ (net)
                      0.045622    0.000000    1.350471 ^ _161_/D (sky130_fd_sc_hd__dfxtp_2)
                                              1.350471   data arrival time

                      0.150000    0.000000    0.000000   clock clk (rise edge)
                                  0.000000    0.000000   clock network delay (ideal)
                                  0.250000    0.250000   clock uncertainty
                                  0.000000    0.250000   clock reconvergence pessimism
                                              0.250000 ^ _161_/CLK (sky130_fd_sc_hd__dfxtp_2)
                                 -0.053591    0.196409   library hold time
                                              0.196409   data required time
---------------------------------------------------------------------------------------------
                                              0.196409   data required time
                                             -1.350471   data arrival time
---------------------------------------------------------------------------------------------
                                              1.154062   slack (MET)


Startpoint: _171_ (rising edge-triggered flip-flop clocked by clk)
Endpoint: _163_ (rising edge-triggered flip-flop clocked by clk)
Path Group: clk
Path Type: min

Fanout         Cap        Slew       Delay        Time   Description
---------------------------------------------------------------------------------------------
                      0.150000    0.000000    0.000000   clock clk (rise edge)
                                  0.000000    0.000000   clock network delay (ideal)
                      0.150000    0.000000    0.000000 ^ _171_/CLK (sky130_fd_sc_hd__dfxtp_2)
     9    0.025184    0.128881    0.720817    0.720817 v _171_/Q (sky130_fd_sc_hd__dfxtp_2)
                                                         count[2] (net)
                      0.128881    0.000000    0.720817 v _072_/A (sky130_fd_sc_hd__inv_2)
     4    0.011336    0.100669    0.136476    0.857292 ^ _072_/Y (sky130_fd_sc_hd__inv_2)
                                                         _046_ (net)
                      0.100669    0.000000    0.857292 ^ _121_/A2 (sky130_fd_sc_hd__o41a_2)
     1    0.002489    0.053422    0.277023    1.134316 ^ _121_/X (sky130_fd_sc_hd__o41a_2)
                                                         _025_ (net)
                      0.053422    0.000000    1.134316 ^ _125_/A1 (sky130_fd_sc_hd__o31a_2)
     1    0.001537    0.051110    0.251136    1.385452 ^ _125_/X (sky130_fd_sc_hd__o31a_2)
                                                         _012_ (net)
                      0.051110    0.000000    1.385452 ^ _163_/D (sky130_fd_sc_hd__dfxtp_2)
                                              1.385452   data arrival time

                      0.150000    0.000000    0.000000   clock clk (rise edge)
                                  0.000000    0.000000   clock network delay (ideal)
                                  0.250000    0.250000   clock uncertainty
                                  0.000000    0.250000   clock reconvergence pessimism
                                              0.250000 ^ _163_/CLK (sky130_fd_sc_hd__dfxtp_2)
                                 -0.054858    0.195142   library hold time
                                              0.195142   data required time
---------------------------------------------------------------------------------------------
                                              0.195142   data required time
                                             -1.385452   data arrival time
---------------------------------------------------------------------------------------------
                                              1.190310   slack (MET)


Startpoint: _171_ (rising edge-triggered flip-flop clocked by clk)
Endpoint: _167_ (rising edge-triggered flip-flop clocked by clk)
Path Group: clk
Path Type: min

Fanout         Cap        Slew       Delay        Time   Description
---------------------------------------------------------------------------------------------
                      0.150000    0.000000    0.000000   clock clk (rise edge)
                                  0.000000    0.000000   clock network delay (ideal)
                      0.150000    0.000000    0.000000 ^ _171_/CLK (sky130_fd_sc_hd__dfxtp_2)
     9    0.027302    0.233623    0.818167    0.818167 ^ _171_/Q (sky130_fd_sc_hd__dfxtp_2)
                                                         count[2] (net)
                      0.233623    0.000000    0.818167 ^ _138_/A2 (sky130_fd_sc_hd__o41a_2)
     1    0.002489    0.053422    0.329474    1.147641 ^ _138_/X (sky130_fd_sc_hd__o41a_2)
                                                         _038_ (net)
                      0.053422    0.000000    1.147641 ^ _141_/A1 (sky130_fd_sc_hd__o31a_2)
     1    0.001537    0.051119    0.251136    1.398777 ^ _141_/X (sky130_fd_sc_hd__o31a_2)
                                                         _016_ (net)
                      0.051119    0.000000    1.398777 ^ _167_/D (sky130_fd_sc_hd__dfxtp_2)
                                              1.398777   data arrival time

                      0.150000    0.000000    0.000000   clock clk (rise edge)
                                  0.000000    0.000000   clock network delay (ideal)
                                  0.250000    0.250000   clock uncertainty
                                  0.000000    0.250000   clock reconvergence pessimism
                                              0.250000 ^ _167_/CLK (sky130_fd_sc_hd__dfxtp_2)
                                 -0.054860    0.195140   library hold time
                                              0.195140   data required time
---------------------------------------------------------------------------------------------
                                              0.195140   data required time
                                             -1.398777   data arrival time
---------------------------------------------------------------------------------------------
                                              1.203637   slack (MET)


Startpoint: _171_ (rising edge-triggered flip-flop clocked by clk)
Endpoint: _168_ (rising edge-triggered flip-flop clocked by clk)
Path Group: clk
Path Type: min

Fanout         Cap        Slew       Delay        Time   Description
---------------------------------------------------------------------------------------------
                      0.150000    0.000000    0.000000   clock clk (rise edge)
                                  0.000000    0.000000   clock network delay (ideal)
                      0.150000    0.000000    0.000000 ^ _171_/CLK (sky130_fd_sc_hd__dfxtp_2)
     9    0.027302    0.233623    0.818167    0.818167 ^ _171_/Q (sky130_fd_sc_hd__dfxtp_2)
                                                         count[2] (net)
                      0.233623    0.000000    0.818167 ^ _127_/B (sky130_fd_sc_hd__nor2_2)
     8    0.022664    0.119654    0.192594    1.010761 v _127_/Y (sky130_fd_sc_hd__nor2_2)
                                                         _030_ (net)
                      0.119654    0.000000    1.010761 v _142_/A2 (sky130_fd_sc_hd__a21oi_2)
     1    0.002524    0.109182    0.222214    1.232975 ^ _142_/Y (sky130_fd_sc_hd__a21oi_2)
                                                         _041_ (net)
                      0.109182    0.000000    1.232975 ^ _143_/B1 (sky130_fd_sc_hd__a211o_2)
     1    0.001537    0.038111    0.171398    1.404373 ^ _143_/X (sky130_fd_sc_hd__a211o_2)
                                                         _017_ (net)
                      0.038111    0.000000    1.404373 ^ _168_/D (sky130_fd_sc_hd__dfxtp_2)
                                              1.404373   data arrival time

                      0.150000    0.000000    0.000000   clock clk (rise edge)
                                  0.000000    0.000000   clock network delay (ideal)
                                  0.250000    0.250000   clock uncertainty
                                  0.000000    0.250000   clock reconvergence pessimism
                                              0.250000 ^ _168_/CLK (sky130_fd_sc_hd__dfxtp_2)
                                 -0.051857    0.198143   library hold time
                                              0.198143   data required time
---------------------------------------------------------------------------------------------
                                              0.198143   data required time
                                             -1.404373   data arrival time
---------------------------------------------------------------------------------------------
                                              1.206230   slack (MET)


Startpoint: _164_ (rising edge-triggered flip-flop clocked by clk)
Endpoint: _164_ (rising edge-triggered flip-flop clocked by clk)
Path Group: clk
Path Type: min

Fanout         Cap        Slew       Delay        Time   Description
---------------------------------------------------------------------------------------------
                      0.150000    0.000000    0.000000   clock clk (rise edge)
                                  0.000000    0.000000   clock network delay (ideal)
                      0.150000    0.000000    0.000000 ^ _164_/CLK (sky130_fd_sc_hd__dfxtp_2)
     3    0.040067    0.186086    0.768075    0.768075 v _164_/Q (sky130_fd_sc_hd__dfxtp_2)
                                                         dac_in[3] (net)
                      0.186086    0.000000    0.768075 v _078_/A (sky130_fd_sc_hd__inv_2)
     2    0.038126    0.285304    0.299385    1.067460 ^ _078_/Y (sky130_fd_sc_hd__inv_2)
                                                         dac_in_n[3] (net)
                      0.285304    0.000000    1.067460 ^ _126_/B1 (sky130_fd_sc_hd__a21oi_2)
     1    0.002254    0.067739    0.109123    1.176583 v _126_/Y (sky130_fd_sc_hd__a21oi_2)
                                                         _029_ (net)
                      0.067739    0.000000    1.176583 v _129_/A1 (sky130_fd_sc_hd__o21a_2)
     1    0.001577    0.038665    0.368057    1.544640 v _129_/X (sky130_fd_sc_hd__o21a_2)
                                                         _013_ (net)
                      0.038665    0.000000    1.544640 v _164_/D (sky130_fd_sc_hd__dfxtp_2)
                                              1.544640   data arrival time

                      0.150000    0.000000    0.000000   clock clk (rise edge)
                                  0.000000    0.000000   clock network delay (ideal)
                                  0.250000    0.250000   clock uncertainty
                                  0.000000    0.250000   clock reconvergence pessimism
                                              0.250000 ^ _164_/CLK (sky130_fd_sc_hd__dfxtp_2)
                                 -0.059696    0.190304   library hold time
                                              0.190304   data required time
---------------------------------------------------------------------------------------------
                                              0.190304   data required time
                                             -1.544640   data arrival time
---------------------------------------------------------------------------------------------
                                              1.354337   slack (MET)


Startpoint: _153_ (rising edge-triggered flip-flop clocked by clk)
Endpoint: adc_out[0] (output port clocked by clk)
Path Group: clk
Path Type: min

Fanout         Cap        Slew       Delay        Time   Description
---------------------------------------------------------------------------------------------
                      0.150000    0.000000    0.000000   clock clk (rise edge)
                                  0.000000    0.000000   clock network delay (ideal)
                      0.150000    0.000000    0.000000 ^ _153_/CLK (sky130_fd_sc_hd__dfxtp_2)
     2    0.034811    0.165884    0.751386    0.751386 v _153_/Q (sky130_fd_sc_hd__dfxtp_2)
                                                         adc_out[0] (net)
                      0.165884    0.000000    0.751386 v adc_out[0] (out)
                                              0.751386   data arrival time

                      0.150000    0.000000    0.000000   clock clk (rise edge)
                                  0.000000    0.000000   clock network delay (ideal)
                                  0.250000    0.250000   clock uncertainty
                                  0.000000    0.250000   clock reconvergence pessimism
                                -10.000000   -9.750000   output external delay
                                             -9.750000   data required time
---------------------------------------------------------------------------------------------
                                             -9.750000   data required time
                                             -0.751386   data arrival time
---------------------------------------------------------------------------------------------
                                             10.501386   slack (MET)


Startpoint: _154_ (rising edge-triggered flip-flop clocked by clk)
Endpoint: adc_out[1] (output port clocked by clk)
Path Group: clk
Path Type: min

Fanout         Cap        Slew       Delay        Time   Description
---------------------------------------------------------------------------------------------
                      0.150000    0.000000    0.000000   clock clk (rise edge)
                                  0.000000    0.000000   clock network delay (ideal)
                      0.150000    0.000000    0.000000 ^ _154_/CLK (sky130_fd_sc_hd__dfxtp_2)
     2    0.034811    0.165884    0.751386    0.751386 v _154_/Q (sky130_fd_sc_hd__dfxtp_2)
                                                         adc_out[1] (net)
                      0.165884    0.000000    0.751386 v adc_out[1] (out)
                                              0.751386   data arrival time

                      0.150000    0.000000    0.000000   clock clk (rise edge)
                                  0.000000    0.000000   clock network delay (ideal)
                                  0.250000    0.250000   clock uncertainty
                                  0.000000    0.250000   clock reconvergence pessimism
                                -10.000000   -9.750000   output external delay
                                             -9.750000   data required time
---------------------------------------------------------------------------------------------
                                             -9.750000   data required time
                                             -0.751386   data arrival time
---------------------------------------------------------------------------------------------
                                             10.501386   slack (MET)


Startpoint: _155_ (rising edge-triggered flip-flop clocked by clk)
Endpoint: adc_out[2] (output port clocked by clk)
Path Group: clk
Path Type: min

Fanout         Cap        Slew       Delay        Time   Description
---------------------------------------------------------------------------------------------
                      0.150000    0.000000    0.000000   clock clk (rise edge)
                                  0.000000    0.000000   clock network delay (ideal)
                      0.150000    0.000000    0.000000 ^ _155_/CLK (sky130_fd_sc_hd__dfxtp_2)
     2    0.034811    0.165884    0.751386    0.751386 v _155_/Q (sky130_fd_sc_hd__dfxtp_2)
                                                         adc_out[2] (net)
                      0.165884    0.000000    0.751386 v adc_out[2] (out)
                                              0.751386   data arrival time

                      0.150000    0.000000    0.000000   clock clk (rise edge)
                                  0.000000    0.000000   clock network delay (ideal)
                                  0.250000    0.250000   clock uncertainty
                                  0.000000    0.250000   clock reconvergence pessimism
                                -10.000000   -9.750000   output external delay
                                             -9.750000   data required time
---------------------------------------------------------------------------------------------
                                             -9.750000   data required time
                                             -0.751386   data arrival time
---------------------------------------------------------------------------------------------
                                             10.501386   slack (MET)


Startpoint: _156_ (rising edge-triggered flip-flop clocked by clk)
Endpoint: adc_out[3] (output port clocked by clk)
Path Group: clk
Path Type: min

Fanout         Cap        Slew       Delay        Time   Description
---------------------------------------------------------------------------------------------
                      0.150000    0.000000    0.000000   clock clk (rise edge)
                                  0.000000    0.000000   clock network delay (ideal)
                      0.150000    0.000000    0.000000 ^ _156_/CLK (sky130_fd_sc_hd__dfxtp_2)
     2    0.034811    0.165884    0.751386    0.751386 v _156_/Q (sky130_fd_sc_hd__dfxtp_2)
                                                         adc_out[3] (net)
                      0.165884    0.000000    0.751386 v adc_out[3] (out)
                                              0.751386   data arrival time

                      0.150000    0.000000    0.000000   clock clk (rise edge)
                                  0.000000    0.000000   clock network delay (ideal)
                                  0.250000    0.250000   clock uncertainty
                                  0.000000    0.250000   clock reconvergence pessimism
                                -10.000000   -9.750000   output external delay
                                             -9.750000   data required time
---------------------------------------------------------------------------------------------
                                             -9.750000   data required time
                                             -0.751386   data arrival time
---------------------------------------------------------------------------------------------
                                             10.501386   slack (MET)


Startpoint: _157_ (rising edge-triggered flip-flop clocked by clk)
Endpoint: adc_out[4] (output port clocked by clk)
Path Group: clk
Path Type: min

Fanout         Cap        Slew       Delay        Time   Description
---------------------------------------------------------------------------------------------
                      0.150000    0.000000    0.000000   clock clk (rise edge)
                                  0.000000    0.000000   clock network delay (ideal)
                      0.150000    0.000000    0.000000 ^ _157_/CLK (sky130_fd_sc_hd__dfxtp_2)
     2    0.034811    0.165884    0.751386    0.751386 v _157_/Q (sky130_fd_sc_hd__dfxtp_2)
                                                         adc_out[4] (net)
                      0.165884    0.000000    0.751386 v adc_out[4] (out)
                                              0.751386   data arrival time

                      0.150000    0.000000    0.000000   clock clk (rise edge)
                                  0.000000    0.000000   clock network delay (ideal)
                                  0.250000    0.250000   clock uncertainty
                                  0.000000    0.250000   clock reconvergence pessimism
                                -10.000000   -9.750000   output external delay
                                             -9.750000   data required time
---------------------------------------------------------------------------------------------
                                             -9.750000   data required time
                                             -0.751386   data arrival time
---------------------------------------------------------------------------------------------
                                             10.501386   slack (MET)


Startpoint: _158_ (rising edge-triggered flip-flop clocked by clk)
Endpoint: adc_out[5] (output port clocked by clk)
Path Group: clk
Path Type: min

Fanout         Cap        Slew       Delay        Time   Description
---------------------------------------------------------------------------------------------
                      0.150000    0.000000    0.000000   clock clk (rise edge)
                                  0.000000    0.000000   clock network delay (ideal)
                      0.150000    0.000000    0.000000 ^ _158_/CLK (sky130_fd_sc_hd__dfxtp_2)
     2    0.034811    0.165884    0.751386    0.751386 v _158_/Q (sky130_fd_sc_hd__dfxtp_2)
                                                         adc_out[5] (net)
                      0.165884    0.000000    0.751386 v adc_out[5] (out)
                                              0.751386   data arrival time

                      0.150000    0.000000    0.000000   clock clk (rise edge)
                                  0.000000    0.000000   clock network delay (ideal)
                                  0.250000    0.250000   clock uncertainty
                                  0.000000    0.250000   clock reconvergence pessimism
                                -10.000000   -9.750000   output external delay
                                             -9.750000   data required time
---------------------------------------------------------------------------------------------
                                             -9.750000   data required time
                                             -0.751386   data arrival time
---------------------------------------------------------------------------------------------
                                             10.501386   slack (MET)


Startpoint: _159_ (rising edge-triggered flip-flop clocked by clk)
Endpoint: adc_out[6] (output port clocked by clk)
Path Group: clk
Path Type: min

Fanout         Cap        Slew       Delay        Time   Description
---------------------------------------------------------------------------------------------
                      0.150000    0.000000    0.000000   clock clk (rise edge)
                                  0.000000    0.000000   clock network delay (ideal)
                      0.150000    0.000000    0.000000 ^ _159_/CLK (sky130_fd_sc_hd__dfxtp_2)
     2    0.034811    0.165884    0.751386    0.751386 v _159_/Q (sky130_fd_sc_hd__dfxtp_2)
                                                         adc_out[6] (net)
                      0.165884    0.000000    0.751386 v adc_out[6] (out)
                                              0.751386   data arrival time

                      0.150000    0.000000    0.000000   clock clk (rise edge)
                                  0.000000    0.000000   clock network delay (ideal)
                                  0.250000    0.250000   clock uncertainty
                                  0.000000    0.250000   clock reconvergence pessimism
                                -10.000000   -9.750000   output external delay
                                             -9.750000   data required time
---------------------------------------------------------------------------------------------
                                             -9.750000   data required time
                                             -0.751386   data arrival time
---------------------------------------------------------------------------------------------
                                             10.501386   slack (MET)


Startpoint: _160_ (rising edge-triggered flip-flop clocked by clk)
Endpoint: adc_out[7] (output port clocked by clk)
Path Group: clk
Path Type: min

Fanout         Cap        Slew       Delay        Time   Description
---------------------------------------------------------------------------------------------
                      0.150000    0.000000    0.000000   clock clk (rise edge)
                                  0.000000    0.000000   clock network delay (ideal)
                      0.150000    0.000000    0.000000 ^ _160_/CLK (sky130_fd_sc_hd__dfxtp_2)
     2    0.034811    0.165884    0.751386    0.751386 v _160_/Q (sky130_fd_sc_hd__dfxtp_2)
                                                         adc_out[7] (net)
                      0.165884    0.000000    0.751386 v adc_out[7] (out)
                                              0.751386   data arrival time

                      0.150000    0.000000    0.000000   clock clk (rise edge)
                                  0.000000    0.000000   clock network delay (ideal)
                                  0.250000    0.250000   clock uncertainty
                                  0.000000    0.250000   clock reconvergence pessimism
                                -10.000000   -9.750000   output external delay
                                             -9.750000   data required time
---------------------------------------------------------------------------------------------
                                             -9.750000   data required time
                                             -0.751386   data arrival time
---------------------------------------------------------------------------------------------
                                             10.501386   slack (MET)


Startpoint: _162_ (rising edge-triggered flip-flop clocked by clk)
Endpoint: dac_in[1] (output port clocked by clk)
Path Group: clk
Path Type: min

Fanout         Cap        Slew       Delay        Time   Description
---------------------------------------------------------------------------------------------
                      0.150000    0.000000    0.000000   clock clk (rise edge)
                                  0.000000    0.000000   clock network delay (ideal)
                      0.150000    0.000000    0.000000 ^ _162_/CLK (sky130_fd_sc_hd__dfxtp_2)
     3    0.040067    0.186086    0.768075    0.768075 v _162_/Q (sky130_fd_sc_hd__dfxtp_2)
                                                         dac_in[1] (net)
                      0.186086    0.000000    0.768075 v dac_in[1] (out)
                                              0.768075   data arrival time

                      0.150000    0.000000    0.000000   clock clk (rise edge)
                                  0.000000    0.000000   clock network delay (ideal)
                                  0.250000    0.250000   clock uncertainty
                                  0.000000    0.250000   clock reconvergence pessimism
                                -10.000000   -9.750000   output external delay
                                             -9.750000   data required time
---------------------------------------------------------------------------------------------
                                             -9.750000   data required time
                                             -0.768075   data arrival time
---------------------------------------------------------------------------------------------
                                             10.518076   slack (MET)


Startpoint: _164_ (rising edge-triggered flip-flop clocked by clk)
Endpoint: dac_in[3] (output port clocked by clk)
Path Group: clk
Path Type: min

Fanout         Cap        Slew       Delay        Time   Description
---------------------------------------------------------------------------------------------
                      0.150000    0.000000    0.000000   clock clk (rise edge)
                                  0.000000    0.000000   clock network delay (ideal)
                      0.150000    0.000000    0.000000 ^ _164_/CLK (sky130_fd_sc_hd__dfxtp_2)
     3    0.040067    0.186086    0.768075    0.768075 v _164_/Q (sky130_fd_sc_hd__dfxtp_2)
                                                         dac_in[3] (net)
                      0.186086    0.000000    0.768075 v dac_in[3] (out)
                                              0.768075   data arrival time

                      0.150000    0.000000    0.000000   clock clk (rise edge)
                                  0.000000    0.000000   clock network delay (ideal)
                                  0.250000    0.250000   clock uncertainty
                                  0.000000    0.250000   clock reconvergence pessimism
                                -10.000000   -9.750000   output external delay
                                             -9.750000   data required time
---------------------------------------------------------------------------------------------
                                             -9.750000   data required time
                                             -0.768075   data arrival time
---------------------------------------------------------------------------------------------
                                             10.518076   slack (MET)


Startpoint: _165_ (rising edge-triggered flip-flop clocked by clk)
Endpoint: dac_in[4] (output port clocked by clk)
Path Group: clk
Path Type: min

Fanout         Cap        Slew       Delay        Time   Description
---------------------------------------------------------------------------------------------
                      0.150000    0.000000    0.000000   clock clk (rise edge)
                                  0.000000    0.000000   clock network delay (ideal)
                      0.150000    0.000000    0.000000 ^ _165_/CLK (sky130_fd_sc_hd__dfxtp_2)
     3    0.040067    0.186086    0.768075    0.768075 v _165_/Q (sky130_fd_sc_hd__dfxtp_2)
                                                         dac_in[4] (net)
                      0.186086    0.000000    0.768075 v dac_in[4] (out)
                                              0.768075   data arrival time

                      0.150000    0.000000    0.000000   clock clk (rise edge)
                                  0.000000    0.000000   clock network delay (ideal)
                                  0.250000    0.250000   clock uncertainty
                                  0.000000    0.250000   clock reconvergence pessimism
                                -10.000000   -9.750000   output external delay
                                             -9.750000   data required time
---------------------------------------------------------------------------------------------
                                             -9.750000   data required time
                                             -0.768075   data arrival time
---------------------------------------------------------------------------------------------
                                             10.518076   slack (MET)


Startpoint: _166_ (rising edge-triggered flip-flop clocked by clk)
Endpoint: dac_in[5] (output port clocked by clk)
Path Group: clk
Path Type: min

Fanout         Cap        Slew       Delay        Time   Description
---------------------------------------------------------------------------------------------
                      0.150000    0.000000    0.000000   clock clk (rise edge)
                                  0.000000    0.000000   clock network delay (ideal)
                      0.150000    0.000000    0.000000 ^ _166_/CLK (sky130_fd_sc_hd__dfxtp_2)
     3    0.040067    0.186086    0.768075    0.768075 v _166_/Q (sky130_fd_sc_hd__dfxtp_2)
                                                         dac_in[5] (net)
                      0.186086    0.000000    0.768075 v dac_in[5] (out)
                                              0.768075   data arrival time

                      0.150000    0.000000    0.000000   clock clk (rise edge)
                                  0.000000    0.000000   clock network delay (ideal)
                                  0.250000    0.250000   clock uncertainty
                                  0.000000    0.250000   clock reconvergence pessimism
                                -10.000000   -9.750000   output external delay
                                             -9.750000   data required time
---------------------------------------------------------------------------------------------
                                             -9.750000   data required time
                                             -0.768075   data arrival time
---------------------------------------------------------------------------------------------
                                             10.518076   slack (MET)


Startpoint: _168_ (rising edge-triggered flip-flop clocked by clk)
Endpoint: dac_in[7] (output port clocked by clk)
Path Group: clk
Path Type: min

Fanout         Cap        Slew       Delay        Time   Description
---------------------------------------------------------------------------------------------
                      0.150000    0.000000    0.000000   clock clk (rise edge)
                                  0.000000    0.000000   clock network delay (ideal)
                      0.150000    0.000000    0.000000 ^ _168_/CLK (sky130_fd_sc_hd__dfxtp_2)
     3    0.040067    0.186086    0.768075    0.768075 v _168_/Q (sky130_fd_sc_hd__dfxtp_2)
                                                         dac_in[7] (net)
                      0.186086    0.000000    0.768075 v dac_in[7] (out)
                                              0.768075   data arrival time

                      0.150000    0.000000    0.000000   clock clk (rise edge)
                                  0.000000    0.000000   clock network delay (ideal)
                                  0.250000    0.250000   clock uncertainty
                                  0.000000    0.250000   clock reconvergence pessimism
                                -10.000000   -9.750000   output external delay
                                             -9.750000   data required time
---------------------------------------------------------------------------------------------
                                             -9.750000   data required time
                                             -0.768075   data arrival time
---------------------------------------------------------------------------------------------
                                             10.518076   slack (MET)


Startpoint: _163_ (rising edge-triggered flip-flop clocked by clk)
Endpoint: dac_in[2] (output port clocked by clk)
Path Group: clk
Path Type: min

Fanout         Cap        Slew       Delay        Time   Description
---------------------------------------------------------------------------------------------
                      0.150000    0.000000    0.000000   clock clk (rise edge)
                                  0.000000    0.000000   clock network delay (ideal)
                      0.150000    0.000000    0.000000 ^ _163_/CLK (sky130_fd_sc_hd__dfxtp_2)
     4    0.042341    0.194826    0.775296    0.775296 v _163_/Q (sky130_fd_sc_hd__dfxtp_2)
                                                         dac_in[2] (net)
                      0.194826    0.000000    0.775296 v dac_in[2] (out)
                                              0.775296   data arrival time

                      0.150000    0.000000    0.000000   clock clk (rise edge)
                                  0.000000    0.000000   clock network delay (ideal)
                                  0.250000    0.250000   clock uncertainty
                                  0.000000    0.250000   clock reconvergence pessimism
                                -10.000000   -9.750000   output external delay
                                             -9.750000   data required time
---------------------------------------------------------------------------------------------
                                             -9.750000   data required time
                                             -0.775296   data arrival time
---------------------------------------------------------------------------------------------
                                             10.525296   slack (MET)


Startpoint: _167_ (rising edge-triggered flip-flop clocked by clk)
Endpoint: dac_in[6] (output port clocked by clk)
Path Group: clk
Path Type: min

Fanout         Cap        Slew       Delay        Time   Description
---------------------------------------------------------------------------------------------
                      0.150000    0.000000    0.000000   clock clk (rise edge)
                                  0.000000    0.000000   clock network delay (ideal)
                      0.150000    0.000000    0.000000 ^ _167_/CLK (sky130_fd_sc_hd__dfxtp_2)
     4    0.042341    0.194826    0.775296    0.775296 v _167_/Q (sky130_fd_sc_hd__dfxtp_2)
                                                         dac_in[6] (net)
                      0.194826    0.000000    0.775296 v dac_in[6] (out)
                                              0.775296   data arrival time

                      0.150000    0.000000    0.000000   clock clk (rise edge)
                                  0.000000    0.000000   clock network delay (ideal)
                                  0.250000    0.250000   clock uncertainty
                                  0.000000    0.250000   clock reconvergence pessimism
                                -10.000000   -9.750000   output external delay
                                             -9.750000   data required time
---------------------------------------------------------------------------------------------
                                             -9.750000   data required time
                                             -0.775296   data arrival time
---------------------------------------------------------------------------------------------
                                             10.525296   slack (MET)


Startpoint: _161_ (rising edge-triggered flip-flop clocked by clk)
Endpoint: dac_in[0] (output port clocked by clk)
Path Group: clk
Path Type: min

Fanout         Cap        Slew       Delay        Time   Description
---------------------------------------------------------------------------------------------
                      0.150000    0.000000    0.000000   clock clk (rise edge)
                                  0.000000    0.000000   clock network delay (ideal)
                      0.150000    0.000000    0.000000 ^ _161_/CLK (sky130_fd_sc_hd__dfxtp_2)
     4    0.042426    0.195153    0.775566    0.775566 v _161_/Q (sky130_fd_sc_hd__dfxtp_2)
                                                         dac_in[0] (net)
                      0.195153    0.000000    0.775566 v dac_in[0] (out)
                                              0.775566   data arrival time

                      0.150000    0.000000    0.000000   clock clk (rise edge)
                                  0.000000    0.000000   clock network delay (ideal)
                                  0.250000    0.250000   clock uncertainty
                                  0.000000    0.250000   clock reconvergence pessimism
                                -10.000000   -9.750000   output external delay
                                             -9.750000   data required time
---------------------------------------------------------------------------------------------
                                             -9.750000   data required time
                                             -0.775566   data arrival time
---------------------------------------------------------------------------------------------
                                             10.525566   slack (MET)


Startpoint: _163_ (rising edge-triggered flip-flop clocked by clk)
Endpoint: dac_in_n[2] (output port clocked by clk)
Path Group: clk
Path Type: min

Fanout         Cap        Slew       Delay        Time   Description
---------------------------------------------------------------------------------------------
                      0.150000    0.000000    0.000000   clock clk (rise edge)
                                  0.000000    0.000000   clock network delay (ideal)
                      0.150000    0.000000    0.000000 ^ _163_/CLK (sky130_fd_sc_hd__dfxtp_2)
     4    0.042341    0.194826    0.775296    0.775296 v _163_/Q (sky130_fd_sc_hd__dfxtp_2)
                                                         dac_in[2] (net)
                      0.194826    0.000000    0.775296 v _079_/A (sky130_fd_sc_hd__inv_2)
     1    0.033442    0.252990    0.280111    1.055407 ^ _079_/Y (sky130_fd_sc_hd__inv_2)
                                                         dac_in_n[2] (net)
                      0.252990    0.000000    1.055407 ^ dac_in_n[2] (out)
                                              1.055407   data arrival time

                      0.150000    0.000000    0.000000   clock clk (rise edge)
                                  0.000000    0.000000   clock network delay (ideal)
                                  0.250000    0.250000   clock uncertainty
                                  0.000000    0.250000   clock reconvergence pessimism
                                -10.000000   -9.750000   output external delay
                                             -9.750000   data required time
---------------------------------------------------------------------------------------------
                                             -9.750000   data required time
                                             -1.055407   data arrival time
---------------------------------------------------------------------------------------------
                                             10.805408   slack (MET)


Startpoint: _167_ (rising edge-triggered flip-flop clocked by clk)
Endpoint: dac_in_n[6] (output port clocked by clk)
Path Group: clk
Path Type: min

Fanout         Cap        Slew       Delay        Time   Description
---------------------------------------------------------------------------------------------
                      0.150000    0.000000    0.000000   clock clk (rise edge)
                                  0.000000    0.000000   clock network delay (ideal)
                      0.150000    0.000000    0.000000 ^ _167_/CLK (sky130_fd_sc_hd__dfxtp_2)
     4    0.042341    0.194826    0.775296    0.775296 v _167_/Q (sky130_fd_sc_hd__dfxtp_2)
                                                         dac_in[6] (net)
                      0.194826    0.000000    0.775296 v _075_/A (sky130_fd_sc_hd__inv_2)
     1    0.033442    0.252990    0.280111    1.055407 ^ _075_/Y (sky130_fd_sc_hd__inv_2)
                                                         dac_in_n[6] (net)
                      0.252990    0.000000    1.055407 ^ dac_in_n[6] (out)
                                              1.055407   data arrival time

                      0.150000    0.000000    0.000000   clock clk (rise edge)
                                  0.000000    0.000000   clock network delay (ideal)
                                  0.250000    0.250000   clock uncertainty
                                  0.000000    0.250000   clock reconvergence pessimism
                                -10.000000   -9.750000   output external delay
                                             -9.750000   data required time
---------------------------------------------------------------------------------------------
                                             -9.750000   data required time
                                             -1.055407   data arrival time
---------------------------------------------------------------------------------------------
                                             10.805408   slack (MET)


Startpoint: _161_ (rising edge-triggered flip-flop clocked by clk)
Endpoint: dac_in_n[0] (output port clocked by clk)
Path Group: clk
Path Type: min

Fanout         Cap        Slew       Delay        Time   Description
---------------------------------------------------------------------------------------------
                      0.150000    0.000000    0.000000   clock clk (rise edge)
                                  0.000000    0.000000   clock network delay (ideal)
                      0.150000    0.000000    0.000000 ^ _161_/CLK (sky130_fd_sc_hd__dfxtp_2)
     4    0.042426    0.195153    0.775566    0.775566 v _161_/Q (sky130_fd_sc_hd__dfxtp_2)
                                                         dac_in[0] (net)
                      0.195153    0.000000    0.775566 v _081_/A (sky130_fd_sc_hd__inv_2)
     1    0.033442    0.253003    0.280266    1.055832 ^ _081_/Y (sky130_fd_sc_hd__inv_2)
                                                         dac_in_n[0] (net)
                      0.253003    0.000000    1.055832 ^ dac_in_n[0] (out)
                                              1.055832   data arrival time

                      0.150000    0.000000    0.000000   clock clk (rise edge)
                                  0.000000    0.000000   clock network delay (ideal)
                                  0.250000    0.250000   clock uncertainty
                                  0.000000    0.250000   clock reconvergence pessimism
                                -10.000000   -9.750000   output external delay
                                             -9.750000   data required time
---------------------------------------------------------------------------------------------
                                             -9.750000   data required time
                                             -1.055832   data arrival time
---------------------------------------------------------------------------------------------
                                             10.805832   slack (MET)


Startpoint: _162_ (rising edge-triggered flip-flop clocked by clk)
Endpoint: dac_in_n[1] (output port clocked by clk)
Path Group: clk
Path Type: min

Fanout         Cap        Slew       Delay        Time   Description
---------------------------------------------------------------------------------------------
                      0.150000    0.000000    0.000000   clock clk (rise edge)
                                  0.000000    0.000000   clock network delay (ideal)
                      0.150000    0.000000    0.000000 ^ _162_/CLK (sky130_fd_sc_hd__dfxtp_2)
     3    0.040067    0.186086    0.768075    0.768075 v _162_/Q (sky130_fd_sc_hd__dfxtp_2)
                                                         dac_in[1] (net)
                      0.186086    0.000000    0.768075 v _080_/A (sky130_fd_sc_hd__inv_2)
     2    0.035989    0.270404    0.288702    1.056777 ^ _080_/Y (sky130_fd_sc_hd__inv_2)
                                                         dac_in_n[1] (net)
                      0.270404    0.000000    1.056777 ^ dac_in_n[1] (out)
                                              1.056777   data arrival time

                      0.150000    0.000000    0.000000   clock clk (rise edge)
                                  0.000000    0.000000   clock network delay (ideal)
                                  0.250000    0.250000   clock uncertainty
                                  0.000000    0.250000   clock reconvergence pessimism
                                -10.000000   -9.750000   output external delay
                                             -9.750000   data required time
---------------------------------------------------------------------------------------------
                                             -9.750000   data required time
                                             -1.056777   data arrival time
---------------------------------------------------------------------------------------------
                                             10.806777   slack (MET)


Startpoint: _165_ (rising edge-triggered flip-flop clocked by clk)
Endpoint: dac_in_n[4] (output port clocked by clk)
Path Group: clk
Path Type: min

Fanout         Cap        Slew       Delay        Time   Description
---------------------------------------------------------------------------------------------
                      0.150000    0.000000    0.000000   clock clk (rise edge)
                                  0.000000    0.000000   clock network delay (ideal)
                      0.150000    0.000000    0.000000 ^ _165_/CLK (sky130_fd_sc_hd__dfxtp_2)
     3    0.040067    0.186086    0.768075    0.768075 v _165_/Q (sky130_fd_sc_hd__dfxtp_2)
                                                         dac_in[4] (net)
                      0.186086    0.000000    0.768075 v _077_/A (sky130_fd_sc_hd__inv_2)
     2    0.035989    0.270404    0.288702    1.056777 ^ _077_/Y (sky130_fd_sc_hd__inv_2)
                                                         dac_in_n[4] (net)
                      0.270404    0.000000    1.056777 ^ dac_in_n[4] (out)
                                              1.056777   data arrival time

                      0.150000    0.000000    0.000000   clock clk (rise edge)
                                  0.000000    0.000000   clock network delay (ideal)
                                  0.250000    0.250000   clock uncertainty
                                  0.000000    0.250000   clock reconvergence pessimism
                                -10.000000   -9.750000   output external delay
                                             -9.750000   data required time
---------------------------------------------------------------------------------------------
                                             -9.750000   data required time
                                             -1.056777   data arrival time
---------------------------------------------------------------------------------------------
                                             10.806777   slack (MET)


Startpoint: _166_ (rising edge-triggered flip-flop clocked by clk)
Endpoint: dac_in_n[5] (output port clocked by clk)
Path Group: clk
Path Type: min

Fanout         Cap        Slew       Delay        Time   Description
---------------------------------------------------------------------------------------------
                      0.150000    0.000000    0.000000   clock clk (rise edge)
                                  0.000000    0.000000   clock network delay (ideal)
                      0.150000    0.000000    0.000000 ^ _166_/CLK (sky130_fd_sc_hd__dfxtp_2)
     3    0.040067    0.186086    0.768075    0.768075 v _166_/Q (sky130_fd_sc_hd__dfxtp_2)
                                                         dac_in[5] (net)
                      0.186086    0.000000    0.768075 v _076_/A (sky130_fd_sc_hd__inv_2)
     2    0.035989    0.270404    0.288702    1.056777 ^ _076_/Y (sky130_fd_sc_hd__inv_2)
                                                         dac_in_n[5] (net)
                      0.270404    0.000000    1.056777 ^ dac_in_n[5] (out)
                                              1.056777   data arrival time

                      0.150000    0.000000    0.000000   clock clk (rise edge)
                                  0.000000    0.000000   clock network delay (ideal)
                                  0.250000    0.250000   clock uncertainty
                                  0.000000    0.250000   clock reconvergence pessimism
                                -10.000000   -9.750000   output external delay
                                             -9.750000   data required time
---------------------------------------------------------------------------------------------
                                             -9.750000   data required time
                                             -1.056777   data arrival time
---------------------------------------------------------------------------------------------
                                             10.806777   slack (MET)


Startpoint: _164_ (rising edge-triggered flip-flop clocked by clk)
Endpoint: dac_in_n[3] (output port clocked by clk)
Path Group: clk
Path Type: min

Fanout         Cap        Slew       Delay        Time   Description
---------------------------------------------------------------------------------------------
                      0.150000    0.000000    0.000000   clock clk (rise edge)
                                  0.000000    0.000000   clock network delay (ideal)
                      0.150000    0.000000    0.000000 ^ _164_/CLK (sky130_fd_sc_hd__dfxtp_2)
     3    0.040067    0.186086    0.768075    0.768075 v _164_/Q (sky130_fd_sc_hd__dfxtp_2)
                                                         dac_in[3] (net)
                      0.186086    0.000000    0.768075 v _078_/A (sky130_fd_sc_hd__inv_2)
     2    0.038126    0.285304    0.299385    1.067460 ^ _078_/Y (sky130_fd_sc_hd__inv_2)
                                                         dac_in_n[3] (net)
                      0.285304    0.000000    1.067460 ^ dac_in_n[3] (out)
                                              1.067460   data arrival time

                      0.150000    0.000000    0.000000   clock clk (rise edge)
                                  0.000000    0.000000   clock network delay (ideal)
                                  0.250000    0.250000   clock uncertainty
                                  0.000000    0.250000   clock reconvergence pessimism
                                -10.000000   -9.750000   output external delay
                                             -9.750000   data required time
---------------------------------------------------------------------------------------------
                                             -9.750000   data required time
                                             -1.067460   data arrival time
---------------------------------------------------------------------------------------------
                                             10.817460   slack (MET)


Startpoint: _168_ (rising edge-triggered flip-flop clocked by clk)
Endpoint: dac_in_n[7] (output port clocked by clk)
Path Group: clk
Path Type: min

Fanout         Cap        Slew       Delay        Time   Description
---------------------------------------------------------------------------------------------
                      0.150000    0.000000    0.000000   clock clk (rise edge)
                                  0.000000    0.000000   clock network delay (ideal)
                      0.150000    0.000000    0.000000 ^ _168_/CLK (sky130_fd_sc_hd__dfxtp_2)
     3    0.040067    0.186086    0.768075    0.768075 v _168_/Q (sky130_fd_sc_hd__dfxtp_2)
                                                         dac_in[7] (net)
                      0.186086    0.000000    0.768075 v _074_/A (sky130_fd_sc_hd__inv_2)
     2    0.038126    0.285304    0.299385    1.067460 ^ _074_/Y (sky130_fd_sc_hd__inv_2)
                                                         dac_in_n[7] (net)
                      0.285304    0.000000    1.067460 ^ dac_in_n[7] (out)
                                              1.067460   data arrival time

                      0.150000    0.000000    0.000000   clock clk (rise edge)
                                  0.000000    0.000000   clock network delay (ideal)
                                  0.250000    0.250000   clock uncertainty
                                  0.000000    0.250000   clock reconvergence pessimism
                                -10.000000   -9.750000   output external delay
                                             -9.750000   data required time
---------------------------------------------------------------------------------------------
                                             -9.750000   data required time
                                             -1.067460   data arrival time
---------------------------------------------------------------------------------------------
                                             10.817460   slack (MET)


Startpoint: _152_ (rising edge-triggered flip-flop clocked by clk')
Endpoint: comparator_clk (output port clocked by clk)
Path Group: clk
Path Type: min

Fanout         Cap        Slew       Delay        Time   Description
---------------------------------------------------------------------------------------------
                      0.150000   25.000000   25.000000   clock clk' (rise edge)
                                  0.000000   25.000000   clock network delay (ideal)
                      0.150000    0.000000   25.000000 ^ _152_/CLK (sky130_fd_sc_hd__dfxtp_2)
    12    0.059167    0.259505    0.828720   25.828720 v _152_/Q (sky130_fd_sc_hd__dfxtp_2)
                                                         comparator_clk (net)
                      0.259505    0.000000   25.828720 v comparator_clk (out)
                                             25.828720   data arrival time

                      0.150000    0.000000    0.000000   clock clk (rise edge)
                                  0.000000    0.000000   clock network delay (ideal)
                                  0.250000    0.250000   clock uncertainty
                                  0.000000    0.250000   clock reconvergence pessimism
                                -10.000000   -9.750000   output external delay
                                             -9.750000   data required time
---------------------------------------------------------------------------------------------
                                             -9.750000   data required time
                                            -25.828720   data arrival time
---------------------------------------------------------------------------------------------
                                             35.578720   slack (MET)



