Clock: clk
Sources: clk 
Generated: no
Virtual: yes
Propagated: no
Period: 250.000000

===========================================================================
report_clock_properties
============================================================================
Clock                   Period          Waveform
----------------------------------------------------
clk                 250.000000    0.000000125.000000

===========================================================================
report_clock_latency
============================================================================
Clock clk
rise -> rise
    min     max
0.000000 0.000000 source latency
0.320967         network latency _166_/CLK
        0.322050 network latency _161_/CLK
---------------
0.320967 0.322050 latency
        0.001083 skew

rise -> fall
    min     max
0.000000 0.000000 source latency
0.347336         network latency _152_/CLK
        0.347336 network latency _152_/CLK
---------------
0.347336 0.347336 latency
        0.000000 skew

fall -> rise
    min     max
0.000000 0.000000 source latency
0.349104         network latency _152_/CLK
        0.349104 network latency _152_/CLK
---------------
0.349104 0.349104 latency
        0.000000 skew

fall -> fall
    min     max
0.000000 0.000000 source latency
0.311729         network latency _162_/CLK
        0.312156 network latency _161_/CLK
---------------
0.311729 0.312156 latency
        0.000426 skew



===========================================================================
report_clock_min_period
============================================================================
clk period_min = 2.22 fmax = 449.64
