Clock: clk
Sources: clk 
Generated: no
Virtual: no
Propagated: no
Period: 250.000000

===========================================================================
report_clock_properties
============================================================================
Clock                   Period          Waveform
----------------------------------------------------
clk                 250.000000    0.000000125.000000

===========================================================================
report_clock_latency
============================================================================
Clock clk
rise -> rise
    min     max
0.000000 0.000000 source latency
0.103665         network latency _153_/CLK
        0.103665 network latency _153_/CLK
---------------
0.103665 0.103665 latency
        0.000000 skew

rise -> fall
    min     max
0.000000 0.000000 source latency
0.110461         network latency _152_/CLK
        0.110461 network latency _152_/CLK
---------------
0.110461 0.110461 latency
        0.000000 skew

fall -> rise
    min     max
0.000000 0.000000 source latency
0.076540         network latency _152_/CLK
        0.076540 network latency _152_/CLK
---------------
0.076540 0.076540 latency
        0.000000 skew

fall -> fall
    min     max
0.000000 0.000000 source latency
0.042363         network latency _153_/CLK
        0.042363 network latency _153_/CLK
---------------
0.042363 0.042363 latency
        0.000000 skew



===========================================================================
report_clock_min_period
============================================================================
clk period_min = 1.29 fmax = 776.95
