
===========================================================================
report_checks -path_delay max (Setup)
============================================================================
======================= nom_ff_n40C_1v95 Corner ===================================

Startpoint: _152_ (rising edge-triggered flip-flop clocked by clk')
Endpoint: comparator_clk (output port clocked by clk)
Path Group: clk
Path Type: max

Fanout         Cap        Slew       Delay        Time   Description
---------------------------------------------------------------------------------------------
                      0.150000  125.000000  125.000000   clock clk' (rise edge)
                                  0.000000  125.000000   clock network delay (ideal)
                      0.150000    0.000000  125.000000 ^ _152_/CLK (sky130_fd_sc_hd__dfxtp_2)
    12    0.061417    0.235802    0.367720  125.367722 ^ _152_/Q (sky130_fd_sc_hd__dfxtp_2)
                                                         comparator_clk (net)
                      0.235802    0.000000  125.367722 ^ comparator_clk (out)
                                            125.367722   data arrival time

                      0.150000  250.000000  250.000000   clock clk (rise edge)
                                  0.000000  250.000000   clock network delay (ideal)
                                 -0.250000  249.750015   clock uncertainty
                                  0.000000  249.750015   clock reconvergence pessimism
                                -50.000000  199.750015   output external delay
                                            199.750015   data required time
---------------------------------------------------------------------------------------------
                                            199.750015   data required time
                                           -125.367722   data arrival time
---------------------------------------------------------------------------------------------
                                             74.382286   slack (MET)


Startpoint: rst_n (input port clocked by clk)
Endpoint: _152_ (rising edge-triggered flip-flop clocked by clk')
Path Group: clk
Path Type: max

Fanout         Cap        Slew       Delay        Time   Description
---------------------------------------------------------------------------------------------
                      0.150000    0.000000    0.000000   clock clk (rise edge)
                                  0.000000    0.000000   clock network delay (ideal)
                                 50.000000   50.000000 v input external delay
    11    0.026268    0.041446    0.027924   50.027924 v rst_n (in)
                                                         rst_n (net)
                      0.041446    0.000000   50.027924 v _084_/B (sky130_fd_sc_hd__and2b_2)
     1    0.001783    0.024020    0.113932   50.141853 v _084_/X (sky130_fd_sc_hd__and2b_2)
                                                         _001_ (net)
                      0.024020    0.000000   50.141853 v _152_/D (sky130_fd_sc_hd__dfxtp_2)
                                             50.141853   data arrival time

                      0.150000  125.000000  125.000000   clock clk' (rise edge)
                                  0.000000  125.000000   clock network delay (ideal)
                                 -0.250000  124.750008   clock uncertainty
                                  0.000000  124.750008   clock reconvergence pessimism
                                            124.750008 ^ _152_/CLK (sky130_fd_sc_hd__dfxtp_2)
                                 -0.057033  124.692978   library setup time
                                            124.692978   data required time
---------------------------------------------------------------------------------------------
                                            124.692978   data required time
                                            -50.141853   data arrival time
---------------------------------------------------------------------------------------------
                                             74.551125   slack (MET)


Startpoint: _152_ (rising edge-triggered flip-flop clocked by clk')
Endpoint: _163_ (rising edge-triggered flip-flop clocked by clk)
Path Group: clk
Path Type: max

Fanout         Cap        Slew       Delay        Time   Description
---------------------------------------------------------------------------------------------
                      0.150000  125.000000  125.000000   clock clk' (rise edge)
                                  0.000000  125.000000   clock network delay (ideal)
                      0.150000    0.000000  125.000000 ^ _152_/CLK (sky130_fd_sc_hd__dfxtp_2)
    12    0.061417    0.235802    0.367720  125.367722 ^ _152_/Q (sky130_fd_sc_hd__dfxtp_2)
                                                         comparator_clk (net)
                      0.235802    0.000000  125.367722 ^ _105_/A (sky130_fd_sc_hd__nand2_2)
     5    0.008403    0.064337    0.042334  125.410057 v _105_/Y (sky130_fd_sc_hd__nand2_2)
                                                         _061_ (net)
                      0.064337    0.000000  125.410057 v _121_/A4 (sky130_fd_sc_hd__o41a_2)
     1    0.002252    0.042391    0.217611  125.627670 v _121_/X (sky130_fd_sc_hd__o41a_2)
                                                         _025_ (net)
                      0.042391    0.000000  125.627670 v _125_/A1 (sky130_fd_sc_hd__o31a_2)
     1    0.001783    0.033648    0.200330  125.827995 v _125_/X (sky130_fd_sc_hd__o31a_2)
                                                         _012_ (net)
                      0.033648    0.000000  125.827995 v _163_/D (sky130_fd_sc_hd__dfxtp_2)
                                            125.827995   data arrival time

                      0.150000  250.000000  250.000000   clock clk (rise edge)
                                  0.000000  250.000000   clock network delay (ideal)
                                 -0.250000  249.750015   clock uncertainty
                                  0.000000  249.750015   clock reconvergence pessimism
                                            249.750015 ^ _163_/CLK (sky130_fd_sc_hd__dfxtp_2)
                                 -0.060454  249.689560   library setup time
                                            249.689560   data required time
---------------------------------------------------------------------------------------------
                                            249.689560   data required time
                                           -125.827995   data arrival time
---------------------------------------------------------------------------------------------
                                            123.861557   slack (MET)


Startpoint: _152_ (rising edge-triggered flip-flop clocked by clk')
Endpoint: _167_ (rising edge-triggered flip-flop clocked by clk)
Path Group: clk
Path Type: max

Fanout         Cap        Slew       Delay        Time   Description
---------------------------------------------------------------------------------------------
                      0.150000  125.000000  125.000000   clock clk' (rise edge)
                                  0.000000  125.000000   clock network delay (ideal)
                      0.150000    0.000000  125.000000 ^ _152_/CLK (sky130_fd_sc_hd__dfxtp_2)
    12    0.061417    0.235802    0.367720  125.367722 ^ _152_/Q (sky130_fd_sc_hd__dfxtp_2)
                                                         comparator_clk (net)
                      0.235802    0.000000  125.367722 ^ _105_/A (sky130_fd_sc_hd__nand2_2)
     5    0.008403    0.064337    0.042334  125.410057 v _105_/Y (sky130_fd_sc_hd__nand2_2)
                                                         _061_ (net)
                      0.064337    0.000000  125.410057 v _138_/A4 (sky130_fd_sc_hd__o41a_2)
     1    0.002252    0.042367    0.217611  125.627670 v _138_/X (sky130_fd_sc_hd__o41a_2)
                                                         _038_ (net)
                      0.042367    0.000000  125.627670 v _141_/A1 (sky130_fd_sc_hd__o31a_2)
     1    0.001783    0.033634    0.200330  125.827995 v _141_/X (sky130_fd_sc_hd__o31a_2)
                                                         _016_ (net)
                      0.033634    0.000000  125.827995 v _167_/D (sky130_fd_sc_hd__dfxtp_2)
                                            125.827995   data arrival time

                      0.150000  250.000000  250.000000   clock clk (rise edge)
                                  0.000000  250.000000   clock network delay (ideal)
                                 -0.250000  249.750015   clock uncertainty
                                  0.000000  249.750015   clock reconvergence pessimism
                                            249.750015 ^ _167_/CLK (sky130_fd_sc_hd__dfxtp_2)
                                 -0.060449  249.689560   library setup time
                                            249.689560   data required time
---------------------------------------------------------------------------------------------
                                            249.689560   data required time
                                           -125.827995   data arrival time
---------------------------------------------------------------------------------------------
                                            123.861557   slack (MET)


Startpoint: _152_ (rising edge-triggered flip-flop clocked by clk')
Endpoint: _162_ (rising edge-triggered flip-flop clocked by clk)
Path Group: clk
Path Type: max

Fanout         Cap        Slew       Delay        Time   Description
---------------------------------------------------------------------------------------------
                      0.150000  125.000000  125.000000   clock clk' (rise edge)
                                  0.000000  125.000000   clock network delay (ideal)
                      0.150000    0.000000  125.000000 ^ _152_/CLK (sky130_fd_sc_hd__dfxtp_2)
    12    0.061417    0.235802    0.367720  125.367722 ^ _152_/Q (sky130_fd_sc_hd__dfxtp_2)
                                                         comparator_clk (net)
                      0.235802    0.000000  125.367722 ^ _105_/A (sky130_fd_sc_hd__nand2_2)
     5    0.008403    0.064337    0.042334  125.410057 v _105_/Y (sky130_fd_sc_hd__nand2_2)
                                                         _061_ (net)
                      0.064337    0.000000  125.410057 v _118_/D (sky130_fd_sc_hd__or4_2)
     1    0.004154    0.069665    0.307153  125.717209 v _118_/X (sky130_fd_sc_hd__or4_2)
                                                         _023_ (net)
                      0.069665    0.000000  125.717209 v _120_/A2 (sky130_fd_sc_hd__a31oi_2)
     1    0.001748    0.080116    0.109679  125.826889 ^ _120_/Y (sky130_fd_sc_hd__a31oi_2)
                                                         _011_ (net)
                      0.080116    0.000000  125.826889 ^ _162_/D (sky130_fd_sc_hd__dfxtp_2)
                                            125.826889   data arrival time

                      0.150000  250.000000  250.000000   clock clk (rise edge)
                                  0.000000  250.000000   clock network delay (ideal)
                                 -0.250000  249.750015   clock uncertainty
                                  0.000000  249.750015   clock reconvergence pessimism
                                            249.750015 ^ _162_/CLK (sky130_fd_sc_hd__dfxtp_2)
                                 -0.032118  249.717896   library setup time
                                            249.717896   data required time
---------------------------------------------------------------------------------------------
                                            249.717896   data required time
                                           -125.826889   data arrival time
---------------------------------------------------------------------------------------------
                                            123.890999   slack (MET)


Startpoint: _152_ (rising edge-triggered flip-flop clocked by clk')
Endpoint: _166_ (rising edge-triggered flip-flop clocked by clk)
Path Group: clk
Path Type: max

Fanout         Cap        Slew       Delay        Time   Description
---------------------------------------------------------------------------------------------
                      0.150000  125.000000  125.000000   clock clk' (rise edge)
                                  0.000000  125.000000   clock network delay (ideal)
                      0.150000    0.000000  125.000000 ^ _152_/CLK (sky130_fd_sc_hd__dfxtp_2)
    12    0.061417    0.235802    0.367720  125.367722 ^ _152_/Q (sky130_fd_sc_hd__dfxtp_2)
                                                         comparator_clk (net)
                      0.235802    0.000000  125.367722 ^ _105_/A (sky130_fd_sc_hd__nand2_2)
     5    0.008403    0.064337    0.042334  125.410057 v _105_/Y (sky130_fd_sc_hd__nand2_2)
                                                         _061_ (net)
                      0.064337    0.000000  125.410057 v _135_/D (sky130_fd_sc_hd__or4_2)
     1    0.004154    0.069665    0.307153  125.717209 v _135_/X (sky130_fd_sc_hd__or4_2)
                                                         _036_ (net)
                      0.069665    0.000000  125.717209 v _137_/A2 (sky130_fd_sc_hd__a31oi_2)
     1    0.001748    0.080127    0.109679  125.826889 ^ _137_/Y (sky130_fd_sc_hd__a31oi_2)
                                                         _015_ (net)
                      0.080127    0.000000  125.826889 ^ _166_/D (sky130_fd_sc_hd__dfxtp_2)
                                            125.826889   data arrival time

                      0.150000  250.000000  250.000000   clock clk (rise edge)
                                  0.000000  250.000000   clock network delay (ideal)
                                 -0.250000  249.750015   clock uncertainty
                                  0.000000  249.750015   clock reconvergence pessimism
                                            249.750015 ^ _166_/CLK (sky130_fd_sc_hd__dfxtp_2)
                                 -0.032119  249.717896   library setup time
                                            249.717896   data required time
---------------------------------------------------------------------------------------------
                                            249.717896   data required time
                                           -125.826889   data arrival time
---------------------------------------------------------------------------------------------
                                            123.890999   slack (MET)


Startpoint: _152_ (rising edge-triggered flip-flop clocked by clk')
Endpoint: _168_ (rising edge-triggered flip-flop clocked by clk)
Path Group: clk
Path Type: max

Fanout         Cap        Slew       Delay        Time   Description
---------------------------------------------------------------------------------------------
                      0.150000  125.000000  125.000000   clock clk' (rise edge)
                                  0.000000  125.000000   clock network delay (ideal)
                      0.150000    0.000000  125.000000 ^ _152_/CLK (sky130_fd_sc_hd__dfxtp_2)
    12    0.061417    0.235802    0.367720  125.367722 ^ _152_/Q (sky130_fd_sc_hd__dfxtp_2)
                                                         comparator_clk (net)
                      0.235802    0.000000  125.367722 ^ _122_/C_N (sky130_fd_sc_hd__nor3b_2)
     5    0.015315    0.217649    0.221704  125.589424 ^ _122_/Y (sky130_fd_sc_hd__nor3b_2)
                                                         _026_ (net)
                      0.217649    0.000000  125.589424 ^ _142_/A1 (sky130_fd_sc_hd__a21oi_2)
     1    0.002261    0.045386    0.025082  125.614510 v _142_/Y (sky130_fd_sc_hd__a21oi_2)
                                                         _041_ (net)
                      0.045386    0.000000  125.614510 v _143_/B1 (sky130_fd_sc_hd__a211o_2)
     1    0.001783    0.030803    0.137987  125.752495 v _143_/X (sky130_fd_sc_hd__a211o_2)
                                                         _017_ (net)
                      0.030803    0.000000  125.752495 v _168_/D (sky130_fd_sc_hd__dfxtp_2)
                                            125.752495   data arrival time

                      0.150000  250.000000  250.000000   clock clk (rise edge)
                                  0.000000  250.000000   clock network delay (ideal)
                                 -0.250000  249.750015   clock uncertainty
                                  0.000000  249.750015   clock reconvergence pessimism
                                            249.750015 ^ _168_/CLK (sky130_fd_sc_hd__dfxtp_2)
                                 -0.059443  249.690582   library setup time
                                            249.690582   data required time
---------------------------------------------------------------------------------------------
                                            249.690582   data required time
                                           -125.752495   data arrival time
---------------------------------------------------------------------------------------------
                                            123.938080   slack (MET)


Startpoint: _152_ (rising edge-triggered flip-flop clocked by clk')
Endpoint: _164_ (rising edge-triggered flip-flop clocked by clk)
Path Group: clk
Path Type: max

Fanout         Cap        Slew       Delay        Time   Description
---------------------------------------------------------------------------------------------
                      0.150000  125.000000  125.000000   clock clk' (rise edge)
                                  0.000000  125.000000   clock network delay (ideal)
                      0.150000    0.000000  125.000000 ^ _152_/CLK (sky130_fd_sc_hd__dfxtp_2)
    12    0.061417    0.235802    0.367720  125.367722 ^ _152_/Q (sky130_fd_sc_hd__dfxtp_2)
                                                         comparator_clk (net)
                      0.235802    0.000000  125.367722 ^ _122_/C_N (sky130_fd_sc_hd__nor3b_2)
     5    0.015315    0.217649    0.221704  125.589424 ^ _122_/Y (sky130_fd_sc_hd__nor3b_2)
                                                         _026_ (net)
                      0.217649    0.000000  125.589424 ^ _126_/A2 (sky130_fd_sc_hd__a21oi_2)
     1    0.002229    0.042671    0.032358  125.621788 v _126_/Y (sky130_fd_sc_hd__a21oi_2)
                                                         _029_ (net)
                      0.042671    0.000000  125.621788 v _129_/A1 (sky130_fd_sc_hd__o21a_2)
     1    0.001783    0.022608    0.125823  125.747604 v _129_/X (sky130_fd_sc_hd__o21a_2)
                                                         _013_ (net)
                      0.022608    0.000000  125.747604 v _164_/D (sky130_fd_sc_hd__dfxtp_2)
                                            125.747604   data arrival time

                      0.150000  250.000000  250.000000   clock clk (rise edge)
                                  0.000000  250.000000   clock network delay (ideal)
                                 -0.250000  249.750015   clock uncertainty
                                  0.000000  249.750015   clock reconvergence pessimism
                                            249.750015 ^ _164_/CLK (sky130_fd_sc_hd__dfxtp_2)
                                 -0.056531  249.693481   library setup time
                                            249.693481   data required time
---------------------------------------------------------------------------------------------
                                            249.693481   data required time
                                           -125.747604   data arrival time
---------------------------------------------------------------------------------------------
                                            123.945869   slack (MET)


Startpoint: _152_ (rising edge-triggered flip-flop clocked by clk')
Endpoint: _165_ (rising edge-triggered flip-flop clocked by clk)
Path Group: clk
Path Type: max

Fanout         Cap        Slew       Delay        Time   Description
---------------------------------------------------------------------------------------------
                      0.150000  125.000000  125.000000   clock clk' (rise edge)
                                  0.000000  125.000000   clock network delay (ideal)
                      0.150000    0.000000  125.000000 ^ _152_/CLK (sky130_fd_sc_hd__dfxtp_2)
    12    0.061417    0.235802    0.367720  125.367722 ^ _152_/Q (sky130_fd_sc_hd__dfxtp_2)
                                                         comparator_clk (net)
                      0.235802    0.000000  125.367722 ^ _107_/A (sky130_fd_sc_hd__nand3_2)
     3    0.007314    0.073938    0.056374  125.424095 v _107_/Y (sky130_fd_sc_hd__nand3_2)
                                                         _063_ (net)
                      0.073938    0.000000  125.424095 v _130_/B (sky130_fd_sc_hd__or3b_2)
     1    0.004355    0.055750    0.265914  125.690010 v _130_/X (sky130_fd_sc_hd__or3b_2)
                                                         _032_ (net)
                      0.055750    0.000000  125.690010 v _133_/A1 (sky130_fd_sc_hd__a31oi_2)
     1    0.001748    0.080109    0.080362  125.770370 ^ _133_/Y (sky130_fd_sc_hd__a31oi_2)
                                                         _014_ (net)
                      0.080109    0.000000  125.770370 ^ _165_/D (sky130_fd_sc_hd__dfxtp_2)
                                            125.770370   data arrival time

                      0.150000  250.000000  250.000000   clock clk (rise edge)
                                  0.000000  250.000000   clock network delay (ideal)
                                 -0.250000  249.750015   clock uncertainty
                                  0.000000  249.750015   clock reconvergence pessimism
                                            249.750015 ^ _165_/CLK (sky130_fd_sc_hd__dfxtp_2)
                                 -0.032118  249.717896   library setup time
                                            249.717896   data required time
---------------------------------------------------------------------------------------------
                                            249.717896   data required time
                                           -125.770370   data arrival time
---------------------------------------------------------------------------------------------
                                            123.947517   slack (MET)


Startpoint: _152_ (rising edge-triggered flip-flop clocked by clk')
Endpoint: _161_ (rising edge-triggered flip-flop clocked by clk)
Path Group: clk
Path Type: max

Fanout         Cap        Slew       Delay        Time   Description
---------------------------------------------------------------------------------------------
                      0.150000  125.000000  125.000000   clock clk' (rise edge)
                                  0.000000  125.000000   clock network delay (ideal)
                      0.150000    0.000000  125.000000 ^ _152_/CLK (sky130_fd_sc_hd__dfxtp_2)
    12    0.061417    0.235802    0.367720  125.367722 ^ _152_/Q (sky130_fd_sc_hd__dfxtp_2)
                                                         comparator_clk (net)
                      0.235802    0.000000  125.367722 ^ _109_/A (sky130_fd_sc_hd__nand4_2)
     4    0.009433    0.096111    0.080703  125.448425 v _109_/Y (sky130_fd_sc_hd__nand4_2)
                                                         _065_ (net)
                      0.096111    0.000000  125.448425 v _111_/A2 (sky130_fd_sc_hd__o21a_2)
     1    0.002229    0.023735    0.137661  125.586090 v _111_/X (sky130_fd_sc_hd__o21a_2)
                                                         _067_ (net)
                      0.023735    0.000000  125.586090 v _115_/A1 (sky130_fd_sc_hd__o21a_2)
     1    0.001783    0.022602    0.119016  125.705101 v _115_/X (sky130_fd_sc_hd__o21a_2)
                                                         _010_ (net)
                      0.022602    0.000000  125.705101 v _161_/D (sky130_fd_sc_hd__dfxtp_2)
                                            125.705101   data arrival time

                      0.150000  250.000000  250.000000   clock clk (rise edge)
                                  0.000000  250.000000   clock network delay (ideal)
                                 -0.250000  249.750015   clock uncertainty
                                  0.000000  249.750015   clock reconvergence pessimism
                                            249.750015 ^ _161_/CLK (sky130_fd_sc_hd__dfxtp_2)
                                 -0.056529  249.693481   library setup time
                                            249.693481   data required time
---------------------------------------------------------------------------------------------
                                            249.693481   data required time
                                           -125.705101   data arrival time
---------------------------------------------------------------------------------------------
                                            123.988373   slack (MET)


Startpoint: _152_ (rising edge-triggered flip-flop clocked by clk')
Endpoint: _172_ (rising edge-triggered flip-flop clocked by clk)
Path Group: clk
Path Type: max

Fanout         Cap        Slew       Delay        Time   Description
---------------------------------------------------------------------------------------------
                      0.150000  125.000000  125.000000   clock clk' (rise edge)
                                  0.000000  125.000000   clock network delay (ideal)
                      0.150000    0.000000  125.000000 ^ _152_/CLK (sky130_fd_sc_hd__dfxtp_2)
    12    0.061417    0.235802    0.367720  125.367722 ^ _152_/Q (sky130_fd_sc_hd__dfxtp_2)
                                                         comparator_clk (net)
                      0.235802    0.000000  125.367722 ^ _109_/A (sky130_fd_sc_hd__nand4_2)
     4    0.009433    0.096111    0.080703  125.448425 v _109_/Y (sky130_fd_sc_hd__nand4_2)
                                                         _065_ (net)
                      0.096111    0.000000  125.448425 v _110_/B (sky130_fd_sc_hd__or2_2)
     1    0.004282    0.040665    0.183036  125.631462 v _110_/X (sky130_fd_sc_hd__or2_2)
                                                         _066_ (net)
                      0.040665    0.000000  125.631462 v _151_/A1 (sky130_fd_sc_hd__a21oi_2)
     1    0.001748    0.051005    0.067928  125.699394 ^ _151_/Y (sky130_fd_sc_hd__a21oi_2)
                                                         _021_ (net)
                      0.051005    0.000000  125.699394 ^ _172_/D (sky130_fd_sc_hd__dfxtp_2)
                                            125.699394   data arrival time

                      0.150000  250.000000  250.000000   clock clk (rise edge)
                                  0.000000  250.000000   clock network delay (ideal)
                                 -0.250000  249.750015   clock uncertainty
                                  0.000000  249.750015   clock reconvergence pessimism
                                            249.750015 ^ _172_/CLK (sky130_fd_sc_hd__dfxtp_2)
                                 -0.029461  249.720535   library setup time
                                            249.720535   data required time
---------------------------------------------------------------------------------------------
                                            249.720535   data required time
                                           -125.699394   data arrival time
---------------------------------------------------------------------------------------------
                                            124.021149   slack (MET)


Startpoint: _152_ (rising edge-triggered flip-flop clocked by clk')
Endpoint: _169_ (rising edge-triggered flip-flop clocked by clk)
Path Group: clk
Path Type: max

Fanout         Cap        Slew       Delay        Time   Description
---------------------------------------------------------------------------------------------
                      0.150000  125.000000  125.000000   clock clk' (rise edge)
                                  0.000000  125.000000   clock network delay (ideal)
                      0.150000    0.000000  125.000000 ^ _152_/CLK (sky130_fd_sc_hd__dfxtp_2)
    12    0.059871    0.099773    0.296680  125.296684 v _152_/Q (sky130_fd_sc_hd__dfxtp_2)
                                                         comparator_clk (net)
                      0.099773    0.000000  125.296684 v _144_/A (sky130_fd_sc_hd__or2_2)
     1    0.001548    0.033334    0.184968  125.481651 v _144_/X (sky130_fd_sc_hd__or2_2)
                                                         _042_ (net)
                      0.033334    0.000000  125.481651 v _145_/C (sky130_fd_sc_hd__and3_2)
     1    0.001783    0.025600    0.122711  125.604362 v _145_/X (sky130_fd_sc_hd__and3_2)
                                                         _018_ (net)
                      0.025600    0.000000  125.604362 v _169_/D (sky130_fd_sc_hd__dfxtp_2)
                                            125.604362   data arrival time

                      0.150000  250.000000  250.000000   clock clk (rise edge)
                                  0.000000  250.000000   clock network delay (ideal)
                                 -0.250000  249.750015   clock uncertainty
                                  0.000000  249.750015   clock reconvergence pessimism
                                            249.750015 ^ _169_/CLK (sky130_fd_sc_hd__dfxtp_2)
                                 -0.057594  249.692429   library setup time
                                            249.692429   data required time
---------------------------------------------------------------------------------------------
                                            249.692429   data required time
                                           -125.604362   data arrival time
---------------------------------------------------------------------------------------------
                                            124.088066   slack (MET)


Startpoint: _152_ (rising edge-triggered flip-flop clocked by clk')
Endpoint: _171_ (rising edge-triggered flip-flop clocked by clk)
Path Group: clk
Path Type: max

Fanout         Cap        Slew       Delay        Time   Description
---------------------------------------------------------------------------------------------
                      0.150000  125.000000  125.000000   clock clk' (rise edge)
                                  0.000000  125.000000   clock network delay (ideal)
                      0.150000    0.000000  125.000000 ^ _152_/CLK (sky130_fd_sc_hd__dfxtp_2)
    12    0.061417    0.235802    0.367720  125.367722 ^ _152_/Q (sky130_fd_sc_hd__dfxtp_2)
                                                         comparator_clk (net)
                      0.235802    0.000000  125.367722 ^ _109_/A (sky130_fd_sc_hd__nand4_2)
     4    0.009433    0.096111    0.080703  125.448425 v _109_/Y (sky130_fd_sc_hd__nand4_2)
                                                         _065_ (net)
                      0.096111    0.000000  125.448425 v _149_/B (sky130_fd_sc_hd__and3_2)
     1    0.001783    0.025636    0.138996  125.587425 v _149_/X (sky130_fd_sc_hd__and3_2)
                                                         _020_ (net)
                      0.025636    0.000000  125.587425 v _171_/D (sky130_fd_sc_hd__dfxtp_2)
                                            125.587425   data arrival time

                      0.150000  250.000000  250.000000   clock clk (rise edge)
                                  0.000000  250.000000   clock network delay (ideal)
                                 -0.250000  249.750015   clock uncertainty
                                  0.000000  249.750015   clock reconvergence pessimism
                                            249.750015 ^ _171_/CLK (sky130_fd_sc_hd__dfxtp_2)
                                 -0.057607  249.692398   library setup time
                                            249.692398   data required time
---------------------------------------------------------------------------------------------
                                            249.692398   data required time
                                           -125.587425   data arrival time
---------------------------------------------------------------------------------------------
                                            124.104973   slack (MET)


Startpoint: _152_ (rising edge-triggered flip-flop clocked by clk')
Endpoint: _170_ (rising edge-triggered flip-flop clocked by clk)
Path Group: clk
Path Type: max

Fanout         Cap        Slew       Delay        Time   Description
---------------------------------------------------------------------------------------------
                      0.150000  125.000000  125.000000   clock clk' (rise edge)
                                  0.000000  125.000000   clock network delay (ideal)
                      0.150000    0.000000  125.000000 ^ _152_/CLK (sky130_fd_sc_hd__dfxtp_2)
    12    0.061417    0.235802    0.367720  125.367722 ^ _152_/Q (sky130_fd_sc_hd__dfxtp_2)
                                                         comparator_clk (net)
                      0.235802    0.000000  125.367722 ^ _107_/A (sky130_fd_sc_hd__nand3_2)
     3    0.007314    0.073938    0.056374  125.424095 v _107_/Y (sky130_fd_sc_hd__nand3_2)
                                                         _063_ (net)
                      0.073938    0.000000  125.424095 v _147_/B (sky130_fd_sc_hd__and3_2)
     1    0.001783    0.025594    0.129759  125.553856 v _147_/X (sky130_fd_sc_hd__and3_2)
                                                         _019_ (net)
                      0.025594    0.000000  125.553856 v _170_/D (sky130_fd_sc_hd__dfxtp_2)
                                            125.553856   data arrival time

                      0.150000  250.000000  250.000000   clock clk (rise edge)
                                  0.000000  250.000000   clock network delay (ideal)
                                 -0.250000  249.750015   clock uncertainty
                                  0.000000  249.750015   clock reconvergence pessimism
                                            249.750015 ^ _170_/CLK (sky130_fd_sc_hd__dfxtp_2)
                                 -0.057592  249.692429   library setup time
                                            249.692429   data required time
---------------------------------------------------------------------------------------------
                                            249.692429   data required time
                                           -125.553856   data arrival time
---------------------------------------------------------------------------------------------
                                            124.138573   slack (MET)


Startpoint: _164_ (rising edge-triggered flip-flop clocked by clk)
Endpoint: dac_in_n[3] (output port clocked by clk)
Path Group: clk
Path Type: max

Fanout         Cap        Slew       Delay        Time   Description
---------------------------------------------------------------------------------------------
                      0.150000    0.000000    0.000000   clock clk (rise edge)
                                  0.000000    0.000000   clock network delay (ideal)
                      0.150000    0.000000    0.000000 ^ _164_/CLK (sky130_fd_sc_hd__dfxtp_2)
     3    0.040028    0.070786    0.273202    0.273202 v _164_/Q (sky130_fd_sc_hd__dfxtp_2)
                                                         dac_in[3] (net)
                      0.070786    0.000000    0.273202 v _078_/A (sky130_fd_sc_hd__inv_2)
     2    0.038206    0.135372    0.127593    0.400795 ^ _078_/Y (sky130_fd_sc_hd__inv_2)
                                                         dac_in_n[3] (net)
                      0.135372    0.000000    0.400795 ^ dac_in_n[3] (out)
                                              0.400795   data arrival time

                      0.150000  250.000000  250.000000   clock clk (rise edge)
                                  0.000000  250.000000   clock network delay (ideal)
                                 -0.250000  249.750015   clock uncertainty
                                  0.000000  249.750015   clock reconvergence pessimism
                                -50.000000  199.750015   output external delay
                                            199.750015   data required time
---------------------------------------------------------------------------------------------
                                            199.750015   data required time
                                             -0.400795   data arrival time
---------------------------------------------------------------------------------------------
                                            199.349228   slack (MET)


Startpoint: _168_ (rising edge-triggered flip-flop clocked by clk)
Endpoint: dac_in_n[7] (output port clocked by clk)
Path Group: clk
Path Type: max

Fanout         Cap        Slew       Delay        Time   Description
---------------------------------------------------------------------------------------------
                      0.150000    0.000000    0.000000   clock clk (rise edge)
                                  0.000000    0.000000   clock network delay (ideal)
                      0.150000    0.000000    0.000000 ^ _168_/CLK (sky130_fd_sc_hd__dfxtp_2)
     3    0.040028    0.070786    0.273202    0.273202 v _168_/Q (sky130_fd_sc_hd__dfxtp_2)
                                                         dac_in[7] (net)
                      0.070786    0.000000    0.273202 v _074_/A (sky130_fd_sc_hd__inv_2)
     2    0.038206    0.135372    0.127593    0.400795 ^ _074_/Y (sky130_fd_sc_hd__inv_2)
                                                         dac_in_n[7] (net)
                      0.135372    0.000000    0.400795 ^ dac_in_n[7] (out)
                                              0.400795   data arrival time

                      0.150000  250.000000  250.000000   clock clk (rise edge)
                                  0.000000  250.000000   clock network delay (ideal)
                                 -0.250000  249.750015   clock uncertainty
                                  0.000000  249.750015   clock reconvergence pessimism
                                -50.000000  199.750015   output external delay
                                            199.750015   data required time
---------------------------------------------------------------------------------------------
                                            199.750015   data required time
                                             -0.400795   data arrival time
---------------------------------------------------------------------------------------------
                                            199.349228   slack (MET)


Startpoint: _161_ (rising edge-triggered flip-flop clocked by clk)
Endpoint: dac_in_n[0] (output port clocked by clk)
Path Group: clk
Path Type: max

Fanout         Cap        Slew       Delay        Time   Description
---------------------------------------------------------------------------------------------
                      0.150000    0.000000    0.000000   clock clk (rise edge)
                                  0.000000    0.000000   clock network delay (ideal)
                      0.150000    0.000000    0.000000 ^ _161_/CLK (sky130_fd_sc_hd__dfxtp_2)
     4    0.043257    0.168293    0.321321    0.321321 ^ _161_/Q (sky130_fd_sc_hd__dfxtp_2)
                                                         dac_in[0] (net)
                      0.168293    0.000000    0.321321 ^ _081_/A (sky130_fd_sc_hd__inv_2)
     1    0.033442    0.078812    0.077405    0.398726 v _081_/Y (sky130_fd_sc_hd__inv_2)
                                                         dac_in_n[0] (net)
                      0.078812    0.000000    0.398726 v dac_in_n[0] (out)
                                              0.398726   data arrival time

                      0.150000  250.000000  250.000000   clock clk (rise edge)
                                  0.000000  250.000000   clock network delay (ideal)
                                 -0.250000  249.750015   clock uncertainty
                                  0.000000  249.750015   clock reconvergence pessimism
                                -50.000000  199.750015   output external delay
                                            199.750015   data required time
---------------------------------------------------------------------------------------------
                                            199.750015   data required time
                                             -0.398726   data arrival time
---------------------------------------------------------------------------------------------
                                            199.351288   slack (MET)


Startpoint: _163_ (rising edge-triggered flip-flop clocked by clk)
Endpoint: dac_in_n[2] (output port clocked by clk)
Path Group: clk
Path Type: max

Fanout         Cap        Slew       Delay        Time   Description
---------------------------------------------------------------------------------------------
                      0.150000    0.000000    0.000000   clock clk (rise edge)
                                  0.000000    0.000000   clock network delay (ideal)
                      0.150000    0.000000    0.000000 ^ _163_/CLK (sky130_fd_sc_hd__dfxtp_2)
     4    0.043170    0.167970    0.321099    0.321099 ^ _163_/Q (sky130_fd_sc_hd__dfxtp_2)
                                                         dac_in[2] (net)
                      0.167970    0.000000    0.321099 ^ _079_/A (sky130_fd_sc_hd__inv_2)
     1    0.033442    0.078739    0.077374    0.398473 v _079_/Y (sky130_fd_sc_hd__inv_2)
                                                         dac_in_n[2] (net)
                      0.078739    0.000000    0.398473 v dac_in_n[2] (out)
                                              0.398473   data arrival time

                      0.150000  250.000000  250.000000   clock clk (rise edge)
                                  0.000000  250.000000   clock network delay (ideal)
                                 -0.250000  249.750015   clock uncertainty
                                  0.000000  249.750015   clock reconvergence pessimism
                                -50.000000  199.750015   output external delay
                                            199.750015   data required time
---------------------------------------------------------------------------------------------
                                            199.750015   data required time
                                             -0.398473   data arrival time
---------------------------------------------------------------------------------------------
                                            199.351532   slack (MET)


Startpoint: _167_ (rising edge-triggered flip-flop clocked by clk)
Endpoint: dac_in_n[6] (output port clocked by clk)
Path Group: clk
Path Type: max

Fanout         Cap        Slew       Delay        Time   Description
---------------------------------------------------------------------------------------------
                      0.150000    0.000000    0.000000   clock clk (rise edge)
                                  0.000000    0.000000   clock network delay (ideal)
                      0.150000    0.000000    0.000000 ^ _167_/CLK (sky130_fd_sc_hd__dfxtp_2)
     4    0.043170    0.167970    0.321099    0.321099 ^ _167_/Q (sky130_fd_sc_hd__dfxtp_2)
                                                         dac_in[6] (net)
                      0.167970    0.000000    0.321099 ^ _075_/A (sky130_fd_sc_hd__inv_2)
     1    0.033442    0.078739    0.077374    0.398473 v _075_/Y (sky130_fd_sc_hd__inv_2)
                                                         dac_in_n[6] (net)
                      0.078739    0.000000    0.398473 v dac_in_n[6] (out)
                                              0.398473   data arrival time

                      0.150000  250.000000  250.000000   clock clk (rise edge)
                                  0.000000  250.000000   clock network delay (ideal)
                                 -0.250000  249.750015   clock uncertainty
                                  0.000000  249.750015   clock reconvergence pessimism
                                -50.000000  199.750015   output external delay
                                            199.750015   data required time
---------------------------------------------------------------------------------------------
                                            199.750015   data required time
                                             -0.398473   data arrival time
---------------------------------------------------------------------------------------------
                                            199.351532   slack (MET)


Startpoint: _162_ (rising edge-triggered flip-flop clocked by clk)
Endpoint: dac_in_n[1] (output port clocked by clk)
Path Group: clk
Path Type: max

Fanout         Cap        Slew       Delay        Time   Description
---------------------------------------------------------------------------------------------
                      0.150000    0.000000    0.000000   clock clk (rise edge)
                                  0.000000    0.000000   clock network delay (ideal)
                      0.150000    0.000000    0.000000 ^ _162_/CLK (sky130_fd_sc_hd__dfxtp_2)
     3    0.040028    0.070786    0.273202    0.273202 v _162_/Q (sky130_fd_sc_hd__dfxtp_2)
                                                         dac_in[1] (net)
                      0.070786    0.000000    0.273202 v _080_/A (sky130_fd_sc_hd__inv_2)
     2    0.036058    0.128343    0.122566    0.395768 ^ _080_/Y (sky130_fd_sc_hd__inv_2)
                                                         dac_in_n[1] (net)
                      0.128343    0.000000    0.395768 ^ dac_in_n[1] (out)
                                              0.395768   data arrival time

                      0.150000  250.000000  250.000000   clock clk (rise edge)
                                  0.000000  250.000000   clock network delay (ideal)
                                 -0.250000  249.750015   clock uncertainty
                                  0.000000  249.750015   clock reconvergence pessimism
                                -50.000000  199.750015   output external delay
                                            199.750015   data required time
---------------------------------------------------------------------------------------------
                                            199.750015   data required time
                                             -0.395768   data arrival time
---------------------------------------------------------------------------------------------
                                            199.354233   slack (MET)


Startpoint: _165_ (rising edge-triggered flip-flop clocked by clk)
Endpoint: dac_in_n[4] (output port clocked by clk)
Path Group: clk
Path Type: max

Fanout         Cap        Slew       Delay        Time   Description
---------------------------------------------------------------------------------------------
                      0.150000    0.000000    0.000000   clock clk (rise edge)
                                  0.000000    0.000000   clock network delay (ideal)
                      0.150000    0.000000    0.000000 ^ _165_/CLK (sky130_fd_sc_hd__dfxtp_2)
     3    0.040028    0.070786    0.273202    0.273202 v _165_/Q (sky130_fd_sc_hd__dfxtp_2)
                                                         dac_in[4] (net)
                      0.070786    0.000000    0.273202 v _077_/A (sky130_fd_sc_hd__inv_2)
     2    0.036058    0.128343    0.122566    0.395768 ^ _077_/Y (sky130_fd_sc_hd__inv_2)
                                                         dac_in_n[4] (net)
                      0.128343    0.000000    0.395768 ^ dac_in_n[4] (out)
                                              0.395768   data arrival time

                      0.150000  250.000000  250.000000   clock clk (rise edge)
                                  0.000000  250.000000   clock network delay (ideal)
                                 -0.250000  249.750015   clock uncertainty
                                  0.000000  249.750015   clock reconvergence pessimism
                                -50.000000  199.750015   output external delay
                                            199.750015   data required time
---------------------------------------------------------------------------------------------
                                            199.750015   data required time
                                             -0.395768   data arrival time
---------------------------------------------------------------------------------------------
                                            199.354233   slack (MET)


Startpoint: _166_ (rising edge-triggered flip-flop clocked by clk)
Endpoint: dac_in_n[5] (output port clocked by clk)
Path Group: clk
Path Type: max

Fanout         Cap        Slew       Delay        Time   Description
---------------------------------------------------------------------------------------------
                      0.150000    0.000000    0.000000   clock clk (rise edge)
                                  0.000000    0.000000   clock network delay (ideal)
                      0.150000    0.000000    0.000000 ^ _166_/CLK (sky130_fd_sc_hd__dfxtp_2)
     3    0.040028    0.070786    0.273202    0.273202 v _166_/Q (sky130_fd_sc_hd__dfxtp_2)
                                                         dac_in[5] (net)
                      0.070786    0.000000    0.273202 v _076_/A (sky130_fd_sc_hd__inv_2)
     2    0.036058    0.128343    0.122566    0.395768 ^ _076_/Y (sky130_fd_sc_hd__inv_2)
                                                         dac_in_n[5] (net)
                      0.128343    0.000000    0.395768 ^ dac_in_n[5] (out)
                                              0.395768   data arrival time

                      0.150000  250.000000  250.000000   clock clk (rise edge)
                                  0.000000  250.000000   clock network delay (ideal)
                                 -0.250000  249.750015   clock uncertainty
                                  0.000000  249.750015   clock reconvergence pessimism
                                -50.000000  199.750015   output external delay
                                            199.750015   data required time
---------------------------------------------------------------------------------------------
                                            199.750015   data required time
                                             -0.395768   data arrival time
---------------------------------------------------------------------------------------------
                                            199.354233   slack (MET)


Startpoint: _161_ (rising edge-triggered flip-flop clocked by clk)
Endpoint: dac_in[0] (output port clocked by clk)
Path Group: clk
Path Type: max

Fanout         Cap        Slew       Delay        Time   Description
---------------------------------------------------------------------------------------------
                      0.150000    0.000000    0.000000   clock clk (rise edge)
                                  0.000000    0.000000   clock network delay (ideal)
                      0.150000    0.000000    0.000000 ^ _161_/CLK (sky130_fd_sc_hd__dfxtp_2)
     4    0.043257    0.168293    0.321321    0.321321 ^ _161_/Q (sky130_fd_sc_hd__dfxtp_2)
                                                         dac_in[0] (net)
                      0.168293    0.000000    0.321321 ^ dac_in[0] (out)
                                              0.321321   data arrival time

                      0.150000  250.000000  250.000000   clock clk (rise edge)
                                  0.000000  250.000000   clock network delay (ideal)
                                 -0.250000  249.750015   clock uncertainty
                                  0.000000  249.750015   clock reconvergence pessimism
                                -50.000000  199.750015   output external delay
                                            199.750015   data required time
---------------------------------------------------------------------------------------------
                                            199.750015   data required time
                                             -0.321321   data arrival time
---------------------------------------------------------------------------------------------
                                            199.428696   slack (MET)


Startpoint: _163_ (rising edge-triggered flip-flop clocked by clk)
Endpoint: dac_in[2] (output port clocked by clk)
Path Group: clk
Path Type: max

Fanout         Cap        Slew       Delay        Time   Description
---------------------------------------------------------------------------------------------
                      0.150000    0.000000    0.000000   clock clk (rise edge)
                                  0.000000    0.000000   clock network delay (ideal)
                      0.150000    0.000000    0.000000 ^ _163_/CLK (sky130_fd_sc_hd__dfxtp_2)
     4    0.043170    0.167970    0.321099    0.321099 ^ _163_/Q (sky130_fd_sc_hd__dfxtp_2)
                                                         dac_in[2] (net)
                      0.167970    0.000000    0.321099 ^ dac_in[2] (out)
                                              0.321099   data arrival time

                      0.150000  250.000000  250.000000   clock clk (rise edge)
                                  0.000000  250.000000   clock network delay (ideal)
                                 -0.250000  249.750015   clock uncertainty
                                  0.000000  249.750015   clock reconvergence pessimism
                                -50.000000  199.750015   output external delay
                                            199.750015   data required time
---------------------------------------------------------------------------------------------
                                            199.750015   data required time
                                             -0.321099   data arrival time
---------------------------------------------------------------------------------------------
                                            199.428909   slack (MET)


Startpoint: _167_ (rising edge-triggered flip-flop clocked by clk)
Endpoint: dac_in[6] (output port clocked by clk)
Path Group: clk
Path Type: max

Fanout         Cap        Slew       Delay        Time   Description
---------------------------------------------------------------------------------------------
                      0.150000    0.000000    0.000000   clock clk (rise edge)
                                  0.000000    0.000000   clock network delay (ideal)
                      0.150000    0.000000    0.000000 ^ _167_/CLK (sky130_fd_sc_hd__dfxtp_2)
     4    0.043170    0.167970    0.321099    0.321099 ^ _167_/Q (sky130_fd_sc_hd__dfxtp_2)
                                                         dac_in[6] (net)
                      0.167970    0.000000    0.321099 ^ dac_in[6] (out)
                                              0.321099   data arrival time

                      0.150000  250.000000  250.000000   clock clk (rise edge)
                                  0.000000  250.000000   clock network delay (ideal)
                                 -0.250000  249.750015   clock uncertainty
                                  0.000000  249.750015   clock reconvergence pessimism
                                -50.000000  199.750015   output external delay
                                            199.750015   data required time
---------------------------------------------------------------------------------------------
                                            199.750015   data required time
                                             -0.321099   data arrival time
---------------------------------------------------------------------------------------------
                                            199.428909   slack (MET)


Startpoint: _162_ (rising edge-triggered flip-flop clocked by clk)
Endpoint: dac_in[1] (output port clocked by clk)
Path Group: clk
Path Type: max

Fanout         Cap        Slew       Delay        Time   Description
---------------------------------------------------------------------------------------------
                      0.150000    0.000000    0.000000   clock clk (rise edge)
                                  0.000000    0.000000   clock network delay (ideal)
                      0.150000    0.000000    0.000000 ^ _162_/CLK (sky130_fd_sc_hd__dfxtp_2)
     3    0.040657    0.158710    0.314643    0.314643 ^ _162_/Q (sky130_fd_sc_hd__dfxtp_2)
                                                         dac_in[1] (net)
                      0.158710    0.000000    0.314643 ^ dac_in[1] (out)
                                              0.314643   data arrival time

                      0.150000  250.000000  250.000000   clock clk (rise edge)
                                  0.000000  250.000000   clock network delay (ideal)
                                 -0.250000  249.750015   clock uncertainty
                                  0.000000  249.750015   clock reconvergence pessimism
                                -50.000000  199.750015   output external delay
                                            199.750015   data required time
---------------------------------------------------------------------------------------------
                                            199.750015   data required time
                                             -0.314643   data arrival time
---------------------------------------------------------------------------------------------
                                            199.435364   slack (MET)


Startpoint: _164_ (rising edge-triggered flip-flop clocked by clk)
Endpoint: dac_in[3] (output port clocked by clk)
Path Group: clk
Path Type: max

Fanout         Cap        Slew       Delay        Time   Description
---------------------------------------------------------------------------------------------
                      0.150000    0.000000    0.000000   clock clk (rise edge)
                                  0.000000    0.000000   clock network delay (ideal)
                      0.150000    0.000000    0.000000 ^ _164_/CLK (sky130_fd_sc_hd__dfxtp_2)
     3    0.040657    0.158710    0.314643    0.314643 ^ _164_/Q (sky130_fd_sc_hd__dfxtp_2)
                                                         dac_in[3] (net)
                      0.158710    0.000000    0.314643 ^ dac_in[3] (out)
                                              0.314643   data arrival time

                      0.150000  250.000000  250.000000   clock clk (rise edge)
                                  0.000000  250.000000   clock network delay (ideal)
                                 -0.250000  249.750015   clock uncertainty
                                  0.000000  249.750015   clock reconvergence pessimism
                                -50.000000  199.750015   output external delay
                                            199.750015   data required time
---------------------------------------------------------------------------------------------
                                            199.750015   data required time
                                             -0.314643   data arrival time
---------------------------------------------------------------------------------------------
                                            199.435364   slack (MET)


Startpoint: _165_ (rising edge-triggered flip-flop clocked by clk)
Endpoint: dac_in[4] (output port clocked by clk)
Path Group: clk
Path Type: max

Fanout         Cap        Slew       Delay        Time   Description
---------------------------------------------------------------------------------------------
                      0.150000    0.000000    0.000000   clock clk (rise edge)
                                  0.000000    0.000000   clock network delay (ideal)
                      0.150000    0.000000    0.000000 ^ _165_/CLK (sky130_fd_sc_hd__dfxtp_2)
     3    0.040657    0.158710    0.314643    0.314643 ^ _165_/Q (sky130_fd_sc_hd__dfxtp_2)
                                                         dac_in[4] (net)
                      0.158710    0.000000    0.314643 ^ dac_in[4] (out)
                                              0.314643   data arrival time

                      0.150000  250.000000  250.000000   clock clk (rise edge)
                                  0.000000  250.000000   clock network delay (ideal)
                                 -0.250000  249.750015   clock uncertainty
                                  0.000000  249.750015   clock reconvergence pessimism
                                -50.000000  199.750015   output external delay
                                            199.750015   data required time
---------------------------------------------------------------------------------------------
                                            199.750015   data required time
                                             -0.314643   data arrival time
---------------------------------------------------------------------------------------------
                                            199.435364   slack (MET)


Startpoint: _166_ (rising edge-triggered flip-flop clocked by clk)
Endpoint: dac_in[5] (output port clocked by clk)
Path Group: clk
Path Type: max

Fanout         Cap        Slew       Delay        Time   Description
---------------------------------------------------------------------------------------------
                      0.150000    0.000000    0.000000   clock clk (rise edge)
                                  0.000000    0.000000   clock network delay (ideal)
                      0.150000    0.000000    0.000000 ^ _166_/CLK (sky130_fd_sc_hd__dfxtp_2)
     3    0.040657    0.158710    0.314643    0.314643 ^ _166_/Q (sky130_fd_sc_hd__dfxtp_2)
                                                         dac_in[5] (net)
                      0.158710    0.000000    0.314643 ^ dac_in[5] (out)
                                              0.314643   data arrival time

                      0.150000  250.000000  250.000000   clock clk (rise edge)
                                  0.000000  250.000000   clock network delay (ideal)
                                 -0.250000  249.750015   clock uncertainty
                                  0.000000  249.750015   clock reconvergence pessimism
                                -50.000000  199.750015   output external delay
                                            199.750015   data required time
---------------------------------------------------------------------------------------------
                                            199.750015   data required time
                                             -0.314643   data arrival time
---------------------------------------------------------------------------------------------
                                            199.435364   slack (MET)


Startpoint: _168_ (rising edge-triggered flip-flop clocked by clk)
Endpoint: dac_in[7] (output port clocked by clk)
Path Group: clk
Path Type: max

Fanout         Cap        Slew       Delay        Time   Description
---------------------------------------------------------------------------------------------
                      0.150000    0.000000    0.000000   clock clk (rise edge)
                                  0.000000    0.000000   clock network delay (ideal)
                      0.150000    0.000000    0.000000 ^ _168_/CLK (sky130_fd_sc_hd__dfxtp_2)
     3    0.040657    0.158710    0.314643    0.314643 ^ _168_/Q (sky130_fd_sc_hd__dfxtp_2)
                                                         dac_in[7] (net)
                      0.158710    0.000000    0.314643 ^ dac_in[7] (out)
                                              0.314643   data arrival time

                      0.150000  250.000000  250.000000   clock clk (rise edge)
                                  0.000000  250.000000   clock network delay (ideal)
                                 -0.250000  249.750015   clock uncertainty
                                  0.000000  249.750015   clock reconvergence pessimism
                                -50.000000  199.750015   output external delay
                                            199.750015   data required time
---------------------------------------------------------------------------------------------
                                            199.750015   data required time
                                             -0.314643   data arrival time
---------------------------------------------------------------------------------------------
                                            199.435364   slack (MET)


Startpoint: _153_ (rising edge-triggered flip-flop clocked by clk)
Endpoint: adc_out[0] (output port clocked by clk)
Path Group: clk
Path Type: max

Fanout         Cap        Slew       Delay        Time   Description
---------------------------------------------------------------------------------------------
                      0.150000    0.000000    0.000000   clock clk (rise edge)
                                  0.000000    0.000000   clock network delay (ideal)
                      0.150000    0.000000    0.000000 ^ _153_/CLK (sky130_fd_sc_hd__dfxtp_2)
     2    0.035111    0.138274    0.300396    0.300396 ^ _153_/Q (sky130_fd_sc_hd__dfxtp_2)
                                                         adc_out[0] (net)
                      0.138274    0.000000    0.300396 ^ adc_out[0] (out)
                                              0.300396   data arrival time

                      0.150000  250.000000  250.000000   clock clk (rise edge)
                                  0.000000  250.000000   clock network delay (ideal)
                                 -0.250000  249.750015   clock uncertainty
                                  0.000000  249.750015   clock reconvergence pessimism
                                -50.000000  199.750015   output external delay
                                            199.750015   data required time
---------------------------------------------------------------------------------------------
                                            199.750015   data required time
                                             -0.300396   data arrival time
---------------------------------------------------------------------------------------------
                                            199.449615   slack (MET)


Startpoint: _154_ (rising edge-triggered flip-flop clocked by clk)
Endpoint: adc_out[1] (output port clocked by clk)
Path Group: clk
Path Type: max

Fanout         Cap        Slew       Delay        Time   Description
---------------------------------------------------------------------------------------------
                      0.150000    0.000000    0.000000   clock clk (rise edge)
                                  0.000000    0.000000   clock network delay (ideal)
                      0.150000    0.000000    0.000000 ^ _154_/CLK (sky130_fd_sc_hd__dfxtp_2)
     2    0.035111    0.138274    0.300396    0.300396 ^ _154_/Q (sky130_fd_sc_hd__dfxtp_2)
                                                         adc_out[1] (net)
                      0.138274    0.000000    0.300396 ^ adc_out[1] (out)
                                              0.300396   data arrival time

                      0.150000  250.000000  250.000000   clock clk (rise edge)
                                  0.000000  250.000000   clock network delay (ideal)
                                 -0.250000  249.750015   clock uncertainty
                                  0.000000  249.750015   clock reconvergence pessimism
                                -50.000000  199.750015   output external delay
                                            199.750015   data required time
---------------------------------------------------------------------------------------------
                                            199.750015   data required time
                                             -0.300396   data arrival time
---------------------------------------------------------------------------------------------
                                            199.449615   slack (MET)


Startpoint: _155_ (rising edge-triggered flip-flop clocked by clk)
Endpoint: adc_out[2] (output port clocked by clk)
Path Group: clk
Path Type: max

Fanout         Cap        Slew       Delay        Time   Description
---------------------------------------------------------------------------------------------
                      0.150000    0.000000    0.000000   clock clk (rise edge)
                                  0.000000    0.000000   clock network delay (ideal)
                      0.150000    0.000000    0.000000 ^ _155_/CLK (sky130_fd_sc_hd__dfxtp_2)
     2    0.035111    0.138274    0.300396    0.300396 ^ _155_/Q (sky130_fd_sc_hd__dfxtp_2)
                                                         adc_out[2] (net)
                      0.138274    0.000000    0.300396 ^ adc_out[2] (out)
                                              0.300396   data arrival time

                      0.150000  250.000000  250.000000   clock clk (rise edge)
                                  0.000000  250.000000   clock network delay (ideal)
                                 -0.250000  249.750015   clock uncertainty
                                  0.000000  249.750015   clock reconvergence pessimism
                                -50.000000  199.750015   output external delay
                                            199.750015   data required time
---------------------------------------------------------------------------------------------
                                            199.750015   data required time
                                             -0.300396   data arrival time
---------------------------------------------------------------------------------------------
                                            199.449615   slack (MET)


Startpoint: _156_ (rising edge-triggered flip-flop clocked by clk)
Endpoint: adc_out[3] (output port clocked by clk)
Path Group: clk
Path Type: max

Fanout         Cap        Slew       Delay        Time   Description
---------------------------------------------------------------------------------------------
                      0.150000    0.000000    0.000000   clock clk (rise edge)
                                  0.000000    0.000000   clock network delay (ideal)
                      0.150000    0.000000    0.000000 ^ _156_/CLK (sky130_fd_sc_hd__dfxtp_2)
     2    0.035111    0.138274    0.300396    0.300396 ^ _156_/Q (sky130_fd_sc_hd__dfxtp_2)
                                                         adc_out[3] (net)
                      0.138274    0.000000    0.300396 ^ adc_out[3] (out)
                                              0.300396   data arrival time

                      0.150000  250.000000  250.000000   clock clk (rise edge)
                                  0.000000  250.000000   clock network delay (ideal)
                                 -0.250000  249.750015   clock uncertainty
                                  0.000000  249.750015   clock reconvergence pessimism
                                -50.000000  199.750015   output external delay
                                            199.750015   data required time
---------------------------------------------------------------------------------------------
                                            199.750015   data required time
                                             -0.300396   data arrival time
---------------------------------------------------------------------------------------------
                                            199.449615   slack (MET)


Startpoint: _157_ (rising edge-triggered flip-flop clocked by clk)
Endpoint: adc_out[4] (output port clocked by clk)
Path Group: clk
Path Type: max

Fanout         Cap        Slew       Delay        Time   Description
---------------------------------------------------------------------------------------------
                      0.150000    0.000000    0.000000   clock clk (rise edge)
                                  0.000000    0.000000   clock network delay (ideal)
                      0.150000    0.000000    0.000000 ^ _157_/CLK (sky130_fd_sc_hd__dfxtp_2)
     2    0.035111    0.138274    0.300396    0.300396 ^ _157_/Q (sky130_fd_sc_hd__dfxtp_2)
                                                         adc_out[4] (net)
                      0.138274    0.000000    0.300396 ^ adc_out[4] (out)
                                              0.300396   data arrival time

                      0.150000  250.000000  250.000000   clock clk (rise edge)
                                  0.000000  250.000000   clock network delay (ideal)
                                 -0.250000  249.750015   clock uncertainty
                                  0.000000  249.750015   clock reconvergence pessimism
                                -50.000000  199.750015   output external delay
                                            199.750015   data required time
---------------------------------------------------------------------------------------------
                                            199.750015   data required time
                                             -0.300396   data arrival time
---------------------------------------------------------------------------------------------
                                            199.449615   slack (MET)


Startpoint: _158_ (rising edge-triggered flip-flop clocked by clk)
Endpoint: adc_out[5] (output port clocked by clk)
Path Group: clk
Path Type: max

Fanout         Cap        Slew       Delay        Time   Description
---------------------------------------------------------------------------------------------
                      0.150000    0.000000    0.000000   clock clk (rise edge)
                                  0.000000    0.000000   clock network delay (ideal)
                      0.150000    0.000000    0.000000 ^ _158_/CLK (sky130_fd_sc_hd__dfxtp_2)
     2    0.035111    0.138274    0.300396    0.300396 ^ _158_/Q (sky130_fd_sc_hd__dfxtp_2)
                                                         adc_out[5] (net)
                      0.138274    0.000000    0.300396 ^ adc_out[5] (out)
                                              0.300396   data arrival time

                      0.150000  250.000000  250.000000   clock clk (rise edge)
                                  0.000000  250.000000   clock network delay (ideal)
                                 -0.250000  249.750015   clock uncertainty
                                  0.000000  249.750015   clock reconvergence pessimism
                                -50.000000  199.750015   output external delay
                                            199.750015   data required time
---------------------------------------------------------------------------------------------
                                            199.750015   data required time
                                             -0.300396   data arrival time
---------------------------------------------------------------------------------------------
                                            199.449615   slack (MET)


Startpoint: _159_ (rising edge-triggered flip-flop clocked by clk)
Endpoint: adc_out[6] (output port clocked by clk)
Path Group: clk
Path Type: max

Fanout         Cap        Slew       Delay        Time   Description
---------------------------------------------------------------------------------------------
                      0.150000    0.000000    0.000000   clock clk (rise edge)
                                  0.000000    0.000000   clock network delay (ideal)
                      0.150000    0.000000    0.000000 ^ _159_/CLK (sky130_fd_sc_hd__dfxtp_2)
     2    0.035111    0.138274    0.300396    0.300396 ^ _159_/Q (sky130_fd_sc_hd__dfxtp_2)
                                                         adc_out[6] (net)
                      0.138274    0.000000    0.300396 ^ adc_out[6] (out)
                                              0.300396   data arrival time

                      0.150000  250.000000  250.000000   clock clk (rise edge)
                                  0.000000  250.000000   clock network delay (ideal)
                                 -0.250000  249.750015   clock uncertainty
                                  0.000000  249.750015   clock reconvergence pessimism
                                -50.000000  199.750015   output external delay
                                            199.750015   data required time
---------------------------------------------------------------------------------------------
                                            199.750015   data required time
                                             -0.300396   data arrival time
---------------------------------------------------------------------------------------------
                                            199.449615   slack (MET)


Startpoint: _160_ (rising edge-triggered flip-flop clocked by clk)
Endpoint: adc_out[7] (output port clocked by clk)
Path Group: clk
Path Type: max

Fanout         Cap        Slew       Delay        Time   Description
---------------------------------------------------------------------------------------------
                      0.150000    0.000000    0.000000   clock clk (rise edge)
                                  0.000000    0.000000   clock network delay (ideal)
                      0.150000    0.000000    0.000000 ^ _160_/CLK (sky130_fd_sc_hd__dfxtp_2)
     2    0.035111    0.138274    0.300396    0.300396 ^ _160_/Q (sky130_fd_sc_hd__dfxtp_2)
                                                         adc_out[7] (net)
                      0.138274    0.000000    0.300396 ^ adc_out[7] (out)
                                              0.300396   data arrival time

                      0.150000  250.000000  250.000000   clock clk (rise edge)
                                  0.000000  250.000000   clock network delay (ideal)
                                 -0.250000  249.750015   clock uncertainty
                                  0.000000  249.750015   clock reconvergence pessimism
                                -50.000000  199.750015   output external delay
                                            199.750015   data required time
---------------------------------------------------------------------------------------------
                                            199.750015   data required time
                                             -0.300396   data arrival time
---------------------------------------------------------------------------------------------
                                            199.449615   slack (MET)


Startpoint: rst_n (input port clocked by clk)
Endpoint: _153_ (rising edge-triggered flip-flop clocked by clk)
Path Group: clk
Path Type: max

Fanout         Cap        Slew       Delay        Time   Description
---------------------------------------------------------------------------------------------
                      0.150000    0.000000    0.000000   clock clk (rise edge)
                                  0.000000    0.000000   clock network delay (ideal)
                                 50.000000   50.000000 ^ input external delay
    11    0.027912    0.099454    0.067104   50.067101 ^ rst_n (in)
                                                         rst_n (net)
                      0.099454    0.000000   50.067101 ^ _088_/C1 (sky130_fd_sc_hd__o211a_2)
     1    0.001748    0.025439    0.086533   50.153637 ^ _088_/X (sky130_fd_sc_hd__o211a_2)
                                                         _002_ (net)
                      0.025439    0.000000   50.153637 ^ _153_/D (sky130_fd_sc_hd__dfxtp_2)
                                             50.153637   data arrival time

                      0.150000  250.000000  250.000000   clock clk (rise edge)
                                  0.000000  250.000000   clock network delay (ideal)
                                 -0.250000  249.750015   clock uncertainty
                                  0.000000  249.750015   clock reconvergence pessimism
                                            249.750015 ^ _153_/CLK (sky130_fd_sc_hd__dfxtp_2)
                                 -0.027128  249.722900   library setup time
                                            249.722900   data required time
---------------------------------------------------------------------------------------------
                                            249.722900   data required time
                                            -50.153637   data arrival time
---------------------------------------------------------------------------------------------
                                            199.569260   slack (MET)


Startpoint: rst_n (input port clocked by clk)
Endpoint: _154_ (rising edge-triggered flip-flop clocked by clk)
Path Group: clk
Path Type: max

Fanout         Cap        Slew       Delay        Time   Description
---------------------------------------------------------------------------------------------
                      0.150000    0.000000    0.000000   clock clk (rise edge)
                                  0.000000    0.000000   clock network delay (ideal)
                                 50.000000   50.000000 ^ input external delay
    11    0.027912    0.099454    0.067104   50.067101 ^ rst_n (in)
                                                         rst_n (net)
                      0.099454    0.000000   50.067101 ^ _090_/C1 (sky130_fd_sc_hd__o211a_2)
     1    0.001748    0.025291    0.086533   50.153637 ^ _090_/X (sky130_fd_sc_hd__o211a_2)
                                                         _003_ (net)
                      0.025291    0.000000   50.153637 ^ _154_/D (sky130_fd_sc_hd__dfxtp_2)
                                             50.153637   data arrival time

                      0.150000  250.000000  250.000000   clock clk (rise edge)
                                  0.000000  250.000000   clock network delay (ideal)
                                 -0.250000  249.750015   clock uncertainty
                                  0.000000  249.750015   clock reconvergence pessimism
                                            249.750015 ^ _154_/CLK (sky130_fd_sc_hd__dfxtp_2)
                                 -0.027114  249.722900   library setup time
                                            249.722900   data required time
---------------------------------------------------------------------------------------------
                                            249.722900   data required time
                                            -50.153637   data arrival time
---------------------------------------------------------------------------------------------
                                            199.569260   slack (MET)


Startpoint: rst_n (input port clocked by clk)
Endpoint: _155_ (rising edge-triggered flip-flop clocked by clk)
Path Group: clk
Path Type: max

Fanout         Cap        Slew       Delay        Time   Description
---------------------------------------------------------------------------------------------
                      0.150000    0.000000    0.000000   clock clk (rise edge)
                                  0.000000    0.000000   clock network delay (ideal)
                                 50.000000   50.000000 ^ input external delay
    11    0.027912    0.099454    0.067104   50.067101 ^ rst_n (in)
                                                         rst_n (net)
                      0.099454    0.000000   50.067101 ^ _092_/C1 (sky130_fd_sc_hd__o211a_2)
     1    0.001748    0.025434    0.086533   50.153637 ^ _092_/X (sky130_fd_sc_hd__o211a_2)
                                                         _004_ (net)
                      0.025434    0.000000   50.153637 ^ _155_/D (sky130_fd_sc_hd__dfxtp_2)
                                             50.153637   data arrival time

                      0.150000  250.000000  250.000000   clock clk (rise edge)
                                  0.000000  250.000000   clock network delay (ideal)
                                 -0.250000  249.750015   clock uncertainty
                                  0.000000  249.750015   clock reconvergence pessimism
                                            249.750015 ^ _155_/CLK (sky130_fd_sc_hd__dfxtp_2)
                                 -0.027127  249.722900   library setup time
                                            249.722900   data required time
---------------------------------------------------------------------------------------------
                                            249.722900   data required time
                                            -50.153637   data arrival time
---------------------------------------------------------------------------------------------
                                            199.569260   slack (MET)


Startpoint: rst_n (input port clocked by clk)
Endpoint: _156_ (rising edge-triggered flip-flop clocked by clk)
Path Group: clk
Path Type: max

Fanout         Cap        Slew       Delay        Time   Description
---------------------------------------------------------------------------------------------
                      0.150000    0.000000    0.000000   clock clk (rise edge)
                                  0.000000    0.000000   clock network delay (ideal)
                                 50.000000   50.000000 ^ input external delay
    11    0.027912    0.099454    0.067104   50.067101 ^ rst_n (in)
                                                         rst_n (net)
                      0.099454    0.000000   50.067101 ^ _094_/C1 (sky130_fd_sc_hd__o211a_2)
     1    0.001748    0.025291    0.086533   50.153637 ^ _094_/X (sky130_fd_sc_hd__o211a_2)
                                                         _005_ (net)
                      0.025291    0.000000   50.153637 ^ _156_/D (sky130_fd_sc_hd__dfxtp_2)
                                             50.153637   data arrival time

                      0.150000  250.000000  250.000000   clock clk (rise edge)
                                  0.000000  250.000000   clock network delay (ideal)
                                 -0.250000  249.750015   clock uncertainty
                                  0.000000  249.750015   clock reconvergence pessimism
                                            249.750015 ^ _156_/CLK (sky130_fd_sc_hd__dfxtp_2)
                                 -0.027114  249.722900   library setup time
                                            249.722900   data required time
---------------------------------------------------------------------------------------------
                                            249.722900   data required time
                                            -50.153637   data arrival time
---------------------------------------------------------------------------------------------
                                            199.569260   slack (MET)


Startpoint: rst_n (input port clocked by clk)
Endpoint: _157_ (rising edge-triggered flip-flop clocked by clk)
Path Group: clk
Path Type: max

Fanout         Cap        Slew       Delay        Time   Description
---------------------------------------------------------------------------------------------
                      0.150000    0.000000    0.000000   clock clk (rise edge)
                                  0.000000    0.000000   clock network delay (ideal)
                                 50.000000   50.000000 ^ input external delay
    11    0.027912    0.099454    0.067104   50.067101 ^ rst_n (in)
                                                         rst_n (net)
                      0.099454    0.000000   50.067101 ^ _096_/C1 (sky130_fd_sc_hd__o211a_2)
     1    0.001748    0.025291    0.086533   50.153637 ^ _096_/X (sky130_fd_sc_hd__o211a_2)
                                                         _006_ (net)
                      0.025291    0.000000   50.153637 ^ _157_/D (sky130_fd_sc_hd__dfxtp_2)
                                             50.153637   data arrival time

                      0.150000  250.000000  250.000000   clock clk (rise edge)
                                  0.000000  250.000000   clock network delay (ideal)
                                 -0.250000  249.750015   clock uncertainty
                                  0.000000  249.750015   clock reconvergence pessimism
                                            249.750015 ^ _157_/CLK (sky130_fd_sc_hd__dfxtp_2)
                                 -0.027114  249.722900   library setup time
                                            249.722900   data required time
---------------------------------------------------------------------------------------------
                                            249.722900   data required time
                                            -50.153637   data arrival time
---------------------------------------------------------------------------------------------
                                            199.569260   slack (MET)


Startpoint: rst_n (input port clocked by clk)
Endpoint: _158_ (rising edge-triggered flip-flop clocked by clk)
Path Group: clk
Path Type: max

Fanout         Cap        Slew       Delay        Time   Description
---------------------------------------------------------------------------------------------
                      0.150000    0.000000    0.000000   clock clk (rise edge)
                                  0.000000    0.000000   clock network delay (ideal)
                                 50.000000   50.000000 ^ input external delay
    11    0.027912    0.099454    0.067104   50.067101 ^ rst_n (in)
                                                         rst_n (net)
                      0.099454    0.000000   50.067101 ^ _098_/C1 (sky130_fd_sc_hd__o211a_2)
     1    0.001748    0.025291    0.086533   50.153637 ^ _098_/X (sky130_fd_sc_hd__o211a_2)
                                                         _007_ (net)
                      0.025291    0.000000   50.153637 ^ _158_/D (sky130_fd_sc_hd__dfxtp_2)
                                             50.153637   data arrival time

                      0.150000  250.000000  250.000000   clock clk (rise edge)
                                  0.000000  250.000000   clock network delay (ideal)
                                 -0.250000  249.750015   clock uncertainty
                                  0.000000  249.750015   clock reconvergence pessimism
                                            249.750015 ^ _158_/CLK (sky130_fd_sc_hd__dfxtp_2)
                                 -0.027114  249.722900   library setup time
                                            249.722900   data required time
---------------------------------------------------------------------------------------------
                                            249.722900   data required time
                                            -50.153637   data arrival time
---------------------------------------------------------------------------------------------
                                            199.569260   slack (MET)


Startpoint: rst_n (input port clocked by clk)
Endpoint: _159_ (rising edge-triggered flip-flop clocked by clk)
Path Group: clk
Path Type: max

Fanout         Cap        Slew       Delay        Time   Description
---------------------------------------------------------------------------------------------
                      0.150000    0.000000    0.000000   clock clk (rise edge)
                                  0.000000    0.000000   clock network delay (ideal)
                                 50.000000   50.000000 ^ input external delay
    11    0.027912    0.099454    0.067104   50.067101 ^ rst_n (in)
                                                         rst_n (net)
                      0.099454    0.000000   50.067101 ^ _100_/C1 (sky130_fd_sc_hd__o211a_2)
     1    0.001748    0.025434    0.086533   50.153637 ^ _100_/X (sky130_fd_sc_hd__o211a_2)
                                                         _008_ (net)
                      0.025434    0.000000   50.153637 ^ _159_/D (sky130_fd_sc_hd__dfxtp_2)
                                             50.153637   data arrival time

                      0.150000  250.000000  250.000000   clock clk (rise edge)
                                  0.000000  250.000000   clock network delay (ideal)
                                 -0.250000  249.750015   clock uncertainty
                                  0.000000  249.750015   clock reconvergence pessimism
                                            249.750015 ^ _159_/CLK (sky130_fd_sc_hd__dfxtp_2)
                                 -0.027127  249.722900   library setup time
                                            249.722900   data required time
---------------------------------------------------------------------------------------------
                                            249.722900   data required time
                                            -50.153637   data arrival time
---------------------------------------------------------------------------------------------
                                            199.569260   slack (MET)


Startpoint: rst_n (input port clocked by clk)
Endpoint: _160_ (rising edge-triggered flip-flop clocked by clk)
Path Group: clk
Path Type: max

Fanout         Cap        Slew       Delay        Time   Description
---------------------------------------------------------------------------------------------
                      0.150000    0.000000    0.000000   clock clk (rise edge)
                                  0.000000    0.000000   clock network delay (ideal)
                                 50.000000   50.000000 ^ input external delay
    11    0.027912    0.099454    0.067104   50.067101 ^ rst_n (in)
                                                         rst_n (net)
                      0.099454    0.000000   50.067101 ^ _102_/C1 (sky130_fd_sc_hd__o211a_2)
     1    0.001748    0.025291    0.086533   50.153637 ^ _102_/X (sky130_fd_sc_hd__o211a_2)
                                                         _009_ (net)
                      0.025291    0.000000   50.153637 ^ _160_/D (sky130_fd_sc_hd__dfxtp_2)
                                             50.153637   data arrival time

                      0.150000  250.000000  250.000000   clock clk (rise edge)
                                  0.000000  250.000000   clock network delay (ideal)
                                 -0.250000  249.750015   clock uncertainty
                                  0.000000  249.750015   clock reconvergence pessimism
                                            249.750015 ^ _160_/CLK (sky130_fd_sc_hd__dfxtp_2)
                                 -0.027114  249.722900   library setup time
                                            249.722900   data required time
---------------------------------------------------------------------------------------------
                                            249.722900   data required time
                                            -50.153637   data arrival time
---------------------------------------------------------------------------------------------
                                            199.569260   slack (MET)



