
===========================================================================
report_checks -path_delay max (Setup)
============================================================================
======================= nom_ss_100C_1v60 Corner ===================================

Startpoint: _152_ (rising edge-triggered flip-flop clocked by clk')
Endpoint: comparator_clk (output port clocked by clk)
Path Group: clk
Path Type: max

Fanout         Cap        Slew       Delay        Time   Description
---------------------------------------------------------------------------------------------
                      0.150000  125.000000  125.000000   clock clk' (rise edge)
                                  0.000000  125.000000   clock network delay (ideal)
                      0.150000    0.000000  125.000000 ^ _152_/CLK (sky130_fd_sc_hd__dfxtp_2)
    12    0.060387    0.485406    1.000927  126.000931 ^ _152_/Q (sky130_fd_sc_hd__dfxtp_2)
                                                         comparator_clk (net)
                      0.485406    0.000000  126.000931 ^ comparator_clk (out)
                                            126.000931   data arrival time

                      0.150000  250.000000  250.000000   clock clk (rise edge)
                                  0.000000  250.000000   clock network delay (ideal)
                                 -0.250000  249.750015   clock uncertainty
                                  0.000000  249.750015   clock reconvergence pessimism
                                -50.000000  199.750015   output external delay
                                            199.750015   data required time
---------------------------------------------------------------------------------------------
                                            199.750015   data required time
                                           -126.000931   data arrival time
---------------------------------------------------------------------------------------------
                                             73.749077   slack (MET)


Startpoint: rst_n (input port clocked by clk)
Endpoint: _152_ (rising edge-triggered flip-flop clocked by clk')
Path Group: clk
Path Type: max

Fanout         Cap        Slew       Delay        Time   Description
---------------------------------------------------------------------------------------------
                      0.150000    0.000000    0.000000   clock clk (rise edge)
                                  0.000000    0.000000   clock network delay (ideal)
                                 50.000000   50.000000 v input external delay
    11    0.026008    0.114799    0.079876   50.079876 v rst_n (in)
                                                         rst_n (net)
                      0.114799    0.000000   50.079876 v _084_/B (sky130_fd_sc_hd__and2b_2)
     1    0.001577    0.063060    0.407102   50.486977 v _084_/X (sky130_fd_sc_hd__and2b_2)
                                                         _001_ (net)
                      0.063060    0.000000   50.486977 v _152_/D (sky130_fd_sc_hd__dfxtp_2)
                                             50.486977   data arrival time

                      0.150000  125.000000  125.000000   clock clk' (rise edge)
                                  0.000000  125.000000   clock network delay (ideal)
                                 -0.250000  124.750008   clock uncertainty
                                  0.000000  124.750008   clock reconvergence pessimism
                                            124.750008 ^ _152_/CLK (sky130_fd_sc_hd__dfxtp_2)
                                 -0.249839  124.500168   library setup time
                                            124.500168   data required time
---------------------------------------------------------------------------------------------
                                            124.500168   data required time
                                            -50.486977   data arrival time
---------------------------------------------------------------------------------------------
                                             74.013191   slack (MET)


Startpoint: _152_ (rising edge-triggered flip-flop clocked by clk')
Endpoint: _162_ (rising edge-triggered flip-flop clocked by clk)
Path Group: clk
Path Type: max

Fanout         Cap        Slew       Delay        Time   Description
---------------------------------------------------------------------------------------------
                      0.150000  125.000000  125.000000   clock clk' (rise edge)
                                  0.000000  125.000000   clock network delay (ideal)
                      0.150000    0.000000  125.000000 ^ _152_/CLK (sky130_fd_sc_hd__dfxtp_2)
    12    0.060387    0.485406    1.000927  126.000931 ^ _152_/Q (sky130_fd_sc_hd__dfxtp_2)
                                                         comparator_clk (net)
                      0.485406    0.000000  126.000931 ^ _105_/A (sky130_fd_sc_hd__nand2_2)
     5    0.008170    0.152948    0.243347  126.244278 v _105_/Y (sky130_fd_sc_hd__nand2_2)
                                                         _061_ (net)
                      0.152948    0.000000  126.244278 v _118_/D (sky130_fd_sc_hd__or4_2)
     1    0.004223    0.231625    1.343338  127.587616 v _118_/X (sky130_fd_sc_hd__or4_2)
                                                         _023_ (net)
                      0.231625    0.000000  127.587616 v _120_/A2 (sky130_fd_sc_hd__a31oi_2)
     1    0.001537    0.155927    0.298471  127.886086 ^ _120_/Y (sky130_fd_sc_hd__a31oi_2)
                                                         _011_ (net)
                      0.155927    0.000000  127.886086 ^ _162_/D (sky130_fd_sc_hd__dfxtp_2)
                                            127.886086   data arrival time

                      0.150000  250.000000  250.000000   clock clk (rise edge)
                                  0.000000  250.000000   clock network delay (ideal)
                                 -0.250000  249.750015   clock uncertainty
                                  0.000000  249.750015   clock reconvergence pessimism
                                            249.750015 ^ _162_/CLK (sky130_fd_sc_hd__dfxtp_2)
                                 -0.149630  249.600372   library setup time
                                            249.600372   data required time
---------------------------------------------------------------------------------------------
                                            249.600372   data required time
                                           -127.886086   data arrival time
---------------------------------------------------------------------------------------------
                                            121.714279   slack (MET)


Startpoint: _152_ (rising edge-triggered flip-flop clocked by clk')
Endpoint: _166_ (rising edge-triggered flip-flop clocked by clk)
Path Group: clk
Path Type: max

Fanout         Cap        Slew       Delay        Time   Description
---------------------------------------------------------------------------------------------
                      0.150000  125.000000  125.000000   clock clk' (rise edge)
                                  0.000000  125.000000   clock network delay (ideal)
                      0.150000    0.000000  125.000000 ^ _152_/CLK (sky130_fd_sc_hd__dfxtp_2)
    12    0.060387    0.485406    1.000927  126.000931 ^ _152_/Q (sky130_fd_sc_hd__dfxtp_2)
                                                         comparator_clk (net)
                      0.485406    0.000000  126.000931 ^ _105_/A (sky130_fd_sc_hd__nand2_2)
     5    0.008170    0.152948    0.243347  126.244278 v _105_/Y (sky130_fd_sc_hd__nand2_2)
                                                         _061_ (net)
                      0.152948    0.000000  126.244278 v _135_/D (sky130_fd_sc_hd__or4_2)
     1    0.004223    0.231637    1.343338  127.587616 v _135_/X (sky130_fd_sc_hd__or4_2)
                                                         _036_ (net)
                      0.231637    0.000000  127.587616 v _137_/A2 (sky130_fd_sc_hd__a31oi_2)
     1    0.001537    0.155909    0.298471  127.886086 ^ _137_/Y (sky130_fd_sc_hd__a31oi_2)
                                                         _015_ (net)
                      0.155909    0.000000  127.886086 ^ _166_/D (sky130_fd_sc_hd__dfxtp_2)
                                            127.886086   data arrival time

                      0.150000  250.000000  250.000000   clock clk (rise edge)
                                  0.000000  250.000000   clock network delay (ideal)
                                 -0.250000  249.750015   clock uncertainty
                                  0.000000  249.750015   clock reconvergence pessimism
                                            249.750015 ^ _166_/CLK (sky130_fd_sc_hd__dfxtp_2)
                                 -0.149625  249.600403   library setup time
                                            249.600403   data required time
---------------------------------------------------------------------------------------------
                                            249.600403   data required time
                                           -127.886086   data arrival time
---------------------------------------------------------------------------------------------
                                            121.714310   slack (MET)


Startpoint: _152_ (rising edge-triggered flip-flop clocked by clk')
Endpoint: _163_ (rising edge-triggered flip-flop clocked by clk)
Path Group: clk
Path Type: max

Fanout         Cap        Slew       Delay        Time   Description
---------------------------------------------------------------------------------------------
                      0.150000  125.000000  125.000000   clock clk' (rise edge)
                                  0.000000  125.000000   clock network delay (ideal)
                      0.150000    0.000000  125.000000 ^ _152_/CLK (sky130_fd_sc_hd__dfxtp_2)
    12    0.060387    0.485406    1.000927  126.000931 ^ _152_/Q (sky130_fd_sc_hd__dfxtp_2)
                                                         comparator_clk (net)
                      0.485406    0.000000  126.000931 ^ _105_/A (sky130_fd_sc_hd__nand2_2)
     5    0.008170    0.152948    0.243347  126.244278 v _105_/Y (sky130_fd_sc_hd__nand2_2)
                                                         _061_ (net)
                      0.152948    0.000000  126.244278 v _121_/A4 (sky130_fd_sc_hd__o41a_2)
     1    0.002279    0.104878    0.744009  126.988289 v _121_/X (sky130_fd_sc_hd__o41a_2)
                                                         _025_ (net)
                      0.104878    0.000000  126.988289 v _125_/A1 (sky130_fd_sc_hd__o31a_2)
     1    0.001577    0.081336    0.645144  127.633430 v _125_/X (sky130_fd_sc_hd__o31a_2)
                                                         _012_ (net)
                      0.081336    0.000000  127.633430 v _163_/D (sky130_fd_sc_hd__dfxtp_2)
                                            127.633430   data arrival time

                      0.150000  250.000000  250.000000   clock clk (rise edge)
                                  0.000000  250.000000   clock network delay (ideal)
                                 -0.250000  249.750015   clock uncertainty
                                  0.000000  249.750015   clock reconvergence pessimism
                                            249.750015 ^ _163_/CLK (sky130_fd_sc_hd__dfxtp_2)
                                 -0.257427  249.492599   library setup time
                                            249.492599   data required time
---------------------------------------------------------------------------------------------
                                            249.492599   data required time
                                           -127.633430   data arrival time
---------------------------------------------------------------------------------------------
                                            121.859161   slack (MET)


Startpoint: _152_ (rising edge-triggered flip-flop clocked by clk')
Endpoint: _167_ (rising edge-triggered flip-flop clocked by clk)
Path Group: clk
Path Type: max

Fanout         Cap        Slew       Delay        Time   Description
---------------------------------------------------------------------------------------------
                      0.150000  125.000000  125.000000   clock clk' (rise edge)
                                  0.000000  125.000000   clock network delay (ideal)
                      0.150000    0.000000  125.000000 ^ _152_/CLK (sky130_fd_sc_hd__dfxtp_2)
    12    0.060387    0.485406    1.000927  126.000931 ^ _152_/Q (sky130_fd_sc_hd__dfxtp_2)
                                                         comparator_clk (net)
                      0.485406    0.000000  126.000931 ^ _105_/A (sky130_fd_sc_hd__nand2_2)
     5    0.008170    0.152948    0.243347  126.244278 v _105_/Y (sky130_fd_sc_hd__nand2_2)
                                                         _061_ (net)
                      0.152948    0.000000  126.244278 v _138_/A4 (sky130_fd_sc_hd__o41a_2)
     1    0.002279    0.104878    0.744009  126.988289 v _138_/X (sky130_fd_sc_hd__o41a_2)
                                                         _038_ (net)
                      0.104878    0.000000  126.988289 v _141_/A1 (sky130_fd_sc_hd__o31a_2)
     1    0.001577    0.081605    0.645144  127.633430 v _141_/X (sky130_fd_sc_hd__o31a_2)
                                                         _016_ (net)
                      0.081605    0.000000  127.633430 v _167_/D (sky130_fd_sc_hd__dfxtp_2)
                                            127.633430   data arrival time

                      0.150000  250.000000  250.000000   clock clk (rise edge)
                                  0.000000  250.000000   clock network delay (ideal)
                                 -0.250000  249.750015   clock uncertainty
                                  0.000000  249.750015   clock reconvergence pessimism
                                            249.750015 ^ _167_/CLK (sky130_fd_sc_hd__dfxtp_2)
                                 -0.257538  249.492477   library setup time
                                            249.492477   data required time
---------------------------------------------------------------------------------------------
                                            249.492477   data required time
                                           -127.633430   data arrival time
---------------------------------------------------------------------------------------------
                                            121.859047   slack (MET)


Startpoint: _152_ (rising edge-triggered flip-flop clocked by clk')
Endpoint: _165_ (rising edge-triggered flip-flop clocked by clk)
Path Group: clk
Path Type: max

Fanout         Cap        Slew       Delay        Time   Description
---------------------------------------------------------------------------------------------
                      0.150000  125.000000  125.000000   clock clk' (rise edge)
                                  0.000000  125.000000   clock network delay (ideal)
                      0.150000    0.000000  125.000000 ^ _152_/CLK (sky130_fd_sc_hd__dfxtp_2)
    12    0.060387    0.485406    1.000927  126.000931 ^ _152_/Q (sky130_fd_sc_hd__dfxtp_2)
                                                         comparator_clk (net)
                      0.485406    0.000000  126.000931 ^ _107_/A (sky130_fd_sc_hd__nand3_2)
     3    0.007106    0.191142    0.282796  126.283730 v _107_/Y (sky130_fd_sc_hd__nand3_2)
                                                         _063_ (net)
                      0.191142    0.000000  126.283730 v _130_/B (sky130_fd_sc_hd__or3b_2)
     1    0.004401    0.176157    1.086008  127.369736 v _130_/X (sky130_fd_sc_hd__or3b_2)
                                                         _032_ (net)
                      0.176157    0.000000  127.369736 v _133_/A1 (sky130_fd_sc_hd__a31oi_2)
     1    0.001537    0.155874    0.226763  127.596497 ^ _133_/Y (sky130_fd_sc_hd__a31oi_2)
                                                         _014_ (net)
                      0.155874    0.000000  127.596497 ^ _165_/D (sky130_fd_sc_hd__dfxtp_2)
                                            127.596497   data arrival time

                      0.150000  250.000000  250.000000   clock clk (rise edge)
                                  0.000000  250.000000   clock network delay (ideal)
                                 -0.250000  249.750015   clock uncertainty
                                  0.000000  249.750015   clock reconvergence pessimism
                                            249.750015 ^ _165_/CLK (sky130_fd_sc_hd__dfxtp_2)
                                 -0.149616  249.600403   library setup time
                                            249.600403   data required time
---------------------------------------------------------------------------------------------
                                            249.600403   data required time
                                           -127.596497   data arrival time
---------------------------------------------------------------------------------------------
                                            122.003899   slack (MET)


Startpoint: _152_ (rising edge-triggered flip-flop clocked by clk')
Endpoint: _168_ (rising edge-triggered flip-flop clocked by clk)
Path Group: clk
Path Type: max

Fanout         Cap        Slew       Delay        Time   Description
---------------------------------------------------------------------------------------------
                      0.150000  125.000000  125.000000   clock clk' (rise edge)
                                  0.000000  125.000000   clock network delay (ideal)
                      0.150000    0.000000  125.000000 ^ _152_/CLK (sky130_fd_sc_hd__dfxtp_2)
    12    0.060387    0.485406    1.000927  126.000931 ^ _152_/Q (sky130_fd_sc_hd__dfxtp_2)
                                                         comparator_clk (net)
                      0.485406    0.000000  126.000931 ^ _122_/C_N (sky130_fd_sc_hd__nor3b_2)
     5    0.014945    0.489978    0.656272  126.657204 ^ _122_/Y (sky130_fd_sc_hd__nor3b_2)
                                                         _026_ (net)
                      0.489978    0.000000  126.657204 ^ _142_/A1 (sky130_fd_sc_hd__a21oi_2)
     1    0.002258    0.111049    0.217241  126.874443 v _142_/Y (sky130_fd_sc_hd__a21oi_2)
                                                         _041_ (net)
                      0.111049    0.000000  126.874443 v _143_/B1 (sky130_fd_sc_hd__a211o_2)
     1    0.001577    0.074040    0.568846  127.443291 v _143_/X (sky130_fd_sc_hd__a211o_2)
                                                         _017_ (net)
                      0.074040    0.000000  127.443291 v _168_/D (sky130_fd_sc_hd__dfxtp_2)
                                            127.443291   data arrival time

                      0.150000  250.000000  250.000000   clock clk (rise edge)
                                  0.000000  250.000000   clock network delay (ideal)
                                 -0.250000  249.750015   clock uncertainty
                                  0.000000  249.750015   clock reconvergence pessimism
                                            249.750015 ^ _168_/CLK (sky130_fd_sc_hd__dfxtp_2)
                                 -0.254398  249.495605   library setup time
                                            249.495605   data required time
---------------------------------------------------------------------------------------------
                                            249.495605   data required time
                                           -127.443291   data arrival time
---------------------------------------------------------------------------------------------
                                            122.052315   slack (MET)


Startpoint: _152_ (rising edge-triggered flip-flop clocked by clk')
Endpoint: _164_ (rising edge-triggered flip-flop clocked by clk)
Path Group: clk
Path Type: max

Fanout         Cap        Slew       Delay        Time   Description
---------------------------------------------------------------------------------------------
                      0.150000  125.000000  125.000000   clock clk' (rise edge)
                                  0.000000  125.000000   clock network delay (ideal)
                      0.150000    0.000000  125.000000 ^ _152_/CLK (sky130_fd_sc_hd__dfxtp_2)
    12    0.060387    0.485406    1.000927  126.000931 ^ _152_/Q (sky130_fd_sc_hd__dfxtp_2)
                                                         comparator_clk (net)
                      0.485406    0.000000  126.000931 ^ _122_/C_N (sky130_fd_sc_hd__nor3b_2)
     5    0.014945    0.489978    0.656272  126.657204 ^ _122_/Y (sky130_fd_sc_hd__nor3b_2)
                                                         _026_ (net)
                      0.489978    0.000000  126.657204 ^ _126_/A2 (sky130_fd_sc_hd__a21oi_2)
     1    0.002254    0.093078    0.226095  126.883293 v _126_/Y (sky130_fd_sc_hd__a21oi_2)
                                                         _029_ (net)
                      0.093078    0.000000  126.883293 v _129_/A1 (sky130_fd_sc_hd__o21a_2)
     1    0.001577    0.052459    0.378876  127.262169 v _129_/X (sky130_fd_sc_hd__o21a_2)
                                                         _013_ (net)
                      0.052459    0.000000  127.262169 v _164_/D (sky130_fd_sc_hd__dfxtp_2)
                                            127.262169   data arrival time

                      0.150000  250.000000  250.000000   clock clk (rise edge)
                                  0.000000  250.000000   clock network delay (ideal)
                                 -0.250000  249.750015   clock uncertainty
                                  0.000000  249.750015   clock reconvergence pessimism
                                            249.750015 ^ _164_/CLK (sky130_fd_sc_hd__dfxtp_2)
                                 -0.245438  249.504562   library setup time
                                            249.504562   data required time
---------------------------------------------------------------------------------------------
                                            249.504562   data required time
                                           -127.262169   data arrival time
---------------------------------------------------------------------------------------------
                                            122.242386   slack (MET)


Startpoint: _152_ (rising edge-triggered flip-flop clocked by clk')
Endpoint: _161_ (rising edge-triggered flip-flop clocked by clk)
Path Group: clk
Path Type: max

Fanout         Cap        Slew       Delay        Time   Description
---------------------------------------------------------------------------------------------
                      0.150000  125.000000  125.000000   clock clk' (rise edge)
                                  0.000000  125.000000   clock network delay (ideal)
                      0.150000    0.000000  125.000000 ^ _152_/CLK (sky130_fd_sc_hd__dfxtp_2)
    12    0.060387    0.485406    1.000927  126.000931 ^ _152_/Q (sky130_fd_sc_hd__dfxtp_2)
                                                         comparator_clk (net)
                      0.485406    0.000000  126.000931 ^ _109_/A (sky130_fd_sc_hd__nand4_2)
     4    0.009230    0.269495    0.355016  126.355949 v _109_/Y (sky130_fd_sc_hd__nand4_2)
                                                         _065_ (net)
                      0.269495    0.000000  126.355949 v _111_/A2 (sky130_fd_sc_hd__o21a_2)
     1    0.002254    0.056492    0.433005  126.788948 v _111_/X (sky130_fd_sc_hd__o21a_2)
                                                         _067_ (net)
                      0.056492    0.000000  126.788948 v _115_/A1 (sky130_fd_sc_hd__o21a_2)
     1    0.001577    0.052459    0.362931  127.151878 v _115_/X (sky130_fd_sc_hd__o21a_2)
                                                         _010_ (net)
                      0.052459    0.000000  127.151878 v _161_/D (sky130_fd_sc_hd__dfxtp_2)
                                            127.151878   data arrival time

                      0.150000  250.000000  250.000000   clock clk (rise edge)
                                  0.000000  250.000000   clock network delay (ideal)
                                 -0.250000  249.750015   clock uncertainty
                                  0.000000  249.750015   clock reconvergence pessimism
                                            249.750015 ^ _161_/CLK (sky130_fd_sc_hd__dfxtp_2)
                                 -0.245437  249.504562   library setup time
                                            249.504562   data required time
---------------------------------------------------------------------------------------------
                                            249.504562   data required time
                                           -127.151878   data arrival time
---------------------------------------------------------------------------------------------
                                            122.352676   slack (MET)


Startpoint: _152_ (rising edge-triggered flip-flop clocked by clk')
Endpoint: _172_ (rising edge-triggered flip-flop clocked by clk)
Path Group: clk
Path Type: max

Fanout         Cap        Slew       Delay        Time   Description
---------------------------------------------------------------------------------------------
                      0.150000  125.000000  125.000000   clock clk' (rise edge)
                                  0.000000  125.000000   clock network delay (ideal)
                      0.150000    0.000000  125.000000 ^ _152_/CLK (sky130_fd_sc_hd__dfxtp_2)
    12    0.060387    0.485406    1.000927  126.000931 ^ _152_/Q (sky130_fd_sc_hd__dfxtp_2)
                                                         comparator_clk (net)
                      0.485406    0.000000  126.000931 ^ _109_/A (sky130_fd_sc_hd__nand4_2)
     4    0.009230    0.269495    0.355016  126.355949 v _109_/Y (sky130_fd_sc_hd__nand4_2)
                                                         _065_ (net)
                      0.269495    0.000000  126.355949 v _110_/B (sky130_fd_sc_hd__or2_2)
     1    0.004334    0.122255    0.712575  127.068520 v _110_/X (sky130_fd_sc_hd__or2_2)
                                                         _066_ (net)
                      0.122255    0.000000  127.068520 v _151_/A1 (sky130_fd_sc_hd__a21oi_2)
     1    0.001537    0.111524    0.182311  127.250832 ^ _151_/Y (sky130_fd_sc_hd__a21oi_2)
                                                         _021_ (net)
                      0.111524    0.000000  127.250832 ^ _172_/D (sky130_fd_sc_hd__dfxtp_2)
                                            127.250832   data arrival time

                      0.150000  250.000000  250.000000   clock clk (rise edge)
                                  0.000000  250.000000   clock network delay (ideal)
                                 -0.250000  249.750015   clock uncertainty
                                  0.000000  249.750015   clock reconvergence pessimism
                                            249.750015 ^ _172_/CLK (sky130_fd_sc_hd__dfxtp_2)
                                 -0.138027  249.612000   library setup time
                                            249.612000   data required time
---------------------------------------------------------------------------------------------
                                            249.612000   data required time
                                           -127.250832   data arrival time
---------------------------------------------------------------------------------------------
                                            122.361160   slack (MET)


Startpoint: _152_ (rising edge-triggered flip-flop clocked by clk')
Endpoint: _169_ (rising edge-triggered flip-flop clocked by clk)
Path Group: clk
Path Type: max

Fanout         Cap        Slew       Delay        Time   Description
---------------------------------------------------------------------------------------------
                      0.150000  125.000000  125.000000   clock clk' (rise edge)
                                  0.000000  125.000000   clock network delay (ideal)
                      0.150000    0.000000  125.000000 ^ _152_/CLK (sky130_fd_sc_hd__dfxtp_2)
    12    0.059167    0.259505    0.828720  125.828720 v _152_/Q (sky130_fd_sc_hd__dfxtp_2)
                                                         comparator_clk (net)
                      0.259505    0.000000  125.828720 v _144_/A (sky130_fd_sc_hd__or2_2)
     1    0.001404    0.101716    0.714195  126.542915 v _144_/X (sky130_fd_sc_hd__or2_2)
                                                         _042_ (net)
                      0.101716    0.000000  126.542915 v _145_/C (sky130_fd_sc_hd__and3_2)
     1    0.001577    0.065323    0.431442  126.974358 v _145_/X (sky130_fd_sc_hd__and3_2)
                                                         _018_ (net)
                      0.065323    0.000000  126.974358 v _169_/D (sky130_fd_sc_hd__dfxtp_2)
                                            126.974358   data arrival time

                      0.150000  250.000000  250.000000   clock clk (rise edge)
                                  0.000000  250.000000   clock network delay (ideal)
                                 -0.250000  249.750015   clock uncertainty
                                  0.000000  249.750015   clock reconvergence pessimism
                                            249.750015 ^ _169_/CLK (sky130_fd_sc_hd__dfxtp_2)
                                 -0.250778  249.499237   library setup time
                                            249.499237   data required time
---------------------------------------------------------------------------------------------
                                            249.499237   data required time
                                           -126.974358   data arrival time
---------------------------------------------------------------------------------------------
                                            122.524887   slack (MET)


Startpoint: _152_ (rising edge-triggered flip-flop clocked by clk')
Endpoint: _171_ (rising edge-triggered flip-flop clocked by clk)
Path Group: clk
Path Type: max

Fanout         Cap        Slew       Delay        Time   Description
---------------------------------------------------------------------------------------------
                      0.150000  125.000000  125.000000   clock clk' (rise edge)
                                  0.000000  125.000000   clock network delay (ideal)
                      0.150000    0.000000  125.000000 ^ _152_/CLK (sky130_fd_sc_hd__dfxtp_2)
    12    0.060387    0.485406    1.000927  126.000931 ^ _152_/Q (sky130_fd_sc_hd__dfxtp_2)
                                                         comparator_clk (net)
                      0.485406    0.000000  126.000931 ^ _109_/A (sky130_fd_sc_hd__nand4_2)
     4    0.009230    0.269495    0.355016  126.355949 v _109_/Y (sky130_fd_sc_hd__nand4_2)
                                                         _065_ (net)
                      0.269495    0.000000  126.355949 v _149_/B (sky130_fd_sc_hd__and3_2)
     1    0.001577    0.066004    0.485642  126.841591 v _149_/X (sky130_fd_sc_hd__and3_2)
                                                         _020_ (net)
                      0.066004    0.000000  126.841591 v _171_/D (sky130_fd_sc_hd__dfxtp_2)
                                            126.841591   data arrival time

                      0.150000  250.000000  250.000000   clock clk (rise edge)
                                  0.000000  250.000000   clock network delay (ideal)
                                 -0.250000  249.750015   clock uncertainty
                                  0.000000  249.750015   clock reconvergence pessimism
                                            249.750015 ^ _171_/CLK (sky130_fd_sc_hd__dfxtp_2)
                                 -0.251061  249.498962   library setup time
                                            249.498962   data required time
---------------------------------------------------------------------------------------------
                                            249.498962   data required time
                                           -126.841591   data arrival time
---------------------------------------------------------------------------------------------
                                            122.657372   slack (MET)


Startpoint: _152_ (rising edge-triggered flip-flop clocked by clk')
Endpoint: _170_ (rising edge-triggered flip-flop clocked by clk)
Path Group: clk
Path Type: max

Fanout         Cap        Slew       Delay        Time   Description
---------------------------------------------------------------------------------------------
                      0.150000  125.000000  125.000000   clock clk' (rise edge)
                                  0.000000  125.000000   clock network delay (ideal)
                      0.150000    0.000000  125.000000 ^ _152_/CLK (sky130_fd_sc_hd__dfxtp_2)
    12    0.060387    0.485406    1.000927  126.000931 ^ _152_/Q (sky130_fd_sc_hd__dfxtp_2)
                                                         comparator_clk (net)
                      0.485406    0.000000  126.000931 ^ _107_/A (sky130_fd_sc_hd__nand3_2)
     3    0.007106    0.191142    0.282796  126.283730 v _107_/Y (sky130_fd_sc_hd__nand3_2)
                                                         _063_ (net)
                      0.191142    0.000000  126.283730 v _147_/B (sky130_fd_sc_hd__and3_2)
     1    0.001577    0.065799    0.445937  126.729660 v _147_/X (sky130_fd_sc_hd__and3_2)
                                                         _019_ (net)
                      0.065799    0.000000  126.729660 v _170_/D (sky130_fd_sc_hd__dfxtp_2)
                                            126.729660   data arrival time

                      0.150000  250.000000  250.000000   clock clk (rise edge)
                                  0.000000  250.000000   clock network delay (ideal)
                                 -0.250000  249.750015   clock uncertainty
                                  0.000000  249.750015   clock reconvergence pessimism
                                            249.750015 ^ _170_/CLK (sky130_fd_sc_hd__dfxtp_2)
                                 -0.250976  249.499039   library setup time
                                            249.499039   data required time
---------------------------------------------------------------------------------------------
                                            249.499039   data required time
                                           -126.729660   data arrival time
---------------------------------------------------------------------------------------------
                                            122.769379   slack (MET)


Startpoint: _161_ (rising edge-triggered flip-flop clocked by clk)
Endpoint: dac_in_n[0] (output port clocked by clk)
Path Group: clk
Path Type: max

Fanout         Cap        Slew       Delay        Time   Description
---------------------------------------------------------------------------------------------
                      0.150000    0.000000    0.000000   clock clk (rise edge)
                                  0.000000    0.000000   clock network delay (ideal)
                      0.150000    0.000000    0.000000 ^ _161_/CLK (sky130_fd_sc_hd__dfxtp_2)
     4    0.043068    0.353536    0.905289    0.905289 ^ _161_/Q (sky130_fd_sc_hd__dfxtp_2)
                                                         dac_in[0] (net)
                      0.353536    0.000000    0.905289 ^ _081_/A (sky130_fd_sc_hd__inv_2)
     1    0.033442    0.177864    0.273101    1.178390 v _081_/Y (sky130_fd_sc_hd__inv_2)
                                                         dac_in_n[0] (net)
                      0.177864    0.000000    1.178390 v dac_in_n[0] (out)
                                              1.178390   data arrival time

                      0.150000  250.000000  250.000000   clock clk (rise edge)
                                  0.000000  250.000000   clock network delay (ideal)
                                 -0.250000  249.750015   clock uncertainty
                                  0.000000  249.750015   clock reconvergence pessimism
                                -50.000000  199.750015   output external delay
                                            199.750015   data required time
---------------------------------------------------------------------------------------------
                                            199.750015   data required time
                                             -1.178390   data arrival time
---------------------------------------------------------------------------------------------
                                            198.571625   slack (MET)


Startpoint: _163_ (rising edge-triggered flip-flop clocked by clk)
Endpoint: dac_in_n[2] (output port clocked by clk)
Path Group: clk
Path Type: max

Fanout         Cap        Slew       Delay        Time   Description
---------------------------------------------------------------------------------------------
                      0.150000    0.000000    0.000000   clock clk (rise edge)
                                  0.000000    0.000000   clock network delay (ideal)
                      0.150000    0.000000    0.000000 ^ _163_/CLK (sky130_fd_sc_hd__dfxtp_2)
     4    0.042975    0.352828    0.904775    0.904775 ^ _163_/Q (sky130_fd_sc_hd__dfxtp_2)
                                                         dac_in[2] (net)
                      0.352828    0.000000    0.904775 ^ _079_/A (sky130_fd_sc_hd__inv_2)
     1    0.033442    0.177743    0.272822    1.177597 v _079_/Y (sky130_fd_sc_hd__inv_2)
                                                         dac_in_n[2] (net)
                      0.177743    0.000000    1.177597 v dac_in_n[2] (out)
                                              1.177597   data arrival time

                      0.150000  250.000000  250.000000   clock clk (rise edge)
                                  0.000000  250.000000   clock network delay (ideal)
                                 -0.250000  249.750015   clock uncertainty
                                  0.000000  249.750015   clock reconvergence pessimism
                                -50.000000  199.750015   output external delay
                                            199.750015   data required time
---------------------------------------------------------------------------------------------
                                            199.750015   data required time
                                             -1.177597   data arrival time
---------------------------------------------------------------------------------------------
                                            198.572418   slack (MET)


Startpoint: _167_ (rising edge-triggered flip-flop clocked by clk)
Endpoint: dac_in_n[6] (output port clocked by clk)
Path Group: clk
Path Type: max

Fanout         Cap        Slew       Delay        Time   Description
---------------------------------------------------------------------------------------------
                      0.150000    0.000000    0.000000   clock clk (rise edge)
                                  0.000000    0.000000   clock network delay (ideal)
                      0.150000    0.000000    0.000000 ^ _167_/CLK (sky130_fd_sc_hd__dfxtp_2)
     4    0.042975    0.352828    0.904775    0.904775 ^ _167_/Q (sky130_fd_sc_hd__dfxtp_2)
                                                         dac_in[6] (net)
                      0.352828    0.000000    0.904775 ^ _075_/A (sky130_fd_sc_hd__inv_2)
     1    0.033442    0.177743    0.272822    1.177597 v _075_/Y (sky130_fd_sc_hd__inv_2)
                                                         dac_in_n[6] (net)
                      0.177743    0.000000    1.177597 v dac_in_n[6] (out)
                                              1.177597   data arrival time

                      0.150000  250.000000  250.000000   clock clk (rise edge)
                                  0.000000  250.000000   clock network delay (ideal)
                                 -0.250000  249.750015   clock uncertainty
                                  0.000000  249.750015   clock reconvergence pessimism
                                -50.000000  199.750015   output external delay
                                            199.750015   data required time
---------------------------------------------------------------------------------------------
                                            199.750015   data required time
                                             -1.177597   data arrival time
---------------------------------------------------------------------------------------------
                                            198.572418   slack (MET)


Startpoint: _164_ (rising edge-triggered flip-flop clocked by clk)
Endpoint: dac_in_n[3] (output port clocked by clk)
Path Group: clk
Path Type: max

Fanout         Cap        Slew       Delay        Time   Description
---------------------------------------------------------------------------------------------
                      0.150000    0.000000    0.000000   clock clk (rise edge)
                                  0.000000    0.000000   clock network delay (ideal)
                      0.150000    0.000000    0.000000 ^ _164_/CLK (sky130_fd_sc_hd__dfxtp_2)
     3    0.040577    0.334590    0.891524    0.891524 ^ _164_/Q (sky130_fd_sc_hd__dfxtp_2)
                                                         dac_in[3] (net)
                      0.334590    0.000000    0.891524 ^ _078_/A (sky130_fd_sc_hd__inv_2)
     2    0.037627    0.189460    0.279742    1.171266 v _078_/Y (sky130_fd_sc_hd__inv_2)
                                                         dac_in_n[3] (net)
                      0.189460    0.000000    1.171266 v dac_in_n[3] (out)
                                              1.171266   data arrival time

                      0.150000  250.000000  250.000000   clock clk (rise edge)
                                  0.000000  250.000000   clock network delay (ideal)
                                 -0.250000  249.750015   clock uncertainty
                                  0.000000  249.750015   clock reconvergence pessimism
                                -50.000000  199.750015   output external delay
                                            199.750015   data required time
---------------------------------------------------------------------------------------------
                                            199.750015   data required time
                                             -1.171266   data arrival time
---------------------------------------------------------------------------------------------
                                            198.578735   slack (MET)


Startpoint: _168_ (rising edge-triggered flip-flop clocked by clk)
Endpoint: dac_in_n[7] (output port clocked by clk)
Path Group: clk
Path Type: max

Fanout         Cap        Slew       Delay        Time   Description
---------------------------------------------------------------------------------------------
                      0.150000    0.000000    0.000000   clock clk (rise edge)
                                  0.000000    0.000000   clock network delay (ideal)
                      0.150000    0.000000    0.000000 ^ _168_/CLK (sky130_fd_sc_hd__dfxtp_2)
     3    0.040577    0.334590    0.891524    0.891524 ^ _168_/Q (sky130_fd_sc_hd__dfxtp_2)
                                                         dac_in[7] (net)
                      0.334590    0.000000    0.891524 ^ _074_/A (sky130_fd_sc_hd__inv_2)
     2    0.037627    0.189460    0.279742    1.171266 v _074_/Y (sky130_fd_sc_hd__inv_2)
                                                         dac_in_n[7] (net)
                      0.189460    0.000000    1.171266 v dac_in_n[7] (out)
                                              1.171266   data arrival time

                      0.150000  250.000000  250.000000   clock clk (rise edge)
                                  0.000000  250.000000   clock network delay (ideal)
                                 -0.250000  249.750015   clock uncertainty
                                  0.000000  249.750015   clock reconvergence pessimism
                                -50.000000  199.750015   output external delay
                                            199.750015   data required time
---------------------------------------------------------------------------------------------
                                            199.750015   data required time
                                             -1.171266   data arrival time
---------------------------------------------------------------------------------------------
                                            198.578735   slack (MET)


Startpoint: _162_ (rising edge-triggered flip-flop clocked by clk)
Endpoint: dac_in_n[1] (output port clocked by clk)
Path Group: clk
Path Type: max

Fanout         Cap        Slew       Delay        Time   Description
---------------------------------------------------------------------------------------------
                      0.150000    0.000000    0.000000   clock clk (rise edge)
                                  0.000000    0.000000   clock network delay (ideal)
                      0.150000    0.000000    0.000000 ^ _162_/CLK (sky130_fd_sc_hd__dfxtp_2)
     3    0.040577    0.334590    0.891524    0.891524 ^ _162_/Q (sky130_fd_sc_hd__dfxtp_2)
                                                         dac_in[1] (net)
                      0.334590    0.000000    0.891524 ^ _080_/A (sky130_fd_sc_hd__inv_2)
     2    0.035700    0.182628    0.273250    1.164774 v _080_/Y (sky130_fd_sc_hd__inv_2)
                                                         dac_in_n[1] (net)
                      0.182628    0.000000    1.164774 v dac_in_n[1] (out)
                                              1.164774   data arrival time

                      0.150000  250.000000  250.000000   clock clk (rise edge)
                                  0.000000  250.000000   clock network delay (ideal)
                                 -0.250000  249.750015   clock uncertainty
                                  0.000000  249.750015   clock reconvergence pessimism
                                -50.000000  199.750015   output external delay
                                            199.750015   data required time
---------------------------------------------------------------------------------------------
                                            199.750015   data required time
                                             -1.164774   data arrival time
---------------------------------------------------------------------------------------------
                                            198.585236   slack (MET)


Startpoint: _165_ (rising edge-triggered flip-flop clocked by clk)
Endpoint: dac_in_n[4] (output port clocked by clk)
Path Group: clk
Path Type: max

Fanout         Cap        Slew       Delay        Time   Description
---------------------------------------------------------------------------------------------
                      0.150000    0.000000    0.000000   clock clk (rise edge)
                                  0.000000    0.000000   clock network delay (ideal)
                      0.150000    0.000000    0.000000 ^ _165_/CLK (sky130_fd_sc_hd__dfxtp_2)
     3    0.040577    0.334590    0.891524    0.891524 ^ _165_/Q (sky130_fd_sc_hd__dfxtp_2)
                                                         dac_in[4] (net)
                      0.334590    0.000000    0.891524 ^ _077_/A (sky130_fd_sc_hd__inv_2)
     2    0.035700    0.182628    0.273250    1.164774 v _077_/Y (sky130_fd_sc_hd__inv_2)
                                                         dac_in_n[4] (net)
                      0.182628    0.000000    1.164774 v dac_in_n[4] (out)
                                              1.164774   data arrival time

                      0.150000  250.000000  250.000000   clock clk (rise edge)
                                  0.000000  250.000000   clock network delay (ideal)
                                 -0.250000  249.750015   clock uncertainty
                                  0.000000  249.750015   clock reconvergence pessimism
                                -50.000000  199.750015   output external delay
                                            199.750015   data required time
---------------------------------------------------------------------------------------------
                                            199.750015   data required time
                                             -1.164774   data arrival time
---------------------------------------------------------------------------------------------
                                            198.585236   slack (MET)


Startpoint: _166_ (rising edge-triggered flip-flop clocked by clk)
Endpoint: dac_in_n[5] (output port clocked by clk)
Path Group: clk
Path Type: max

Fanout         Cap        Slew       Delay        Time   Description
---------------------------------------------------------------------------------------------
                      0.150000    0.000000    0.000000   clock clk (rise edge)
                                  0.000000    0.000000   clock network delay (ideal)
                      0.150000    0.000000    0.000000 ^ _166_/CLK (sky130_fd_sc_hd__dfxtp_2)
     3    0.040577    0.334590    0.891524    0.891524 ^ _166_/Q (sky130_fd_sc_hd__dfxtp_2)
                                                         dac_in[5] (net)
                      0.334590    0.000000    0.891524 ^ _076_/A (sky130_fd_sc_hd__inv_2)
     2    0.035700    0.182628    0.273250    1.164774 v _076_/Y (sky130_fd_sc_hd__inv_2)
                                                         dac_in_n[5] (net)
                      0.182628    0.000000    1.164774 v dac_in_n[5] (out)
                                              1.164774   data arrival time

                      0.150000  250.000000  250.000000   clock clk (rise edge)
                                  0.000000  250.000000   clock network delay (ideal)
                                 -0.250000  249.750015   clock uncertainty
                                  0.000000  249.750015   clock reconvergence pessimism
                                -50.000000  199.750015   output external delay
                                            199.750015   data required time
---------------------------------------------------------------------------------------------
                                            199.750015   data required time
                                             -1.164774   data arrival time
---------------------------------------------------------------------------------------------
                                            198.585236   slack (MET)


Startpoint: _161_ (rising edge-triggered flip-flop clocked by clk)
Endpoint: dac_in[0] (output port clocked by clk)
Path Group: clk
Path Type: max

Fanout         Cap        Slew       Delay        Time   Description
---------------------------------------------------------------------------------------------
                      0.150000    0.000000    0.000000   clock clk (rise edge)
                                  0.000000    0.000000   clock network delay (ideal)
                      0.150000    0.000000    0.000000 ^ _161_/CLK (sky130_fd_sc_hd__dfxtp_2)
     4    0.043068    0.353536    0.905289    0.905289 ^ _161_/Q (sky130_fd_sc_hd__dfxtp_2)
                                                         dac_in[0] (net)
                      0.353536    0.000000    0.905289 ^ dac_in[0] (out)
                                              0.905289   data arrival time

                      0.150000  250.000000  250.000000   clock clk (rise edge)
                                  0.000000  250.000000   clock network delay (ideal)
                                 -0.250000  249.750015   clock uncertainty
                                  0.000000  249.750015   clock reconvergence pessimism
                                -50.000000  199.750015   output external delay
                                            199.750015   data required time
---------------------------------------------------------------------------------------------
                                            199.750015   data required time
                                             -0.905289   data arrival time
---------------------------------------------------------------------------------------------
                                            198.844727   slack (MET)


Startpoint: _163_ (rising edge-triggered flip-flop clocked by clk)
Endpoint: dac_in[2] (output port clocked by clk)
Path Group: clk
Path Type: max

Fanout         Cap        Slew       Delay        Time   Description
---------------------------------------------------------------------------------------------
                      0.150000    0.000000    0.000000   clock clk (rise edge)
                                  0.000000    0.000000   clock network delay (ideal)
                      0.150000    0.000000    0.000000 ^ _163_/CLK (sky130_fd_sc_hd__dfxtp_2)
     4    0.042975    0.352828    0.904775    0.904775 ^ _163_/Q (sky130_fd_sc_hd__dfxtp_2)
                                                         dac_in[2] (net)
                      0.352828    0.000000    0.904775 ^ dac_in[2] (out)
                                              0.904775   data arrival time

                      0.150000  250.000000  250.000000   clock clk (rise edge)
                                  0.000000  250.000000   clock network delay (ideal)
                                 -0.250000  249.750015   clock uncertainty
                                  0.000000  249.750015   clock reconvergence pessimism
                                -50.000000  199.750015   output external delay
                                            199.750015   data required time
---------------------------------------------------------------------------------------------
                                            199.750015   data required time
                                             -0.904775   data arrival time
---------------------------------------------------------------------------------------------
                                            198.845230   slack (MET)


Startpoint: _167_ (rising edge-triggered flip-flop clocked by clk)
Endpoint: dac_in[6] (output port clocked by clk)
Path Group: clk
Path Type: max

Fanout         Cap        Slew       Delay        Time   Description
---------------------------------------------------------------------------------------------
                      0.150000    0.000000    0.000000   clock clk (rise edge)
                                  0.000000    0.000000   clock network delay (ideal)
                      0.150000    0.000000    0.000000 ^ _167_/CLK (sky130_fd_sc_hd__dfxtp_2)
     4    0.042975    0.352828    0.904775    0.904775 ^ _167_/Q (sky130_fd_sc_hd__dfxtp_2)
                                                         dac_in[6] (net)
                      0.352828    0.000000    0.904775 ^ dac_in[6] (out)
                                              0.904775   data arrival time

                      0.150000  250.000000  250.000000   clock clk (rise edge)
                                  0.000000  250.000000   clock network delay (ideal)
                                 -0.250000  249.750015   clock uncertainty
                                  0.000000  249.750015   clock reconvergence pessimism
                                -50.000000  199.750015   output external delay
                                            199.750015   data required time
---------------------------------------------------------------------------------------------
                                            199.750015   data required time
                                             -0.904775   data arrival time
---------------------------------------------------------------------------------------------
                                            198.845230   slack (MET)


Startpoint: _162_ (rising edge-triggered flip-flop clocked by clk)
Endpoint: dac_in[1] (output port clocked by clk)
Path Group: clk
Path Type: max

Fanout         Cap        Slew       Delay        Time   Description
---------------------------------------------------------------------------------------------
                      0.150000    0.000000    0.000000   clock clk (rise edge)
                                  0.000000    0.000000   clock network delay (ideal)
                      0.150000    0.000000    0.000000 ^ _162_/CLK (sky130_fd_sc_hd__dfxtp_2)
     3    0.040577    0.334590    0.891524    0.891524 ^ _162_/Q (sky130_fd_sc_hd__dfxtp_2)
                                                         dac_in[1] (net)
                      0.334590    0.000000    0.891524 ^ dac_in[1] (out)
                                              0.891524   data arrival time

                      0.150000  250.000000  250.000000   clock clk (rise edge)
                                  0.000000  250.000000   clock network delay (ideal)
                                 -0.250000  249.750015   clock uncertainty
                                  0.000000  249.750015   clock reconvergence pessimism
                                -50.000000  199.750015   output external delay
                                            199.750015   data required time
---------------------------------------------------------------------------------------------
                                            199.750015   data required time
                                             -0.891524   data arrival time
---------------------------------------------------------------------------------------------
                                            198.858490   slack (MET)


Startpoint: _164_ (rising edge-triggered flip-flop clocked by clk)
Endpoint: dac_in[3] (output port clocked by clk)
Path Group: clk
Path Type: max

Fanout         Cap        Slew       Delay        Time   Description
---------------------------------------------------------------------------------------------
                      0.150000    0.000000    0.000000   clock clk (rise edge)
                                  0.000000    0.000000   clock network delay (ideal)
                      0.150000    0.000000    0.000000 ^ _164_/CLK (sky130_fd_sc_hd__dfxtp_2)
     3    0.040577    0.334590    0.891524    0.891524 ^ _164_/Q (sky130_fd_sc_hd__dfxtp_2)
                                                         dac_in[3] (net)
                      0.334590    0.000000    0.891524 ^ dac_in[3] (out)
                                              0.891524   data arrival time

                      0.150000  250.000000  250.000000   clock clk (rise edge)
                                  0.000000  250.000000   clock network delay (ideal)
                                 -0.250000  249.750015   clock uncertainty
                                  0.000000  249.750015   clock reconvergence pessimism
                                -50.000000  199.750015   output external delay
                                            199.750015   data required time
---------------------------------------------------------------------------------------------
                                            199.750015   data required time
                                             -0.891524   data arrival time
---------------------------------------------------------------------------------------------
                                            198.858490   slack (MET)


Startpoint: _165_ (rising edge-triggered flip-flop clocked by clk)
Endpoint: dac_in[4] (output port clocked by clk)
Path Group: clk
Path Type: max

Fanout         Cap        Slew       Delay        Time   Description
---------------------------------------------------------------------------------------------
                      0.150000    0.000000    0.000000   clock clk (rise edge)
                                  0.000000    0.000000   clock network delay (ideal)
                      0.150000    0.000000    0.000000 ^ _165_/CLK (sky130_fd_sc_hd__dfxtp_2)
     3    0.040577    0.334590    0.891524    0.891524 ^ _165_/Q (sky130_fd_sc_hd__dfxtp_2)
                                                         dac_in[4] (net)
                      0.334590    0.000000    0.891524 ^ dac_in[4] (out)
                                              0.891524   data arrival time

                      0.150000  250.000000  250.000000   clock clk (rise edge)
                                  0.000000  250.000000   clock network delay (ideal)
                                 -0.250000  249.750015   clock uncertainty
                                  0.000000  249.750015   clock reconvergence pessimism
                                -50.000000  199.750015   output external delay
                                            199.750015   data required time
---------------------------------------------------------------------------------------------
                                            199.750015   data required time
                                             -0.891524   data arrival time
---------------------------------------------------------------------------------------------
                                            198.858490   slack (MET)


Startpoint: _166_ (rising edge-triggered flip-flop clocked by clk)
Endpoint: dac_in[5] (output port clocked by clk)
Path Group: clk
Path Type: max

Fanout         Cap        Slew       Delay        Time   Description
---------------------------------------------------------------------------------------------
                      0.150000    0.000000    0.000000   clock clk (rise edge)
                                  0.000000    0.000000   clock network delay (ideal)
                      0.150000    0.000000    0.000000 ^ _166_/CLK (sky130_fd_sc_hd__dfxtp_2)
     3    0.040577    0.334590    0.891524    0.891524 ^ _166_/Q (sky130_fd_sc_hd__dfxtp_2)
                                                         dac_in[5] (net)
                      0.334590    0.000000    0.891524 ^ dac_in[5] (out)
                                              0.891524   data arrival time

                      0.150000  250.000000  250.000000   clock clk (rise edge)
                                  0.000000  250.000000   clock network delay (ideal)
                                 -0.250000  249.750015   clock uncertainty
                                  0.000000  249.750015   clock reconvergence pessimism
                                -50.000000  199.750015   output external delay
                                            199.750015   data required time
---------------------------------------------------------------------------------------------
                                            199.750015   data required time
                                             -0.891524   data arrival time
---------------------------------------------------------------------------------------------
                                            198.858490   slack (MET)


Startpoint: _168_ (rising edge-triggered flip-flop clocked by clk)
Endpoint: dac_in[7] (output port clocked by clk)
Path Group: clk
Path Type: max

Fanout         Cap        Slew       Delay        Time   Description
---------------------------------------------------------------------------------------------
                      0.150000    0.000000    0.000000   clock clk (rise edge)
                                  0.000000    0.000000   clock network delay (ideal)
                      0.150000    0.000000    0.000000 ^ _168_/CLK (sky130_fd_sc_hd__dfxtp_2)
     3    0.040577    0.334590    0.891524    0.891524 ^ _168_/Q (sky130_fd_sc_hd__dfxtp_2)
                                                         dac_in[7] (net)
                      0.334590    0.000000    0.891524 ^ dac_in[7] (out)
                                              0.891524   data arrival time

                      0.150000  250.000000  250.000000   clock clk (rise edge)
                                  0.000000  250.000000   clock network delay (ideal)
                                 -0.250000  249.750015   clock uncertainty
                                  0.000000  249.750015   clock reconvergence pessimism
                                -50.000000  199.750015   output external delay
                                            199.750015   data required time
---------------------------------------------------------------------------------------------
                                            199.750015   data required time
                                             -0.891524   data arrival time
---------------------------------------------------------------------------------------------
                                            198.858490   slack (MET)


Startpoint: _153_ (rising edge-triggered flip-flop clocked by clk)
Endpoint: adc_out[0] (output port clocked by clk)
Path Group: clk
Path Type: max

Fanout         Cap        Slew       Delay        Time   Description
---------------------------------------------------------------------------------------------
                      0.150000    0.000000    0.000000   clock clk (rise edge)
                                  0.000000    0.000000   clock network delay (ideal)
                      0.150000    0.000000    0.000000 ^ _153_/CLK (sky130_fd_sc_hd__dfxtp_2)
     2    0.034930    0.291640    0.860319    0.860319 ^ _153_/Q (sky130_fd_sc_hd__dfxtp_2)
                                                         adc_out[0] (net)
                      0.291640    0.000000    0.860319 ^ adc_out[0] (out)
                                              0.860319   data arrival time

                      0.150000  250.000000  250.000000   clock clk (rise edge)
                                  0.000000  250.000000   clock network delay (ideal)
                                 -0.250000  249.750015   clock uncertainty
                                  0.000000  249.750015   clock reconvergence pessimism
                                -50.000000  199.750015   output external delay
                                            199.750015   data required time
---------------------------------------------------------------------------------------------
                                            199.750015   data required time
                                             -0.860319   data arrival time
---------------------------------------------------------------------------------------------
                                            198.889679   slack (MET)


Startpoint: _154_ (rising edge-triggered flip-flop clocked by clk)
Endpoint: adc_out[1] (output port clocked by clk)
Path Group: clk
Path Type: max

Fanout         Cap        Slew       Delay        Time   Description
---------------------------------------------------------------------------------------------
                      0.150000    0.000000    0.000000   clock clk (rise edge)
                                  0.000000    0.000000   clock network delay (ideal)
                      0.150000    0.000000    0.000000 ^ _154_/CLK (sky130_fd_sc_hd__dfxtp_2)
     2    0.034930    0.291640    0.860319    0.860319 ^ _154_/Q (sky130_fd_sc_hd__dfxtp_2)
                                                         adc_out[1] (net)
                      0.291640    0.000000    0.860319 ^ adc_out[1] (out)
                                              0.860319   data arrival time

                      0.150000  250.000000  250.000000   clock clk (rise edge)
                                  0.000000  250.000000   clock network delay (ideal)
                                 -0.250000  249.750015   clock uncertainty
                                  0.000000  249.750015   clock reconvergence pessimism
                                -50.000000  199.750015   output external delay
                                            199.750015   data required time
---------------------------------------------------------------------------------------------
                                            199.750015   data required time
                                             -0.860319   data arrival time
---------------------------------------------------------------------------------------------
                                            198.889679   slack (MET)


Startpoint: _155_ (rising edge-triggered flip-flop clocked by clk)
Endpoint: adc_out[2] (output port clocked by clk)
Path Group: clk
Path Type: max

Fanout         Cap        Slew       Delay        Time   Description
---------------------------------------------------------------------------------------------
                      0.150000    0.000000    0.000000   clock clk (rise edge)
                                  0.000000    0.000000   clock network delay (ideal)
                      0.150000    0.000000    0.000000 ^ _155_/CLK (sky130_fd_sc_hd__dfxtp_2)
     2    0.034930    0.291640    0.860319    0.860319 ^ _155_/Q (sky130_fd_sc_hd__dfxtp_2)
                                                         adc_out[2] (net)
                      0.291640    0.000000    0.860319 ^ adc_out[2] (out)
                                              0.860319   data arrival time

                      0.150000  250.000000  250.000000   clock clk (rise edge)
                                  0.000000  250.000000   clock network delay (ideal)
                                 -0.250000  249.750015   clock uncertainty
                                  0.000000  249.750015   clock reconvergence pessimism
                                -50.000000  199.750015   output external delay
                                            199.750015   data required time
---------------------------------------------------------------------------------------------
                                            199.750015   data required time
                                             -0.860319   data arrival time
---------------------------------------------------------------------------------------------
                                            198.889679   slack (MET)


Startpoint: _156_ (rising edge-triggered flip-flop clocked by clk)
Endpoint: adc_out[3] (output port clocked by clk)
Path Group: clk
Path Type: max

Fanout         Cap        Slew       Delay        Time   Description
---------------------------------------------------------------------------------------------
                      0.150000    0.000000    0.000000   clock clk (rise edge)
                                  0.000000    0.000000   clock network delay (ideal)
                      0.150000    0.000000    0.000000 ^ _156_/CLK (sky130_fd_sc_hd__dfxtp_2)
     2    0.034930    0.291640    0.860319    0.860319 ^ _156_/Q (sky130_fd_sc_hd__dfxtp_2)
                                                         adc_out[3] (net)
                      0.291640    0.000000    0.860319 ^ adc_out[3] (out)
                                              0.860319   data arrival time

                      0.150000  250.000000  250.000000   clock clk (rise edge)
                                  0.000000  250.000000   clock network delay (ideal)
                                 -0.250000  249.750015   clock uncertainty
                                  0.000000  249.750015   clock reconvergence pessimism
                                -50.000000  199.750015   output external delay
                                            199.750015   data required time
---------------------------------------------------------------------------------------------
                                            199.750015   data required time
                                             -0.860319   data arrival time
---------------------------------------------------------------------------------------------
                                            198.889679   slack (MET)


Startpoint: _157_ (rising edge-triggered flip-flop clocked by clk)
Endpoint: adc_out[4] (output port clocked by clk)
Path Group: clk
Path Type: max

Fanout         Cap        Slew       Delay        Time   Description
---------------------------------------------------------------------------------------------
                      0.150000    0.000000    0.000000   clock clk (rise edge)
                                  0.000000    0.000000   clock network delay (ideal)
                      0.150000    0.000000    0.000000 ^ _157_/CLK (sky130_fd_sc_hd__dfxtp_2)
     2    0.034930    0.291640    0.860319    0.860319 ^ _157_/Q (sky130_fd_sc_hd__dfxtp_2)
                                                         adc_out[4] (net)
                      0.291640    0.000000    0.860319 ^ adc_out[4] (out)
                                              0.860319   data arrival time

                      0.150000  250.000000  250.000000   clock clk (rise edge)
                                  0.000000  250.000000   clock network delay (ideal)
                                 -0.250000  249.750015   clock uncertainty
                                  0.000000  249.750015   clock reconvergence pessimism
                                -50.000000  199.750015   output external delay
                                            199.750015   data required time
---------------------------------------------------------------------------------------------
                                            199.750015   data required time
                                             -0.860319   data arrival time
---------------------------------------------------------------------------------------------
                                            198.889679   slack (MET)


Startpoint: _158_ (rising edge-triggered flip-flop clocked by clk)
Endpoint: adc_out[5] (output port clocked by clk)
Path Group: clk
Path Type: max

Fanout         Cap        Slew       Delay        Time   Description
---------------------------------------------------------------------------------------------
                      0.150000    0.000000    0.000000   clock clk (rise edge)
                                  0.000000    0.000000   clock network delay (ideal)
                      0.150000    0.000000    0.000000 ^ _158_/CLK (sky130_fd_sc_hd__dfxtp_2)
     2    0.034930    0.291640    0.860319    0.860319 ^ _158_/Q (sky130_fd_sc_hd__dfxtp_2)
                                                         adc_out[5] (net)
                      0.291640    0.000000    0.860319 ^ adc_out[5] (out)
                                              0.860319   data arrival time

                      0.150000  250.000000  250.000000   clock clk (rise edge)
                                  0.000000  250.000000   clock network delay (ideal)
                                 -0.250000  249.750015   clock uncertainty
                                  0.000000  249.750015   clock reconvergence pessimism
                                -50.000000  199.750015   output external delay
                                            199.750015   data required time
---------------------------------------------------------------------------------------------
                                            199.750015   data required time
                                             -0.860319   data arrival time
---------------------------------------------------------------------------------------------
                                            198.889679   slack (MET)


Startpoint: _159_ (rising edge-triggered flip-flop clocked by clk)
Endpoint: adc_out[6] (output port clocked by clk)
Path Group: clk
Path Type: max

Fanout         Cap        Slew       Delay        Time   Description
---------------------------------------------------------------------------------------------
                      0.150000    0.000000    0.000000   clock clk (rise edge)
                                  0.000000    0.000000   clock network delay (ideal)
                      0.150000    0.000000    0.000000 ^ _159_/CLK (sky130_fd_sc_hd__dfxtp_2)
     2    0.034930    0.291640    0.860319    0.860319 ^ _159_/Q (sky130_fd_sc_hd__dfxtp_2)
                                                         adc_out[6] (net)
                      0.291640    0.000000    0.860319 ^ adc_out[6] (out)
                                              0.860319   data arrival time

                      0.150000  250.000000  250.000000   clock clk (rise edge)
                                  0.000000  250.000000   clock network delay (ideal)
                                 -0.250000  249.750015   clock uncertainty
                                  0.000000  249.750015   clock reconvergence pessimism
                                -50.000000  199.750015   output external delay
                                            199.750015   data required time
---------------------------------------------------------------------------------------------
                                            199.750015   data required time
                                             -0.860319   data arrival time
---------------------------------------------------------------------------------------------
                                            198.889679   slack (MET)


Startpoint: _160_ (rising edge-triggered flip-flop clocked by clk)
Endpoint: adc_out[7] (output port clocked by clk)
Path Group: clk
Path Type: max

Fanout         Cap        Slew       Delay        Time   Description
---------------------------------------------------------------------------------------------
                      0.150000    0.000000    0.000000   clock clk (rise edge)
                                  0.000000    0.000000   clock network delay (ideal)
                      0.150000    0.000000    0.000000 ^ _160_/CLK (sky130_fd_sc_hd__dfxtp_2)
     2    0.034930    0.291640    0.860319    0.860319 ^ _160_/Q (sky130_fd_sc_hd__dfxtp_2)
                                                         adc_out[7] (net)
                      0.291640    0.000000    0.860319 ^ adc_out[7] (out)
                                              0.860319   data arrival time

                      0.150000  250.000000  250.000000   clock clk (rise edge)
                                  0.000000  250.000000   clock network delay (ideal)
                                 -0.250000  249.750015   clock uncertainty
                                  0.000000  249.750015   clock reconvergence pessimism
                                -50.000000  199.750015   output external delay
                                            199.750015   data required time
---------------------------------------------------------------------------------------------
                                            199.750015   data required time
                                             -0.860319   data arrival time
---------------------------------------------------------------------------------------------
                                            198.889679   slack (MET)


Startpoint: rst_n (input port clocked by clk)
Endpoint: _153_ (rising edge-triggered flip-flop clocked by clk)
Path Group: clk
Path Type: max

Fanout         Cap        Slew       Delay        Time   Description
---------------------------------------------------------------------------------------------
                      0.150000    0.000000    0.000000   clock clk (rise edge)
                                  0.000000    0.000000   clock network delay (ideal)
                                 50.000000   50.000000 ^ input external delay
    11    0.027006    0.201491    0.136517   50.136517 ^ rst_n (in)
                                                         rst_n (net)
                      0.201491    0.000000   50.136517 ^ _088_/C1 (sky130_fd_sc_hd__o211a_2)
     1    0.001537    0.068756    0.374627   50.511143 ^ _088_/X (sky130_fd_sc_hd__o211a_2)
                                                         _002_ (net)
                      0.068756    0.000000   50.511143 ^ _153_/D (sky130_fd_sc_hd__dfxtp_2)
                                             50.511143   data arrival time

                      0.150000  250.000000  250.000000   clock clk (rise edge)
                                  0.000000  250.000000   clock network delay (ideal)
                                 -0.250000  249.750015   clock uncertainty
                                  0.000000  249.750015   clock reconvergence pessimism
                                            249.750015 ^ _153_/CLK (sky130_fd_sc_hd__dfxtp_2)
                                 -0.126851  249.623169   library setup time
                                            249.623169   data required time
---------------------------------------------------------------------------------------------
                                            249.623169   data required time
                                            -50.511143   data arrival time
---------------------------------------------------------------------------------------------
                                            199.112015   slack (MET)


Startpoint: rst_n (input port clocked by clk)
Endpoint: _154_ (rising edge-triggered flip-flop clocked by clk)
Path Group: clk
Path Type: max

Fanout         Cap        Slew       Delay        Time   Description
---------------------------------------------------------------------------------------------
                      0.150000    0.000000    0.000000   clock clk (rise edge)
                                  0.000000    0.000000   clock network delay (ideal)
                                 50.000000   50.000000 ^ input external delay
    11    0.027006    0.201491    0.136517   50.136517 ^ rst_n (in)
                                                         rst_n (net)
                      0.201491    0.000000   50.136517 ^ _090_/C1 (sky130_fd_sc_hd__o211a_2)
     1    0.001537    0.068685    0.374627   50.511143 ^ _090_/X (sky130_fd_sc_hd__o211a_2)
                                                         _003_ (net)
                      0.068685    0.000000   50.511143 ^ _154_/D (sky130_fd_sc_hd__dfxtp_2)
                                             50.511143   data arrival time

                      0.150000  250.000000  250.000000   clock clk (rise edge)
                                  0.000000  250.000000   clock network delay (ideal)
                                 -0.250000  249.750015   clock uncertainty
                                  0.000000  249.750015   clock reconvergence pessimism
                                            249.750015 ^ _154_/CLK (sky130_fd_sc_hd__dfxtp_2)
                                 -0.126832  249.623169   library setup time
                                            249.623169   data required time
---------------------------------------------------------------------------------------------
                                            249.623169   data required time
                                            -50.511143   data arrival time
---------------------------------------------------------------------------------------------
                                            199.112015   slack (MET)


Startpoint: rst_n (input port clocked by clk)
Endpoint: _155_ (rising edge-triggered flip-flop clocked by clk)
Path Group: clk
Path Type: max

Fanout         Cap        Slew       Delay        Time   Description
---------------------------------------------------------------------------------------------
                      0.150000    0.000000    0.000000   clock clk (rise edge)
                                  0.000000    0.000000   clock network delay (ideal)
                                 50.000000   50.000000 ^ input external delay
    11    0.027006    0.201491    0.136517   50.136517 ^ rst_n (in)
                                                         rst_n (net)
                      0.201491    0.000000   50.136517 ^ _092_/C1 (sky130_fd_sc_hd__o211a_2)
     1    0.001537    0.068753    0.374627   50.511143 ^ _092_/X (sky130_fd_sc_hd__o211a_2)
                                                         _004_ (net)
                      0.068753    0.000000   50.511143 ^ _155_/D (sky130_fd_sc_hd__dfxtp_2)
                                             50.511143   data arrival time

                      0.150000  250.000000  250.000000   clock clk (rise edge)
                                  0.000000  250.000000   clock network delay (ideal)
                                 -0.250000  249.750015   clock uncertainty
                                  0.000000  249.750015   clock reconvergence pessimism
                                            249.750015 ^ _155_/CLK (sky130_fd_sc_hd__dfxtp_2)
                                 -0.126850  249.623169   library setup time
                                            249.623169   data required time
---------------------------------------------------------------------------------------------
                                            249.623169   data required time
                                            -50.511143   data arrival time
---------------------------------------------------------------------------------------------
                                            199.112015   slack (MET)


Startpoint: rst_n (input port clocked by clk)
Endpoint: _156_ (rising edge-triggered flip-flop clocked by clk)
Path Group: clk
Path Type: max

Fanout         Cap        Slew       Delay        Time   Description
---------------------------------------------------------------------------------------------
                      0.150000    0.000000    0.000000   clock clk (rise edge)
                                  0.000000    0.000000   clock network delay (ideal)
                                 50.000000   50.000000 ^ input external delay
    11    0.027006    0.201491    0.136517   50.136517 ^ rst_n (in)
                                                         rst_n (net)
                      0.201491    0.000000   50.136517 ^ _094_/C1 (sky130_fd_sc_hd__o211a_2)
     1    0.001537    0.068685    0.374627   50.511143 ^ _094_/X (sky130_fd_sc_hd__o211a_2)
                                                         _005_ (net)
                      0.068685    0.000000   50.511143 ^ _156_/D (sky130_fd_sc_hd__dfxtp_2)
                                             50.511143   data arrival time

                      0.150000  250.000000  250.000000   clock clk (rise edge)
                                  0.000000  250.000000   clock network delay (ideal)
                                 -0.250000  249.750015   clock uncertainty
                                  0.000000  249.750015   clock reconvergence pessimism
                                            249.750015 ^ _156_/CLK (sky130_fd_sc_hd__dfxtp_2)
                                 -0.126832  249.623169   library setup time
                                            249.623169   data required time
---------------------------------------------------------------------------------------------
                                            249.623169   data required time
                                            -50.511143   data arrival time
---------------------------------------------------------------------------------------------
                                            199.112015   slack (MET)


Startpoint: rst_n (input port clocked by clk)
Endpoint: _157_ (rising edge-triggered flip-flop clocked by clk)
Path Group: clk
Path Type: max

Fanout         Cap        Slew       Delay        Time   Description
---------------------------------------------------------------------------------------------
                      0.150000    0.000000    0.000000   clock clk (rise edge)
                                  0.000000    0.000000   clock network delay (ideal)
                                 50.000000   50.000000 ^ input external delay
    11    0.027006    0.201491    0.136517   50.136517 ^ rst_n (in)
                                                         rst_n (net)
                      0.201491    0.000000   50.136517 ^ _096_/C1 (sky130_fd_sc_hd__o211a_2)
     1    0.001537    0.068685    0.374627   50.511143 ^ _096_/X (sky130_fd_sc_hd__o211a_2)
                                                         _006_ (net)
                      0.068685    0.000000   50.511143 ^ _157_/D (sky130_fd_sc_hd__dfxtp_2)
                                             50.511143   data arrival time

                      0.150000  250.000000  250.000000   clock clk (rise edge)
                                  0.000000  250.000000   clock network delay (ideal)
                                 -0.250000  249.750015   clock uncertainty
                                  0.000000  249.750015   clock reconvergence pessimism
                                            249.750015 ^ _157_/CLK (sky130_fd_sc_hd__dfxtp_2)
                                 -0.126832  249.623169   library setup time
                                            249.623169   data required time
---------------------------------------------------------------------------------------------
                                            249.623169   data required time
                                            -50.511143   data arrival time
---------------------------------------------------------------------------------------------
                                            199.112015   slack (MET)


Startpoint: rst_n (input port clocked by clk)
Endpoint: _158_ (rising edge-triggered flip-flop clocked by clk)
Path Group: clk
Path Type: max

Fanout         Cap        Slew       Delay        Time   Description
---------------------------------------------------------------------------------------------
                      0.150000    0.000000    0.000000   clock clk (rise edge)
                                  0.000000    0.000000   clock network delay (ideal)
                                 50.000000   50.000000 ^ input external delay
    11    0.027006    0.201491    0.136517   50.136517 ^ rst_n (in)
                                                         rst_n (net)
                      0.201491    0.000000   50.136517 ^ _098_/C1 (sky130_fd_sc_hd__o211a_2)
     1    0.001537    0.068685    0.374627   50.511143 ^ _098_/X (sky130_fd_sc_hd__o211a_2)
                                                         _007_ (net)
                      0.068685    0.000000   50.511143 ^ _158_/D (sky130_fd_sc_hd__dfxtp_2)
                                             50.511143   data arrival time

                      0.150000  250.000000  250.000000   clock clk (rise edge)
                                  0.000000  250.000000   clock network delay (ideal)
                                 -0.250000  249.750015   clock uncertainty
                                  0.000000  249.750015   clock reconvergence pessimism
                                            249.750015 ^ _158_/CLK (sky130_fd_sc_hd__dfxtp_2)
                                 -0.126832  249.623169   library setup time
                                            249.623169   data required time
---------------------------------------------------------------------------------------------
                                            249.623169   data required time
                                            -50.511143   data arrival time
---------------------------------------------------------------------------------------------
                                            199.112015   slack (MET)


Startpoint: rst_n (input port clocked by clk)
Endpoint: _159_ (rising edge-triggered flip-flop clocked by clk)
Path Group: clk
Path Type: max

Fanout         Cap        Slew       Delay        Time   Description
---------------------------------------------------------------------------------------------
                      0.150000    0.000000    0.000000   clock clk (rise edge)
                                  0.000000    0.000000   clock network delay (ideal)
                                 50.000000   50.000000 ^ input external delay
    11    0.027006    0.201491    0.136517   50.136517 ^ rst_n (in)
                                                         rst_n (net)
                      0.201491    0.000000   50.136517 ^ _100_/C1 (sky130_fd_sc_hd__o211a_2)
     1    0.001537    0.068753    0.374627   50.511143 ^ _100_/X (sky130_fd_sc_hd__o211a_2)
                                                         _008_ (net)
                      0.068753    0.000000   50.511143 ^ _159_/D (sky130_fd_sc_hd__dfxtp_2)
                                             50.511143   data arrival time

                      0.150000  250.000000  250.000000   clock clk (rise edge)
                                  0.000000  250.000000   clock network delay (ideal)
                                 -0.250000  249.750015   clock uncertainty
                                  0.000000  249.750015   clock reconvergence pessimism
                                            249.750015 ^ _159_/CLK (sky130_fd_sc_hd__dfxtp_2)
                                 -0.126850  249.623169   library setup time
                                            249.623169   data required time
---------------------------------------------------------------------------------------------
                                            249.623169   data required time
                                            -50.511143   data arrival time
---------------------------------------------------------------------------------------------
                                            199.112015   slack (MET)


Startpoint: rst_n (input port clocked by clk)
Endpoint: _160_ (rising edge-triggered flip-flop clocked by clk)
Path Group: clk
Path Type: max

Fanout         Cap        Slew       Delay        Time   Description
---------------------------------------------------------------------------------------------
                      0.150000    0.000000    0.000000   clock clk (rise edge)
                                  0.000000    0.000000   clock network delay (ideal)
                                 50.000000   50.000000 ^ input external delay
    11    0.027006    0.201491    0.136517   50.136517 ^ rst_n (in)
                                                         rst_n (net)
                      0.201491    0.000000   50.136517 ^ _102_/C1 (sky130_fd_sc_hd__o211a_2)
     1    0.001537    0.068685    0.374627   50.511143 ^ _102_/X (sky130_fd_sc_hd__o211a_2)
                                                         _009_ (net)
                      0.068685    0.000000   50.511143 ^ _160_/D (sky130_fd_sc_hd__dfxtp_2)
                                             50.511143   data arrival time

                      0.150000  250.000000  250.000000   clock clk (rise edge)
                                  0.000000  250.000000   clock network delay (ideal)
                                 -0.250000  249.750015   clock uncertainty
                                  0.000000  249.750015   clock reconvergence pessimism
                                            249.750015 ^ _160_/CLK (sky130_fd_sc_hd__dfxtp_2)
                                 -0.126832  249.623169   library setup time
                                            249.623169   data required time
---------------------------------------------------------------------------------------------
                                            249.623169   data required time
                                            -50.511143   data arrival time
---------------------------------------------------------------------------------------------
                                            199.112015   slack (MET)



